.text:08000000 ;
.text:08000000 ; +-------------------------------------------------------------------------+
.text:08000000 ; |   This file has been generated by The Interactive Disassembler (IDA)    |
.text:08000000 ; |           Copyright (c) 2018 Hex-Rays, <support@hex-rays.com>           |
.text:08000000 ; |                            Freeware version                             |
.text:08000000 ; +-------------------------------------------------------------------------+
.text:08000000 ;
.text:08000000 ; Input SHA256 : 5D5EAC8FBBBEF7ACBC6061CFD26287412172E2B7064898A7DBF4421243B5A84A
.text:08000000 ; Input MD5    : 87385DD451D3A6D4D319B72BC20B82E3
.text:08000000 ; Input CRC32  : 1DC3ABAF
.text:08000000
.text:08000000 ; File Name   : C:\Users\90542\OneDrive\Masaüstü\nasm_214_c_o\crc64.o
.text:08000000 ; Format      : ELF for Intel 386 (Relocatable)
.text:08000000 ;
.text:08000000 ; Source File : 'crc64.c'
.text:08000000
.text:08000000                 .686p
.text:08000000                 .mmx
.text:08000000                 .model flat
.text:08000000 .intel_syntax noprefix
.text:08000000
.text:08000000 ; ===========================================================================
.text:08000000
.text:08000000 ; Segment type: Pure code
.text:08000000 ; Segment permissions: Read/Execute
.text:08000000 _text           segment dword public 'CODE' use32
.text:08000000                 assume cs:_text
.text:08000000                 ;org 8000000h
.text:08000000                 assume es:nothing, ss:nothing, ds:_data, fs:nothing, gs:nothing
.text:08000000
.text:08000000 ; =============== S U B R O U T I N E =======================================
.text:08000000
.text:08000000 ; Attributes: bp-based frame
.text:08000000
.text:08000000 overflow_general proc near
.text:08000000
.text:08000000 var_18          = dword ptr -18h
.text:08000000 var_14          = dword ptr -14h
.text:08000000 var_10          = dword ptr -10h
.text:08000000 var_C           = dword ptr -0Ch
.text:08000000 var_4           = dword ptr -4
.text:08000000 arg_0           = dword ptr  8
.text:08000000 arg_4           = dword ptr  0Ch
.text:08000000 arg_8           = dword ptr  10h
.text:08000000
.text:08000000                 push    ebp
.text:08000001                 mov     ebp, esp
.text:08000003                 sub     esp, 18h
.text:08000009                 nop
.text:0800000A                 mov     eax, [ebp+arg_8]
.text:0800000D                 cmp     eax, 8
.text:08000010                 jl      loc_8000020
.text:08000016                 mov     eax, 0
.text:0800001B                 jmp     locret_80000D4
.text:08000020 ; ---------------------------------------------------------------------------
.text:08000020
.text:08000020 loc_8000020:                            ; ...
.text:08000020                 mov     eax, [ebp+arg_8]
.text:08000023                 shl     eax, 3
.text:08000026                 dec     eax
.text:08000027                 mov     [ebp+var_4], eax
.text:0800002A                 mov     eax, [ebp+var_4]
.text:0800002D                 push    eax
.text:0800002E                 mov     eax, 2
.text:08000033                 mov     ecx, 0
.text:08000038                 push    ecx
.text:08000039                 push    eax
.text:0800003A                 call    __ashldi3
.text:0800003F                 add     esp, 0Ch
.text:08000042                 sub     eax, 1
.text:08000045                 sbb     edx, 0
.text:08000048                 mov     [ebp+var_10], eax
.text:0800004B                 mov     [ebp+var_C], edx
.text:0800004E                 mov     eax, [ebp+var_4]
.text:08000051                 push    eax
.text:08000052                 mov     eax, 2
.text:08000057                 mov     ecx, 0
.text:0800005C                 push    ecx
.text:0800005D                 push    eax
.text:0800005E                 call    __ashldi3
.text:08000063                 add     esp, 0Ch
.text:08000066                 mov     ecx, 0
.text:0800006B                 sub     ecx, eax
.text:0800006D                 mov     eax, 0
.text:08000072                 sbb     eax, edx
.text:08000074                 mov     [ebp+var_18], ecx
.text:08000077                 mov     [ebp+var_14], eax
.text:0800007A                 mov     eax, [ebp+arg_4]
.text:0800007D                 mov     ecx, [ebp+var_14]
.text:08000080                 cmp     eax, ecx
.text:08000082                 jg      loc_80000A1
.text:08000088                 jnz     loc_800009C
.text:0800008E                 mov     eax, [ebp+arg_0]
.text:08000091                 mov     ecx, [ebp+var_18]
.text:08000094                 cmp     eax, ecx
.text:08000096                 jnb     loc_80000A1
.text:0800009C
.text:0800009C loc_800009C:                            ; ...
.text:0800009C                 jmp     loc_80000CF
.text:080000A1 ; ---------------------------------------------------------------------------
.text:080000A1
.text:080000A1 loc_80000A1:                            ; ...
.text:080000A1                 mov     eax, [ebp+arg_4]
.text:080000A4                 mov     ecx, [ebp+var_C]
.text:080000A7                 cmp     eax, ecx
.text:080000A9                 jl      loc_80000C8
.text:080000AF                 jnz     loc_80000C3
.text:080000B5                 mov     eax, [ebp+arg_0]
.text:080000B8                 mov     ecx, [ebp+var_10]
.text:080000BB                 cmp     eax, ecx
.text:080000BD                 jbe     loc_80000C8
.text:080000C3
.text:080000C3 loc_80000C3:                            ; ...
.text:080000C3                 jmp     loc_80000CF
.text:080000C8 ; ---------------------------------------------------------------------------
.text:080000C8
.text:080000C8 loc_80000C8:                            ; ...
.text:080000C8                 mov     eax, 0
.text:080000CD                 jmp     short locret_80000D4
.text:080000CF ; ---------------------------------------------------------------------------
.text:080000CF
.text:080000CF loc_80000CF:                            ; ...
.text:080000CF                 mov     eax, 1
.text:080000D4
.text:080000D4 locret_80000D4:                         ; ...
.text:080000D4                 leave
.text:080000D5                 retn
.text:080000D5 overflow_general endp
.text:080000D5
.text:080000D6
.text:080000D6 ; =============== S U B R O U T I N E =======================================
.text:080000D6
.text:080000D6 ; Attributes: bp-based frame
.text:080000D6
.text:080000D6 overflow_signed proc near
.text:080000D6
.text:080000D6 var_18          = dword ptr -18h
.text:080000D6 var_14          = dword ptr -14h
.text:080000D6 var_10          = dword ptr -10h
.text:080000D6 var_C           = dword ptr -0Ch
.text:080000D6 var_4           = dword ptr -4
.text:080000D6 arg_0           = dword ptr  8
.text:080000D6 arg_4           = dword ptr  0Ch
.text:080000D6 arg_8           = dword ptr  10h
.text:080000D6
.text:080000D6                 push    ebp
.text:080000D7                 mov     ebp, esp
.text:080000D9                 sub     esp, 18h
.text:080000DF                 nop
.text:080000E0                 mov     eax, [ebp+arg_8]
.text:080000E3                 cmp     eax, 8
.text:080000E6                 jl      loc_80000F6
.text:080000EC                 mov     eax, 0
.text:080000F1                 jmp     locret_80001AA
.text:080000F6 ; ---------------------------------------------------------------------------
.text:080000F6
.text:080000F6 loc_80000F6:                            ; ...
.text:080000F6                 mov     eax, [ebp+arg_8]
.text:080000F9                 shl     eax, 3
.text:080000FC                 dec     eax
.text:080000FD                 mov     [ebp+var_4], eax
.text:08000100                 mov     eax, [ebp+var_4]
.text:08000103                 push    eax
.text:08000104                 mov     eax, 1
.text:08000109                 mov     ecx, 0
.text:0800010E                 push    ecx
.text:0800010F                 push    eax
.text:08000110                 call    __ashldi3
.text:08000115                 add     esp, 0Ch
.text:08000118                 sub     eax, 1
.text:0800011B                 sbb     edx, 0
.text:0800011E                 mov     [ebp+var_10], eax
.text:08000121                 mov     [ebp+var_C], edx
.text:08000124                 mov     eax, [ebp+var_4]
.text:08000127                 push    eax
.text:08000128                 mov     eax, 1
.text:0800012D                 mov     ecx, 0
.text:08000132                 push    ecx
.text:08000133                 push    eax
.text:08000134                 call    __ashldi3
.text:08000139                 add     esp, 0Ch
.text:0800013C                 mov     ecx, 0
.text:08000141                 sub     ecx, eax
.text:08000143                 mov     eax, 0
.text:08000148                 sbb     eax, edx
.text:0800014A                 mov     [ebp+var_18], ecx
.text:0800014D                 mov     [ebp+var_14], eax
.text:08000150                 mov     eax, [ebp+arg_4]
.text:08000153                 mov     ecx, [ebp+var_14]
.text:08000156                 cmp     eax, ecx
.text:08000158                 jg      loc_8000177
.text:0800015E                 jnz     loc_8000172
.text:08000164                 mov     eax, [ebp+arg_0]
.text:08000167                 mov     ecx, [ebp+var_18]
.text:0800016A                 cmp     eax, ecx
.text:0800016C                 jnb     loc_8000177
.text:08000172
.text:08000172 loc_8000172:                            ; ...
.text:08000172                 jmp     loc_80001A5
.text:08000177 ; ---------------------------------------------------------------------------
.text:08000177
.text:08000177 loc_8000177:                            ; ...
.text:08000177                 mov     eax, [ebp+arg_4]
.text:0800017A                 mov     ecx, [ebp+var_C]
.text:0800017D                 cmp     eax, ecx
.text:0800017F                 jl      loc_800019E
.text:08000185                 jnz     loc_8000199
.text:0800018B                 mov     eax, [ebp+arg_0]
.text:0800018E                 mov     ecx, [ebp+var_10]
.text:08000191                 cmp     eax, ecx
.text:08000193                 jbe     loc_800019E
.text:08000199
.text:08000199 loc_8000199:                            ; ...
.text:08000199                 jmp     loc_80001A5
.text:0800019E ; ---------------------------------------------------------------------------
.text:0800019E
.text:0800019E loc_800019E:                            ; ...
.text:0800019E                 mov     eax, 0
.text:080001A3                 jmp     short locret_80001AA
.text:080001A5 ; ---------------------------------------------------------------------------
.text:080001A5
.text:080001A5 loc_80001A5:                            ; ...
.text:080001A5                 mov     eax, 1
.text:080001AA
.text:080001AA locret_80001AA:                         ; ...
.text:080001AA                 leave
.text:080001AB                 retn
.text:080001AB overflow_signed endp
.text:080001AB
.text:080001AC
.text:080001AC ; =============== S U B R O U T I N E =======================================
.text:080001AC
.text:080001AC ; Attributes: bp-based frame
.text:080001AC
.text:080001AC overflow_unsigned proc near
.text:080001AC
.text:080001AC var_18          = dword ptr -18h
.text:080001AC var_14          = dword ptr -14h
.text:080001AC var_10          = dword ptr -10h
.text:080001AC var_C           = dword ptr -0Ch
.text:080001AC var_4           = dword ptr -4
.text:080001AC arg_0           = dword ptr  8
.text:080001AC arg_4           = dword ptr  0Ch
.text:080001AC arg_8           = dword ptr  10h
.text:080001AC
.text:080001AC                 push    ebp
.text:080001AD                 mov     ebp, esp
.text:080001AF                 sub     esp, 18h
.text:080001B5                 nop
.text:080001B6                 mov     eax, [ebp+arg_8]
.text:080001B9                 cmp     eax, 8
.text:080001BC                 jl      loc_80001CC
.text:080001C2                 mov     eax, 0
.text:080001C7                 jmp     locret_8000264
.text:080001CC ; ---------------------------------------------------------------------------
.text:080001CC
.text:080001CC loc_80001CC:                            ; ...
.text:080001CC                 mov     eax, [ebp+arg_8]
.text:080001CF                 shl     eax, 3
.text:080001D2                 dec     eax
.text:080001D3                 mov     [ebp+var_4], eax
.text:080001D6                 mov     eax, [ebp+var_4]
.text:080001D9                 push    eax
.text:080001DA                 mov     eax, 2
.text:080001DF                 mov     ecx, 0
.text:080001E4                 push    ecx
.text:080001E5                 push    eax
.text:080001E6                 call    __ashldi3
.text:080001EB                 add     esp, 0Ch
.text:080001EE                 sub     eax, 1
.text:080001F1                 sbb     edx, 0
.text:080001F4                 mov     [ebp+var_10], eax
.text:080001F7                 mov     [ebp+var_C], edx
.text:080001FA                 mov     eax, 0
.text:080001FF                 mov     ecx, 0
.text:08000204                 mov     [ebp+var_18], eax
.text:08000207                 mov     [ebp+var_14], ecx
.text:0800020A                 mov     eax, [ebp+arg_4]
.text:0800020D                 mov     ecx, [ebp+var_14]
.text:08000210                 cmp     eax, ecx
.text:08000212                 jg      loc_8000231
.text:08000218                 jnz     loc_800022C
.text:0800021E                 mov     eax, [ebp+arg_0]
.text:08000221                 mov     ecx, [ebp+var_18]
.text:08000224                 cmp     eax, ecx
.text:08000226                 jnb     loc_8000231
.text:0800022C
.text:0800022C loc_800022C:                            ; ...
.text:0800022C                 jmp     loc_800025F
.text:08000231 ; ---------------------------------------------------------------------------
.text:08000231
.text:08000231 loc_8000231:                            ; ...
.text:08000231                 mov     eax, [ebp+arg_4]
.text:08000234                 mov     ecx, [ebp+var_C]
.text:08000237                 cmp     eax, ecx
.text:08000239                 jl      loc_8000258
.text:0800023F                 jnz     loc_8000253
.text:08000245                 mov     eax, [ebp+arg_0]
.text:08000248                 mov     ecx, [ebp+var_10]
.text:0800024B                 cmp     eax, ecx
.text:0800024D                 jbe     loc_8000258
.text:08000253
.text:08000253 loc_8000253:                            ; ...
.text:08000253                 jmp     loc_800025F
.text:08000258 ; ---------------------------------------------------------------------------
.text:08000258
.text:08000258 loc_8000258:                            ; ...
.text:08000258                 mov     eax, 0
.text:0800025D                 jmp     short locret_8000264
.text:0800025F ; ---------------------------------------------------------------------------
.text:0800025F
.text:0800025F loc_800025F:                            ; ...
.text:0800025F                 mov     eax, 1
.text:08000264
.text:08000264 locret_8000264:                         ; ...
.text:08000264                 leave
.text:08000265                 retn
.text:08000265 overflow_unsigned endp
.text:08000265
.text:08000266
.text:08000266 ; =============== S U B R O U T I N E =======================================
.text:08000266
.text:08000266 ; Attributes: bp-based frame
.text:08000266
.text:08000266 signed_bits     proc near
.text:08000266
.text:08000266 arg_0           = dword ptr  8
.text:08000266 arg_4           = dword ptr  0Ch
.text:08000266 arg_8           = dword ptr  10h
.text:08000266
.text:08000266                 push    ebp
.text:08000267                 mov     ebp, esp
.text:08000269                 sub     esp, 0
.text:0800026F                 nop
.text:08000270                 mov     eax, [ebp+arg_8]
.text:08000273                 cmp     eax, 40h
.text:08000276                 jge     loc_8000307
.text:0800027C                 mov     eax, [ebp+arg_8]
.text:0800027F                 push    eax
.text:08000280                 mov     eax, 1
.text:08000285                 mov     ecx, 0
.text:0800028A                 push    ecx
.text:0800028B                 push    eax
.text:0800028C                 call    __ashldi3
.text:08000291                 add     esp, 0Ch
.text:08000294                 sub     eax, 1
.text:08000297                 sbb     edx, 0
.text:0800029A                 mov     ecx, [ebp+arg_0]
.text:0800029D                 and     ecx, eax
.text:0800029F                 mov     eax, [ebp+arg_4]
.text:080002A2                 and     eax, edx
.text:080002A4                 mov     [ebp+arg_0], ecx
.text:080002A7                 mov     [ebp+arg_4], eax
.text:080002AA                 mov     eax, [ebp+arg_8]
.text:080002AD                 dec     eax
.text:080002AE                 push    eax
.text:080002AF                 mov     eax, 1
.text:080002B4                 mov     ecx, 0
.text:080002B9                 push    ecx
.text:080002BA                 push    eax
.text:080002BB                 call    __ashldi3
.text:080002C0                 add     esp, 0Ch
.text:080002C3                 mov     ecx, [ebp+arg_0]
.text:080002C6                 and     ecx, eax
.text:080002C8                 mov     eax, [ebp+arg_4]
.text:080002CB                 and     eax, edx
.text:080002CD                 cmp     eax, 0
.text:080002D0                 jnz     loc_80002DF
.text:080002D6                 cmp     ecx, 0
.text:080002D9                 jz      loc_8000307
.text:080002DF
.text:080002DF loc_80002DF:                            ; ...
.text:080002DF                 mov     eax, [ebp+arg_8]
.text:080002E2                 push    eax
.text:080002E3                 mov     eax, 0FFFFFFFFh
.text:080002E8                 mov     ecx, 0FFFFFFFFh
.text:080002ED                 push    ecx
.text:080002EE                 push    eax
.text:080002EF                 call    __ashldi3
.text:080002F4                 add     esp, 0Ch
.text:080002F7                 mov     ecx, [ebp+arg_0]
.text:080002FA                 or      ecx, eax
.text:080002FC                 mov     eax, [ebp+arg_4]
.text:080002FF                 or      eax, edx
.text:08000301                 mov     [ebp+arg_0], ecx
.text:08000304                 mov     [ebp+arg_4], eax
.text:08000307
.text:08000307 loc_8000307:                            ; ...
.text:08000307                 mov     eax, [ebp+arg_0]
.text:0800030A                 mov     edx, [ebp+arg_4]
.text:0800030D                 leave
.text:0800030E                 retn
.text:0800030E signed_bits     endp
.text:0800030E
.text:0800030F
.text:0800030F ; =============== S U B R O U T I N E =======================================
.text:0800030F
.text:0800030F ; Attributes: bp-based frame
.text:0800030F
.text:0800030F                 public crc64
.text:0800030F crc64           proc near
.text:0800030F
.text:0800030F tmp3            = dword ptr -10h
.text:0800030F tmp2            = dword ptr -0Ch
.text:0800030F tmp1            = dword ptr -8
.text:0800030F c               = byte ptr -1
.text:0800030F crc             = dword ptr  8
.text:0800030F crc_h           = dword ptr  0Ch
.text:0800030F str             = dword ptr  10h
.text:0800030F
.text:0800030F                 push    ebp             ; uint64_t crc64(uint64_t crc, const char *str)
.text:08000310                 mov     ebp, esp
.text:08000312                 sub     esp, 16
.text:08000318                 nop
.text:08000319
.text:08000319 crc_1:                                  ; ...
.text:08000319                 mov     eax, [ebp+str]  ; while ((c = *str++) != 0) {
.text:0800031C                 mov     ecx, eax
.text:0800031E                 inc     eax
.text:0800031F                 mov     [ebp+str], eax
.text:08000322                 movsx   eax, byte ptr [ecx]
.text:08000325                 and     eax, 0FFh
.text:0800032B                 mov     [ebp+c], al     ; uint8_t c;
.text:0800032E                 cmp     eax, 0
.text:08000331                 jz      crc_2
.text:08000337                 mov     eax, [ebp+crc]  ; crc = crc64_tab[(uint8_t)crc ^ c] ^ (crc >> 8);
.text:0800033A                 and     eax, 0FFh
.text:08000340                 mov     ecx, 0
.text:08000345                 movzx   edx, [ebp+c]
.text:08000349                 xor     eax, edx        ; (uint8_t)crc ^ c
.text:0800034B                 shl     eax, 3          ; * 8
.text:0800034E                 mov     edx, offset crc64_tab
.text:08000353                 add     edx, eax
.text:08000355                 mov     eax, [ebp+crc_h]
.text:08000358                 mov     ecx, eax
.text:0800035A                 shr     ecx, 8          ; crc_h >> 8
.text:0800035D                 shl     eax, 24         ; low byte of crc_h -> high byte of crc
.text:08000360                 mov     [ebp+tmp1], edx
.text:08000363                 mov     edx, [ebp+crc]
.text:08000366                 shr     edx, 8          ; crc >> 8
.text:08000369                 or      eax, edx
.text:0800036B                 mov     edx, [ebp+tmp1]
.text:0800036E                 mov     edx, [edx]
.text:08000370                 mov     [ebp+tmp3], eax
.text:08000373                 mov     [ebp+tmp2], ecx
.text:08000376                 mov     ecx, [ebp+tmp1]
.text:08000379                 add     ecx, 4
.text:0800037C                 mov     eax, [ecx]
.text:0800037E                 mov     ecx, [ebp+tmp3]
.text:08000381                 xor     edx, ecx
.text:08000383                 mov     ecx, [ebp+tmp2]
.text:08000386                 xor     eax, ecx
.text:08000388                 mov     [ebp+crc], edx
.text:0800038B                 mov     [ebp+crc_h], eax
.text:0800038E                 jmp     short crc_1
.text:08000390 ; ---------------------------------------------------------------------------
.text:08000390
.text:08000390 crc_2:                                  ; ...
.text:08000390                 mov     eax, [ebp+crc]  ; return crc;
.text:08000393                 mov     edx, [ebp+crc_h]
.text:08000396                 leave
.text:08000397                 retn
.text:08000397 crc64           endp
.text:08000397
.text:08000398
.text:08000398 ; =============== S U B R O U T I N E =======================================
.text:08000398
.text:08000398 ; Attributes: bp-based frame
.text:08000398
.text:08000398                 public crc64i
.text:08000398 crc64i          proc near
.text:08000398
.text:08000398 tmp3            = dword ptr -10h
.text:08000398 tmp2            = dword ptr -0Ch
.text:08000398 tmp1            = dword ptr -8
.text:08000398 c               = byte ptr -1
.text:08000398 crc             = dword ptr  8
.text:08000398 crc_h           = dword ptr  0Ch
.text:08000398 str             = dword ptr  10h
.text:08000398
.text:08000398                 push    ebp             ; uint64_t crc64i(uint64_t crc, const char *str)
.text:08000399                 mov     ebp, esp
.text:0800039B                 sub     esp, 16
.text:080003A1                 nop
.text:080003A2
.text:080003A2 crci_1:                                 ; ...
.text:080003A2                 mov     eax, [ebp+str]  ; while ((c = *str++) != 0) {
.text:080003A5                 mov     ecx, eax
.text:080003A7                 inc     eax
.text:080003A8                 mov     [ebp+str], eax
.text:080003AB                 movsx   eax, byte ptr [ecx]
.text:080003AE                 and     eax, 0FFh
.text:080003B4                 mov     [ebp+c], al     ; uint8_t c;
.text:080003B7                 cmp     eax, 0
.text:080003BA                 jz      crci_2
.text:080003C0                 mov     eax, [ebp+crc]  ; crc = crc64_tab[(uint8_t)crc ^ nasm_tolower(c)] ^ (crc >> 8);
.text:080003C3                 and     eax, 0FFh
.text:080003C9                 mov     ecx, 0
.text:080003CE                 movzx   edx, [ebp+c]
.text:080003D2                 mov     ecx, offset nasm_tolower_tab
.text:080003D7                 add     ecx, edx
.text:080003D9                 movzx   edx, byte ptr [ecx]
.text:080003DC                 xor     eax, edx
.text:080003DE                 shl     eax, 3
.text:080003E1                 mov     edx, offset crc64_tab
.text:080003E6                 add     edx, eax
.text:080003E8                 mov     eax, [ebp+crc_h]
.text:080003EB                 mov     ecx, eax
.text:080003ED                 shr     ecx, 8          ; crc_h >> 8
.text:080003F0                 shl     eax, 24         ; low byte of crc_h -> high byte of crc
.text:080003F3                 mov     [ebp+tmp1], edx
.text:080003F6                 mov     edx, [ebp+crc]
.text:080003F9                 shr     edx, 8          ; crc >> 8
.text:080003FC                 or      eax, edx
.text:080003FE                 mov     edx, [ebp+tmp1]
.text:08000401                 mov     edx, [edx]
.text:08000403                 mov     [ebp+tmp3], eax
.text:08000406                 mov     [ebp+tmp2], ecx
.text:08000409                 mov     ecx, [ebp+tmp1]
.text:0800040C                 add     ecx, 4
.text:0800040F                 mov     eax, [ecx]
.text:08000411                 mov     ecx, [ebp+tmp3]
.text:08000414                 xor     edx, ecx
.text:08000416                 mov     ecx, [ebp+tmp2]
.text:08000419                 xor     eax, ecx
.text:0800041B                 mov     [ebp+crc], edx
.text:0800041E                 mov     [ebp+crc_h], eax
.text:08000421                 jmp     crci_1
.text:08000426 ; ---------------------------------------------------------------------------
.text:08000426
.text:08000426 crci_2:                                 ; ...
.text:08000426                 mov     eax, [ebp+crc]  ; return crc;
.text:08000429                 mov     edx, [ebp+crc_h]
.text:0800042C                 leave
.text:0800042D                 retn
.text:0800042D crc64i          endp
.text:0800042D
.text:0800042D _text           ends
.text:0800042D
.data:08000430 ; ===========================================================================
.data:08000430
.data:08000430 ; Segment type: Pure data
.data:08000430 ; Segment permissions: Read/Write
.data:08000430 ; Segment alignment 'qword' can not be represented in assembly
.data:08000430 _data           segment para public 'DATA' use32
.data:08000430                 assume cs:_data
.data:08000430                 ;org 8000430h
.data:08000430 crc64_tab       dd          0,         0 ; ...
.data:08000430                 dd  30358979h, 7AD870C8h
.data:08000430                 dd  606B12F2h,0F5B0E190h
.data:08000430                 dd  505E9B8Bh, 8F689158h
.data:08000430                 dd  9841B68Fh,0C038E573h
.data:08000430                 dd 0A8743FF6h,0BAE095BBh
.data:08000430                 dd 0F82AA47Dh, 358804E3h
.data:08000430                 dd 0C81F2D04h, 4F50742Bh
.data:08000430                 dd  6814FE75h,0AB28ECB4h
.data:08000430                 dd  5821770Ch,0D1F09C7Ch
.data:08000430                 dd   87FEC87h, 5E980D24h
.data:08000430                 dd  384A65FEh, 24407DECh
.data:08000430                 dd 0F05548FAh, 6B1009C7h
.data:08000430                 dd 0C060C183h, 11C8790Fh
.data:08000430                 dd  903E5A08h, 9EA0E857h
.data:08000430                 dd 0A00BD371h,0E478989Fh
.data:08000430                 dd  88BE6F81h, 7D08FF3Bh
.data:08000430                 dd 0B88BE6F8h,  7D08FF3h
.data:08000430                 dd 0E8D57D73h, 88B81EABh
.data:08000430                 dd 0D8E0F40Ah,0F2606E63h
.data:08000430                 dd  10FFD90Eh,0BD301A48h
.data:08000430                 dd  20CA5077h,0C7E86A80h
.data:08000430                 dd  7094CBFCh, 4880FBD8h
.data:08000430                 dd  40A14285h, 32588B10h
.data:08000430                 dd 0E0AA91F4h,0D620138Fh
.data:08000430                 dd 0D09F188Dh,0ACF86347h
.data:08000430                 dd  80C18306h, 2390F21Fh
.data:08000430                 dd 0B0F40A7Fh, 594882D7h
.data:08000430                 dd  78EB277Bh, 1618F6FCh
.data:08000430                 dd  48DEAE02h, 6CC08634h
.data:08000430                 dd  18803589h,0E3A8176Ch
.data:08000430                 dd  28B5BCF0h, 997067A4h
.data:08000430                 dd  117CDF02h,0FA11FE77h
.data:08000430                 dd  2149567Bh, 80C98EBFh
.data:08000430                 dd  7117CDF0h, 0FA11FE7h
.data:08000430                 dd  41224489h, 75796F2Fh
.data:08000430                 dd  893D698Dh, 3A291B04h
.data:08000430                 dd 0B908E0F4h, 40F16BCCh
.data:08000430                 dd 0E9567B7Fh,0CF99FA94h
.data:08000430                 dd 0D963F206h,0B5418A5Ch
.data:08000430                 dd  79682177h, 513912C3h
.data:08000430                 dd  495DA80Eh, 2BE1620Bh
.data:08000430                 dd  19033385h,0A489F353h
.data:08000430                 dd  2936BAFCh,0DE51839Bh
.data:08000430                 dd 0E12997F8h, 9101F7B0h
.data:08000430                 dd 0D11C1E81h,0EBD98778h
.data:08000430                 dd  8142850Ah, 64B11620h
.data:08000430                 dd 0B1770C73h, 1E6966E8h
.data:08000430                 dd  99C2B083h, 8719014Ch
.data:08000430                 dd 0A9F739FAh,0FDC17184h
.data:08000430                 dd 0F9A9A271h, 72A9E0DCh
.data:08000430                 dd 0C99C2B08h,  8719014h
.data:08000430                 dd   183060Ch, 4721E43Fh
.data:08000430                 dd  31B68F75h, 3DF994F7h
.data:08000430                 dd  61E814FEh,0B29105AFh
.data:08000430                 dd  51DD9D87h,0C8497567h
.data:08000430                 dd 0F1D64EF6h, 2C31EDF8h
.data:08000430                 dd 0C1E3C78Fh, 56E99D30h
.data:08000430                 dd  91BD5C04h,0D9810C68h
.data:08000430                 dd 0A188D57Dh,0A3597CA0h
.data:08000430                 dd  6997F879h,0EC09088Bh
.data:08000430                 dd  59A27100h, 96D17843h
.data:08000430                 dd   9FCEA8Bh, 19B9E91Bh
.data:08000430                 dd  39C963F2h, 636199D3h
.data:08000430                 dd  7A6E2D6Fh,0DF7ADABDh
.data:08000430                 dd  4A5BA416h,0A5A2AA75h
.data:08000430                 dd  1A053F9Dh, 2ACA3B2Dh
.data:08000430                 dd  2A30B6E4h, 50124BE5h
.data:08000430                 dd 0E22F9BE0h, 1F423FCEh
.data:08000430                 dd 0D21A1299h, 659A4F06h
.data:08000430                 dd  82448912h,0EAF2DE5Eh
.data:08000430                 dd 0B271006Bh, 902AAE96h
.data:08000430                 dd  127AD31Ah, 74523609h
.data:08000430                 dd  224F5A63h, 0E8A46C1h
.data:08000430                 dd  7211C1E8h, 81E2D799h
.data:08000430                 dd  42244891h,0FB3AA751h
.data:08000430                 dd  8A3B6595h,0B46AD37Ah
.data:08000430                 dd 0BA0EECECh,0CEB2A3B2h
.data:08000430                 dd 0EA507767h, 41DA32EAh
.data:08000430                 dd 0DA65FE1Eh, 3B024222h
.data:08000430                 dd 0F2D042EEh,0A2722586h
.data:08000430                 dd 0C2E5CB97h,0D8AA554Eh
.data:08000430                 dd  92BB501Ch, 57C2C416h
.data:08000430                 dd 0A28ED965h, 2D1AB4DEh
.data:08000430                 dd  6A91F461h, 624AC0F5h
.data:08000430                 dd  5AA47D18h, 1892B03Dh
.data:08000430                 dd  0AFAE693h, 97FA2165h
.data:08000430                 dd  3ACF6FEAh,0ED2251ADh
.data:08000430                 dd  9AC4BC9Bh,  95AC932h
.data:08000430                 dd 0AAF135E2h, 7382B9FAh
.data:08000430                 dd 0FAAFAE69h,0FCEA28A2h
.data:08000430                 dd 0CA9A2710h, 8632586Ah
.data:08000430                 dd   2850A14h,0C9622C41h
.data:08000430                 dd  32B0836Dh,0B3BA5C89h
.data:08000430                 dd  62EE18E6h, 3CD2CDD1h
.data:08000430                 dd  52DB919Fh, 460ABD19h
.data:08000430                 dd  6B12F26Dh, 256B24CAh
.data:08000430                 dd  5B277B14h, 5FB35402h
.data:08000430                 dd  0B79E09Fh,0D0DBC55Ah
.data:08000430                 dd  3B4C69E6h,0AA03B592h
.data:08000430                 dd 0F35344E2h,0E553C1B9h
.data:08000430                 dd 0C366CD9Bh, 9F8BB171h
.data:08000430                 dd  93385610h, 10E32029h
.data:08000430                 dd 0A30DDF69h, 6A3B50E1h
.data:08000430                 dd   3060C18h, 8E43C87Eh
.data:08000430                 dd  33338561h,0F49BB8B6h
.data:08000430                 dd  636D1EEAh, 7BF329EEh
.data:08000430                 dd  53589793h,  12B5926h
.data:08000430                 dd  9B47BA97h, 4E7B2D0Dh
.data:08000430                 dd 0AB7233EEh, 34A35DC5h
.data:08000430                 dd 0FB2CA865h,0BBCBCC9Dh
.data:08000430                 dd 0CB19211Ch,0C113BC55h
.data:08000430                 dd 0E3AC9DECh, 5863DBF1h
.data:08000430                 dd 0D3991495h, 22BBAB39h
.data:08000430                 dd  83C78F1Eh,0ADD33A61h
.data:08000430                 dd 0B3F20667h,0D70B4AA9h
.data:08000430                 dd  7BED2B63h, 985B3E82h
.data:08000430                 dd  4BD8A21Ah,0E2834E4Ah
.data:08000430                 dd  1B863991h, 6DEBDF12h
.data:08000430                 dd  2BB3B0E8h, 1733AFDAh
.data:08000430                 dd  8BB86399h,0F34B3745h
.data:08000430                 dd 0BB8DEAE0h, 8993478Dh
.data:08000430                 dd 0EBD3716Bh,  6FBD6D5h
.data:08000430                 dd 0DBE6F812h, 7C23A61Dh
.data:08000430                 dd  13F9D516h, 3373D236h
.data:08000430                 dd  23CC5C6Fh, 49ABA2FEh
.data:08000430                 dd  7392C7E4h,0C6C333A6h
.data:08000430                 dd  43A74E9Dh,0BC1B436Eh
.data:08000430                 dd 0AC4BC9B5h, 95AC9329h
.data:08000430                 dd  9C7E40CCh,0EF74E3E1h
.data:08000430                 dd 0CC20DB47h, 601C72B9h
.data:08000430                 dd 0FC15523Eh, 1AC40271h
.data:08000430                 dd  340A7F3Ah, 5594765Ah
.data:08000430                 dd   43FF643h, 2F4C0692h
.data:08000430                 dd  54616DC8h,0A02497CAh
.data:08000430                 dd  6454E4B1h,0DAFCE702h
.data:08000430                 dd 0C45F37C0h, 3E847F9Dh
.data:08000430                 dd 0F46ABEB9h, 445C0F55h
.data:08000430                 dd 0A4342532h,0CB349E0Dh
.data:08000430                 dd  9401AC4Bh,0B1ECEEC5h
.data:08000430                 dd  5C1E814Fh,0FEBC9AEEh
.data:08000430                 dd  6C2B0836h, 8464EA26h
.data:08000430                 dd  3C7593BDh, 0B0C7B7Eh
.data:08000430                 dd  0C401AC4h, 71D40BB6h
.data:08000430                 dd  24F5A634h,0E8A46C12h
.data:08000430                 dd  14C02F4Dh, 927C1CDAh
.data:08000430                 dd  449EB4C6h, 1D148D82h
.data:08000430                 dd  74AB3DBFh, 67CCFD4Ah
.data:08000430                 dd 0BCB410BBh, 289C8961h
.data:08000430                 dd  8C8199C2h, 5244F9A9h
.data:08000430                 dd 0DCDF0249h,0DD2C68F1h
.data:08000430                 dd 0ECEA8B30h,0A7F41839h
.data:08000430                 dd  4CE15841h, 438C80A6h
.data:08000430                 dd  7CD4D138h, 3954F06Eh
.data:08000430                 dd  2C8A4AB3h,0B63C6136h
.data:08000430                 dd  1CBFC3CAh,0CCE411FEh
.data:08000430                 dd 0D4A0EECEh, 83B465D5h
.data:08000430                 dd 0E49567B7h,0F96C151Dh
.data:08000430                 dd 0B4CBFC3Ch, 76048445h
.data:08000430                 dd  84FE7545h, 0CDCF48Dh
.data:08000430                 dd 0BD3716B7h, 6FBD6D5Eh
.data:08000430                 dd  8D029FCEh, 15651D96h
.data:08000430                 dd 0DD5C0445h, 9A0D8CCEh
.data:08000430                 dd 0ED698D3Ch,0E0D5FC06h
.data:08000430                 dd  2576A038h,0AF85882Dh
.data:08000430                 dd  15432941h,0D55DF8E5h
.data:08000430                 dd  451DB2CAh, 5A3569BDh
.data:08000430                 dd  75283BB3h, 20ED1975h
.data:08000430                 dd 0D523E8C2h,0C49581EAh
.data:08000430                 dd 0E51661BBh,0BE4DF122h
.data:08000430                 dd 0B548FA30h, 3125607Ah
.data:08000430                 dd  857D7349h, 4BFD10B2h
.data:08000430                 dd  4D625E4Dh,  4AD6499h
.data:08000430                 dd  7D57D734h, 7E751451h
.data:08000430                 dd  2D094CBFh,0F11D8509h
.data:08000430                 dd  1D3CC5C6h, 8BC5F5C1h
.data:08000430                 dd  35897936h, 12B59265h
.data:08000430                 dd   5BCF04Fh, 686DE2ADh
.data:08000430                 dd  55E26BC4h,0E70573F5h
.data:08000430                 dd  65D7E2BDh, 9DDD033Dh
.data:08000430                 dd 0ADC8CFB9h,0D28D7716h
.data:08000430                 dd  9DFD46C0h,0A85507DEh
.data:08000430                 dd 0CDA3DD4Bh, 273D9686h
.data:08000430                 dd 0FD965432h, 5DE5E64Eh
.data:08000430                 dd  5D9D8743h,0B99D7ED1h
.data:08000430                 dd  6DA80E3Ah,0C3450E19h
.data:08000430                 dd  3DF695B1h, 4C2D9F41h
.data:08000430                 dd  0DC31CC8h, 36F5EF89h
.data:08000430                 dd 0C5DC31CCh, 79A59BA2h
.data:08000430                 dd 0F5E9B8B5h,  37DEB6Ah
.data:08000430                 dd 0A5B7233Eh, 8C157A32h
.data:08000430                 dd  9582AA47h,0F6CD0AFAh
.data:08000430                 dd 0D625E4DAh, 4AD64994h
.data:08000430                 dd 0E6106DA3h, 300E395Ch
.data:08000430                 dd 0B64EF628h,0BF66A804h
.data:08000430                 dd  867B7F51h,0C5BED8CCh
.data:08000430                 dd  4E645255h, 8AEEACE7h
.data:08000430                 dd  7E51DB2Ch,0F036DC2Fh
.data:08000430                 dd  2E0F40A7h, 7F5E4D77h
.data:08000430                 dd  1E3AC9DEh,  5863DBFh
.data:08000430                 dd 0BE311AAFh,0E1FEA520h
.data:08000430                 dd  8E0493D6h, 9B26D5E8h
.data:08000430                 dd 0DE5A085Dh, 144E44B0h
.data:08000430                 dd 0EE6F8124h, 6E963478h
.data:08000430                 dd  2670AC20h, 21C64053h
.data:08000430                 dd  16452559h, 5B1E309Bh
.data:08000430                 dd  461BBED2h,0D476A1C3h
.data:08000430                 dd  762E37ABh,0AEAED10Bh
.data:08000430                 dd  5E9B8B5Bh, 37DEB6AFh
.data:08000430                 dd  6EAE0222h, 4D06C667h
.data:08000430                 dd  3EF099A9h,0C26E573Fh
.data:08000430                 dd  0EC510D0h,0B8B627F7h
.data:08000430                 dd 0C6DA3DD4h,0F7E653DCh
.data:08000430                 dd 0F6EFB4ADh, 8D3E2314h
.data:08000430                 dd 0A6B12F26h,  256B24Ch
.data:08000430                 dd  9684A65Fh, 788EC284h
.data:08000430                 dd  368F752Eh, 9CF65A1Bh
.data:08000430                 dd   6BAFC57h,0E62E2AD3h
.data:08000430                 dd  56E467DCh, 6946BB8Bh
.data:08000430                 dd  66D1EEA5h, 139ECB43h
.data:08000430                 dd 0AECEC3A1h, 5CCEBF68h
.data:08000430                 dd  9EFB4AD8h, 2616CFA0h
.data:08000430                 dd 0CEA5D153h,0A97E5EF8h
.data:08000430                 dd 0FE90582Ah,0D3A62E30h
.data:08000430                 dd 0C7593BD8h,0B0C7B7E3h
.data:08000430                 dd 0F76CB2A1h,0CA1FC72Bh
.data:08000430                 dd 0A732292Ah, 45775673h
.data:08000430                 dd  9707A053h, 3FAF26BBh
.data:08000430                 dd  5F188D57h, 70FF5290h
.data:08000430                 dd  6F2D042Eh, 0A272258h
.data:08000430                 dd  3F739FA5h, 854FB300h
.data:08000430                 dd  0F4616DCh,0FF97C3C8h
.data:08000430                 dd 0AF4DC5ADh, 1BEF5B57h
.data:08000430                 dd  9F784CD4h, 61372B9Fh
.data:08000430                 dd 0CF26D75Fh,0EE5FBAC7h
.data:08000430                 dd 0FF135E26h, 9487CA0Fh
.data:08000430                 dd  370C7322h,0DBD7BE24h
.data:08000430                 dd   739FA5Bh,0A10FCEECh
.data:08000430                 dd  576761D0h, 2E675FB4h
.data:08000430                 dd  6752E8A9h, 54BF2F7Ch
.data:08000430                 dd  4FE75459h,0CDCF48D8h
.data:08000430                 dd  7FD2DD20h,0B7173810h
.data:08000430                 dd  2F8C46ABh, 387FA948h
.data:08000430                 dd  1FB9CFD2h, 42A7D980h
.data:08000430                 dd 0D7A6E2D6h, 0DF7ADABh
.data:08000430                 dd 0E7936BAFh, 772FDD63h
.data:08000430                 dd 0B7CDF024h,0F8474C3Bh
.data:08000430                 dd  87F8795Dh, 829F3CF3h
.data:08000430                 dd  27F3AA2Ch, 66E7A46Ch
.data:08000430                 dd  17C62355h, 1C3FD4A4h
.data:08000430                 dd  4798B8DEh, 935745FCh
.data:08000430                 dd  77AD31A7h,0E98F3534h
.data:08000430                 dd 0BFB21CA3h,0A6DF411Fh
.data:08000430                 dd  8F8795DAh,0DC0731D7h
.data:08000430                 dd 0DFD90E51h, 536FA08Fh
.data:08000430                 dd 0EFEC8728h, 29B7D047h
.data:08000430 _data           ends
.data:08000430
.bss:08000C30 ; ===========================================================================
.bss:08000C30
.bss:08000C30 ; Segment type: Zero-length
.bss:08000C30 ; Segment permissions: Read/Write
.bss:08000C30 _bss            segment dword public 'BSS' use32
.bss:08000C30 _bss            ends
.bss:08000C30
extern:08000C34 ; ===========================================================================
extern:08000C34
extern:08000C34 ; Segment type: Externs
extern:08000C34 ; extern
extern:08000C34                 extrn __ashldi3:near    ; ...
extern:08000C38                 extrn nasm_tolower_tab  ; ...
extern:08000C38
extern:08000C38
extern:08000C38                 end
