.text:08000000 ;
.text:08000000 ; +-------------------------------------------------------------------------+
.text:08000000 ; |   This file has been generated by The Interactive Disassembler (IDA)    |
.text:08000000 ; |           Copyright (c) 2018 Hex-Rays, <support@hex-rays.com>           |
.text:08000000 ; |                            Freeware version                             |
.text:08000000 ; +-------------------------------------------------------------------------+
.text:08000000 ;
.text:08000000 ; Input SHA256 : 1BEA5A013AC10367CB20342AB500CB75FC8745BFDD171C6DECCB1C68D456885F
.text:08000000 ; Input MD5    : CC6414AD7F49BE91BEBABE15953F50D0
.text:08000000 ; Input CRC32  : A7B36286
.text:08000000
.text:08000000 ; File Name   : C:\Users\90542\OneDrive\Masaüstü\nasm_214_c_o\disp8.o
.text:08000000 ; Format      : ELF for Intel 386 (Relocatable)
.text:08000000 ;
.text:08000000 ; Source File : 'disp8.c'
.text:08000000
.text:08000000                 .686p
.text:08000000                 .mmx
.text:08000000                 .model flat
.text:08000000 .intel_syntax noprefix
.text:08000000
.text:08000000 ; ===========================================================================
.text:08000000
.text:08000000 ; Segment type: Pure code
.text:08000000 ; Segment permissions: Read/Execute
.text:08000000 _text           segment dword public 'CODE' use32
.text:08000000                 assume cs:_text
.text:08000000                 ;org 8000000h
.text:08000000                 assume es:nothing, ss:nothing, ds:_data, fs:nothing, gs:nothing
.text:08000000
.text:08000000 ; =============== S U B R O U T I N E =======================================
.text:08000000
.text:08000000 ; Attributes: bp-based frame
.text:08000000
.text:08000000 overflow_general proc near
.text:08000000
.text:08000000 vmin            = dword ptr -18h
.text:08000000 vmin_h          = dword ptr -14h
.text:08000000 vmax            = dword ptr -10h
.text:08000000 vmax_h          = dword ptr -0Ch
.text:08000000 sbit            = dword ptr -4
.text:08000000 value           = dword ptr  8
.text:08000000 value_h         = dword ptr  0Ch
.text:08000000 bytes           = dword ptr  10h
.text:08000000
.text:08000000                 push    ebp             ; static inline bool const_func overflow_general(int64_t value, int bytes)
.text:08000001                 mov     ebp, esp        ; int sbit;
.text:08000003                 sub     esp, 24         ; int64_t vmax, vmin;
.text:08000009                 nop
.text:0800000A                 mov     eax, [ebp+bytes]
.text:0800000D                 cmp     eax, 8          ; if (bytes >= 8)
.text:08000010                 jl      ofg_1
.text:08000016                 mov     eax, 0          ; return false;
.text:0800001B                 jmp     ofg_7
.text:08000020 ; ---------------------------------------------------------------------------
.text:08000020
.text:08000020 ofg_1:                                  ; ...
.text:08000020                 mov     eax, [ebp+bytes] ; sbit = (bytes << 3) - 1;
.text:08000023                 shl     eax, 3
.text:08000026                 dec     eax
.text:08000027                 mov     [ebp+sbit], eax
.text:0800002A                 mov     eax, [ebp+sbit]
.text:0800002D                 push    eax
.text:0800002E                 mov     eax, 2
.text:08000033                 mov     ecx, 0
.text:08000038                 push    ecx
.text:08000039                 push    eax
.text:0800003A                 call    __ashldi3
.text:0800003F                 add     esp, 12
.text:08000042                 sub     eax, 1
.text:08000045                 sbb     edx, 0
.text:08000048                 mov     [ebp+vmax], eax ; vmax = ((int64_t)2 << sbit) - 1;
.text:0800004B                 mov     [ebp+vmax_h], edx
.text:0800004E                 mov     eax, [ebp+sbit]
.text:08000051                 push    eax
.text:08000052                 mov     eax, 2
.text:08000057                 mov     ecx, 0
.text:0800005C                 push    ecx
.text:0800005D                 push    eax
.text:0800005E                 call    __ashldi3
.text:08000063                 add     esp, 12
.text:08000066                 mov     ecx, 0
.text:0800006B                 sub     ecx, eax
.text:0800006D                 mov     eax, 0
.text:08000072                 sbb     eax, edx
.text:08000074                 mov     [ebp+vmin], ecx ; vmin = -((int64_t)2 << sbit);
.text:08000077                 mov     [ebp+vmin_h], eax
.text:0800007A                 mov     eax, [ebp+value_h] ; return value < vmin || value > vmax;
.text:0800007D                 mov     ecx, [ebp+vmin_h]
.text:08000080                 cmp     eax, ecx
.text:08000082                 jg      ofg_3
.text:08000088                 jnz     ofg_2
.text:0800008E                 mov     eax, [ebp+value]
.text:08000091                 mov     ecx, [ebp+vmin]
.text:08000094                 cmp     eax, ecx        ; value < vmin
.text:08000096                 jnb     ofg_3
.text:0800009C
.text:0800009C ofg_2:                                  ; ...
.text:0800009C                 jmp     ofg_6           ; return 1
.text:080000A1 ; ---------------------------------------------------------------------------
.text:080000A1
.text:080000A1 ofg_3:                                  ; ...
.text:080000A1                 mov     eax, [ebp+value_h]
.text:080000A4                 mov     ecx, [ebp+vmax_h]
.text:080000A7                 cmp     eax, ecx
.text:080000A9                 jl      ofg_5
.text:080000AF                 jnz     ofg_4
.text:080000B5                 mov     eax, [ebp+value]
.text:080000B8                 mov     ecx, [ebp+vmax]
.text:080000BB                 cmp     eax, ecx        ; value > vmax
.text:080000BD                 jbe     ofg_5
.text:080000C3
.text:080000C3 ofg_4:                                  ; ...
.text:080000C3                 jmp     ofg_6           ; return 1
.text:080000C8 ; ---------------------------------------------------------------------------
.text:080000C8
.text:080000C8 ofg_5:                                  ; ...
.text:080000C8                 mov     eax, 0          ; return 0
.text:080000CD                 jmp     short ofg_7
.text:080000CF ; ---------------------------------------------------------------------------
.text:080000CF
.text:080000CF ofg_6:                                  ; ...
.text:080000CF                 mov     eax, 1          ; return 1
.text:080000D4
.text:080000D4 ofg_7:                                  ; ...
.text:080000D4                 leave
.text:080000D5                 retn
.text:080000D5 overflow_general endp
.text:080000D5
.text:080000D6
.text:080000D6 ; =============== S U B R O U T I N E =======================================
.text:080000D6
.text:080000D6 ; Attributes: bp-based frame
.text:080000D6
.text:080000D6 overflow_signed proc near
.text:080000D6
.text:080000D6 vmin            = dword ptr -18h
.text:080000D6 vmin_h          = dword ptr -14h
.text:080000D6 vmax            = dword ptr -10h
.text:080000D6 vmax_h          = dword ptr -0Ch
.text:080000D6 sbit            = dword ptr -4
.text:080000D6 value           = dword ptr  8
.text:080000D6 value_h         = dword ptr  0Ch
.text:080000D6 bytes           = dword ptr  10h
.text:080000D6
.text:080000D6                 push    ebp             ; static inline bool const_func overflow_signed(int64_t value, int bytes)
.text:080000D7                 mov     ebp, esp
.text:080000D9                 sub     esp, 24
.text:080000DF                 nop
.text:080000E0                 mov     eax, [ebp+bytes]
.text:080000E3                 cmp     eax, 8          ; if (bytes >= 8)
.text:080000E6                 jl      ofs_1
.text:080000EC                 mov     eax, 0          ; return false;
.text:080000F1                 jmp     ofs_7
.text:080000F6 ; ---------------------------------------------------------------------------
.text:080000F6
.text:080000F6 ofs_1:                                  ; ...
.text:080000F6                 mov     eax, [ebp+bytes]
.text:080000F9                 shl     eax, 3
.text:080000FC                 dec     eax
.text:080000FD                 mov     [ebp+sbit], eax ; sbit = (bytes << 3) - 1;
.text:08000100                 mov     eax, [ebp+sbit] ; int sbit;
.text:08000103                 push    eax
.text:08000104                 mov     eax, 1
.text:08000109                 mov     ecx, 0
.text:0800010E                 push    ecx
.text:0800010F                 push    eax
.text:08000110                 call    __ashldi3
.text:08000115                 add     esp, 12
.text:08000118                 sub     eax, 1
.text:0800011B                 sbb     edx, 0
.text:0800011E                 mov     [ebp+vmax], eax ; int64_t vmax, vmin;
.text:08000121                 mov     [ebp+vmax_h], edx ; vmax = ((int64_t)1 << sbit) - 1;
.text:08000124                 mov     eax, [ebp+sbit]
.text:08000127                 push    eax
.text:08000128                 mov     eax, 1
.text:0800012D                 mov     ecx, 0
.text:08000132                 push    ecx
.text:08000133                 push    eax
.text:08000134                 call    __ashldi3
.text:08000139                 add     esp, 12
.text:0800013C                 mov     ecx, 0
.text:08000141                 sub     ecx, eax
.text:08000143                 mov     eax, 0
.text:08000148                 sbb     eax, edx
.text:0800014A                 mov     [ebp+vmin], ecx ; vmin = -((int64_t)1 << sbit);
.text:0800014D                 mov     [ebp+vmin_h], eax
.text:08000150                 mov     eax, [ebp+value_h]
.text:08000153                 mov     ecx, [ebp+vmin_h]
.text:08000156                 cmp     eax, ecx
.text:08000158                 jg      ofs_3
.text:0800015E                 jnz     ofs_2
.text:08000164                 mov     eax, [ebp+value] ; return value < vmin || value > vmax;
.text:08000167                 mov     ecx, [ebp+vmin]
.text:0800016A                 cmp     eax, ecx
.text:0800016C                 jnb     ofs_3
.text:08000172
.text:08000172 ofs_2:                                  ; ...
.text:08000172                 jmp     ofs_6
.text:08000177 ; ---------------------------------------------------------------------------
.text:08000177
.text:08000177 ofs_3:                                  ; ...
.text:08000177                 mov     eax, [ebp+value_h]
.text:0800017A                 mov     ecx, [ebp+vmax_h]
.text:0800017D                 cmp     eax, ecx
.text:0800017F                 jl      ofs_5
.text:08000185                 jnz     ofs_4
.text:0800018B                 mov     eax, [ebp+value]
.text:0800018E                 mov     ecx, [ebp+vmax]
.text:08000191                 cmp     eax, ecx
.text:08000193                 jbe     ofs_5
.text:08000199
.text:08000199 ofs_4:                                  ; ...
.text:08000199                 jmp     ofs_6
.text:0800019E ; ---------------------------------------------------------------------------
.text:0800019E
.text:0800019E ofs_5:                                  ; ...
.text:0800019E                 mov     eax, 0
.text:080001A3                 jmp     short ofs_7
.text:080001A5 ; ---------------------------------------------------------------------------
.text:080001A5
.text:080001A5 ofs_6:                                  ; ...
.text:080001A5                 mov     eax, 1
.text:080001AA
.text:080001AA ofs_7:                                  ; ...
.text:080001AA                 leave
.text:080001AB                 retn
.text:080001AB overflow_signed endp
.text:080001AB
.text:080001AC
.text:080001AC ; =============== S U B R O U T I N E =======================================
.text:080001AC
.text:080001AC ; Attributes: bp-based frame
.text:080001AC
.text:080001AC overflow_unsigned proc near
.text:080001AC
.text:080001AC vmin            = dword ptr -18h
.text:080001AC vmin_h          = dword ptr -14h
.text:080001AC vmax            = dword ptr -10h
.text:080001AC vmax_h          = dword ptr -0Ch
.text:080001AC sbit            = dword ptr -4
.text:080001AC value           = dword ptr  8
.text:080001AC value_h         = dword ptr  0Ch
.text:080001AC bytes           = dword ptr  10h
.text:080001AC
.text:080001AC                 push    ebp             ; static inline bool const_func overflow_unsigned(int64_t value, int bytes)
.text:080001AD                 mov     ebp, esp
.text:080001AF                 sub     esp, 24
.text:080001B5                 nop
.text:080001B6                 mov     eax, [ebp+bytes]
.text:080001B9                 cmp     eax, 8          ; if (bytes >= 8)
.text:080001BC                 jl      ofu_1
.text:080001C2                 mov     eax, 0          ; return false;
.text:080001C7                 jmp     ofu_7
.text:080001CC ; ---------------------------------------------------------------------------
.text:080001CC
.text:080001CC ofu_1:                                  ; ...
.text:080001CC                 mov     eax, [ebp+bytes] ; int sbit;
.text:080001CF                 shl     eax, 3
.text:080001D2                 dec     eax
.text:080001D3                 mov     [ebp+sbit], eax ; sbit = (bytes << 3) - 1;
.text:080001D6                 mov     eax, [ebp+sbit]
.text:080001D9                 push    eax
.text:080001DA                 mov     eax, 2
.text:080001DF                 mov     ecx, 0
.text:080001E4                 push    ecx
.text:080001E5                 push    eax
.text:080001E6                 call    __ashldi3
.text:080001EB                 add     esp, 12         ; int64_t vmax, vmin;
.text:080001EE                 sub     eax, 1
.text:080001F1                 sbb     edx, 0
.text:080001F4                 mov     [ebp+vmax], eax ; vmax = ((int64_t)2 << sbit) - 1;
.text:080001F7                 mov     [ebp+vmax_h], edx
.text:080001FA                 mov     eax, 0
.text:080001FF                 mov     ecx, 0
.text:08000204                 mov     [ebp+vmin], eax ; vmin = 0;
.text:08000207                 mov     [ebp+vmin_h], ecx
.text:0800020A                 mov     eax, [ebp+value_h]
.text:0800020D                 mov     ecx, [ebp+vmin_h]
.text:08000210                 cmp     eax, ecx
.text:08000212                 jg      ofu_3
.text:08000218                 jnz     ofu_2
.text:0800021E                 mov     eax, [ebp+value] ; return value < vmin || value > vmax;
.text:08000221                 mov     ecx, [ebp+vmin]
.text:08000224                 cmp     eax, ecx
.text:08000226                 jnb     ofu_3
.text:0800022C
.text:0800022C ofu_2:                                  ; ...
.text:0800022C                 jmp     ofu_6
.text:08000231 ; ---------------------------------------------------------------------------
.text:08000231
.text:08000231 ofu_3:                                  ; ...
.text:08000231                 mov     eax, [ebp+value_h]
.text:08000234                 mov     ecx, [ebp+vmax_h]
.text:08000237                 cmp     eax, ecx
.text:08000239                 jl      ofu_5
.text:0800023F                 jnz     ofu_4
.text:08000245                 mov     eax, [ebp+value]
.text:08000248                 mov     ecx, [ebp+vmax]
.text:0800024B                 cmp     eax, ecx
.text:0800024D                 jbe     ofu_5
.text:08000253
.text:08000253 ofu_4:                                  ; ...
.text:08000253                 jmp     ofu_6
.text:08000258 ; ---------------------------------------------------------------------------
.text:08000258
.text:08000258 ofu_5:                                  ; ...
.text:08000258                 mov     eax, 0
.text:0800025D                 jmp     short ofu_7
.text:0800025F ; ---------------------------------------------------------------------------
.text:0800025F
.text:0800025F ofu_6:                                  ; ...
.text:0800025F                 mov     eax, 1
.text:08000264
.text:08000264 ofu_7:                                  ; ...
.text:08000264                 leave
.text:08000265                 retn
.text:08000265 overflow_unsigned endp
.text:08000265
.text:08000266
.text:08000266 ; =============== S U B R O U T I N E =======================================
.text:08000266
.text:08000266 ; Attributes: bp-based frame
.text:08000266
.text:08000266 signed_bits     proc near
.text:08000266
.text:08000266 value           = dword ptr  8
.text:08000266 value_h         = dword ptr  0Ch
.text:08000266 bits            = dword ptr  10h
.text:08000266
.text:08000266                 push    ebp             ; static inline bool const_func overflow_unsigned(int64_t value, int bytes)
.text:08000267                 mov     ebp, esp
.text:08000269                 sub     esp, 0
.text:0800026F                 nop
.text:08000270                 mov     eax, [ebp+bits]
.text:08000273                 cmp     eax, 64         ; if (bits < 64) {
.text:08000276                 jge     sb_2
.text:0800027C                 mov     eax, [ebp+bits]
.text:0800027F                 push    eax
.text:08000280                 mov     eax, 1
.text:08000285                 mov     ecx, 0
.text:0800028A                 push    ecx
.text:0800028B                 push    eax
.text:0800028C                 call    __ashldi3
.text:08000291                 add     esp, 12
.text:08000294                 sub     eax, 1
.text:08000297                 sbb     edx, 0
.text:0800029A                 mov     ecx, [ebp+value]
.text:0800029D                 and     ecx, eax
.text:0800029F                 mov     eax, [ebp+value_h]
.text:080002A2                 and     eax, edx
.text:080002A4                 mov     [ebp+value], ecx ; value &= ((int64_t)1 << bits) - 1;
.text:080002A7                 mov     [ebp+value_h], eax
.text:080002AA                 mov     eax, [ebp+bits]
.text:080002AD                 dec     eax
.text:080002AE                 push    eax
.text:080002AF                 mov     eax, 1
.text:080002B4                 mov     ecx, 0
.text:080002B9                 push    ecx
.text:080002BA                 push    eax
.text:080002BB                 call    __ashldi3
.text:080002C0                 add     esp, 12
.text:080002C3                 mov     ecx, [ebp+value]
.text:080002C6                 and     ecx, eax
.text:080002C8                 mov     eax, [ebp+value_h]
.text:080002CB                 and     eax, edx
.text:080002CD                 cmp     eax, 0          ; if (value & (int64_t)1 << (bits - 1))
.text:080002D0                 jnz     sb_1
.text:080002D6                 cmp     ecx, 0
.text:080002D9                 jz      sb_2
.text:080002DF
.text:080002DF sb_1:                                   ; ...
.text:080002DF                 mov     eax, [ebp+bits]
.text:080002E2                 push    eax
.text:080002E3                 mov     eax, 0FFFFFFFFh ; (uint64_t)-1
.text:080002E8                 mov     ecx, 0FFFFFFFFh
.text:080002ED                 push    ecx
.text:080002EE                 push    eax
.text:080002EF                 call    __ashldi3
.text:080002F4                 add     esp, 12
.text:080002F7                 mov     ecx, [ebp+value]
.text:080002FA                 or      ecx, eax
.text:080002FC                 mov     eax, [ebp+value_h]
.text:080002FF                 or      eax, edx
.text:08000301                 mov     [ebp+value], ecx ; value |= (int64_t)((uint64_t)-1 << bits);
.text:08000304                 mov     [ebp+value_h], eax
.text:08000307
.text:08000307 sb_2:                                   ; ...
.text:08000307                 mov     eax, [ebp+value] ; return value;
.text:0800030A                 mov     edx, [ebp+value_h]
.text:0800030D                 leave
.text:0800030E                 retn
.text:0800030E signed_bits     endp
.text:0800030E
.text:0800030F
.text:0800030F ; =============== S U B R O U T I N E =======================================
.text:0800030F
.text:0800030F ; Attributes: bp-based frame
.text:0800030F
.text:0800030F directive_find  proc near
.text:0800030F
.text:0800030F str             = dword ptr  8
.text:0800030F
.text:0800030F                 push    ebp             ; static inline enum directive directive_find(const char *str)
.text:08000310                 mov     ebp, esp
.text:08000312                 sub     esp, 0
.text:08000318                 nop
.text:08000319                 mov     eax, [ebp+str]
.text:0800031C                 push    eax
.text:0800031D                 mov     eax, offset directive_hash
.text:08000322                 push    eax
.text:08000323                 call    perfhash_find   ; return perfhash_find(&directive_hash, str);
.text:08000328                 add     esp, 8
.text:0800032B                 leave
.text:0800032C                 retn
.text:0800032C directive_find  endp
.text:0800032C
.text:0800032D
.text:0800032D ; =============== S U B R O U T I N E =======================================
.text:0800032D
.text:0800032D ; Attributes: bp-based frame
.text:0800032D
.text:0800032D directive_name  proc near               ; ...
.text:0800032D
.text:0800032D ix              = dword ptr -4
.text:0800032D x               = dword ptr  8
.text:0800032D
.text:0800032D                 push    ebp             ; static inline const char * directive_name(enum directive x)
.text:0800032E                 mov     ebp, esp
.text:08000330                 sub     esp, 4
.text:08000336                 nop
.text:08000337                 mov     eax, [ebp+x]
.text:0800033A                 sub     eax, 3          ; 41-3 ; enum directive {
.text:0800033D                 mov     [ebp+ix], eax
.text:08000340                 mov     eax, [ebp+ix]
.text:08000343                 cmp     eax, 38         ; extern const char * const directive_tbl[38];
.text:08000346                 jb      dn_1            ; if (ix >= 38)
.text:0800034C                 mov     eax, 0          ; return NULL;
.text:08000351                 jmp     dn_2
.text:08000356 ; ---------------------------------------------------------------------------
.text:08000356
.text:08000356 dn_1:                                   ; ...
.text:08000356                 mov     eax, [ebp+ix]
.text:08000359                 shl     eax, 2
.text:0800035C                 mov     ecx, offset directive_tbl
.text:08000361                 add     ecx, eax
.text:08000363                 mov     eax, [ecx]      ; return directive_tbl[ix];
.text:08000365
.text:08000365 dn_2:                                   ; ...
.text:08000365                 leave
.text:08000366                 retn
.text:08000366 directive_name  endp
.text:08000366
.text:08000367
.text:08000367 ; =============== S U B R O U T I N E =======================================
.text:08000367
.text:08000367 ; Attributes: bp-based frame
.text:08000367
.text:08000367 directive_dname proc near
.text:08000367
.text:08000367 y               = dword ptr -4
.text:08000367 x               = dword ptr  8
.text:08000367
.text:08000367                 push    ebp             ; static inline const char * directive_dname(enum directive x)
.text:08000368                 mov     ebp, esp
.text:0800036A                 sub     esp, 4
.text:08000370                 nop
.text:08000371                 mov     eax, [ebp+x]
.text:08000374                 push    eax
.text:08000375                 call    directive_name
.text:0800037A                 add     esp, 4
.text:0800037D                 mov     [ebp+y], eax    ; const char *y = directive_name(x);
.text:08000380                 mov     eax, [ebp+y]
.text:08000383                 cmp     eax, 0          ; return y ? y : invalid_enum_str(x);
.text:08000386                 jz      ddn_1
.text:0800038C                 jmp     ddn_2
.text:08000391 ; ---------------------------------------------------------------------------
.text:08000391
.text:08000391 ddn_1:                                  ; ...
.text:08000391                 mov     eax, [ebp+x]
.text:08000394                 push    eax
.text:08000395                 call    invalid_enum_str
.text:0800039A                 add     esp, 4
.text:0800039D                 jmp     ddn_3
.text:080003A2 ; ---------------------------------------------------------------------------
.text:080003A2
.text:080003A2 ddn_2:                                  ; ...
.text:080003A2                 mov     eax, [ebp+y]
.text:080003A5
.text:080003A5 ddn_3:                                  ; ...
.text:080003A5                 leave
.text:080003A6                 retn
.text:080003A6 directive_dname endp
.text:080003A6
.text:080003A7
.text:080003A7 ; =============== S U B R O U T I N E =======================================
.text:080003A7
.text:080003A7 ; Attributes: bp-based frame
.text:080003A7
.text:080003A7 is_class        proc near               ; ...
.text:080003A7
.text:080003A7 class           = dword ptr  8
.text:080003A7 class_h         = dword ptr  0Ch
.text:080003A7 op              = dword ptr  10h
.text:080003A7 op_h            = dword ptr  14h
.text:080003A7
.text:080003A7                 push    ebp             ; static inline bool is_class(opflags_t class, opflags_t op)
.text:080003A8                 mov     ebp, esp
.text:080003AA                 sub     esp, 0
.text:080003B0                 nop
.text:080003B1                 mov     eax, [ebp+op]
.text:080003B4                 xor     eax, 0FFFFFFFFh
.text:080003B7                 mov     ecx, [ebp+op_h]
.text:080003BA                 xor     ecx, 0FFFFFFFFh
.text:080003BD                 mov     edx, [ebp+class]
.text:080003C0                 and     edx, eax
.text:080003C2                 mov     eax, [ebp+class_h]
.text:080003C5                 and     eax, ecx
.text:080003C7                 cmp     eax, 0          ; return !(class & ~op);
.text:080003CA                 jnz     iscl_1
.text:080003D0                 cmp     edx, 0
.text:080003D3                 jz      iscl_2
.text:080003D9
.text:080003D9 iscl_1:                                 ; ...
.text:080003D9                 mov     eax, 0
.text:080003DE                 jmp     short iscl_3
.text:080003E0 ; ---------------------------------------------------------------------------
.text:080003E0
.text:080003E0 iscl_2:                                 ; ...
.text:080003E0                 mov     eax, 1
.text:080003E5
.text:080003E5 iscl_3:                                 ; ...
.text:080003E5                 leave
.text:080003E6                 retn
.text:080003E6 is_class        endp
.text:080003E6
.text:080003E7
.text:080003E7 ; =============== S U B R O U T I N E =======================================
.text:080003E7
.text:080003E7 ; Attributes: bp-based frame
.text:080003E7
.text:080003E7 is_reg_class    proc near
.text:080003E7
.text:080003E7 class           = dword ptr  8
.text:080003E7 class_h         = dword ptr  0Ch
.text:080003E7 reg             = dword ptr  10h
.text:080003E7 reg_h           = dword ptr  14h
.text:080003E7
.text:080003E7                 push    ebp
.text:080003E8                 mov     ebp, esp        ; static inline bool is_reg_class(opflags_t class, opflags_t reg)
.text:080003EA                 sub     esp, 0
.text:080003F0                 nop
.text:080003F1                 mov     eax, [ebp+reg_h] ; if (reg >= EXPR_REG_START && reg <= EXPR_REG_END)
.text:080003F4                 cmp     eax, 0
.text:080003F7                 jb      ircl_3
.text:080003FD                 jnz     ircl_1
.text:08000403                 mov     eax, [ebp+reg]
.text:08000406                 cmp     eax, 1
.text:08000409                 jb      ircl_3
.text:0800040F
.text:0800040F ircl_1:                                 ; ...
.text:0800040F                 mov     eax, [ebp+reg_h]
.text:08000412                 cmp     eax, 0
.text:08000415                 ja      ircl_3
.text:0800041B                 jnz     ircl_2
.text:08000421                 mov     eax, [ebp+reg]
.text:08000424                 cmp     eax, 0F0h
.text:0800042A                 ja      ircl_3
.text:08000430
.text:08000430 ircl_2:                                 ; ...
.text:08000430                 mov     eax, [ebp+reg]  ; return is_class(class, nasm_reg_flags[reg]);
.text:08000433                 shl     eax, 3
.text:08000436                 mov     ecx, offset nasm_reg_flags
.text:0800043B                 add     ecx, eax
.text:0800043D                 mov     eax, [ecx]
.text:0800043F                 add     ecx, 4
.text:08000442                 mov     edx, [ecx]
.text:08000444                 push    edx
.text:08000445                 push    eax
.text:08000446                 mov     eax, [ebp+class]
.text:08000449                 mov     ecx, [ebp+class_h]
.text:0800044C                 push    ecx
.text:0800044D                 push    eax
.text:0800044E                 call    is_class
.text:08000453                 add     esp, 16
.text:08000456                 jmp     ircl_4
.text:0800045B ; ---------------------------------------------------------------------------
.text:0800045B
.text:0800045B ircl_3:                                 ; ...
.text:0800045B                 mov     eax, 0          ; return false;
.text:08000460
.text:08000460 ircl_4:                                 ; ...
.text:08000460                 leave
.text:08000461                 retn
.text:08000461 is_reg_class    endp
.text:08000461
.text:08000462
.text:08000462 ; =============== S U B R O U T I N E =======================================
.text:08000462
.text:08000462 ; Attributes: bp-based frame
.text:08000462
.text:08000462 nasm_skip_identifier proc near
.text:08000462
.text:08000462 p               = dword ptr -4
.text:08000462 str             = dword ptr  8
.text:08000462
.text:08000462                 push    ebp             ; static inline char *nasm_skip_identifier(const char *str)
.text:08000463                 mov     ebp, esp
.text:08000465                 sub     esp, 4
.text:0800046B                 nop
.text:0800046C                 mov     eax, [ebp+str]
.text:0800046F                 mov     [ebp+p], eax
.text:08000472                 mov     eax, [ebp+p]    ; #define isidstart(c) (nasm_isalpha(c)   ||  \
.text:08000472                                         ;                       (c) == '_'        ||  \
.text:08000472                                         ;                       (c) == '.'        ||  \
.text:08000472                                         ;                       (c) == '?'        ||  \
.text:08000472                                         ;                       (c) == '@')
.text:08000475                 mov     ecx, eax
.text:08000477                 inc     eax
.text:08000478                 mov     [ebp+p], eax    ; const char *p = str;
.text:0800047B                 movsx   eax, byte ptr [ecx] ; if (!isidstart(*p++)) {
.text:0800047E                 and     eax, 0FFh
.text:08000484                 push    eax
.text:08000485                 call    isalpha
.text:0800048A                 add     esp, 4
.text:0800048D                 cmp     eax, 0
.text:08000490                 jnz     nsi_1
.text:08000496                 mov     eax, [ebp+p]
.text:08000499                 mov     ecx, eax
.text:0800049B                 inc     eax
.text:0800049C                 mov     [ebp+p], eax
.text:0800049F                 movsx   eax, byte ptr [ecx]
.text:080004A2                 cmp     eax, '_'
.text:080004A5                 jz      nsi_1
.text:080004AB                 mov     eax, [ebp+p]
.text:080004AE                 mov     ecx, eax
.text:080004B0                 inc     eax
.text:080004B1                 mov     [ebp+p], eax
.text:080004B4                 movsx   eax, byte ptr [ecx]
.text:080004B7                 cmp     eax, '.'
.text:080004BA                 jz      nsi_1
.text:080004C0                 mov     eax, [ebp+p]
.text:080004C3                 mov     ecx, eax
.text:080004C5                 inc     eax
.text:080004C6                 mov     [ebp+p], eax
.text:080004C9                 movsx   eax, byte ptr [ecx]
.text:080004CC                 cmp     eax, '?'
.text:080004CF                 jz      nsi_1
.text:080004D5                 mov     eax, [ebp+p]
.text:080004D8                 mov     ecx, eax
.text:080004DA                 inc     eax
.text:080004DB                 mov     [ebp+p], eax
.text:080004DE                 movsx   eax, byte ptr [ecx]
.text:080004E1                 cmp     eax, '@'
.text:080004E4                 jz      nsi_1
.text:080004EA                 jmp     nsi_2
.text:080004EF ; ---------------------------------------------------------------------------
.text:080004EF
.text:080004EF nsi_1:                                  ; ...
.text:080004EF                 jmp     nsi_3           ; } else {
.text:080004F4 ; ---------------------------------------------------------------------------
.text:080004F4
.text:080004F4 nsi_2:                                  ; ...
.text:080004F4                 mov     eax, 0
.text:080004F9                 mov     [ebp+p], eax    ; p = NULL;
.text:080004FC                 jmp     nsi_5
.text:08000501 ; ---------------------------------------------------------------------------
.text:08000501
.text:08000501 nsi_3:                                  ; ...
.text:08000501                 mov     eax, [ebp+p]    ; while (isidchar(*p++))
.text:08000504                 mov     ecx, eax
.text:08000506                 inc     eax
.text:08000507                 mov     [ebp+p], eax
.text:0800050A                 movsx   eax, byte ptr [ecx]
.text:0800050D                 and     eax, 0FFh
.text:08000513                 push    eax
.text:08000514                 call    isalpha
.text:08000519                 add     esp, 4
.text:0800051C                 cmp     eax, 0
.text:0800051F                 jnz     nsi_4
.text:08000525                 mov     eax, [ebp+p]
.text:08000528                 mov     ecx, eax
.text:0800052A                 inc     eax
.text:0800052B                 mov     [ebp+p], eax    ; #define isidchar(c) (isidstart(c)       ||  \
.text:0800052B                                         ;                      nasm_isdigit(c)    ||  \
.text:0800052B                                         ;                      (c) == '$'         ||  \
.text:0800052B                                         ;                      (c) == '#'         ||  \
.text:0800052B                                         ;                      (c) == '~')
.text:0800052E                 movsx   eax, byte ptr [ecx]
.text:08000531                 cmp     eax, '_'
.text:08000534                 jz      nsi_4
.text:0800053A                 mov     eax, [ebp+p]
.text:0800053D                 mov     ecx, eax
.text:0800053F                 inc     eax
.text:08000540                 mov     [ebp+p], eax
.text:08000543                 movsx   eax, byte ptr [ecx]
.text:08000546                 cmp     eax, '.'
.text:08000549                 jz      nsi_4
.text:0800054F                 mov     eax, [ebp+p]
.text:08000552                 mov     ecx, eax
.text:08000554                 inc     eax
.text:08000555                 mov     [ebp+p], eax
.text:08000558                 movsx   eax, byte ptr [ecx]
.text:0800055B                 cmp     eax, '?'
.text:0800055E                 jz      nsi_4
.text:08000564                 mov     eax, [ebp+p]
.text:08000567                 mov     ecx, eax
.text:08000569                 inc     eax
.text:0800056A                 mov     [ebp+p], eax
.text:0800056D                 movsx   eax, byte ptr [ecx]
.text:08000570                 cmp     eax, '@'
.text:08000573                 jz      nsi_4
.text:08000579                 mov     eax, [ebp+p]
.text:0800057C                 mov     ecx, eax
.text:0800057E                 inc     eax
.text:0800057F                 mov     [ebp+p], eax
.text:08000582                 movsx   eax, byte ptr [ecx]
.text:08000585                 and     eax, 0FFh
.text:0800058B                 push    eax
.text:0800058C                 call    isdigit
.text:08000591                 add     esp, 4
.text:08000594                 cmp     eax, 0
.text:08000597                 jnz     nsi_4
.text:0800059D                 mov     eax, [ebp+p]
.text:080005A0                 mov     ecx, eax
.text:080005A2                 inc     eax
.text:080005A3                 mov     [ebp+p], eax
.text:080005A6                 movsx   eax, byte ptr [ecx]
.text:080005A9                 cmp     eax, '$'
.text:080005AC                 jz      nsi_4
.text:080005B2                 mov     eax, [ebp+p]
.text:080005B5                 mov     ecx, eax
.text:080005B7                 inc     eax
.text:080005B8                 mov     [ebp+p], eax
.text:080005BB                 movsx   eax, byte ptr [ecx]
.text:080005BE                 cmp     eax, '#'
.text:080005C1                 jz      nsi_4
.text:080005C7                 mov     eax, [ebp+p]
.text:080005CA                 mov     ecx, eax
.text:080005CC                 inc     eax
.text:080005CD                 mov     [ebp+p], eax
.text:080005D0                 movsx   eax, byte ptr [ecx]
.text:080005D3                 cmp     eax, '~'
.text:080005D6                 jz      nsi_4
.text:080005DC                 jmp     nsi_5
.text:080005E1 ; ---------------------------------------------------------------------------
.text:080005E1
.text:080005E1 nsi_4:                                  ; ...
.text:080005E1                 jmp     nsi_3           ; while (isidchar(*p++))
.text:080005E6 ; ---------------------------------------------------------------------------
.text:080005E6
.text:080005E6 nsi_5:                                  ; ...
.text:080005E6                 mov     eax, [ebp+p]    ; return (char *)p;
.text:080005E9                 leave
.text:080005EA                 retn
.text:080005EA nasm_skip_identifier endp
.text:080005EA
.text:080005EB
.text:080005EB ; =============== S U B R O U T I N E =======================================
.text:080005EB
.text:080005EB ; Attributes: bp-based frame
.text:080005EB
.text:080005EB is_register     proc near
.text:080005EB
.text:080005EB reg             = dword ptr  8
.text:080005EB
.text:080005EB                 push    ebp             ; static inline bool is_register(int reg)
.text:080005EC                 mov     ebp, esp
.text:080005EE                 sub     esp, 0
.text:080005F4                 nop
.text:080005F5                 mov     eax, [ebp+reg]
.text:080005F8                 cmp     eax, 1
.text:080005FB                 jl      ir_1
.text:08000601                 mov     eax, [ebp+reg]  ; return reg >= EXPR_REG_START && reg < REG_ENUM_LIMIT;
.text:08000604                 cmp     eax, 241
.text:0800060A                 jge     ir_1
.text:08000610                 mov     eax, 1          ; true
.text:08000615                 jmp     short ir_2
.text:08000617 ; ---------------------------------------------------------------------------
.text:08000617
.text:08000617 ir_1:                                   ; ...
.text:08000617                 mov     eax, 0          ; false
.text:0800061C
.text:0800061C ir_2:                                   ; ...
.text:0800061C                 leave
.text:0800061D                 retn
.text:0800061D is_register     endp
.text:0800061D
.text:0800061E
.text:0800061E ; =============== S U B R O U T I N E =======================================
.text:0800061E
.text:0800061E ; Attributes: bp-based frame
.text:0800061E
.text:0800061E get_cond_opcode proc near
.text:0800061E
.text:0800061E c               = dword ptr  8
.text:0800061E
.text:0800061E                 push    ebp
.text:0800061F                 mov     ebp, esp        ; static inline uint8_t get_cond_opcode(enum ccode c)
.text:08000621                 sub     esp, 0
.text:08000627                 nop
.text:08000628                 mov     eax, [ebp+c]
.text:0800062B                 mov     ecx, offset ccode_opcodes
.text:08000630                 add     ecx, eax
.text:08000632                 movzx   eax, byte ptr [ecx] ; return ccode_opcodes[(int)c];
.text:08000635                 leave
.text:08000636                 retn
.text:08000636 get_cond_opcode endp
.text:08000636
.text:08000637
.text:08000637 ; =============== S U B R O U T I N E =======================================
.text:08000637
.text:08000637 ; Attributes: bp-based frame
.text:08000637
.text:08000637                 public get_disp8N
.text:08000637 get_disp8N      proc near               ; ...
.text:08000637
.text:08000637 tmp3            = dword ptr -20h
.text:08000637 tmp2            = dword ptr -1Ch
.text:08000637 tmp1            = dword ptr -18h
.text:08000637 n               = byte ptr -11h
.text:08000637 evex_w          = dword ptr -10h
.text:08000637 vectlen         = dword ptr -0Ch
.text:08000637 tuple           = dword ptr -8
.text:08000637 evex_b          = dword ptr -4
.text:08000637 ins             = dword ptr  8
.text:08000637
.text:08000637                 push    ebp             ; Find N value for compressed displacement (disp8 * N)
.text:08000638                 mov     ebp, esp        ; uint8_t get_disp8N(insn *ins)
.text:0800063A                 sub     esp, 32
.text:08000640                 nop                     ; VLMAX = 3
.text:08000641                 mov     eax, [ebp+ins]  ; static const uint8_t fv_n[2][2][VLMAX] = {{{16, 32, 64}, {4, 4, 4}},
.text:08000641                                         ;                                           {{16, 32, 64}, {8, 8, 8}}};
.text:08000644                 add     eax, 404        ; bool evex_b = (ins->evex_p[2] & EVEX_P2B) >> 4;
.text:0800064A                 add     eax, 2
.text:0800064D                 movzx   ecx, byte ptr [eax]
.text:08000650                 and     ecx, 10h        ; #define EVEX_P2B 0x10
.text:08000653                 sar     ecx, 4
.text:08000656                 mov     [ebp+evex_b], ecx ; true (1) or false (0)
.text:08000659                 mov     eax, [ebp+ins]
.text:0800065C                 add     eax, 408        ; enum ttypes evex_tuple;
.text:08000662                 mov     ecx, [eax]
.text:08000664                 mov     [ebp+tuple], ecx ; enum ttypes tuple = ins->evex_tuple;
.text:08000667                 mov     eax, [ebp+ins]
.text:0800066A                 add     eax, 404        ; uint8_t evex_p[3];
.text:08000670                 add     eax, 2          ; ins->evex_p[2]
.text:08000673                 movzx   ecx, byte ptr [eax]
.text:08000676                 and     ecx, 60h        ; #define EVEX_P2LL 0x60
.text:08000679                 sar     ecx, 5
.text:0800067C                 mov     [ebp+vectlen], ecx ; enum vectlens vectlen = (ins->evex_p[2] & EVEX_P2LL) >> 5;
.text:0800067F                 mov     eax, [ebp+ins]
.text:08000682                 add     eax, 404        ; uint8_t evex_p[3];
.text:08000688                 inc     eax             ; ins->evex_p[1]
.text:08000689                 movzx   ecx, byte ptr [eax]
.text:0800068C                 and     ecx, 80h        ; #define EVEX_P1W 0x80
.text:08000692                 sar     ecx, 7
.text:08000695                 mov     [ebp+evex_w], ecx ; bool evex_w = (ins->evex_p[1] & EVEX_P1W) >> 7;
.text:08000698                 mov     eax, 0
.text:0800069D                 mov     [ebp+n], al     ; uint8_t n = 0;
.text:080006A0                 jmp     gd8n_20         ; switch(tuple) {
.text:080006A5 ; ---------------------------------------------------------------------------
.text:080006A5
.text:080006A5 gd8n_1:                                 ; ...
.text:080006A5                 mov     eax, [ebp+evex_w] ; n = fv_n[evex_w][evex_b][vectlen];
.text:080006A8                 mov     ecx, 6
.text:080006AD                 imul    eax, ecx
.text:080006B0                 mov     ecx, offset fv_n
.text:080006B5                 add     ecx, eax
.text:080006B7                 mov     eax, [ebp+evex_b]
.text:080006BA                 mov     edx, 3
.text:080006BF                 imul    eax, edx
.text:080006C2                 add     ecx, eax
.text:080006C4                 mov     eax, [ebp+vectlen]
.text:080006C7                 add     ecx, eax
.text:080006C9                 movzx   eax, byte ptr [ecx]
.text:080006CC                 mov     [ebp+n], al
.text:080006CF                 jmp     gd8n_24         ; break;
.text:080006D4 ; ---------------------------------------------------------------------------
.text:080006D4
.text:080006D4 gd8n_2:                                 ; ...
.text:080006D4                 mov     eax, [ebp+evex_b] ; n = hv_n[evex_b][vectlen];
.text:080006D7                 mov     ecx, 3
.text:080006DC                 imul    eax, ecx
.text:080006DF                 mov     ecx, offset hv_n ; static const uint8_t hv_n[2][VLMAX] = {{8, 16, 32}, {4, 4, 4}};
.text:080006E4                 add     ecx, eax
.text:080006E6                 mov     eax, [ebp+vectlen]
.text:080006E9                 add     ecx, eax
.text:080006EB                 movzx   eax, byte ptr [ecx]
.text:080006EE                 mov     [ebp+n], al
.text:080006F1                 jmp     gd8n_24
.text:080006F6 ; ---------------------------------------------------------------------------
.text:080006F6
.text:080006F6 gd8n_3:                                 ; ...
.text:080006F6                 mov     eax, [ebp+vectlen] ; /* 16, 32, 64 for VL 128, 256, 512 respectively*/
.text:080006F9                 add     eax, 4          ; n = 1 << (vectlen + 4);
.text:080006FC                 mov     ecx, 1
.text:08000701                 mov     [ebp+tmp1], ecx
.text:08000704                 mov     ecx, eax
.text:08000706                 mov     eax, [ebp+tmp1]
.text:08000709                 shl     eax, cl
.text:0800070B                 mov     [ebp+n], al
.text:0800070E                 jmp     gd8n_24
.text:08000713 ; ---------------------------------------------------------------------------
.text:08000713
.text:08000713 gd8n_4:                                 ; ...
.text:08000713                 mov     eax, [ebp+tuple] ; n = tuple - T1S8 + 1;
.text:08000716                 sub     eax, 4
.text:08000719                 inc     eax
.text:0800071A                 mov     [ebp+n], al
.text:0800071D                 jmp     gd8n_24
.text:08000722 ; ---------------------------------------------------------------------------
.text:08000722
.text:08000722 gd8n_5:                                 ; ...
.text:08000722                 mov     eax, [ebp+evex_w] ; case T1S:
.text:08000725                 cmp     eax, 0          ; /* N = 4 for 32bit, 8 for 64bit */
.text:08000728                 jz      gd8n_6          ; n = evex_w ? 8 : 4;
.text:0800072E                 jmp     gd8n_7
.text:08000733 ; ---------------------------------------------------------------------------
.text:08000733
.text:08000733 gd8n_6:                                 ; ...
.text:08000733                 mov     eax, 4
.text:08000738                 jmp     gd8n_8
.text:0800073D ; ---------------------------------------------------------------------------
.text:0800073D
.text:0800073D gd8n_7:                                 ; ...
.text:0800073D                 mov     eax, 8
.text:08000742
.text:08000742 gd8n_8:                                 ; ...
.text:08000742                 mov     [ebp+n], al
.text:08000745                 jmp     gd8n_24
.text:0800074A ; ---------------------------------------------------------------------------
.text:0800074A
.text:0800074A gd8n_9:                                 ; ...
.text:0800074A                 mov     eax, [ebp+tuple] ;  /* N = 4 for 32bit, 8 for 64bit */
.text:0800074D                 cmp     eax, 7          ; n = (tuple == T1F32 ? 4 : 8);
.text:08000750                 mov     eax, 0
.text:08000755                 setz    al
.text:08000758                 cmp     eax, 0
.text:0800075B                 jz      gd8n_10
.text:08000761                 jmp     gd8n_11
.text:08000766 ; ---------------------------------------------------------------------------
.text:08000766
.text:08000766 gd8n_10:                                ; ...
.text:08000766                 mov     eax, 8
.text:0800076B                 jmp     gd8n_12
.text:08000770 ; ---------------------------------------------------------------------------
.text:08000770
.text:08000770 gd8n_11:                                ; ...
.text:08000770                 mov     eax, 4
.text:08000775
.text:08000775 gd8n_12:                                ; ...
.text:08000775                 mov     [ebp+n], al
.text:08000778                 jmp     gd8n_24
.text:0800077D ; ---------------------------------------------------------------------------
.text:0800077D
.text:0800077D gd8n_13:                                ; ...
.text:0800077D                 mov     eax, [ebp+vectlen] ; case T2:
.text:0800077D                                         ; case T4:
.text:0800077D                                         ; case T8:
.text:08000780                 add     eax, 7
.text:08000783                 mov     ecx, [ebp+evex_w] ; if (vectlen + 7 <= (evex_w + 5) + (tuple - T2 + 1))
.text:08000786                 add     ecx, 5
.text:08000789                 mov     edx, [ebp+tuple]
.text:0800078C                 sub     edx, 9
.text:0800078F                 inc     edx
.text:08000790                 add     ecx, edx
.text:08000792                 cmp     eax, ecx
.text:08000794                 ja      gd8n_14
.text:0800079A                 mov     eax, 0
.text:0800079F                 mov     [ebp+n], al     ; n = 0;
.text:080007A2                 jmp     gd8n_15
.text:080007A7 ; ---------------------------------------------------------------------------
.text:080007A7
.text:080007A7 gd8n_14:                                ; ...
.text:080007A7                 mov     eax, [ebp+tuple]
.text:080007AA                 sub     eax, 9
.text:080007AD                 mov     ecx, [ebp+evex_w]
.text:080007B0                 add     eax, ecx
.text:080007B2                 add     eax, 3
.text:080007B5                 mov     ecx, 1
.text:080007BA                 mov     [ebp+tmp2], ecx
.text:080007BD                 mov     ecx, eax
.text:080007BF                 mov     eax, [ebp+tmp2]
.text:080007C2                 shl     eax, cl
.text:080007C4                 mov     [ebp+n], al     ; n = 1 << (tuple - T2 + evex_w + 3);
.text:080007C7
.text:080007C7 gd8n_15:                                ; ...
.text:080007C7                 jmp     gd8n_24
.text:080007CC ; ---------------------------------------------------------------------------
.text:080007CC
.text:080007CC gd8n_16:                                ; ...
.text:080007CC                 mov     eax, 14         ; OVM = 14
.text:080007D1                 mov     ecx, [ebp+tuple] ; case HVM:
.text:080007D1                                         ; case QVM:
.text:080007D1                                         ; case OVM:
.text:080007D4                 sub     eax, ecx
.text:080007D6                 mov     ecx, [ebp+vectlen]
.text:080007D9                 add     eax, ecx
.text:080007DB                 inc     eax
.text:080007DC                 mov     ecx, 1
.text:080007E1                 mov     [ebp+tmp3], ecx
.text:080007E4                 mov     ecx, eax
.text:080007E6                 mov     eax, [ebp+tmp3]
.text:080007E9                 shl     eax, cl
.text:080007EB                 mov     [ebp+n], al     ; n = 1 << (OVM - tuple + vectlen + 1);
.text:080007EE                 jmp     gd8n_24
.text:080007F3 ; ---------------------------------------------------------------------------
.text:080007F3
.text:080007F3 gd8n_17:                                ; ...
.text:080007F3                 mov     eax, 16         ; case M128:
.text:080007F8                 mov     [ebp+n], al     ; n = 16;
.text:080007FB                 jmp     gd8n_24         ; break;
.text:08000800 ; ---------------------------------------------------------------------------
.text:08000800
.text:08000800 gd8n_18:                                ; ...
.text:08000800                 mov     eax, [ebp+vectlen] ; case DUP:
.text:08000803                 mov     ecx, offset dup_n ; static const uint8_t dup_n[VLMAX] = {8, 32, 64};
.text:08000808                 add     ecx, eax
.text:0800080A                 movzx   eax, byte ptr [ecx]
.text:0800080D                 mov     [ebp+n], al     ; n = dup_n[vectlen];
.text:08000810                 jmp     gd8n_24
.text:08000815 ; ---------------------------------------------------------------------------
.text:08000815
.text:08000815 gd8n_19:                                ; ...
.text:08000815                 jmp     gd8n_24         ; case default:
.text:0800081A ; ---------------------------------------------------------------------------
.text:0800081A                 jmp     gd8n_24         ; break;
.text:0800081F ; ---------------------------------------------------------------------------
.text:0800081F
.text:0800081F gd8n_20:                                ; ...
.text:0800081F                 mov     eax, [ebp+tuple] ; switch(tuple) {
.text:08000822                 cmp     eax, 9
.text:08000825                 ja      gd8n_22
.text:0800082B                 cmp     eax, 9          ; case T2:
.text:0800082E                 jnb     gd8n_13
.text:08000834                 cmp     eax, 5
.text:08000837                 ja      gd8n_21
.text:0800083D                 cmp     eax, 5          ; case T1S16: /* N = 2 */
.text:08000840                 jnb     gd8n_4
.text:08000846                 cmp     eax, 1          ; case FV:
.text:08000849                 jz      gd8n_1
.text:0800084F                 cmp     eax, 2          ; case HV:
.text:08000852                 jz      gd8n_2
.text:08000858                 cmp     eax, 3          ; case FVM:
.text:0800085B                 jz      gd8n_3
.text:08000861                 cmp     eax, 4          ; case T1S8:  /* N = 1 */
.text:08000864                 jz      gd8n_4
.text:0800086A                 jmp     short gd8n_19
.text:0800086C ; ---------------------------------------------------------------------------
.text:0800086C
.text:0800086C gd8n_21:                                ; ...
.text:0800086C                 cmp     eax, 6          ; case T1S:
.text:0800086F                 jz      gd8n_5
.text:08000875                 cmp     eax, 7          ; case T1F32:
.text:08000878                 jz      gd8n_9
.text:0800087E                 cmp     eax, 8          ; case T1F64:
.text:08000881                 jz      gd8n_9
.text:08000887                 jmp     short gd8n_19
.text:08000889 ; ---------------------------------------------------------------------------
.text:08000889
.text:08000889 gd8n_22:                                ; ...
.text:08000889                 cmp     eax, 13
.text:0800088C                 ja      gd8n_23
.text:08000892                 cmp     eax, 13         ; case QVM:
.text:08000895                 jnb     gd8n_16
.text:0800089B                 cmp     eax, 10
.text:0800089E                 jz      gd8n_13
.text:080008A4                 cmp     eax, 11
.text:080008A7                 jz      gd8n_13
.text:080008AD                 cmp     eax, 12         ; case HVM:
.text:080008B0                 jz      gd8n_16
.text:080008B6                 jmp     gd8n_19         ; case default:
.text:080008BB ; ---------------------------------------------------------------------------
.text:080008BB
.text:080008BB gd8n_23:                                ; ...
.text:080008BB                 cmp     eax, 14         ; case OVM:
.text:080008BE                 jz      gd8n_16
.text:080008C4                 cmp     eax, 15         ; case M128:
.text:080008C7                 jz      gd8n_17
.text:080008CD                 cmp     eax, 16         ; case DUP:
.text:080008D0                 jz      gd8n_18
.text:080008D6                 jmp     gd8n_19
.text:080008DB ; ---------------------------------------------------------------------------
.text:080008DB
.text:080008DB gd8n_24:                                ; ...
.text:080008DB                 movzx   eax, [ebp+n]
.text:080008DF                 leave
.text:080008E0                 retn
.text:080008E0 get_disp8N      endp
.text:080008E0
.text:080008E1
.text:080008E1 ; =============== S U B R O U T I N E =======================================
.text:080008E1
.text:080008E1 ; Attributes: bp-based frame
.text:080008E1
.text:080008E1                 public is_disp8n
.text:080008E1 is_disp8n       proc near
.text:080008E1
.text:080008E1 disp8           = dword ptr -0Ch
.text:080008E1 n               = byte ptr -5
.text:080008E1 off             = dword ptr -4
.text:080008E1 input           = dword ptr  8
.text:080008E1 ins             = dword ptr  0Ch
.text:080008E1 compdisp        = dword ptr  10h
.text:080008E1
.text:080008E1                 push    ebp             ; /* Check if offset is a multiple of N with corresponding tuple type
.text:080008E1                                         ;  * if Disp8*N is available, compressed displacement is stored in compdisp */
.text:080008E2                 mov     ebp, esp        ; bool is_disp8n(operand *input, insn *ins, int8_t *compdisp)
.text:080008E4                 sub     esp, 12
.text:080008EA                 nop
.text:080008EB                 mov     eax, [ebp+input]
.text:080008EE                 add     eax, 40         ; int64_t offset;
.text:080008F1                 mov     ecx, [eax]
.text:080008F3                 add     eax, 4
.text:080008F6                 mov     edx, [eax]
.text:080008F8                 mov     [ebp+off], ecx  ; int32_t off = input->offset;
.text:080008FB                 mov     eax, [ebp+ins]
.text:080008FE                 push    eax
.text:080008FF                 call    get_disp8N
.text:08000904                 movzx   eax, al
.text:08000907                 add     esp, 4
.text:0800090A                 mov     [ebp+n], al     ; n = get_disp8N(ins);
.text:0800090D                 movzx   eax, [ebp+n]
.text:08000911                 cmp     eax, 0          ; if (n && !(off & (n - 1))) {
.text:08000914                 jz      id8n_2
.text:0800091A                 movzx   eax, [ebp+n]
.text:0800091E                 dec     eax
.text:0800091F                 mov     ecx, [ebp+off]
.text:08000922                 and     ecx, eax
.text:08000924                 cmp     ecx, 0
.text:08000927                 jz      id8n_1
.text:0800092D                 jmp     id8n_2
.text:08000932 ; ---------------------------------------------------------------------------
.text:08000932
.text:08000932 id8n_1:                                 ; ...
.text:08000932                 mov     eax, [ebp+off]
.text:08000935                 movzx   ecx, [ebp+n]
.text:08000939                 cdq
.text:0800093A                 idiv    ecx
.text:0800093C                 mov     [ebp+disp8], eax ; disp8 = off / n;
.text:0800093F                 mov     eax, [ebp+disp8] ; /* if it fits in Disp8 */
.text:08000942                 cmp     eax, -128       ; if (disp8 >= -128 && disp8 <= 127) {
.text:08000945                 jl      id8n_2
.text:0800094B                 mov     eax, [ebp+disp8]
.text:0800094E                 cmp     eax, 127
.text:08000951                 jg      id8n_2
.text:08000957                 mov     eax, [ebp+compdisp]
.text:0800095A                 movsx   ecx, byte ptr [ebp+disp8]
.text:0800095E                 mov     [eax], cl       ; *compdisp = disp8;
.text:08000960                 mov     eax, 1          ; return true;
.text:08000965                 jmp     id8n_3
.text:0800096A ; ---------------------------------------------------------------------------
.text:0800096A
.text:0800096A id8n_2:                                 ; ...
.text:0800096A                 mov     eax, [ebp+compdisp]
.text:0800096D                 mov     ecx, 0
.text:08000972                 mov     [eax], cl       ; *compdisp = 0;
.text:08000974                 mov     eax, 0          ; return false;
.text:08000979
.text:08000979 id8n_3:                                 ; ...
.text:08000979                 leave
.text:0800097A                 retn
.text:0800097A is_disp8n       endp
.text:0800097A
.text:0800097A _text           ends
.text:0800097A
.data:0800097C ; ===========================================================================
.data:0800097C
.data:0800097C ; Segment type: Pure data
.data:0800097C ; Segment permissions: Read/Write
.data:0800097C _data           segment dword public 'DATA' use32
.data:0800097C                 assume cs:_data
.data:0800097C                 ;org 800097Ch
.data:0800097C ccode_opcodes   db 7, 3, 2, 6, 2, 4, 15, 13, 12, 14, 6, 2 ; ...
.data:0800097C                 db 3, 7, 3, 5, 14, 12, 13, 15, 1, 11, 9, 5
.data:0800097C                 db 0, 10, 10, 11, 8, 4
.data:0800099A fv_n            db 16, 32, 64           ; ...
.data:0800099A                 db 4, 4, 4
.data:0800099A                 db 16, 32, 64
.data:0800099A                 db 8, 8, 8
.data:080009A6 hv_n            db 8, 16, 32            ; ...
.data:080009A6                 db 4, 4, 4
.data:080009AC dup_n           db 8, 32, 64            ; ...
.data:080009AC _data           ends
.data:080009AC
.bss:080009B0 ; ===========================================================================
.bss:080009B0
.bss:080009B0 ; Segment type: Zero-length
.bss:080009B0 ; Segment permissions: Read/Write
.bss:080009B0 _bss            segment dword public 'BSS' use32
.bss:080009B0 _bss            ends
.bss:080009B0
extern:080009B4 ; ===========================================================================
extern:080009B4
extern:080009B4 ; Segment type: Externs
extern:080009B4 ; extern
extern:080009B4                 extrn __ashldi3:near    ; ...
extern:080009B8                 extrn directive_hash    ; ...
extern:080009BC                 extrn perfhash_find:near ; ...
extern:080009C0                 extrn directive_tbl     ; ...
extern:080009C4                 extrn invalid_enum_str:near ; ...
extern:080009C8                 extrn nasm_reg_flags    ; ...
extern:080009CC                 extrn isalpha:near      ; ...
extern:080009D0                 extrn isdigit:near      ; ...
extern:080009D0
extern:080009D0
extern:080009D0                 end
