.text:08000000 ;
.text:08000000 ; +-------------------------------------------------------------------------+
.text:08000000 ; |   This file has been generated by The Interactive Disassembler (IDA)    |
.text:08000000 ; |           Copyright (c) 2018 Hex-Rays, <support@hex-rays.com>           |
.text:08000000 ; |                            Freeware version                             |
.text:08000000 ; +-------------------------------------------------------------------------+
.text:08000000 ;
.text:08000000 ; Input SHA256 : BB9F70B63B43937819CD53F0262742527861A9C05D1E36C3B85DFF6319BEC2D9
.text:08000000 ; Input MD5    : D1C678FD886D6E3550E9D9C770171E03
.text:08000000 ; Input CRC32  : C07078A3
.text:08000000
.text:08000000 ; File Name   : C:\Users\90542\OneDrive\Masaüstü\file_tcc.o
.text:08000000 ; Format      : ELF for Intel 386 (Relocatable)
.text:08000000 ;
.text:08000000 ; Source File : 'file.c'
.text:08000000
.text:08000000                 .686p
.text:08000000                 .mmx
.text:08000000                 .model flat
.text:08000000 .intel_syntax noprefix
.text:08000000
.text:08000000 ; ===========================================================================
.text:08000000
.text:08000000 ; Segment type: Pure code
.text:08000000 ; Segment permissions: Read/Execute
.text:08000000 ; Segment alignment '32byte' can not be represented in assembly
.text:08000000 _text           segment para public 'CODE' use32
.text:08000000                 assume cs:_text
.text:08000000                 ;org 8000000h
.text:08000000                 assume es:nothing, ss:nothing, ds:_data, fs:nothing, gs:nothing
.text:08000000
.text:08000000 ; =============== S U B R O U T I N E =======================================
.text:08000000
.text:08000000 ; Attributes: bp-based frame
.text:08000000
.text:08000000                 public vsnprintf
.text:08000000 vsnprintf       proc near
.text:08000000
.text:08000000 arg_0           = dword ptr  8
.text:08000000 arg_4           = dword ptr  0Ch
.text:08000000 arg_8           = dword ptr  10h
.text:08000000 arg_C           = dword ptr  14h
.text:08000000
.text:08000000                 push    ebp
.text:08000001                 mov     ebp, esp
.text:08000003                 sub     esp, 0
.text:08000009                 nop
.text:0800000A                 mov     eax, [ebp+arg_C]
.text:0800000D                 push    eax
.text:0800000E                 mov     eax, [ebp+arg_8]
.text:08000011                 push    eax
.text:08000012                 mov     eax, [ebp+arg_4]
.text:08000015                 push    eax
.text:08000016                 mov     eax, [ebp+arg_0]
.text:08000019                 push    eax
.text:0800001A                 call    _vsnprintf
.text:0800001F                 add     esp, 10h
.text:08000022                 jmp     $+5
.text:08000027 ; ---------------------------------------------------------------------------
.text:08000027
.text:08000027 locret_8000027:                         ; ...
.text:08000027                 leave
.text:08000028                 retn
.text:08000028 vsnprintf       endp
.text:08000028
.text:08000029
.text:08000029 ; =============== S U B R O U T I N E =======================================
.text:08000029
.text:08000029 ; Attributes: bp-based frame
.text:08000029
.text:08000029                 public vsnwprintf
.text:08000029 vsnwprintf      proc near
.text:08000029
.text:08000029 arg_0           = dword ptr  8
.text:08000029 arg_4           = dword ptr  0Ch
.text:08000029 arg_8           = dword ptr  10h
.text:08000029 arg_C           = dword ptr  14h
.text:08000029
.text:08000029                 push    ebp
.text:0800002A                 mov     ebp, esp
.text:0800002C                 sub     esp, 0
.text:08000032                 nop
.text:08000033                 mov     eax, [ebp+arg_C]
.text:08000036                 push    eax
.text:08000037                 mov     eax, [ebp+arg_8]
.text:0800003A                 push    eax
.text:0800003B                 mov     eax, [ebp+arg_4]
.text:0800003E                 push    eax
.text:0800003F                 mov     eax, [ebp+arg_0]
.text:08000042                 push    eax
.text:08000043                 call    _vsnwprintf
.text:08000048                 add     esp, 10h
.text:0800004B                 jmp     $+5
.text:08000050 ; ---------------------------------------------------------------------------
.text:08000050
.text:08000050 locret_8000050:                         ; ...
.text:08000050                 leave
.text:08000051                 retn
.text:08000051 vsnwprintf      endp
.text:08000051
.text:08000052
.text:08000052 ; =============== S U B R O U T I N E =======================================
.text:08000052
.text:08000052 ; Attributes: bp-based frame
.text:08000052
.text:08000052 overflow_general proc near
.text:08000052
.text:08000052 var_3C          = dword ptr -3Ch
.text:08000052 var_38          = dword ptr -38h
.text:08000052 var_34          = dword ptr -34h
.text:08000052 var_30          = dword ptr -30h
.text:08000052 var_2C          = dword ptr -2Ch
.text:08000052 var_28          = dword ptr -28h
.text:08000052 var_24          = dword ptr -24h
.text:08000052 var_20          = dword ptr -20h
.text:08000052 var_1C          = dword ptr -1Ch
.text:08000052 var_18          = dword ptr -18h
.text:08000052 var_14          = dword ptr -14h
.text:08000052 var_C           = dword ptr -0Ch
.text:08000052 var_4           = dword ptr -4
.text:08000052 arg_0           = dword ptr  8
.text:08000052 arg_8           = dword ptr  10h
.text:08000052
.text:08000052                 push    ebp
.text:08000053                 mov     ebp, esp
.text:08000055                 sub     esp, 3Ch
.text:0800005B                 nop
.text:0800005C                 mov     eax, [ebp+arg_8]
.text:0800005F                 cmp     eax, 8
.text:08000062                 jl      loc_8000072
.text:08000068                 mov     eax, 0
.text:0800006D                 jmp     locret_8000194
.text:08000072 ; ---------------------------------------------------------------------------
.text:08000072
.text:08000072 loc_8000072:                            ; ...
.text:08000072                 mov     eax, [ebp+arg_8]
.text:08000075                 shl     eax, 3
.text:08000078                 sub     eax, 1
.text:0800007B                 mov     [ebp+var_4], eax
.text:0800007E                 mov     eax, [ebp+var_4]
.text:08000081                 push    eax
.text:08000082                 mov     eax, 2
.text:08000087                 mov     ecx, 0
.text:0800008C                 push    ecx
.text:0800008D                 push    eax
.text:0800008E                 call    __shldi3
.text:08000093                 add     esp, 0Ch
.text:08000096                 mov     ecx, 1
.text:0800009B                 mov     [ebp+var_18], eax
.text:0800009E                 mov     eax, 0
.text:080000A3                 mov     [ebp+var_1C], edx
.text:080000A6                 mov     edx, [ebp+var_18]
.text:080000A9                 sub     edx, ecx
.text:080000AB                 mov     ecx, [ebp+var_1C]
.text:080000AE                 sbb     ecx, eax
.text:080000B0                 mov     [ebp+var_C], edx
.text:080000B3                 lea     eax, [ebp+var_C]
.text:080000B6                 add     eax, 4
.text:080000B9                 mov     [eax], ecx
.text:080000BB                 mov     eax, [ebp+var_4]
.text:080000BE                 push    eax
.text:080000BF                 mov     eax, 2
.text:080000C4                 mov     ecx, 0
.text:080000C9                 push    ecx
.text:080000CA                 push    eax
.text:080000CB                 call    __shldi3
.text:080000D0                 add     esp, 0Ch
.text:080000D3                 mov     ecx, 0
.text:080000D8                 mov     [ebp+var_24], eax
.text:080000DB                 mov     [ebp+var_20], edx
.text:080000DE                 mov     eax, 0
.text:080000E3                 mov     [ebp+var_28], ecx
.text:080000E6                 mov     [ebp+var_2C], eax
.text:080000E9                 mov     edx, [ebp+var_24]
.text:080000EC                 lea     eax, [ebp+var_24]
.text:080000EF                 add     eax, 4
.text:080000F2                 mov     ecx, [eax]
.text:080000F4                 mov     eax, [ebp+var_28]
.text:080000F7                 sub     eax, edx
.text:080000F9                 mov     edx, [ebp+var_2C]
.text:080000FC                 sbb     edx, ecx
.text:080000FE                 mov     [ebp+var_14], eax
.text:08000101                 lea     ecx, [ebp+var_14]
.text:08000104                 add     ecx, 4
.text:08000107                 mov     [ecx], edx
.text:08000109                 mov     eax, [ebp+arg_0]
.text:0800010C                 lea     ecx, [ebp+arg_0]
.text:0800010F                 add     ecx, 4
.text:08000112                 mov     edx, [ecx]
.text:08000114                 mov     [ebp+var_30], eax
.text:08000117                 mov     [ebp+var_34], edx
.text:0800011A                 mov     ecx, [ebp+var_14]
.text:0800011D                 lea     eax, [ebp+var_14]
.text:08000120                 add     eax, 4
.text:08000123                 mov     edx, [eax]
.text:08000125                 mov     eax, [ebp+var_34]
.text:08000128                 cmp     eax, edx
.text:0800012A                 jg      loc_8000146
.text:08000130                 jnz     loc_8000141
.text:08000136                 mov     eax, [ebp+var_30]
.text:08000139                 cmp     eax, ecx
.text:0800013B                 jnb     loc_8000146
.text:08000141
.text:08000141 loc_8000141:                            ; ...
.text:08000141                 jmp     loc_800018A
.text:08000146 ; ---------------------------------------------------------------------------
.text:08000146
.text:08000146 loc_8000146:                            ; ...
.text:08000146                 mov     eax, [ebp+arg_0]
.text:08000149                 lea     ecx, [ebp+arg_0]
.text:0800014C                 add     ecx, 4
.text:0800014F                 mov     edx, [ecx]
.text:08000151                 mov     [ebp+var_38], eax
.text:08000154                 mov     [ebp+var_3C], edx
.text:08000157                 mov     ecx, [ebp+var_C]
.text:0800015A                 lea     eax, [ebp+var_C]
.text:0800015D                 add     eax, 4
.text:08000160                 mov     edx, [eax]
.text:08000162                 mov     eax, [ebp+var_3C]
.text:08000165                 cmp     eax, edx
.text:08000167                 jl      loc_8000183
.text:0800016D                 jnz     loc_800017E
.text:08000173                 mov     eax, [ebp+var_38]
.text:08000176                 cmp     eax, ecx
.text:08000178                 jbe     loc_8000183
.text:0800017E
.text:0800017E loc_800017E:                            ; ...
.text:0800017E                 jmp     loc_800018A
.text:08000183 ; ---------------------------------------------------------------------------
.text:08000183
.text:08000183 loc_8000183:                            ; ...
.text:08000183                 mov     eax, 0
.text:08000188                 jmp     short loc_800018F
.text:0800018A ; ---------------------------------------------------------------------------
.text:0800018A
.text:0800018A loc_800018A:                            ; ...
.text:0800018A                 mov     eax, 1
.text:0800018F
.text:0800018F loc_800018F:                            ; ...
.text:0800018F                 jmp     $+5
.text:08000194 ; ---------------------------------------------------------------------------
.text:08000194
.text:08000194 locret_8000194:                         ; ...
.text:08000194                 leave
.text:08000195                 retn
.text:08000195 overflow_general endp
.text:08000195
.text:08000196
.text:08000196 ; =============== S U B R O U T I N E =======================================
.text:08000196
.text:08000196 ; Attributes: bp-based frame
.text:08000196
.text:08000196 overflow_signed proc near
.text:08000196
.text:08000196 var_3C          = dword ptr -3Ch
.text:08000196 var_38          = dword ptr -38h
.text:08000196 var_34          = dword ptr -34h
.text:08000196 var_30          = dword ptr -30h
.text:08000196 var_2C          = dword ptr -2Ch
.text:08000196 var_28          = dword ptr -28h
.text:08000196 var_24          = dword ptr -24h
.text:08000196 var_20          = dword ptr -20h
.text:08000196 var_1C          = dword ptr -1Ch
.text:08000196 var_18          = dword ptr -18h
.text:08000196 var_14          = dword ptr -14h
.text:08000196 var_C           = dword ptr -0Ch
.text:08000196 var_4           = dword ptr -4
.text:08000196 arg_0           = dword ptr  8
.text:08000196 arg_8           = dword ptr  10h
.text:08000196
.text:08000196                 push    ebp
.text:08000197                 mov     ebp, esp
.text:08000199                 sub     esp, 3Ch
.text:0800019F                 nop
.text:080001A0                 mov     eax, [ebp+arg_8]
.text:080001A3                 cmp     eax, 8
.text:080001A6                 jl      loc_80001B6
.text:080001AC                 mov     eax, 0
.text:080001B1                 jmp     locret_80002D8
.text:080001B6 ; ---------------------------------------------------------------------------
.text:080001B6
.text:080001B6 loc_80001B6:                            ; ...
.text:080001B6                 mov     eax, [ebp+arg_8]
.text:080001B9                 shl     eax, 3
.text:080001BC                 sub     eax, 1
.text:080001BF                 mov     [ebp+var_4], eax
.text:080001C2                 mov     eax, [ebp+var_4]
.text:080001C5                 push    eax
.text:080001C6                 mov     eax, 1
.text:080001CB                 mov     ecx, 0
.text:080001D0                 push    ecx
.text:080001D1                 push    eax
.text:080001D2                 call    __shldi3
.text:080001D7                 add     esp, 0Ch
.text:080001DA                 mov     ecx, 1
.text:080001DF                 mov     [ebp+var_18], eax
.text:080001E2                 mov     eax, 0
.text:080001E7                 mov     [ebp+var_1C], edx
.text:080001EA                 mov     edx, [ebp+var_18]
.text:080001ED                 sub     edx, ecx
.text:080001EF                 mov     ecx, [ebp+var_1C]
.text:080001F2                 sbb     ecx, eax
.text:080001F4                 mov     [ebp+var_C], edx
.text:080001F7                 lea     eax, [ebp+var_C]
.text:080001FA                 add     eax, 4
.text:080001FD                 mov     [eax], ecx
.text:080001FF                 mov     eax, [ebp+var_4]
.text:08000202                 push    eax
.text:08000203                 mov     eax, 1
.text:08000208                 mov     ecx, 0
.text:0800020D                 push    ecx
.text:0800020E                 push    eax
.text:0800020F                 call    __shldi3
.text:08000214                 add     esp, 0Ch
.text:08000217                 mov     ecx, 0
.text:0800021C                 mov     [ebp+var_24], eax
.text:0800021F                 mov     [ebp+var_20], edx
.text:08000222                 mov     eax, 0
.text:08000227                 mov     [ebp+var_28], ecx
.text:0800022A                 mov     [ebp+var_2C], eax
.text:0800022D                 mov     edx, [ebp+var_24]
.text:08000230                 lea     eax, [ebp+var_24]
.text:08000233                 add     eax, 4
.text:08000236                 mov     ecx, [eax]
.text:08000238                 mov     eax, [ebp+var_28]
.text:0800023B                 sub     eax, edx
.text:0800023D                 mov     edx, [ebp+var_2C]
.text:08000240                 sbb     edx, ecx
.text:08000242                 mov     [ebp+var_14], eax
.text:08000245                 lea     ecx, [ebp+var_14]
.text:08000248                 add     ecx, 4
.text:0800024B                 mov     [ecx], edx
.text:0800024D                 mov     eax, [ebp+arg_0]
.text:08000250                 lea     ecx, [ebp+arg_0]
.text:08000253                 add     ecx, 4
.text:08000256                 mov     edx, [ecx]
.text:08000258                 mov     [ebp+var_30], eax
.text:0800025B                 mov     [ebp+var_34], edx
.text:0800025E                 mov     ecx, [ebp+var_14]
.text:08000261                 lea     eax, [ebp+var_14]
.text:08000264                 add     eax, 4
.text:08000267                 mov     edx, [eax]
.text:08000269                 mov     eax, [ebp+var_34]
.text:0800026C                 cmp     eax, edx
.text:0800026E                 jg      loc_800028A
.text:08000274                 jnz     loc_8000285
.text:0800027A                 mov     eax, [ebp+var_30]
.text:0800027D                 cmp     eax, ecx
.text:0800027F                 jnb     loc_800028A
.text:08000285
.text:08000285 loc_8000285:                            ; ...
.text:08000285                 jmp     loc_80002CE
.text:0800028A ; ---------------------------------------------------------------------------
.text:0800028A
.text:0800028A loc_800028A:                            ; ...
.text:0800028A                 mov     eax, [ebp+arg_0]
.text:0800028D                 lea     ecx, [ebp+arg_0]
.text:08000290                 add     ecx, 4
.text:08000293                 mov     edx, [ecx]
.text:08000295                 mov     [ebp+var_38], eax
.text:08000298                 mov     [ebp+var_3C], edx
.text:0800029B                 mov     ecx, [ebp+var_C]
.text:0800029E                 lea     eax, [ebp+var_C]
.text:080002A1                 add     eax, 4
.text:080002A4                 mov     edx, [eax]
.text:080002A6                 mov     eax, [ebp+var_3C]
.text:080002A9                 cmp     eax, edx
.text:080002AB                 jl      loc_80002C7
.text:080002B1                 jnz     loc_80002C2
.text:080002B7                 mov     eax, [ebp+var_38]
.text:080002BA                 cmp     eax, ecx
.text:080002BC                 jbe     loc_80002C7
.text:080002C2
.text:080002C2 loc_80002C2:                            ; ...
.text:080002C2                 jmp     loc_80002CE
.text:080002C7 ; ---------------------------------------------------------------------------
.text:080002C7
.text:080002C7 loc_80002C7:                            ; ...
.text:080002C7                 mov     eax, 0
.text:080002CC                 jmp     short loc_80002D3
.text:080002CE ; ---------------------------------------------------------------------------
.text:080002CE
.text:080002CE loc_80002CE:                            ; ...
.text:080002CE                 mov     eax, 1
.text:080002D3
.text:080002D3 loc_80002D3:                            ; ...
.text:080002D3                 jmp     $+5
.text:080002D8 ; ---------------------------------------------------------------------------
.text:080002D8
.text:080002D8 locret_80002D8:                         ; ...
.text:080002D8                 leave
.text:080002D9                 retn
.text:080002D9 overflow_signed endp
.text:080002D9
.text:080002DA
.text:080002DA ; =============== S U B R O U T I N E =======================================
.text:080002DA
.text:080002DA ; Attributes: bp-based frame
.text:080002DA
.text:080002DA overflow_unsigned proc near
.text:080002DA
.text:080002DA var_2C          = dword ptr -2Ch
.text:080002DA var_28          = dword ptr -28h
.text:080002DA var_24          = dword ptr -24h
.text:080002DA var_20          = dword ptr -20h
.text:080002DA var_1C          = dword ptr -1Ch
.text:080002DA var_18          = dword ptr -18h
.text:080002DA var_14          = dword ptr -14h
.text:080002DA var_C           = dword ptr -0Ch
.text:080002DA var_4           = dword ptr -4
.text:080002DA arg_0           = dword ptr  8
.text:080002DA arg_8           = dword ptr  10h
.text:080002DA
.text:080002DA                 push    ebp
.text:080002DB                 mov     ebp, esp
.text:080002DD                 sub     esp, 2Ch
.text:080002E3                 nop
.text:080002E4                 mov     eax, [ebp+arg_8]
.text:080002E7                 cmp     eax, 8
.text:080002EA                 jl      loc_80002FA
.text:080002F0                 mov     eax, 0
.text:080002F5                 jmp     locret_80003E3
.text:080002FA ; ---------------------------------------------------------------------------
.text:080002FA
.text:080002FA loc_80002FA:                            ; ...
.text:080002FA                 mov     eax, [ebp+arg_8]
.text:080002FD                 shl     eax, 3
.text:08000300                 sub     eax, 1
.text:08000303                 mov     [ebp+var_4], eax
.text:08000306                 mov     eax, [ebp+var_4]
.text:08000309                 push    eax
.text:0800030A                 mov     eax, 2
.text:0800030F                 mov     ecx, 0
.text:08000314                 push    ecx
.text:08000315                 push    eax
.text:08000316                 call    __shldi3
.text:0800031B                 add     esp, 0Ch
.text:0800031E                 mov     ecx, 1
.text:08000323                 mov     [ebp+var_18], eax
.text:08000326                 mov     eax, 0
.text:0800032B                 mov     [ebp+var_1C], edx
.text:0800032E                 mov     edx, [ebp+var_18]
.text:08000331                 sub     edx, ecx
.text:08000333                 mov     ecx, [ebp+var_1C]
.text:08000336                 sbb     ecx, eax
.text:08000338                 mov     [ebp+var_C], edx
.text:0800033B                 lea     eax, [ebp+var_C]
.text:0800033E                 add     eax, 4
.text:08000341                 mov     [eax], ecx
.text:08000343                 mov     eax, 0
.text:08000348                 mov     ecx, 0
.text:0800034D                 mov     [ebp+var_14], eax
.text:08000350                 lea     edx, [ebp+var_14]
.text:08000353                 add     edx, 4
.text:08000356                 mov     [edx], ecx
.text:08000358                 mov     eax, [ebp+arg_0]
.text:0800035B                 lea     ecx, [ebp+arg_0]
.text:0800035E                 add     ecx, 4
.text:08000361                 mov     edx, [ecx]
.text:08000363                 mov     [ebp+var_20], eax
.text:08000366                 mov     [ebp+var_24], edx
.text:08000369                 mov     ecx, [ebp+var_14]
.text:0800036C                 lea     eax, [ebp+var_14]
.text:0800036F                 add     eax, 4
.text:08000372                 mov     edx, [eax]
.text:08000374                 mov     eax, [ebp+var_24]
.text:08000377                 cmp     eax, edx
.text:08000379                 jg      loc_8000395
.text:0800037F                 jnz     loc_8000390
.text:08000385                 mov     eax, [ebp+var_20]
.text:08000388                 cmp     eax, ecx
.text:0800038A                 jnb     loc_8000395
.text:08000390
.text:08000390 loc_8000390:                            ; ...
.text:08000390                 jmp     loc_80003D9
.text:08000395 ; ---------------------------------------------------------------------------
.text:08000395
.text:08000395 loc_8000395:                            ; ...
.text:08000395                 mov     eax, [ebp+arg_0]
.text:08000398                 lea     ecx, [ebp+arg_0]
.text:0800039B                 add     ecx, 4
.text:0800039E                 mov     edx, [ecx]
.text:080003A0                 mov     [ebp+var_28], eax
.text:080003A3                 mov     [ebp+var_2C], edx
.text:080003A6                 mov     ecx, [ebp+var_C]
.text:080003A9                 lea     eax, [ebp+var_C]
.text:080003AC                 add     eax, 4
.text:080003AF                 mov     edx, [eax]
.text:080003B1                 mov     eax, [ebp+var_2C]
.text:080003B4                 cmp     eax, edx
.text:080003B6                 jl      loc_80003D2
.text:080003BC                 jnz     loc_80003CD
.text:080003C2                 mov     eax, [ebp+var_28]
.text:080003C5                 cmp     eax, ecx
.text:080003C7                 jbe     loc_80003D2
.text:080003CD
.text:080003CD loc_80003CD:                            ; ...
.text:080003CD                 jmp     loc_80003D9
.text:080003D2 ; ---------------------------------------------------------------------------
.text:080003D2
.text:080003D2 loc_80003D2:                            ; ...
.text:080003D2                 mov     eax, 0
.text:080003D7                 jmp     short loc_80003DE
.text:080003D9 ; ---------------------------------------------------------------------------
.text:080003D9
.text:080003D9 loc_80003D9:                            ; ...
.text:080003D9                 mov     eax, 1
.text:080003DE
.text:080003DE loc_80003DE:                            ; ...
.text:080003DE                 jmp     $+5
.text:080003E3 ; ---------------------------------------------------------------------------
.text:080003E3
.text:080003E3 locret_80003E3:                         ; ...
.text:080003E3                 leave
.text:080003E4                 retn
.text:080003E4 overflow_unsigned endp
.text:080003E4
.text:080003E5
.text:080003E5 ; =============== S U B R O U T I N E =======================================
.text:080003E5
.text:080003E5 ; Attributes: bp-based frame
.text:080003E5
.text:080003E5 nasm_set_verror proc near
.text:080003E5
.text:080003E5 var_4           = dword ptr -4
.text:080003E5 arg_0           = dword ptr  8
.text:080003E5
.text:080003E5                 push    ebp
.text:080003E6                 mov     ebp, esp
.text:080003E8                 sub     esp, 4
.text:080003EE                 nop
.text:080003EF                 mov     eax, ds:nasm_verror
.text:080003F5                 mov     [ebp+var_4], eax
.text:080003F8                 mov     eax, [ebp+arg_0]
.text:080003FB                 mov     ds:nasm_verror, eax
.text:08000401                 mov     eax, [ebp+var_4]
.text:08000404                 jmp     $+5
.text:08000409 ; ---------------------------------------------------------------------------
.text:08000409
.text:08000409 locret_8000409:                         ; ...
.text:08000409                 leave
.text:0800040A                 retn
.text:0800040A nasm_set_verror endp
.text:0800040A
.text:0800040B
.text:0800040B ; =============== S U B R O U T I N E =======================================
.text:0800040B
.text:0800040B ; Attributes: bp-based frame
.text:0800040B
.text:0800040B                 public nasm_read
.text:0800040B nasm_read       proc near
.text:0800040B
.text:0800040B n               = dword ptr -4
.text:0800040B ptr             = dword ptr  8
.text:0800040B size            = dword ptr  0Ch
.text:0800040B f               = dword ptr  10h
.text:0800040B
.text:0800040B                 push    ebp
.text:0800040C                 mov     ebp, esp
.text:0800040E                 sub     esp, 4
.text:08000414                 nop
.text:08000415                 mov     eax, [ebp+f]    ; void nasm_read(void *ptr, size_t size, FILE *f)
.text:08000418                 push    eax
.text:08000419                 mov     eax, [ebp+size]
.text:0800041C                 push    eax
.text:0800041D                 mov     eax, 1
.text:08000422                 push    eax
.text:08000423                 mov     eax, [ebp+ptr]
.text:08000426                 push    eax
.text:08000427                 call    fread
.text:0800042C                 add     esp, 10h
.text:0800042F                 mov     [ebp+n], eax    ; size_t n = fread(ptr, 1, size, f);
.text:08000432                 mov     eax, [ebp+f]
.text:08000435                 push    eax
.text:08000436                 call    ferror          ; if (ferror(f)) {
.text:0800043B                 add     esp, 4
.text:0800043E                 test    eax, eax
.text:08000440                 jz      nr_1
.text:08000446                 call    _errno
.text:0800044B                 mov     ecx, [eax]
.text:0800044D                 push    ecx
.text:0800044E                 call    strerror
.text:08000453                 add     esp, 4
.text:08000456                 push    eax
.text:08000457                 mov     eax, offset L_181 ; "unable to read input: %s"
.text:0800045C                 push    eax
.text:0800045D                 mov     eax, 0
.text:08000462                 push    eax
.text:08000463                 call    nasm_fatal      ; nasm_fatal(0, "unable to read input: %s", strerror(errno));
.text:08000468                 add     esp, 0Ch
.text:0800046B                 jmp     nr_3
.text:08000470 ; ---------------------------------------------------------------------------
.text:08000470
.text:08000470 nr_1:                                   ; ...
.text:08000470                 mov     eax, [ebp+n]    ;  } else if (n != size || feof(f)) {
.text:08000473                 mov     ecx, [ebp+size]
.text:08000476                 cmp     eax, ecx
.text:08000478                 jnz     nr_2
.text:0800047E                 mov     eax, [ebp+f]
.text:08000481                 push    eax
.text:08000482                 call    feof
.text:08000487                 add     esp, 4
.text:0800048A                 test    eax, eax
.text:0800048C                 jnz     nr_2
.text:08000492                 jmp     nr_3
.text:08000497 ; ---------------------------------------------------------------------------
.text:08000497
.text:08000497 nr_2:                                   ; ...
.text:08000497                 mov     eax, offset L_182 ; "fatal short read on input"
.text:0800049C                 push    eax
.text:0800049D                 mov     eax, 0
.text:080004A2                 push    eax
.text:080004A3                 call    nasm_fatal      ; nasm_fatal(0, "fatal short read on input");
.text:080004A8                 add     esp, 8
.text:080004AB
.text:080004AB nr_3:                                   ; ...
.text:080004AB                 leave
.text:080004AC                 retn
.text:080004AC nasm_read       endp
.text:080004AC
.text:080004AD
.text:080004AD ; =============== S U B R O U T I N E =======================================
.text:080004AD
.text:080004AD ; Attributes: bp-based frame
.text:080004AD
.text:080004AD                 public nasm_write
.text:080004AD nasm_write      proc near               ; ...
.text:080004AD
.text:080004AD n               = dword ptr -4
.text:080004AD ptr             = dword ptr  8
.text:080004AD size            = dword ptr  0Ch
.text:080004AD f               = dword ptr  10h
.text:080004AD
.text:080004AD                 push    ebp             ; void nasm_write(const void *ptr, size_t size, FILE *f)
.text:080004AE                 mov     ebp, esp
.text:080004B0                 sub     esp, 4
.text:080004B6                 nop
.text:080004B7                 mov     eax, [ebp+f]
.text:080004BA                 push    eax
.text:080004BB                 mov     eax, [ebp+size]
.text:080004BE                 push    eax
.text:080004BF                 mov     eax, 1
.text:080004C4                 push    eax
.text:080004C5                 mov     eax, [ebp+ptr]
.text:080004C8                 push    eax
.text:080004C9                 call    fwrite
.text:080004CE                 add     esp, 16
.text:080004D1                 mov     [ebp+n], eax    ; size_t n = fwrite(ptr, 1, size, f);
.text:080004D4                 mov     eax, [ebp+n]    ; if (n != size || ferror(f) || feof(f))
.text:080004D7                 mov     ecx, [ebp+size]
.text:080004DA                 cmp     eax, ecx
.text:080004DC                 jnz     nw_1
.text:080004E2                 mov     eax, [ebp+f]
.text:080004E5                 push    eax
.text:080004E6                 call    ferror
.text:080004EB                 add     esp, 4
.text:080004EE                 test    eax, eax
.text:080004F0                 jnz     nw_1
.text:080004F6                 mov     eax, [ebp+f]
.text:080004F9                 push    eax
.text:080004FA                 call    feof
.text:080004FF                 add     esp, 4
.text:08000502                 test    eax, eax
.text:08000504                 jnz     nw_1
.text:0800050A                 jmp     nw_2
.text:0800050F ; ---------------------------------------------------------------------------
.text:0800050F
.text:0800050F nw_1:                                   ; ...
.text:0800050F                 call    _errno
.text:08000514                 mov     ecx, [eax]
.text:08000516                 push    ecx
.text:08000517                 call    strerror
.text:0800051C                 add     esp, 4
.text:0800051F                 push    eax
.text:08000520                 mov     eax, offset L_183 ; "unable to write output: %s"
.text:08000525                 push    eax
.text:08000526                 mov     eax, 0
.text:0800052B                 push    eax
.text:0800052C                 call    nasm_fatal      ; nasm_fatal(0, "unable to write output: %s", strerror(errno));
.text:08000531                 add     esp, 12
.text:08000534
.text:08000534 nw_2:                                   ; ...
.text:08000534                 leave
.text:08000535                 retn
.text:08000535 nasm_write      endp
.text:08000535
.text:08000536
.text:08000536 ; =============== S U B R O U T I N E =======================================
.text:08000536
.text:08000536 ; Attributes: bp-based frame
.text:08000536
.text:08000536                 public fwriteint16_t
.text:08000536 fwriteint16_t   proc near
.text:08000536
.text:08000536 data            = word ptr  8
.text:08000536 fp              = dword ptr  0Ch
.text:08000536
.text:08000536                 push    ebp
.text:08000537                 mov     ebp, esp
.text:08000539                 sub     esp, 0
.text:0800053F                 nop
.text:08000540                 movzx   eax, [ebp+data]
.text:08000544                 mov     [ebp+data], ax  ; data = cpu_to_le16(data);
.text:08000548                 mov     eax, [ebp+fp]
.text:0800054B                 push    eax
.text:0800054C                 mov     eax, 2
.text:08000551                 push    eax
.text:08000552                 lea     eax, [ebp+data]
.text:08000555                 push    eax
.text:08000556                 call    nasm_write      ; nasm_write(&data, 2, fp);
.text:0800055B                 add     esp, 12
.text:0800055E                 leave
.text:0800055F                 retn
.text:0800055F fwriteint16_t   endp
.text:0800055F
.text:08000560
.text:08000560 ; =============== S U B R O U T I N E =======================================
.text:08000560
.text:08000560 ; Attributes: bp-based frame
.text:08000560
.text:08000560                 public fwriteint32_t
.text:08000560 fwriteint32_t   proc near
.text:08000560
.text:08000560 data            = dword ptr  8
.text:08000560 fp              = dword ptr  0Ch
.text:08000560
.text:08000560                 push    ebp
.text:08000561                 mov     ebp, esp
.text:08000563                 sub     esp, 0
.text:08000569                 nop
.text:0800056A                 mov     eax, [ebp+data]
.text:0800056D                 mov     [ebp+data], eax ; data = cpu_to_le32(data);
.text:08000570                 mov     eax, [ebp+fp]
.text:08000573                 push    eax
.text:08000574                 mov     eax, 4
.text:08000579                 push    eax
.text:0800057A                 lea     eax, [ebp+data]
.text:0800057D                 push    eax
.text:0800057E                 call    nasm_write      ; nasm_write(&data, 4, fp);
.text:08000583                 add     esp, 12
.text:08000586                 leave
.text:08000587                 retn
.text:08000587 fwriteint32_t   endp
.text:08000587
.text:08000588
.text:08000588 ; =============== S U B R O U T I N E =======================================
.text:08000588
.text:08000588 ; Attributes: bp-based frame
.text:08000588
.text:08000588                 public fwritezero
.text:08000588 fwritezero      proc near
.text:08000588
.text:08000588 blksize         = dword ptr -4
.text:08000588 bytes           = dword ptr  8
.text:08000588 fp              = dword ptr  0Ch
.text:08000588
.text:08000588                 push    ebp             ; void fwritezero(off_t bytes, FILE *fp)
.text:08000589                 mov     ebp, esp
.text:0800058B                 sub     esp, 4
.text:08000591                 nop
.text:08000592
.text:08000592 fwz_1:                                  ; ...
.text:08000592                 mov     eax, [ebp+bytes] ; while (bytes > 0) {
.text:08000595                 cmp     eax, 0
.text:08000598                 jle     fwz_5
.text:0800059E                 mov     eax, [ebp+bytes]
.text:080005A1                 cmp     eax, 65536      ; blksize = (bytes < ZERO_BUF_SIZE) ? bytes : ZERO_BUF_SIZE;
.text:080005A7                 mov     eax, 0
.text:080005AC                 setl    al
.text:080005AF                 test    eax, eax
.text:080005B1                 jz      fwz_2
.text:080005B7                 jmp     fwz_3
.text:080005BC ; ---------------------------------------------------------------------------
.text:080005BC
.text:080005BC fwz_2:                                  ; ...
.text:080005BC                 mov     eax, 65536
.text:080005C1                 jmp     fwz_4
.text:080005C6 ; ---------------------------------------------------------------------------
.text:080005C6
.text:080005C6 fwz_3:                                  ; ...
.text:080005C6                 mov     eax, [ebp+bytes]
.text:080005C9
.text:080005C9 fwz_4:                                  ; ...
.text:080005C9                 mov     [ebp+blksize], eax
.text:080005CC                 mov     eax, [ebp+fp]
.text:080005CF                 push    eax
.text:080005D0                 mov     eax, [ebp+blksize]
.text:080005D3                 push    eax
.text:080005D4                 mov     eax, offset zero_buffer
.text:080005D9                 push    eax
.text:080005DA                 call    nasm_write      ; nasm_write(zero_buffer, blksize, fp);
.text:080005DF                 add     esp, 12
.text:080005E2                 mov     eax, [ebp+bytes]
.text:080005E5                 mov     ecx, [ebp+blksize]
.text:080005E8                 sub     eax, ecx
.text:080005EA                 mov     [ebp+bytes], eax ; bytes -= blksize;
.text:080005ED                 jmp     short fwz_1
.text:080005EF ; ---------------------------------------------------------------------------
.text:080005EF
.text:080005EF fwz_5:                                  ; ...
.text:080005EF                 leave
.text:080005F0                 retn
.text:080005F0 fwritezero      endp
.text:080005F0
.text:080005F1
.text:080005F1 ; =============== S U B R O U T I N E =======================================
.text:080005F1
.text:080005F1 ; Attributes: bp-based frame
.text:080005F1
.text:080005F1                 public nasm_open_read
.text:080005F1 nasm_open_read  proc near               ; ...
.text:080005F1
.text:080005F1 again           = dword ptr -8
.text:080005F1 f               = dword ptr -4
.text:080005F1 filename        = dword ptr  8
.text:080005F1 flags           = dword ptr  0Ch
.text:080005F1
.text:080005F1                 push    ebp             ; FILE *nasm_open_read(const char *filename, enum file_flags flags)
.text:080005F2                 mov     ebp, esp
.text:080005F4                 sub     esp, 8
.text:080005FA                 nop
.text:080005FB                 mov     eax, 0
.text:08000600                 mov     [ebp+f], eax    ; FILE *f = NULL;
.text:08000603                 mov     eax, 1
.text:08000608                 mov     [ebp+again], eax
.text:0800060B                 mov     eax, [ebp+again] ; if (again)
.text:0800060E                 test    eax, eax
.text:08000610                 jz      nor_4
.text:08000616                 mov     eax, [ebp+flags]
.text:08000619                 and     eax, 1
.text:0800061C                 test    eax, eax
.text:0800061E                 jz      nor_1
.text:08000624                 jmp     nor_2
.text:08000629 ; ---------------------------------------------------------------------------
.text:08000629
.text:08000629 nor_1:                                  ; ...
.text:08000629                 mov     eax, offset L_185 ; "rb"
.text:0800062E                 jmp     nor_3
.text:08000633 ; ---------------------------------------------------------------------------
.text:08000633
.text:08000633 nor_2:                                  ; ...
.text:08000633                 mov     eax, offset L_184 ; "rt"
.text:08000638
.text:08000638 nor_3:                                  ; ...
.text:08000638                 push    eax
.text:08000639                 mov     eax, [ebp+filename]
.text:0800063C                 push    eax
.text:0800063D                 call    fopen           ; f = fopen(filename, (flags & NF_TEXT) ? "rt" : "rb");
.text:08000642                 add     esp, 8
.text:08000645                 mov     [ebp+f], eax
.text:08000648
.text:08000648 nor_4:                                  ; ...
.text:08000648                 mov     eax, [ebp+f]    ; if (!f && (flags & NF_FATAL))
.text:0800064B                 test    eax, eax
.text:0800064D                 jz      nor_5
.text:08000653                 jmp     nor_6
.text:08000658 ; ---------------------------------------------------------------------------
.text:08000658
.text:08000658 nor_5:                                  ; ...
.text:08000658                 mov     eax, [ebp+flags] ; nasm_fatal(ERR_NOFILE, "unable to open input file: `%s': %s",
.text:08000658                                         ; filename, strerror(errno));
.text:0800065B                 and     eax, 2
.text:0800065E                 test    eax, eax
.text:08000660                 jz      nor_6
.text:08000666                 call    _errno
.text:0800066B                 mov     ecx, [eax]
.text:0800066D                 push    ecx
.text:0800066E                 call    strerror
.text:08000673                 add     esp, 4
.text:08000676                 push    eax
.text:08000677                 mov     eax, [ebp+filename]
.text:0800067A                 push    eax
.text:0800067B                 mov     eax, offset L_186 ; "unable to open input file: `%s': %s"
.text:08000680                 push    eax
.text:08000681                 mov     eax, 10h        ; ERR_NOFILE
.text:08000686                 push    eax
.text:08000687                 call    nasm_fatal
.text:0800068C                 add     esp, 16
.text:0800068F
.text:0800068F nor_6:                                  ; ...
.text:0800068F                 mov     eax, [ebp+f]
.text:08000692                 jmp     $+5
.text:08000697 ; ---------------------------------------------------------------------------
.text:08000697
.text:08000697 nor_7:                                  ; ...
.text:08000697                 leave
.text:08000698                 retn
.text:08000698 nasm_open_read  endp
.text:08000698
.text:08000699
.text:08000699 ; =============== S U B R O U T I N E =======================================
.text:08000699
.text:08000699 ; Attributes: bp-based frame
.text:08000699
.text:08000699                 public nasm_open_write
.text:08000699 nasm_open_write proc near
.text:08000699
.text:08000699 f               = dword ptr -4
.text:08000699 filename        = dword ptr  8
.text:08000699 flags           = dword ptr  0Ch
.text:08000699
.text:08000699                 push    ebp             ; FILE *nasm_open_write(const char *filename, enum file_flags flags)
.text:0800069A                 mov     ebp, esp
.text:0800069C                 sub     esp, 4
.text:080006A2                 nop
.text:080006A3                 mov     eax, [ebp+flags] ; f = fopen(filename, (flags & NF_TEXT) ? "wt" : "wb");
.text:080006A6                 and     eax, 1
.text:080006A9                 test    eax, eax
.text:080006AB                 jz      now_1
.text:080006B1                 jmp     now_2
.text:080006B6 ; ---------------------------------------------------------------------------
.text:080006B6
.text:080006B6 now_1:                                  ; ...
.text:080006B6                 mov     eax, offset L_188 ; "wb"
.text:080006BB                 jmp     now_3
.text:080006C0 ; ---------------------------------------------------------------------------
.text:080006C0
.text:080006C0 now_2:                                  ; ...
.text:080006C0                 mov     eax, offset L_187 ; "wt"
.text:080006C5
.text:080006C5 now_3:                                  ; ...
.text:080006C5                 push    eax
.text:080006C6                 mov     eax, [ebp+filename]
.text:080006C9                 push    eax
.text:080006CA                 call    fopen
.text:080006CF                 add     esp, 8
.text:080006D2                 mov     [ebp+f], eax
.text:080006D5                 mov     eax, [ebp+f]    ; if (!f && (flags & NF_FATAL))
.text:080006D8                 test    eax, eax
.text:080006DA                 jz      now_4
.text:080006E0                 jmp     now_5
.text:080006E5 ; ---------------------------------------------------------------------------
.text:080006E5
.text:080006E5 now_4:                                  ; ...
.text:080006E5                 mov     eax, [ebp+flags]
.text:080006E8                 and     eax, 2
.text:080006EB                 test    eax, eax
.text:080006ED                 jz      now_5
.text:080006F3                 call    _errno
.text:080006F8                 mov     ecx, [eax]
.text:080006FA                 push    ecx
.text:080006FB                 call    strerror
.text:08000700                 add     esp, 4
.text:08000703                 push    eax
.text:08000704                 mov     eax, [ebp+filename]
.text:08000707                 push    eax
.text:08000708                 mov     eax, offset L_189 ; "unable to open output file: `%s': %s"
.text:0800070D                 push    eax
.text:0800070E                 mov     eax, 10h        ; ERR_NOFILE
.text:08000713                 push    eax
.text:08000714                 call    nasm_fatal      ; nasm_fatal(ERR_NOFILE, "unable to open output file: `%s': %s",
.text:08000714                                         ; filename, strerror(errno));
.text:08000719                 add     esp, 16
.text:0800071C
.text:0800071C now_5:                                  ; ...
.text:0800071C                 mov     eax, [ebp+f]
.text:0800071F                 jmp     $+5
.text:08000724 ; ---------------------------------------------------------------------------
.text:08000724
.text:08000724 now_6:                                  ; ...
.text:08000724                 leave
.text:08000725                 retn
.text:08000725 nasm_open_write endp
.text:08000725
.text:08000726
.text:08000726 ; =============== S U B R O U T I N E =======================================
.text:08000726
.text:08000726 ; Attributes: bp-based frame
.text:08000726
.text:08000726                 public nasm_file_exists
.text:08000726 nasm_file_exists proc near
.text:08000726
.text:08000726 f               = dword ptr -4
.text:08000726 filename        = dword ptr  8
.text:08000726
.text:08000726                 push    ebp             ; bool nasm_file_exists(const char *filename)
.text:08000727                 mov     ebp, esp
.text:08000729                 sub     esp, 4
.text:0800072F                 nop                     ; FILE *f;
.text:08000730                 mov     eax, offset L_190 ; "rb"
.text:08000735                 push    eax
.text:08000736                 mov     eax, [ebp+filename]
.text:08000739                 push    eax
.text:0800073A                 call    fopen
.text:0800073F                 add     esp, 8
.text:08000742                 mov     [ebp+f], eax    ; f = fopen(filename, "rb");
.text:08000745                 mov     eax, [ebp+f]    ; if (f) {
.text:08000748                 test    eax, eax
.text:0800074A                 jz      nfe_1
.text:08000750                 mov     eax, [ebp+f]
.text:08000753                 push    eax
.text:08000754                 call    fclose          ; fclose(f);
.text:08000759                 add     esp, 4
.text:0800075C                 mov     eax, 1          ; return true;
.text:08000761                 jmp     nfe_2
.text:08000766 ; ---------------------------------------------------------------------------
.text:08000766                 jmp     nfe_2
.text:0800076B ; ---------------------------------------------------------------------------
.text:0800076B
.text:0800076B nfe_1:                                  ; ...
.text:0800076B                 mov     eax, 0          ; return false;
.text:08000770                 jmp     $+5
.text:08000775 ; ---------------------------------------------------------------------------
.text:08000775
.text:08000775 nfe_2:                                  ; ...
.text:08000775                 leave
.text:08000776                 retn
.text:08000776 nasm_file_exists endp
.text:08000776
.text:08000777
.text:08000777 ; =============== S U B R O U T I N E =======================================
.text:08000777
.text:08000777 ; Attributes: bp-based frame
.text:08000777
.text:08000777                 public nasm_file_size
.text:08000777 nasm_file_size  proc near               ; ...
.text:08000777
.text:08000777 f               = dword ptr  8
.text:08000777
.text:08000777                 push    ebp             ; off_t nasm_file_size(FILE *f)
.text:08000778                 mov     ebp, esp
.text:0800077A                 sub     esp, 0          ; #elif defined(nasm_fstat)
.text:08000780                 nop
.text:08000781                 mov     eax, 2          ; #else
.text:08000786                 push    eax
.text:08000787                 mov     eax, 0
.text:0800078C                 push    eax
.text:0800078D                 mov     eax, [ebp+f]
.text:08000790                 push    eax
.text:08000791                 call    fseeko          ; if (fseeko(f, 0, SEEK_END))
.text:08000796                 add     esp, 12
.text:08000799                 test    eax, eax
.text:0800079B                 jz      nfs_1
.text:080007A1                 mov     eax, -1         ; return (off_t)-1;
.text:080007A6                 jmp     nfs_2
.text:080007AB ; ---------------------------------------------------------------------------
.text:080007AB
.text:080007AB nfs_1:                                  ; ...
.text:080007AB                 mov     eax, [ebp+f]
.text:080007AE                 push    eax
.text:080007AF                 call    ftello          ; return ftello(f);
.text:080007B4                 add     esp, 4
.text:080007B7                 jmp     $+5
.text:080007BC ; ---------------------------------------------------------------------------
.text:080007BC
.text:080007BC nfs_2:                                  ; ...
.text:080007BC                 leave
.text:080007BD                 retn
.text:080007BD nasm_file_size  endp
.text:080007BD
.text:080007BE
.text:080007BE ; =============== S U B R O U T I N E =======================================
.text:080007BE
.text:080007BE ; Attributes: bp-based frame
.text:080007BE
.text:080007BE                 public nasm_file_size_by_path
.text:080007BE nasm_file_size_by_path proc near
.text:080007BE
.text:080007BE len             = dword ptr -8
.text:080007BE fp              = dword ptr -4
.text:080007BE pathname        = dword ptr  8
.text:080007BE
.text:080007BE                 push    ebp             ; off_t nasm_file_size_by_path(const char *pathname)
.text:080007BF                 mov     ebp, esp        ; #ifdef nasm_stat
.text:080007C1                 sub     esp, 8          ; #else
.text:080007C7                 nop                     ; FILE *fp;
.text:080007C8                 mov     eax, 0          ; off_t len;
.text:080007CD                 push    eax             ; (NF_BINARY = 0)
.text:080007CE                 mov     eax, [ebp+pathname]
.text:080007D1                 push    eax
.text:080007D2                 call    nasm_open_read  ; fp = nasm_open_read(pathname, NF_BINARY);
.text:080007D7                 add     esp, 8
.text:080007DA                 mov     [ebp+fp], eax
.text:080007DD                 mov     eax, [ebp+fp]   ; if (!fp)
.text:080007E0                 test    eax, eax
.text:080007E2                 jz      nfsp_1
.text:080007E8                 jmp     nfsp_2
.text:080007ED ; ---------------------------------------------------------------------------
.text:080007ED
.text:080007ED nfsp_1:                                 ; ...
.text:080007ED                 mov     eax, -1         ; return (off_t)-1;
.text:080007F2                 jmp     nfsp_3
.text:080007F7 ; ---------------------------------------------------------------------------
.text:080007F7
.text:080007F7 nfsp_2:                                 ; ...
.text:080007F7                 mov     eax, [ebp+fp]
.text:080007FA                 push    eax
.text:080007FB                 call    nasm_file_size
.text:08000800                 add     esp, 4
.text:08000803                 mov     [ebp+len], eax  ; len = nasm_file_size(fp);
.text:08000806                 mov     eax, [ebp+fp]
.text:08000809                 push    eax
.text:0800080A                 call    fclose          ; fclose(fp);
.text:0800080F                 add     esp, 4
.text:08000812                 mov     eax, [ebp+len]  ; return len;
.text:08000815                 jmp     $+5
.text:0800081A ; ---------------------------------------------------------------------------
.text:0800081A
.text:0800081A nfsp_3:                                 ; ...
.text:0800081A                 leave
.text:0800081B                 retn
.text:0800081B nasm_file_size_by_path endp
.text:0800081B
.text:0800081C
.text:0800081C ; =============== S U B R O U T I N E =======================================
.text:0800081C
.text:0800081C ; Attributes: bp-based frame
.text:0800081C
.text:0800081C                 public nasm_file_time
.text:0800081C nasm_file_time  proc near
.text:0800081C                 push    ebp             ; bool nasm_file_time(time_t *t, const char *pathname)
.text:0800081D                 mov     ebp, esp
.text:0800081F                 sub     esp, 0          ; #ifdef nasm_stat
.text:08000825                 nop                     ; #else
.text:08000826                 mov     eax, 0          ; return false;
.text:08000826                                         ; /* No idea how to do this on this OS */
.text:0800082B                 jmp     $+5
.text:08000830 ; ---------------------------------------------------------------------------
.text:08000830
.text:08000830 nft_1:                                  ; ...
.text:08000830                 leave
.text:08000831                 retn
.text:08000831 nasm_file_time  endp
.text:08000831
.text:08000831 _text           ends
.text:08000831
.data:08000840 ; ===========================================================================
.data:08000840
.data:08000840 ; Segment type: Pure data
.data:08000840 ; Segment permissions: Read/Write
.data:08000840 ; Segment alignment '32byte' can not be represented in assembly
.data:08000840 _data           segment para public 'DATA' use32
.data:08000840                 assume cs:_data
.data:08000840                 ;org 8000840h
.data:08000840 L_181           db 'unable to read input: %s',0 ; ...
.data:08000859 L_182           db 'fatal short read on input',0 ; ...
.data:08000873 L_183           db 'unable to write output: %s',0 ; ...
.data:0800088E L_184           db 'rt',0               ; ...
.data:08000891 L_185           db 'rb',0               ; ...
.data:08000894 L_186           db 'unable to open input file: `%s',27h,': %s',0 ; ...
.data:080008B8 L_187           db 'wt',0               ; ...
.data:080008BB L_188           db 'wb',0               ; ...
.data:080008BE L_189           db 'unable to open output file: `%s',27h,': %s',0 ; ...
.data:080008E3 L_190           db 'rb',0               ; ...
.data:080008E3 _data           ends
.data:080008E3
.bss:08000900 ; ===========================================================================
.bss:08000900
.bss:08000900 ; Segment type: Zero-length
.bss:08000900 ; Segment permissions: Read/Write
.bss:08000900 ; Segment alignment '32byte' can not be represented in assembly
.bss:08000900 _bss            segment para public 'BSS' use32
.bss:08000900 _bss            ends
.bss:08000900
extern:08000904 ; ===========================================================================
extern:08000904
extern:08000904 ; Segment type: Externs
extern:08000904 ; extern
extern:08000904                 extrn _vsnprintf:near   ; ...
extern:08000908                 extrn _vsnwprintf:near  ; ...
extern:0800090C                 extrn __shldi3:near     ; ...
extern:08000910                 extrn nasm_verror:dword ; ...
extern:08000914                 extrn fread:near        ; ...
extern:08000918                 extrn ferror:near       ; ...
extern:0800091C                 extrn _errno:near       ; ...
extern:08000920                 extrn strerror:near     ; ...
extern:08000924                 extrn nasm_fatal:near   ; ...
extern:08000928                 extrn feof:near         ; ...
extern:0800092C                 extrn fwrite:near       ; ...
extern:08000930                 extrn zero_buffer       ; ...
extern:08000934                 extrn fopen:near        ; ...
extern:08000938                 extrn fclose:near       ; ...
extern:0800093C                 extrn fseeko:near       ; ...
extern:08000940                 extrn ftello:near       ; ...
extern:08000940
extern:08000940
extern:08000940                 end
