.text:08000000 ;
.text:08000000 ; +-------------------------------------------------------------------------+
.text:08000000 ; |   This file has been generated by The Interactive Disassembler (IDA)    |
.text:08000000 ; |           Copyright (c) 2018 Hex-Rays, <support@hex-rays.com>           |
.text:08000000 ; |                            Freeware version                             |
.text:08000000 ; +-------------------------------------------------------------------------+
.text:08000000 ;
.text:08000000 ; Input SHA256 : 7EE7CAC7F9CC5D63FC5A273B3B5B581E7EC2B24086035E3F48B524ADC2BFB8BF
.text:08000000 ; Input MD5    : 97F7B020AD3C97FD06700FAE5E3530D0
.text:08000000 ; Input CRC32  : 3DA25050
.text:08000000
.text:08000000 ; File Name   : C:\Users\90542\OneDrive\Masaüstü\nasm_214_c_o\iflag.o
.text:08000000 ; Format      : ELF for Intel 386 (Relocatable)
.text:08000000 ;
.text:08000000 ; Source File : 'iflag.c'
.text:08000000
.text:08000000                 .686p
.text:08000000                 .mmx
.text:08000000                 .model flat
.text:08000000 .intel_syntax noprefix
.text:08000000
.text:08000000 ; ===========================================================================
.text:08000000
.text:08000000 ; Segment type: Pure code
.text:08000000 ; Segment permissions: Read/Execute
.text:08000000 _text           segment dword public 'CODE' use32
.text:08000000                 assume cs:_text
.text:08000000                 ;org 8000000h
.text:08000000                 assume es:nothing, ss:nothing, ds:_data, fs:nothing, gs:nothing
.text:08000000
.text:08000000 ; =============== S U B R O U T I N E =======================================
.text:08000000
.text:08000000 ; Attributes: bp-based frame
.text:08000000
.text:08000000 iflag_test      proc near               ; ...
.text:08000000
.text:08000000 f               = dword ptr  8
.text:08000000 bit             = dword ptr  0Ch
.text:08000000
.text:08000000                 push    ebp             ; static inline bool iflag_test(const iflag_t *f, unsigned int bit)
.text:08000001                 mov     ebp, esp
.text:08000003                 sub     esp, 0          ; #define IF_FIELD_COUNT 4
.text:08000003                                         ; typedef struct {
.text:08000003                                         ;     uint32_t field[IF_FIELD_COUNT];
.text:08000003                                         ; } iflag_t;
.text:08000009                 nop                     ; #define IF_GENBIT(bit) (UINT32_C(1) << (bit))
.text:0800000A                 mov     eax, [ebp+f]
.text:0800000D                 mov     ecx, [ebp+bit]
.text:08000010                 shr     ecx, 5
.text:08000013                 shl     ecx, 2
.text:08000016                 add     eax, ecx
.text:08000018                 mov     ecx, [ebp+bit]  ; return !!(f->field[bit >> 5] & IF_GENBIT(bit & 31));
.text:0800001B                 and     ecx, 1Fh
.text:0800001E                 mov     edx, 1
.text:08000023                 shl     edx, cl
.text:08000025                 mov     ecx, [eax]
.text:08000027                 and     ecx, edx
.text:08000029                 cmp     ecx, 0
.text:0800002C                 jz      ift_1
.text:08000032                 jmp     ift_2
.text:08000037 ; ---------------------------------------------------------------------------
.text:08000037
.text:08000037 ift_1:                                  ; ...
.text:08000037                 mov     eax, 0
.text:0800003C                 jmp     short ift_3
.text:0800003E ; ---------------------------------------------------------------------------
.text:0800003E
.text:0800003E ift_2:                                  ; ...
.text:0800003E                 mov     eax, 1
.text:08000043
.text:08000043 ift_3:                                  ; ...
.text:08000043                 leave
.text:08000044                 retn
.text:08000044 iflag_test      endp
.text:08000044
.text:08000045
.text:08000045 ; =============== S U B R O U T I N E =======================================
.text:08000045
.text:08000045 ; Attributes: bp-based frame
.text:08000045
.text:08000045 iflag_set       proc near               ; ...
.text:08000045
.text:08000045 f               = dword ptr  8
.text:08000045 bit             = dword ptr  0Ch
.text:08000045
.text:08000045                 push    ebp             ; static inline void iflag_set(iflag_t *f, unsigned int bit)
.text:08000046                 mov     ebp, esp
.text:08000048                 sub     esp, 0
.text:0800004E                 nop
.text:0800004F                 mov     eax, [ebp+f]
.text:08000052                 mov     ecx, [ebp+bit]
.text:08000055                 shr     ecx, 5
.text:08000058                 shl     ecx, 2
.text:0800005B                 add     eax, ecx
.text:0800005D                 mov     ecx, [ebp+bit]  ; f->field[bit >> 5] |= IF_GENBIT(bit & 31);
.text:08000060                 and     ecx, 1Fh
.text:08000063                 mov     edx, 1
.text:08000068                 shl     edx, cl
.text:0800006A                 mov     ecx, [eax]
.text:0800006C                 or      ecx, edx
.text:0800006E                 mov     [eax], ecx
.text:08000070                 leave
.text:08000071                 retn
.text:08000071 iflag_set       endp
.text:08000071
.text:08000072
.text:08000072 ; =============== S U B R O U T I N E =======================================
.text:08000072
.text:08000072 ; Attributes: bp-based frame
.text:08000072
.text:08000072 iflag_clear     proc near
.text:08000072
.text:08000072 f               = dword ptr  8
.text:08000072 bit             = dword ptr  0Ch
.text:08000072
.text:08000072                 push    ebp             ; static inline void iflag_clear(iflag_t *f, unsigned int bit)
.text:08000073                 mov     ebp, esp
.text:08000075                 sub     esp, 0
.text:0800007B                 nop
.text:0800007C                 mov     eax, [ebp+f]
.text:0800007F                 mov     ecx, [ebp+bit]
.text:08000082                 shr     ecx, 5
.text:08000085                 shl     ecx, 2
.text:08000088                 add     eax, ecx
.text:0800008A                 mov     ecx, [ebp+bit]  ; f->field[bit >> 5] &= ~IF_GENBIT(bit & 31);
.text:0800008D                 and     ecx, 1Fh
.text:08000090                 mov     edx, 1
.text:08000095                 shl     edx, cl
.text:08000097                 xor     edx, 0FFFFFFFFh
.text:0800009A                 mov     ecx, [eax]
.text:0800009C                 and     ecx, edx
.text:0800009E                 mov     [eax], ecx
.text:080000A0                 leave
.text:080000A1                 retn
.text:080000A1 iflag_clear     endp
.text:080000A1
.text:080000A2
.text:080000A2 ; =============== S U B R O U T I N E =======================================
.text:080000A2
.text:080000A2 ; Attributes: bp-based frame
.text:080000A2
.text:080000A2 iflag_clear_all proc near               ; ...
.text:080000A2
.text:080000A2 f               = dword ptr  8
.text:080000A2
.text:080000A2                 push    ebp             ; static inline void iflag_clear_all(iflag_t *f)
.text:080000A3                 mov     ebp, esp
.text:080000A5                 sub     esp, 0
.text:080000AB                 nop
.text:080000AC                 mov     eax, 10h
.text:080000B1                 push    eax
.text:080000B2                 mov     eax, 0
.text:080000B7                 push    eax
.text:080000B8                 mov     eax, [ebp+f]
.text:080000BB                 push    eax
.text:080000BC                 call    memset          ; memset(f, 0, sizeof(*f));
.text:080000C1                 add     esp, 12
.text:080000C4                 leave
.text:080000C5                 retn
.text:080000C5 iflag_clear_all endp
.text:080000C5
.text:080000C6
.text:080000C6 ; =============== S U B R O U T I N E =======================================
.text:080000C6
.text:080000C6 ; Attributes: bp-based frame
.text:080000C6
.text:080000C6 iflag_set_all   proc near
.text:080000C6
.text:080000C6 f               = dword ptr  8
.text:080000C6
.text:080000C6                 push    ebp             ; static inline void iflag_set_all(iflag_t *f)
.text:080000C7                 mov     ebp, esp
.text:080000C9                 sub     esp, 0
.text:080000CF                 nop
.text:080000D0                 mov     eax, 10h
.text:080000D5                 push    eax
.text:080000D6                 mov     eax, 0FFFFFFFFh
.text:080000DB                 push    eax
.text:080000DC                 mov     eax, [ebp+f]
.text:080000DF                 push    eax
.text:080000E0                 call    memset          ; memset(f, ~0, sizeof(*f));
.text:080000E5                 add     esp, 12
.text:080000E8                 leave
.text:080000E9                 retn
.text:080000E9 iflag_set_all   endp
.text:080000E9
.text:080000EA
.text:080000EA ; =============== S U B R O U T I N E =======================================
.text:080000EA
.text:080000EA ; Attributes: bp-based frame
.text:080000EA
.text:080000EA iflag_cmp       proc near
.text:080000EA
.text:080000EA i               = dword ptr -4
.text:080000EA a               = dword ptr  8
.text:080000EA b               = dword ptr  0Ch
.text:080000EA
.text:080000EA                 push    ebp             ; static inline int iflag_cmp(const iflag_t *a, const iflag_t *b)
.text:080000EB                 mov     ebp, esp
.text:080000ED                 sub     esp, 4
.text:080000F3                 nop                     ; /* This is intentionally a reverse loop! */
.text:080000F4                 mov     eax, 3          ; for (i = IF_FIELD_COUNT-1; i >= 0; i--) {
.text:080000F9                 mov     [ebp+i], eax
.text:080000FC
.text:080000FC ifc_1:                                  ; ...
.text:080000FC                 mov     eax, [ebp+i]    ; (if) i >= 0
.text:080000FF                 cmp     eax, 0
.text:08000102                 jl      ifc_7
.text:08000108                 jmp     ifc_3
.text:0800010D ; ---------------------------------------------------------------------------
.text:0800010D
.text:0800010D ifc_2:                                  ; ...
.text:0800010D                 mov     eax, [ebp+i]    ; i--
.text:08000110                 mov     ecx, eax
.text:08000112                 add     eax, -1
.text:08000115                 mov     [ebp+i], eax
.text:08000118                 jmp     short ifc_1
.text:0800011A ; ---------------------------------------------------------------------------
.text:0800011A
.text:0800011A ifc_3:                                  ; ...
.text:0800011A                 mov     eax, [ebp+a]    ; if (a->field[i] == b->field[i])
.text:0800011D                 mov     ecx, [ebp+i]
.text:08000120                 shl     ecx, 2
.text:08000123                 add     eax, ecx
.text:08000125                 mov     ecx, [ebp+b]
.text:08000128                 mov     edx, [ebp+i]
.text:0800012B                 shl     edx, 2
.text:0800012E                 add     ecx, edx
.text:08000130                 mov     edx, [eax]
.text:08000132                 mov     eax, [ecx]
.text:08000134                 cmp     edx, eax
.text:08000136                 jnz     ifc_4
.text:0800013C                 jmp     ifc_2           ; continue;
.text:08000141 ; ---------------------------------------------------------------------------
.text:08000141
.text:08000141 ifc_4:                                  ; ...
.text:08000141                 mov     eax, [ebp+a]    ; return (int)(a->field[i] - b->field[i]);
.text:08000144                 mov     ecx, [ebp+i]
.text:08000147                 shl     ecx, 2
.text:0800014A                 add     eax, ecx
.text:0800014C                 mov     ecx, [ebp+b]
.text:0800014F                 mov     edx, [ebp+i]
.text:08000152                 shl     edx, 2
.text:08000155                 add     ecx, edx
.text:08000157                 mov     edx, [eax]
.text:08000159                 mov     eax, [ecx]
.text:0800015B                 sub     edx, eax
.text:0800015D                 mov     eax, edx
.text:0800015F                 jmp     ifc_8
.text:08000164 ; ---------------------------------------------------------------------------
.text:08000164                 jmp     short ifc_2
.text:08000166 ; ---------------------------------------------------------------------------
.text:08000166
.text:08000166 ifc_7:                                  ; ...
.text:08000166                 mov     eax, 0          ; return 0;
.text:0800016B
.text:0800016B ifc_8:                                  ; ...
.text:0800016B                 leave
.text:0800016C                 retn
.text:0800016C iflag_cmp       endp
.text:0800016C
.text:0800016D
.text:0800016D ; =============== S U B R O U T I N E =======================================
.text:0800016D
.text:0800016D ; Attributes: bp-based frame
.text:0800016D
.text:0800016D iflag_xor       proc near
.text:0800016D
.text:0800016D tmp             = dword ptr -18h
.text:0800016D res             = byte ptr -14h
.text:0800016D i               = dword ptr -4
.text:0800016D res_ret         = dword ptr  8
.text:0800016D a               = dword ptr  0Ch
.text:0800016D b               = dword ptr  10h
.text:0800016D
.text:0800016D                 push    ebp             ; static inline iflag_t iflag_xor(const iflag_t *a, const iflag_t *b)
.text:0800016E                 mov     ebp, esp
.text:08000170                 sub     esp, 18h
.text:08000176                 nop
.text:08000177                 mov     eax, 0
.text:0800017C                 mov     [ebp+i], eax
.text:0800017F
.text:0800017F ifx_1:                                  ; ...
.text:0800017F                 mov     eax, [ebp+i]
.text:08000182                 cmp     eax, 4
.text:08000185                 jnb     ifx_4
.text:0800018B                 jmp     ifx_3
.text:08000190 ; ---------------------------------------------------------------------------
.text:08000190
.text:08000190 ifx_2:                                  ; ...
.text:08000190                 mov     eax, [ebp+i]
.text:08000193                 mov     ecx, eax
.text:08000195                 inc     eax
.text:08000196                 mov     [ebp+i], eax
.text:08000199                 jmp     short ifx_1
.text:0800019B ; ---------------------------------------------------------------------------
.text:0800019B
.text:0800019B ifx_3:                                  ; ...
.text:0800019B                 mov     eax, [ebp+i]
.text:0800019E                 shl     eax, 2
.text:080001A1                 lea     ecx, [ebp+res]
.text:080001A4                 add     ecx, eax
.text:080001A6                 mov     eax, [ebp+a]
.text:080001A9                 mov     edx, [ebp+i]
.text:080001AC                 shl     edx, 2
.text:080001AF                 add     eax, edx
.text:080001B1                 mov     edx, [ebp+b]
.text:080001B4                 mov     [ebp+tmp], ecx
.text:080001B7                 mov     ecx, [ebp+i]
.text:080001BA                 shl     ecx, 2
.text:080001BD                 add     edx, ecx
.text:080001BF                 mov     ecx, [eax]
.text:080001C1                 mov     eax, [edx]
.text:080001C3                 xor     ecx, eax
.text:080001C5                 mov     eax, [ebp+tmp]
.text:080001C8                 mov     [eax], ecx
.text:080001CA                 jmp     short ifx_2
.text:080001CC ; ---------------------------------------------------------------------------
.text:080001CC
.text:080001CC ifx_4:                                  ; ...
.text:080001CC                 mov     eax, [ebp+res_ret]
.text:080001CF                 mov     ecx, 16
.text:080001D4                 push    ecx
.text:080001D5                 lea     ecx, [ebp+res]
.text:080001D8                 push    ecx
.text:080001D9                 push    eax
.text:080001DA                 call    memmove
.text:080001DF                 add     esp, 12
.text:080001E2                 leave
.text:080001E3                 retn
.text:080001E3 iflag_xor       endp
.text:080001E3
.text:080001E4
.text:080001E4 ; =============== S U B R O U T I N E =======================================
.text:080001E4
.text:080001E4 ; Attributes: bp-based frame
.text:080001E4
.text:080001E4 iflag_cmp_cpu   proc near
.text:080001E4
.text:080001E4 a               = dword ptr  8
.text:080001E4 b               = dword ptr  0Ch
.text:080001E4
.text:080001E4                 push    ebp             ; static inline int iflag_cmp_cpu(const iflag_t *a, const iflag_t *b)
.text:080001E5                 mov     ebp, esp
.text:080001E7                 sub     esp, 0
.text:080001ED                 nop
.text:080001EE                 mov     eax, [ebp+a]
.text:080001F1                 add     eax, 12
.text:080001F4                 mov     ecx, [ebp+b]
.text:080001F7                 add     ecx, 12
.text:080001FA                 mov     edx, [eax]
.text:080001FC                 mov     eax, [ecx]
.text:080001FE                 sub     edx, eax
.text:08000200                 mov     eax, edx
.text:08000202                 leave
.text:08000203                 retn
.text:08000203 iflag_cmp_cpu   endp
.text:08000203
.text:08000204
.text:08000204 ; =============== S U B R O U T I N E =======================================
.text:08000204
.text:08000204 ; Attributes: bp-based frame
.text:08000204
.text:08000204 _iflag_cpu_level proc near              ; ...
.text:08000204
.text:08000204 a               = dword ptr  8
.text:08000204
.text:08000204                 push    ebp             ; static inline uint32_t _iflag_cpu_level(const iflag_t *a)
.text:08000205                 mov     ebp, esp
.text:08000207                 sub     esp, 0
.text:0800020D                 nop
.text:0800020E                 mov     eax, [ebp+a]
.text:08000211                 add     eax, 12
.text:08000214                 mov     ecx, [eax]
.text:08000216                 and     ecx, 0FFFFh
.text:0800021C                 mov     eax, ecx
.text:0800021E                 leave
.text:0800021F                 retn
.text:0800021F _iflag_cpu_level endp
.text:0800021F
.text:08000220
.text:08000220 ; =============== S U B R O U T I N E =======================================
.text:08000220
.text:08000220 ; Attributes: bp-based frame
.text:08000220
.text:08000220 iflag_cmp_cpu_level proc near
.text:08000220
.text:08000220 bb              = dword ptr -8
.text:08000220 aa              = dword ptr -4
.text:08000220 a               = dword ptr  8
.text:08000220 b               = dword ptr  0Ch
.text:08000220
.text:08000220                 push    ebp             ; static inline int iflag_cmp_cpu_level(const iflag_t *a, const iflag_t *b)
.text:08000221                 mov     ebp, esp
.text:08000223                 sub     esp, 8
.text:08000229                 nop
.text:0800022A                 mov     eax, [ebp+a]
.text:0800022D                 push    eax
.text:0800022E                 call    _iflag_cpu_level
.text:08000233                 add     esp, 4
.text:08000236                 mov     [ebp+aa], eax
.text:08000239                 mov     eax, [ebp+b]
.text:0800023C                 push    eax
.text:0800023D                 call    _iflag_cpu_level
.text:08000242                 add     esp, 4
.text:08000245                 mov     [ebp+bb], eax
.text:08000248                 mov     eax, [ebp+aa]
.text:0800024B                 mov     ecx, [ebp+bb]
.text:0800024E                 sub     eax, ecx
.text:08000250                 leave
.text:08000251                 retn
.text:08000251 iflag_cmp_cpu_level endp
.text:08000251
.text:08000252
.text:08000252 ; =============== S U B R O U T I N E =======================================
.text:08000252
.text:08000252 ; Attributes: bp-based frame
.text:08000252
.text:08000252 iflag_cpu_level_ok proc near
.text:08000252
.text:08000252 a               = dword ptr  8
.text:08000252 bit             = dword ptr  0Ch
.text:08000252
.text:08000252                 push    ebp             ; static inline bool iflag_cpu_level_ok(const iflag_t *a, unsigned int bit)
.text:08000253                 mov     ebp, esp
.text:08000255                 sub     esp, 0
.text:0800025B                 nop
.text:0800025C                 mov     eax, [ebp+a]
.text:0800025F                 push    eax
.text:08000260                 call    _iflag_cpu_level
.text:08000265                 add     esp, 4
.text:08000268                 mov     ecx, [ebp+bit]
.text:0800026B                 and     ecx, 1Fh
.text:0800026E                 mov     edx, 1
.text:08000273                 shl     edx, cl
.text:08000275                 cmp     eax, edx
.text:08000277                 mov     eax, 0
.text:0800027C                 setnb   al
.text:0800027F                 leave
.text:08000280                 retn
.text:08000280 iflag_cpu_level_ok endp
.text:08000280
.text:08000281
.text:08000281 ; =============== S U B R O U T I N E =======================================
.text:08000281
.text:08000281 ; Attributes: bp-based frame
.text:08000281
.text:08000281 iflag_set_all_features proc near        ; ...
.text:08000281
.text:08000281 i               = dword ptr -4
.text:08000281 a               = dword ptr  8
.text:08000281
.text:08000281                 push    ebp
.text:08000282                 mov     ebp, esp
.text:08000284                 sub     esp, 4
.text:0800028A                 nop
.text:0800028B                 mov     eax, 1
.text:08000290                 mov     [ebp+i], eax
.text:08000293
.text:08000293 ifsa_1:                                 ; ...
.text:08000293                 mov     eax, [ebp+i]
.text:08000296                 cmp     eax, 3
.text:08000299                 jnb     ifsa_4
.text:0800029F                 jmp     ifsa_3
.text:080002A4 ; ---------------------------------------------------------------------------
.text:080002A4
.text:080002A4 ifsa_2:                                 ; ...
.text:080002A4                 mov     eax, [ebp+i]
.text:080002A7                 mov     ecx, eax
.text:080002A9                 inc     eax
.text:080002AA                 mov     [ebp+i], eax
.text:080002AD                 jmp     short ifsa_1
.text:080002AF ; ---------------------------------------------------------------------------
.text:080002AF
.text:080002AF ifsa_3:                                 ; ...
.text:080002AF                 mov     eax, [ebp+a]
.text:080002B2                 mov     ecx, [ebp+i]
.text:080002B5                 shl     ecx, 2
.text:080002B8                 add     eax, ecx
.text:080002BA                 mov     ecx, 0FFFFFFFFh
.text:080002BF                 mov     [eax], ecx
.text:080002C1                 jmp     short ifsa_2
.text:080002C3 ; ---------------------------------------------------------------------------
.text:080002C3
.text:080002C3 ifsa_4:                                 ; ...
.text:080002C3                 leave
.text:080002C4                 retn
.text:080002C4 iflag_set_all_features endp
.text:080002C4
.text:080002C5
.text:080002C5 ; =============== S U B R O U T I N E =======================================
.text:080002C5
.text:080002C5 ; Attributes: bp-based frame
.text:080002C5
.text:080002C5 iflag_set_cpu   proc near               ; ...
.text:080002C5
.text:080002C5 a               = dword ptr  8
.text:080002C5 cpu             = dword ptr  0Ch
.text:080002C5
.text:080002C5                 push    ebp             ; static inline void iflag_set_cpu(iflag_t *a, unsigned int cpu)
.text:080002C6                 mov     ebp, esp
.text:080002C8                 sub     esp, 0
.text:080002CE                 nop
.text:080002CF                 mov     eax, [ebp+a]
.text:080002D2                 mov     ecx, 0
.text:080002D7                 mov     [eax], ecx
.text:080002D9                 mov     eax, [ebp+a]
.text:080002DC                 push    eax
.text:080002DD                 call    iflag_set_all_features
.text:080002E2                 add     esp, 4
.text:080002E5                 mov     eax, [ebp+a]
.text:080002E8                 add     eax, 12
.text:080002EB                 mov     ecx, [eax]
.text:080002ED                 and     ecx, 0FFFF0000h
.text:080002F3                 mov     [eax], ecx
.text:080002F5                 mov     eax, [ebp+cpu]
.text:080002F8                 push    eax
.text:080002F9                 mov     eax, [ebp+a]
.text:080002FC                 push    eax
.text:080002FD                 call    iflag_set
.text:08000302                 add     esp, 8
.text:08000305                 leave
.text:08000306                 retn
.text:08000306 iflag_set_cpu   endp
.text:08000306
.text:08000307
.text:08000307 ; =============== S U B R O U T I N E =======================================
.text:08000307
.text:08000307 ; Attributes: bp-based frame
.text:08000307
.text:08000307 iflag_set_default_cpu proc near
.text:08000307
.text:08000307 a               = dword ptr  8
.text:08000307
.text:08000307                 push    ebp             ; static inline void iflag_set_default_cpu(iflag_t *a)
.text:08000308                 mov     ebp, esp
.text:0800030A                 sub     esp, 0
.text:08000310                 nop
.text:08000311                 mov     eax, 111
.text:08000316                 push    eax
.text:08000317                 mov     eax, [ebp+a]
.text:0800031A                 push    eax
.text:0800031B                 call    iflag_set_cpu
.text:08000320                 add     esp, 8
.text:08000323                 leave
.text:08000324                 retn
.text:08000324 iflag_set_default_cpu endp
.text:08000324
.text:08000325
.text:08000325 ; =============== S U B R O U T I N E =======================================
.text:08000325
.text:08000325 ; Attributes: bp-based frame
.text:08000325
.text:08000325 _iflag_pfmask   proc near
.text:08000325
.text:08000325 r               = byte ptr -10h
.text:08000325 r_ret           = dword ptr  8
.text:08000325 a               = dword ptr  0Ch
.text:08000325
.text:08000325                 push    ebp             ; static inline iflag_t _iflag_pfmask(const iflag_t *a)
.text:08000326                 mov     ebp, esp
.text:08000328                 sub     esp, 16
.text:0800032E                 nop
.text:0800032F                 lea     eax, [ebp+r]
.text:08000332                 push    eax
.text:08000333                 call    iflag_clear_all
.text:08000338                 add     esp, 4
.text:0800033B                 mov     eax, 112
.text:08000340                 push    eax
.text:08000341                 mov     eax, [ebp+a]
.text:08000344                 push    eax
.text:08000345                 call    iflag_test
.text:0800034A                 add     esp, 8
.text:0800034D                 cmp     eax, 0
.text:08000350                 jz      ifp_1
.text:08000356                 mov     eax, 112
.text:0800035B                 push    eax
.text:0800035C                 lea     eax, [ebp+r]
.text:0800035F                 push    eax
.text:08000360                 call    iflag_set
.text:08000365                 add     esp, 8
.text:08000368
.text:08000368 ifp_1:                                  ; ...
.text:08000368                 mov     eax, 113
.text:0800036D                 push    eax
.text:0800036E                 mov     eax, [ebp+a]
.text:08000371                 push    eax
.text:08000372                 call    iflag_test
.text:08000377                 add     esp, 8
.text:0800037A                 cmp     eax, 0
.text:0800037D                 jz      ifp_2
.text:08000383                 mov     eax, 113
.text:08000388                 push    eax
.text:08000389                 lea     eax, [ebp+r]
.text:0800038C                 push    eax
.text:0800038D                 call    iflag_set
.text:08000392                 add     esp, 8
.text:08000395
.text:08000395 ifp_2:                                  ; ...
.text:08000395                 mov     eax, [ebp+r_ret]
.text:08000398                 mov     ecx, 16
.text:0800039D                 push    ecx
.text:0800039E                 lea     ecx, [ebp+r]
.text:080003A1                 push    ecx
.text:080003A2                 push    eax
.text:080003A3                 call    memmove
.text:080003A8                 add     esp, 12
.text:080003AB                 leave
.text:080003AC                 retn
.text:080003AC _iflag_pfmask   endp
.text:080003AC
.text:080003AC _text           ends
.text:080003AC
.data:080003B0 ; ===========================================================================
.data:080003B0
.data:080003B0 ; Segment type: Pure data
.data:080003B0 ; Segment permissions: Read/Write
.data:080003B0 _data           segment dword public 'DATA' use32
.data:080003B0                 assume cs:_data
.data:080003B0                 ;org 80003B0h
.data:080003B0                 public insns_flags
.data:080003B0 insns_flags     dd          0,         0,         0,         1
.data:080003B0                 dd          0,       10h,         0,         1
.data:080003B0                 dd          4,       10h,         0,         1
.data:080003B0                 dd          1,         8,         0,         1
.data:080003B0                 dd          1,         8,         0,         8
.data:080003B0                 dd          0,         0,         0,         8
.data:080003B0                 dd          1,       28h,         0,      400h
.data:080003B0                 dd          0,       20h,         0,      400h
.data:080003B0                 dd          1,         0,         0,         1
.data:080003B0                 dd          1,         0,         0,         8
.data:080003B0                 dd          1,       20h,         0,      400h
.data:080003B0                 dd          0,         8,         0,         1
.data:080003B0                 dd          0,         8,         0,         8
.data:080003B0                 dd          0,       28h,         0,      400h
.data:080003B0                 dd          1,       18h,         0,         1
.data:080003B0                 dd          1,       14h,         0,         4
.data:080003B0                 dd          0,       14h,         0,         4
.data:080003B0                 dd          0,         0,   400000h,    10020h
.data:080003B0                 dd          0,       10h,         0,         2
.data:080003B0                 dd          0,       10h,         0,         8
.data:080003B0                 dd          0,         0,         0,       10h
.data:080003B0                 dd          4,         0,         0,         8
.data:080003B0                 dd          4,       20h,         0,      400h
.data:080003B0                 dd          4,         8,         0,         8
.data:080003B0                 dd          4,       28h,         0,      400h
.data:080003B0                 dd          0,      100h,         0,         1
.data:080003B0                 dd          0,      110h,         0,         1
.data:080003B0                 dd          0,      110h,         0,         8
.data:080003B0                 dd          0,      120h,         0,      400h
.data:080003B0                 dd          0,         1,         0,         4
.data:080003B0                 dd          1,       10h,         0,         1
.data:080003B0                 dd          1,         8,         0,       20h
.data:080003B0                 dd          0,         0,         0,       20h
.data:080003B0                 dd          1,      208h,   400000h,       10h
.data:080003B0                 dd          0,      200h,   400000h,       10h
.data:080003B0                 dd          0,         8,         0,       20h
.data:080003B0                 dd          0,         0,         0,    10020h
.data:080003B0                 dd          0,         0,         0,    10040h
.data:080003B0                 dd          0,     1000h,         0,       20h
.data:080003B0                 dd          0,         0,         0,         2
.data:080003B0                 dd          0,      800h,         0,         1
.data:080003B0                 dd          0,      800h,         0,       40h
.data:080003B0                 dd          0,      800h,         0,         8
.data:080003B0                 dd          0,     2000h,         0,       20h
.data:080003B0                 dd          0,     0A00h,         0,         4
.data:080003B0                 dd          0,      800h,         0,      200h
.data:080003B0                 dd          8,      800h,         0,         1
.data:080003B0                 dd          0,      800h,         0,         4
.data:080003B0                 dd          0,         1,         0,         1
.data:080003B0                 dd          8,      200h,   400000h,         8
.data:080003B0                 dd          0,      200h,   400000h,         8
.data:080003B0                 dd        10h,      200h,   400000h,         8
.data:080003B0                 dd          1,         0,         0,         2
.data:080003B0                 dd          4,         0,         0,         1
.data:080003B0                 dd          0,         1,         0,       10h
.data:080003B0                 dd          0, 40000011h,         0,     4000h
.data:080003B0                 dd          0, 40000021h,         0,     4000h
.data:080003B0                 dd          0,       10h,         0,    20400h
.data:080003B0                 dd          0,         0,         0,    20400h
.data:080003B0                 dd          0,       20h,         0,    20400h
.data:080003B0                 dd          0,         0,         0,     8000h
.data:080003B0                 dd          8,         4,         0,         4
.data:080003B0                 dd          0,         4,         0,         4
.data:080003B0                 dd          0,         4,         0,         8
.data:080003B0                 dd          0,       24h,         0,      400h
.data:080003B0                 dd          8,         4,         0,         8
.data:080003B0                 dd          8,       24h,         0,      400h
.data:080003B0                 dd          0,         5,         0,         4
.data:080003B0                 dd          0,      200h,   400000h,         4
.data:080003B0                 dd          0,         0,         0,      200h
.data:080003B0                 dd          0,       10h,         0,      200h
.data:080003B0                 dd          0,         0,         0,    20000h
.data:080003B0                 dd          8,         0,         0,         1
.data:080003B0                 dd     10000h,       20h,         0,      400h
.data:080003B0                 dd     10000h,         0,         0,         1
.data:080003B0                 dd     10000h,         0,         0,         8
.data:080003B0                 dd          1,       40h,         0,         1
.data:080003B0                 dd          1,       40h,         0,         8
.data:080003B0                 dd          1,       60h,         0,      400h
.data:080003B0                 dd          0,       11h,         0,         8
.data:080003B0                 dd          0,       21h,         0,      400h
.data:080003B0                 dd     10001h,       20h,         0,      400h
.data:080003B0                 dd        10h,     1000h,         0,       20h
.data:080003B0                 dd       400h,     1020h,         0,      400h
.data:080003B0                 dd        20h,     1000h,         0,       20h
.data:080003B0                 dd          0,     1020h,         0,      400h
.data:080003B0                 dd          0,         0,         0,       40h
.data:080003B0                 dd        20h,     1000h,         0,    10020h
.data:080003B0                 dd        20h,     2000h,         0,       20h
.data:080003B0                 dd          1,     1000h,         0,    10020h
.data:080003B0                 dd          0,      200h,   400000h,         1
.data:080003B0                 dd      0A00h,         0,         0,         2
.data:080003B0                 dd      0A00h,       10h,         0,         8
.data:080003B0                 dd        10h,       10h,         0,         8
.data:080003B0                 dd      0A00h,       20h,         0,      400h
.data:080003B0                 dd          0,         2,         0,    10040h
.data:080003B0                 dd          0,         1,         0,       20h
.data:080003B0                 dd          0,         0,         0,      400h
.data:080003B0                 dd          8,      100h,         0,         1
.data:080003B0                 dd          8,      110h,         0,         1
.data:080003B0                 dd          8,      120h,         0,      400h
.data:080003B0                 dd          8,       20h,         0,      400h
.data:080003B0                 dd          0,         2,         0,    10010h
.data:080003B0                 dd          0,         2,         0,       20h
.data:080003B0                 dd          0,      200h,         0,         1
.data:080003B0                 dd          0,         0,         0,         4
.data:080003B0                 dd      2006h,         0,         0,         8
.data:080003B0                 dd      2006h,       20h,         0,      400h
.data:080003B0                 dd          0,      200h,         0,         8
.data:080003B0                 dd          0,         0,   400000h,    10010h
.data:080003B0                 dd          0,         0,         0,    20040h
.data:080003B0                 dd          0,         1,         0,       40h
.data:080003B0                 dd          0,         1,         0,    20040h
.data:080003B0                 dd          0,         0,   400000h,         2
.data:080003B0                 dd          1,      200h,         0,         8
.data:080003B0                 dd          1,         8,         0,       10h
.data:080003B0                 dd          8,      200h,         0,         8
.data:080003B0                 dd        10h,      200h,         0,         8
.data:080003B0                 dd          1,         0,         0,       40h
.data:080003B0                 dd          0,      100h,         0,         8
.data:080003B0                 dd          0,     4000h,         0,       80h
.data:080003B0                 dd      2004h,     4000h,         0,       80h
.data:080003B0                 dd          0,     5000h,         0,       80h
.data:080003B0                 dd      1010h,     4000h,         0,       80h
.data:080003B0                 dd      1020h,     4020h,         0,      400h
.data:080003B0                 dd      1010h,     4020h,         0,      400h
.data:080003B0                 dd        20h,     5000h,         0,       80h
.data:080003B0                 dd          0,     4020h,         0,      400h
.data:080003B0                 dd          0,     4800h,         0,       40h
.data:080003B0                 dd          0,     4820h,         0,      400h
.data:080003B0                 dd          0,         0,         0,      800h
.data:080003B0                 dd          0,         1,         0,      800h
.data:080003B0                 dd          0,       20h,         0,      800h
.data:080003B0                 dd          0,         0,         0,     4000h
.data:080003B0                 dd          0,       20h,         0,     4000h
.data:080003B0                 dd          0,         0,         0,       80h
.data:080003B0                 dd          0,     1000h,         0,       80h
.data:080003B0                 dd        20h,     1000h,         0,       80h
.data:080003B0                 dd      2004h,     1000h,         0,       80h
.data:080003B0                 dd      2006h,     1000h,         0,       80h
.data:080003B0                 dd          0,     8000h,         0,      100h
.data:080003B0                 dd        40h,     8000h,         0,      100h
.data:080003B0                 dd        10h,         0,         0,      100h
.data:080003B0                 dd        20h,       20h,         0,      400h
.data:080003B0                 dd        10h,     8000h,         0,      100h
.data:080003B0                 dd        20h,     8000h,         0,      100h
.data:080003B0                 dd          0,     8020h,         0,      400h
.data:080003B0                 dd        20h,     1000h,         0,      100h
.data:080003B0                 dd      2004h,     8000h,         0,      100h
.data:080003B0                 dd      2004h,     8020h,         0,      400h
.data:080003B0                 dd      2006h,     8000h,         0,      100h
.data:080003B0                 dd      1004h,     8000h,         0,      100h
.data:080003B0                 dd      1020h,     8000h,         0,      100h
.data:080003B0                 dd      1020h,     8020h,         0,      400h
.data:080003B0                 dd      1010h,     8000h,         0,      100h
.data:080003B0                 dd      2005h,     8000h,         0,      100h
.data:080003B0                 dd        40h,    10000h,         0,      200h
.data:080003B0                 dd          0,    10000h,         0,      200h
.data:080003B0                 dd          0,    20000h,         0,    20000h
.data:080003B0                 dd          0,    20000h,         0,         0
.data:080003B0                 dd        10h,    20010h,         0,         0
.data:080003B0                 dd        20h,    20020h,         0,      400h
.data:080003B0                 dd        40h,    20010h,         0,         0
.data:080003B0                 dd        40h,    20020h,         0,         0
.data:080003B0                 dd        20h,    41000h,         0,         0
.data:080003B0                 dd          0,    40000h,         0,         0
.data:080003B0                 dd          0,    80000h,         0,    20000h
.data:080003B0                 dd        20h,    80000h,         0,    20000h
.data:080003B0                 dd        10h,    80000h,         0,    20000h
.data:080003B0                 dd          0,   100000h,         0,         0
.data:080003B0                 dd          0,   100020h,         0,      400h
.data:080003B0                 dd        10h,   100000h,         0,         0
.data:080003B0                 dd      2004h,   100000h,         0,         0
.data:080003B0                 dd      2004h,   100020h,         0,      400h
.data:080003B0                 dd        20h,   100000h,         0,         0
.data:080003B0                 dd          8,   100000h,         0,         0
.data:080003B0                 dd          0,   200000h,         0,         0
.data:080003B0                 dd          0,   200020h,         0,      400h
.data:080003B0                 dd          8,         0,         0,      800h
.data:080003B0                 dd        10h,         0,         0,      800h
.data:080003B0                 dd        20h,       20h,         0,     0C00h
.data:080003B0                 dd        20h,     2000h,         0,    10020h
.data:080003B0                 dd          1,         0,         0,      800h
.data:080003B0                 dd          0,     4000h,         0,     1000h
.data:080003B0                 dd          0,   800000h,   800000h,     2000h
.data:080003B0                 dd          0,         0,   801000h,     4000h
.data:080003B0                 dd          0, 80000000h,  1001040h,     4000h
.data:080003B0                 dd          0, 80000000h,  1001000h,     4000h
.data:080003B0                 dd        40h,   800000h,   800000h,     2000h
.data:080003B0                 dd        80h,   800000h,   800000h,     2000h
.data:080003B0                 dd          0,   800020h,   800000h,     2000h
.data:080003B0                 dd        10h,   800000h,   800000h,     2000h
.data:080003B0                 dd        20h,   800020h,   800000h,     2000h
.data:080003B0                 dd        20h,   800000h,   800000h,     2000h
.data:080003B0                 dd          0,         0,   802000h,     4000h
.data:080003B0                 dd          0,         0,  1002040h,     4000h
.data:080003B0                 dd          0, 80000000h,  1002000h,     4000h
.data:080003B0                 dd          0,  2000000h,   800000h,     4000h
.data:080003B0                 dd          0,   800000h,   800000h,     4000h
.data:080003B0                 dd          0,         1,         0,     4000h
.data:080003B0                 dd          0,         0,   800000h,    20008h
.data:080003B0                 dd          0,       20h,   800000h,    20400h
.data:080003B0                 dd          0,   400000h,   800000h,    20000h
.data:080003B0                 dd          0,  1000000h,   800000h,     4000h
.data:080003B0                 dd          0, 20000000h,         0,     4000h
.data:080003B0                 dd          0, 20000010h,         0,     4000h
.data:080003B0                 dd          0, 20000020h,         0,     4000h
.data:080003B0                 dd          0, 20000400h,         0,     4000h
.data:080003B0                 dd          0,  4000000h,   800000h,     4000h
.data:080003B0                 dd          0,  4000020h,   800000h,     4000h
.data:080003B0                 dd          0, 10000000h,   800000h,     4000h
.data:080003B0                 dd          0, 10000020h,   800000h,     4000h
.data:080003B0                 dd          0,  8000000h,   800000h,     4000h
.data:080003B0                 dd          0,  8000020h,   800000h,     4000h
.data:080003B0                 dd          0,  4000000h,         0,     4000h
.data:080003B0                 dd          0,  4000020h,         0,     4000h
.data:080003B0                 dd          0,         0,       20h,     4000h
.data:080003B0                 dd          0,       80h,         8,     4000h
.data:080003B0                 dd          0,         0,         8,     4000h
.data:080003B0                 dd          0,       10h,         8,     4000h
.data:080003B0                 dd          0,       20h,         8,     4000h
.data:080003B0                 dd          0,       90h,         8,     4000h
.data:080003B0                 dd          0,      0A0h,         8,     4000h
.data:080003B0                 dd          0,         0,       10h,     4000h
.data:080003B0                 dd          0,         0,   800000h,     4000h
.data:080003B0                 dd          0, 80000000h,  1000040h,     4000h
.data:080003B0                 dd          0, 80000000h,  1000000h,     4000h
.data:080003B0                 dd          0,         0,  10000C0h,     4000h
.data:080003B0                 dd          0,         0,  1000080h,     4000h
.data:080003B0                 dd          0,         0,  1000140h,     4000h
.data:080003B0                 dd          0,         0,  1000100h,     4000h
.data:080003B0                 dd          0,         0,  1000002h,     4000h
.data:080003B0                 dd          0,         0,  1000004h,     4000h
.data:080003B0                 dd          0,         0,  1000041h,     4000h
.data:080003B0                 dd          0,         0,  1000001h,     4000h
.data:080003B0                 dd          0,         0,  1000440h,     4000h
.data:080003B0                 dd          0,         0,  1000400h,     4000h
.data:080003B0                 dd          0,         0,  1000240h,     4000h
.data:080003B0                 dd          0,         0,  1000200h,     4000h
.data:080003B0                 dd          0,       20h,         0,     4400h
.data:080003B0                 dd          0,       10h,         0,     4000h
.data:080003B0                 dd          0,      220h,         0,     4400h
.data:080003B0                 dd          0,      200h,   400000h,     4000h
.data:080003B0                 dd          0,         0,         0,    24000h
.data:080003B0                 dd          0,       10h,         0,    24000h
.data:080003B0                 dd          0,       20h,         0,    24400h
.data:080003B0                 dd        10h,         0,         0,     4000h
.data:080003B0                 dd        20h,       20h,         0,     4400h
.data:080003B0                 dd          0,     4000h,     4000h,     4000h
.data:080003B0                 dd          0,   800000h,   804000h,     4000h
.data:080003B0                 dd          0,         0,  1004040h,     4000h
.data:080003B0                 dd          0, 80000000h,  1004000h,     4000h
.data:080003B0                 dd          0,         0,  1008040h,     4000h
.data:080003B0                 dd          0,         0,  1008000h,     4000h
.data:080003B0                 dd          0,         0,  1010040h,     4000h
.data:080003B0                 dd          0,         0,  1010000h,     4000h
.data:080003B0                 dd          0,         0,  1020040h,     4000h
.data:080003B0                 dd          0,         0,  1020000h,     4000h
.data:080003B0                 dd          0,         0,  1040040h,     4000h
.data:080003B0                 dd          0,         0,  1040000h,     4000h
.data:080003B0                 dd        40h,         0,  1080000h,     4000h
.data:080003B0                 dd        40h,         0,  1100000h,     4000h
.data:080003B0                 dd          0,         0,   200000h,     4000h
.data:080003B0                 dd          0,      200h,         0,       40h
.data:080003B0                 dd          0,      220h,         0,      400h
.data:080003B0 _data           ends
.data:080003B0
.bss:08001440 ; ===========================================================================
.bss:08001440
.bss:08001440 ; Segment type: Zero-length
.bss:08001440 ; Segment permissions: Read/Write
.bss:08001440 _bss            segment dword public 'BSS' use32
.bss:08001440 _bss            ends
.bss:08001440
extern:08001444 ; ===========================================================================
extern:08001444
extern:08001444 ; Segment type: Externs
extern:08001444 ; extern
extern:08001444                 extrn memset:near       ; ...
extern:08001448                 extrn memmove:near      ; ...
extern:08001448
extern:08001448
extern:08001448                 end
