.text:08000000 ;
.text:08000000 ; +-------------------------------------------------------------------------+
.text:08000000 ; |   This file has been generated by The Interactive Disassembler (IDA)    |
.text:08000000 ; |           Copyright (c) 2018 Hex-Rays, <support@hex-rays.com>           |
.text:08000000 ; |                            Freeware version                             |
.text:08000000 ; +-------------------------------------------------------------------------+
.text:08000000 ;
.text:08000000 ; Input SHA256 : 812EF5C06BA5702483A54D0957923449A4F813362CDA8B36DC53FEA8D6368EFB
.text:08000000 ; Input MD5    : E47DA90A1609EEB62DF29EDB82E42214
.text:08000000 ; Input CRC32  : 314F479B
.text:08000000
.text:08000000 ; File Name   : C:\Users\90542\OneDrive\Masaüstü\nasm_214_c_o\path.o
.text:08000000 ; Format      : ELF for Intel 386 (Relocatable)
.text:08000000 ;
.text:08000000 ; Source File : 'path.c'
.text:08000000
.text:08000000                 .686p
.text:08000000                 .mmx
.text:08000000                 .model flat
.text:08000000 .intel_syntax noprefix
.text:08000000
.text:08000000 ; ===========================================================================
.text:08000000
.text:08000000 ; Segment type: Pure code
.text:08000000 ; Segment permissions: Read/Execute
.text:08000000 _text           segment dword public 'CODE' use32
.text:08000000                 assume cs:_text
.text:08000000                 ;org 8000000h
.text:08000000                 assume es:nothing, ss:nothing, ds:_data, fs:nothing, gs:nothing
.text:08000000
.text:08000000 ; =============== S U B R O U T I N E =======================================
.text:08000000
.text:08000000 ; Attributes: bp-based frame
.text:08000000
.text:08000000 overflow_general proc near
.text:08000000
.text:08000000 var_18          = dword ptr -18h
.text:08000000 var_14          = dword ptr -14h
.text:08000000 var_10          = dword ptr -10h
.text:08000000 var_C           = dword ptr -0Ch
.text:08000000 var_4           = dword ptr -4
.text:08000000 arg_0           = dword ptr  8
.text:08000000 arg_4           = dword ptr  0Ch
.text:08000000 arg_8           = dword ptr  10h
.text:08000000
.text:08000000                 push    ebp
.text:08000001                 mov     ebp, esp
.text:08000003                 sub     esp, 18h
.text:08000009                 nop
.text:0800000A                 mov     eax, [ebp+arg_8]
.text:0800000D                 cmp     eax, 8
.text:08000010                 jl      loc_8000020
.text:08000016                 mov     eax, 0
.text:0800001B                 jmp     locret_80000D4
.text:08000020 ; ---------------------------------------------------------------------------
.text:08000020
.text:08000020 loc_8000020:                            ; ...
.text:08000020                 mov     eax, [ebp+arg_8]
.text:08000023                 shl     eax, 3
.text:08000026                 dec     eax
.text:08000027                 mov     [ebp+var_4], eax
.text:0800002A                 mov     eax, [ebp+var_4]
.text:0800002D                 push    eax
.text:0800002E                 mov     eax, 2
.text:08000033                 mov     ecx, 0
.text:08000038                 push    ecx
.text:08000039                 push    eax
.text:0800003A                 call    __ashldi3
.text:0800003F                 add     esp, 0Ch
.text:08000042                 sub     eax, 1
.text:08000045                 sbb     edx, 0
.text:08000048                 mov     [ebp+var_10], eax
.text:0800004B                 mov     [ebp+var_C], edx
.text:0800004E                 mov     eax, [ebp+var_4]
.text:08000051                 push    eax
.text:08000052                 mov     eax, 2
.text:08000057                 mov     ecx, 0
.text:0800005C                 push    ecx
.text:0800005D                 push    eax
.text:0800005E                 call    __ashldi3
.text:08000063                 add     esp, 0Ch
.text:08000066                 mov     ecx, 0
.text:0800006B                 sub     ecx, eax
.text:0800006D                 mov     eax, 0
.text:08000072                 sbb     eax, edx
.text:08000074                 mov     [ebp+var_18], ecx
.text:08000077                 mov     [ebp+var_14], eax
.text:0800007A                 mov     eax, [ebp+arg_4]
.text:0800007D                 mov     ecx, [ebp+var_14]
.text:08000080                 cmp     eax, ecx
.text:08000082                 jg      loc_80000A1
.text:08000088                 jnz     loc_800009C
.text:0800008E                 mov     eax, [ebp+arg_0]
.text:08000091                 mov     ecx, [ebp+var_18]
.text:08000094                 cmp     eax, ecx
.text:08000096                 jnb     loc_80000A1
.text:0800009C
.text:0800009C loc_800009C:                            ; ...
.text:0800009C                 jmp     loc_80000CF
.text:080000A1 ; ---------------------------------------------------------------------------
.text:080000A1
.text:080000A1 loc_80000A1:                            ; ...
.text:080000A1                 mov     eax, [ebp+arg_4]
.text:080000A4                 mov     ecx, [ebp+var_C]
.text:080000A7                 cmp     eax, ecx
.text:080000A9                 jl      loc_80000C8
.text:080000AF                 jnz     loc_80000C3
.text:080000B5                 mov     eax, [ebp+arg_0]
.text:080000B8                 mov     ecx, [ebp+var_10]
.text:080000BB                 cmp     eax, ecx
.text:080000BD                 jbe     loc_80000C8
.text:080000C3
.text:080000C3 loc_80000C3:                            ; ...
.text:080000C3                 jmp     loc_80000CF
.text:080000C8 ; ---------------------------------------------------------------------------
.text:080000C8
.text:080000C8 loc_80000C8:                            ; ...
.text:080000C8                 mov     eax, 0
.text:080000CD                 jmp     short locret_80000D4
.text:080000CF ; ---------------------------------------------------------------------------
.text:080000CF
.text:080000CF loc_80000CF:                            ; ...
.text:080000CF                 mov     eax, 1
.text:080000D4
.text:080000D4 locret_80000D4:                         ; ...
.text:080000D4                 leave
.text:080000D5                 retn
.text:080000D5 overflow_general endp
.text:080000D5
.text:080000D6
.text:080000D6 ; =============== S U B R O U T I N E =======================================
.text:080000D6
.text:080000D6 ; Attributes: bp-based frame
.text:080000D6
.text:080000D6 overflow_signed proc near
.text:080000D6
.text:080000D6 var_18          = dword ptr -18h
.text:080000D6 var_14          = dword ptr -14h
.text:080000D6 var_10          = dword ptr -10h
.text:080000D6 var_C           = dword ptr -0Ch
.text:080000D6 var_4           = dword ptr -4
.text:080000D6 arg_0           = dword ptr  8
.text:080000D6 arg_4           = dword ptr  0Ch
.text:080000D6 arg_8           = dword ptr  10h
.text:080000D6
.text:080000D6                 push    ebp
.text:080000D7                 mov     ebp, esp
.text:080000D9                 sub     esp, 18h
.text:080000DF                 nop
.text:080000E0                 mov     eax, [ebp+arg_8]
.text:080000E3                 cmp     eax, 8
.text:080000E6                 jl      loc_80000F6
.text:080000EC                 mov     eax, 0
.text:080000F1                 jmp     locret_80001AA
.text:080000F6 ; ---------------------------------------------------------------------------
.text:080000F6
.text:080000F6 loc_80000F6:                            ; ...
.text:080000F6                 mov     eax, [ebp+arg_8]
.text:080000F9                 shl     eax, 3
.text:080000FC                 dec     eax
.text:080000FD                 mov     [ebp+var_4], eax
.text:08000100                 mov     eax, [ebp+var_4]
.text:08000103                 push    eax
.text:08000104                 mov     eax, 1
.text:08000109                 mov     ecx, 0
.text:0800010E                 push    ecx
.text:0800010F                 push    eax
.text:08000110                 call    __ashldi3
.text:08000115                 add     esp, 0Ch
.text:08000118                 sub     eax, 1
.text:0800011B                 sbb     edx, 0
.text:0800011E                 mov     [ebp+var_10], eax
.text:08000121                 mov     [ebp+var_C], edx
.text:08000124                 mov     eax, [ebp+var_4]
.text:08000127                 push    eax
.text:08000128                 mov     eax, 1
.text:0800012D                 mov     ecx, 0
.text:08000132                 push    ecx
.text:08000133                 push    eax
.text:08000134                 call    __ashldi3
.text:08000139                 add     esp, 0Ch
.text:0800013C                 mov     ecx, 0
.text:08000141                 sub     ecx, eax
.text:08000143                 mov     eax, 0
.text:08000148                 sbb     eax, edx
.text:0800014A                 mov     [ebp+var_18], ecx
.text:0800014D                 mov     [ebp+var_14], eax
.text:08000150                 mov     eax, [ebp+arg_4]
.text:08000153                 mov     ecx, [ebp+var_14]
.text:08000156                 cmp     eax, ecx
.text:08000158                 jg      loc_8000177
.text:0800015E                 jnz     loc_8000172
.text:08000164                 mov     eax, [ebp+arg_0]
.text:08000167                 mov     ecx, [ebp+var_18]
.text:0800016A                 cmp     eax, ecx
.text:0800016C                 jnb     loc_8000177
.text:08000172
.text:08000172 loc_8000172:                            ; ...
.text:08000172                 jmp     loc_80001A5
.text:08000177 ; ---------------------------------------------------------------------------
.text:08000177
.text:08000177 loc_8000177:                            ; ...
.text:08000177                 mov     eax, [ebp+arg_4]
.text:0800017A                 mov     ecx, [ebp+var_C]
.text:0800017D                 cmp     eax, ecx
.text:0800017F                 jl      loc_800019E
.text:08000185                 jnz     loc_8000199
.text:0800018B                 mov     eax, [ebp+arg_0]
.text:0800018E                 mov     ecx, [ebp+var_10]
.text:08000191                 cmp     eax, ecx
.text:08000193                 jbe     loc_800019E
.text:08000199
.text:08000199 loc_8000199:                            ; ...
.text:08000199                 jmp     loc_80001A5
.text:0800019E ; ---------------------------------------------------------------------------
.text:0800019E
.text:0800019E loc_800019E:                            ; ...
.text:0800019E                 mov     eax, 0
.text:080001A3                 jmp     short locret_80001AA
.text:080001A5 ; ---------------------------------------------------------------------------
.text:080001A5
.text:080001A5 loc_80001A5:                            ; ...
.text:080001A5                 mov     eax, 1
.text:080001AA
.text:080001AA locret_80001AA:                         ; ...
.text:080001AA                 leave
.text:080001AB                 retn
.text:080001AB overflow_signed endp
.text:080001AB
.text:080001AC
.text:080001AC ; =============== S U B R O U T I N E =======================================
.text:080001AC
.text:080001AC ; Attributes: bp-based frame
.text:080001AC
.text:080001AC overflow_unsigned proc near
.text:080001AC
.text:080001AC var_18          = dword ptr -18h
.text:080001AC var_14          = dword ptr -14h
.text:080001AC var_10          = dword ptr -10h
.text:080001AC var_C           = dword ptr -0Ch
.text:080001AC var_4           = dword ptr -4
.text:080001AC arg_0           = dword ptr  8
.text:080001AC arg_4           = dword ptr  0Ch
.text:080001AC arg_8           = dword ptr  10h
.text:080001AC
.text:080001AC                 push    ebp
.text:080001AD                 mov     ebp, esp
.text:080001AF                 sub     esp, 18h
.text:080001B5                 nop
.text:080001B6                 mov     eax, [ebp+arg_8]
.text:080001B9                 cmp     eax, 8
.text:080001BC                 jl      loc_80001CC
.text:080001C2                 mov     eax, 0
.text:080001C7                 jmp     locret_8000264
.text:080001CC ; ---------------------------------------------------------------------------
.text:080001CC
.text:080001CC loc_80001CC:                            ; ...
.text:080001CC                 mov     eax, [ebp+arg_8]
.text:080001CF                 shl     eax, 3
.text:080001D2                 dec     eax
.text:080001D3                 mov     [ebp+var_4], eax
.text:080001D6                 mov     eax, [ebp+var_4]
.text:080001D9                 push    eax
.text:080001DA                 mov     eax, 2
.text:080001DF                 mov     ecx, 0
.text:080001E4                 push    ecx
.text:080001E5                 push    eax
.text:080001E6                 call    __ashldi3
.text:080001EB                 add     esp, 0Ch
.text:080001EE                 sub     eax, 1
.text:080001F1                 sbb     edx, 0
.text:080001F4                 mov     [ebp+var_10], eax
.text:080001F7                 mov     [ebp+var_C], edx
.text:080001FA                 mov     eax, 0
.text:080001FF                 mov     ecx, 0
.text:08000204                 mov     [ebp+var_18], eax
.text:08000207                 mov     [ebp+var_14], ecx
.text:0800020A                 mov     eax, [ebp+arg_4]
.text:0800020D                 mov     ecx, [ebp+var_14]
.text:08000210                 cmp     eax, ecx
.text:08000212                 jg      loc_8000231
.text:08000218                 jnz     loc_800022C
.text:0800021E                 mov     eax, [ebp+arg_0]
.text:08000221                 mov     ecx, [ebp+var_18]
.text:08000224                 cmp     eax, ecx
.text:08000226                 jnb     loc_8000231
.text:0800022C
.text:0800022C loc_800022C:                            ; ...
.text:0800022C                 jmp     loc_800025F
.text:08000231 ; ---------------------------------------------------------------------------
.text:08000231
.text:08000231 loc_8000231:                            ; ...
.text:08000231                 mov     eax, [ebp+arg_4]
.text:08000234                 mov     ecx, [ebp+var_C]
.text:08000237                 cmp     eax, ecx
.text:08000239                 jl      loc_8000258
.text:0800023F                 jnz     loc_8000253
.text:08000245                 mov     eax, [ebp+arg_0]
.text:08000248                 mov     ecx, [ebp+var_10]
.text:0800024B                 cmp     eax, ecx
.text:0800024D                 jbe     loc_8000258
.text:08000253
.text:08000253 loc_8000253:                            ; ...
.text:08000253                 jmp     loc_800025F
.text:08000258 ; ---------------------------------------------------------------------------
.text:08000258
.text:08000258 loc_8000258:                            ; ...
.text:08000258                 mov     eax, 0
.text:0800025D                 jmp     short locret_8000264
.text:0800025F ; ---------------------------------------------------------------------------
.text:0800025F
.text:0800025F loc_800025F:                            ; ...
.text:0800025F                 mov     eax, 1
.text:08000264
.text:08000264 locret_8000264:                         ; ...
.text:08000264                 leave
.text:08000265                 retn
.text:08000265 overflow_unsigned endp
.text:08000265
.text:08000266
.text:08000266 ; =============== S U B R O U T I N E =======================================
.text:08000266
.text:08000266 ; Attributes: bp-based frame
.text:08000266
.text:08000266 signed_bits     proc near
.text:08000266
.text:08000266 arg_0           = dword ptr  8
.text:08000266 arg_4           = dword ptr  0Ch
.text:08000266 arg_8           = dword ptr  10h
.text:08000266
.text:08000266                 push    ebp
.text:08000267                 mov     ebp, esp
.text:08000269                 sub     esp, 0
.text:0800026F                 nop
.text:08000270                 mov     eax, [ebp+arg_8]
.text:08000273                 cmp     eax, 40h
.text:08000276                 jge     loc_8000307
.text:0800027C                 mov     eax, [ebp+arg_8]
.text:0800027F                 push    eax
.text:08000280                 mov     eax, 1
.text:08000285                 mov     ecx, 0
.text:0800028A                 push    ecx
.text:0800028B                 push    eax
.text:0800028C                 call    __ashldi3
.text:08000291                 add     esp, 0Ch
.text:08000294                 sub     eax, 1
.text:08000297                 sbb     edx, 0
.text:0800029A                 mov     ecx, [ebp+arg_0]
.text:0800029D                 and     ecx, eax
.text:0800029F                 mov     eax, [ebp+arg_4]
.text:080002A2                 and     eax, edx
.text:080002A4                 mov     [ebp+arg_0], ecx
.text:080002A7                 mov     [ebp+arg_4], eax
.text:080002AA                 mov     eax, [ebp+arg_8]
.text:080002AD                 dec     eax
.text:080002AE                 push    eax
.text:080002AF                 mov     eax, 1
.text:080002B4                 mov     ecx, 0
.text:080002B9                 push    ecx
.text:080002BA                 push    eax
.text:080002BB                 call    __ashldi3
.text:080002C0                 add     esp, 0Ch
.text:080002C3                 mov     ecx, [ebp+arg_0]
.text:080002C6                 and     ecx, eax
.text:080002C8                 mov     eax, [ebp+arg_4]
.text:080002CB                 and     eax, edx
.text:080002CD                 cmp     eax, 0
.text:080002D0                 jnz     loc_80002DF
.text:080002D6                 cmp     ecx, 0
.text:080002D9                 jz      loc_8000307
.text:080002DF
.text:080002DF loc_80002DF:                            ; ...
.text:080002DF                 mov     eax, [ebp+arg_8]
.text:080002E2                 push    eax
.text:080002E3                 mov     eax, 0FFFFFFFFh
.text:080002E8                 mov     ecx, 0FFFFFFFFh
.text:080002ED                 push    ecx
.text:080002EE                 push    eax
.text:080002EF                 call    __ashldi3
.text:080002F4                 add     esp, 0Ch
.text:080002F7                 mov     ecx, [ebp+arg_0]
.text:080002FA                 or      ecx, eax
.text:080002FC                 mov     eax, [ebp+arg_4]
.text:080002FF                 or      eax, edx
.text:08000301                 mov     [ebp+arg_0], ecx
.text:08000304                 mov     [ebp+arg_4], eax
.text:08000307
.text:08000307 loc_8000307:                            ; ...
.text:08000307                 mov     eax, [ebp+arg_0]
.text:0800030A                 mov     edx, [ebp+arg_4]
.text:0800030D                 leave
.text:0800030E                 retn
.text:0800030E signed_bits     endp
.text:0800030E
.text:0800030F
.text:0800030F ; =============== S U B R O U T I N E =======================================
.text:0800030F
.text:0800030F ; Attributes: bp-based frame
.text:0800030F
.text:0800030F nasm_set_verror proc near
.text:0800030F
.text:0800030F var_4           = dword ptr -4
.text:0800030F arg_0           = dword ptr  8
.text:0800030F
.text:0800030F                 push    ebp
.text:08000310                 mov     ebp, esp
.text:08000312                 sub     esp, 4
.text:08000318                 nop
.text:08000319                 mov     eax, ds:nasm_verror
.text:0800031F                 mov     [ebp+var_4], eax
.text:08000322                 mov     eax, [ebp+arg_0]
.text:08000325                 mov     ds:nasm_verror, eax
.text:0800032B                 mov     eax, [ebp+var_4]
.text:0800032E                 leave
.text:0800032F                 retn
.text:0800032F nasm_set_verror endp
.text:0800032F
.text:08000330
.text:08000330 ; =============== S U B R O U T I N E =======================================
.text:08000330
.text:08000330 ; Attributes: bp-based frame
.text:08000330
.text:08000330 ismatch         proc near               ; ...
.text:08000330
.text:08000330 p               = dword ptr -4
.text:08000330 charset         = dword ptr  8
.text:08000330 chr             = byte ptr  0Ch
.text:08000330
.text:08000330                 push    ebp             ; static inline bool ismatch(const char *charset, char ch)
.text:08000331                 mov     ebp, esp
.text:08000333                 sub     esp, 4
.text:08000339                 nop
.text:0800033A                 mov     eax, [ebp+charset] ; const char *p;
.text:0800033D                 mov     [ebp+p], eax    ; for (p = charset; *p; p++) {
.text:08000340
.text:08000340 im_1:                                   ; ...
.text:08000340                 mov     eax, [ebp+p]
.text:08000343                 movsx   ecx, byte ptr [eax] ; *p
.text:08000346                 cmp     ecx, 0
.text:08000349                 jz      im_5
.text:0800034F                 jmp     im_3
.text:08000354 ; ---------------------------------------------------------------------------
.text:08000354
.text:08000354 im_2:                                   ; ...
.text:08000354                 mov     eax, [ebp+p]    ; (next) p++
.text:08000357                 mov     ecx, eax
.text:08000359                 inc     eax
.text:0800035A                 mov     [ebp+p], eax
.text:0800035D                 jmp     short im_1
.text:0800035F ; ---------------------------------------------------------------------------
.text:0800035F
.text:0800035F im_3:                                   ; ...
.text:0800035F                 mov     eax, [ebp+p]    ; if (ch == *p)
.text:08000362                 movsx   ecx, [ebp+chr]
.text:08000366                 movsx   edx, byte ptr [eax]
.text:08000369                 cmp     ecx, edx
.text:0800036B                 jnz     im_4
.text:08000371                 mov     eax, 1          ; return true;
.text:08000376                 jmp     im_6
.text:0800037B ; ---------------------------------------------------------------------------
.text:0800037B
.text:0800037B im_4:                                   ; ...
.text:0800037B                 jmp     short im_2
.text:0800037D ; ---------------------------------------------------------------------------
.text:0800037D
.text:0800037D im_5:                                   ; ...
.text:0800037D                 mov     eax, 0          ; return false;
.text:08000382
.text:08000382 im_6:                                   ; ...
.text:08000382                 leave
.text:08000383                 retn
.text:08000383 ismatch         endp
.text:08000383
.text:08000384
.text:08000384 ; =============== S U B R O U T I N E =======================================
.text:08000384
.text:08000384 ; Attributes: bp-based frame
.text:08000384
.text:08000384 first_filename_char proc near           ; ...
.text:08000384
.text:08000384 p               = dword ptr -4
.text:08000384 path            = dword ptr  8
.text:08000384
.text:08000384                 push    ebp             ; static const char *first_filename_char(const char *path)
.text:08000385                 mov     ebp, esp
.text:08000387                 sub     esp, 4
.text:0800038D                 nop
.text:0800038E                 mov     eax, [ebp+path]
.text:08000391                 push    eax
.text:08000392                 call    strlen
.text:08000397                 add     esp, 4
.text:0800039A                 mov     ecx, [ebp+path]
.text:0800039D                 add     ecx, eax
.text:0800039F                 mov     [ebp+p], ecx    ; const char *p = path + strlen(path);
.text:080003A2
.text:080003A2 ffnc_1:                                 ; ...
.text:080003A2                 mov     eax, [ebp+p]    ; while (p > path) {
.text:080003A5                 mov     ecx, [ebp+path]
.text:080003A8                 cmp     eax, ecx
.text:080003AA                 jbe     ffnc_3
.text:080003B0                 mov     eax, [ebp+p]    ; if (ismatch(separators, p[-1]))
.text:080003B3                 add     eax, -1
.text:080003B6                 movsx   ecx, byte ptr [eax]
.text:080003B9                 push    ecx
.text:080003BA                 mov     eax, offset L_191 ; "/\\:"
.text:080003BF                 push    eax
.text:080003C0                 call    ismatch
.text:080003C5                 add     esp, 8
.text:080003C8                 cmp     eax, 0
.text:080003CB                 jz      ffnc_2
.text:080003D1                 mov     eax, [ebp+p]    ; return p;
.text:080003D4                 jmp     ffnc_4
.text:080003D9 ; ---------------------------------------------------------------------------
.text:080003D9
.text:080003D9 ffnc_2:                                 ; ...
.text:080003D9                 mov     eax, [ebp+p]    ; p--;
.text:080003DC                 mov     ecx, eax
.text:080003DE                 add     eax, -1
.text:080003E1                 mov     [ebp+p], eax
.text:080003E4                 jmp     short ffnc_1
.text:080003E6 ; ---------------------------------------------------------------------------
.text:080003E6
.text:080003E6 ffnc_3:                                 ; ...
.text:080003E6                 mov     eax, [ebp+p]    ; return p;
.text:080003E9
.text:080003E9 ffnc_4:                                 ; ...
.text:080003E9                 leave
.text:080003EA                 retn
.text:080003EA first_filename_char endp
.text:080003EA
.text:080003EB
.text:080003EB ; =============== S U B R O U T I N E =======================================
.text:080003EB
.text:080003EB ; Attributes: bp-based frame
.text:080003EB
.text:080003EB                 public nasm_basename
.text:080003EB nasm_basename   proc near
.text:080003EB
.text:080003EB path            = dword ptr  8
.text:080003EB
.text:080003EB                 push    ebp             ; char *nasm_basename(const char *path)
.text:080003EC                 mov     ebp, esp
.text:080003EE                 sub     esp, 0
.text:080003F4                 nop
.text:080003F5                 mov     eax, [ebp+path]
.text:080003F8                 push    eax
.text:080003F9                 call    first_filename_char
.text:080003FE                 add     esp, 4
.text:08000401                 push    eax
.text:08000402                 call    nasm_strdup     ; return nasm_strdup(first_filename_char(path));
.text:08000407                 add     esp, 4
.text:0800040A                 leave
.text:0800040B                 retn
.text:0800040B nasm_basename   endp
.text:0800040B
.text:0800040C
.text:0800040C ; =============== S U B R O U T I N E =======================================
.text:0800040C
.text:0800040C ; Attributes: bp-based frame
.text:0800040C
.text:0800040C                 public nasm_dirname
.text:0800040C nasm_dirname    proc near
.text:0800040C
.text:0800040C p0              = dword ptr -8
.text:0800040C p               = dword ptr -4
.text:0800040C path            = dword ptr  8
.text:0800040C
.text:0800040C                 push    ebp             ; char *nasm_dirname(const char *path)
.text:0800040D                 mov     ebp, esp
.text:0800040F                 sub     esp, 8
.text:08000415                 nop
.text:08000416                 mov     eax, [ebp+path]
.text:08000419                 push    eax
.text:0800041A                 call    first_filename_char
.text:0800041F                 add     esp, 4
.text:08000422                 mov     [ebp+p], eax    ; const char *p = first_filename_char(path);
.text:08000425                 mov     eax, [ebp+p]
.text:08000428                 mov     [ebp+p0], eax   ; const char *p0 = p;
.text:0800042B                 mov     eax, [ebp+p]    ; (void)p0;
.text:0800042E                 mov     ecx, [ebp+path] ; if (p == path)
.text:08000431                 cmp     eax, ecx
.text:08000433                 jnz     ndn_1
.text:08000439                 mov     eax, offset L_192 ; "."
.text:0800043E                 push    eax
.text:0800043F                 call    nasm_strdup     ; return nasm_strdup(curdir);
.text:08000444                 add     esp, 4
.text:08000447                 jmp     ndn_4
.text:0800044C ; ---------------------------------------------------------------------------
.text:0800044C
.text:0800044C ndn_1:                                  ; ...
.text:0800044C                 mov     eax, [ebp+path] ; while (p > path+leaveonclean) {
.text:0800044F                 add     eax, 2          ; leaveonclean
.text:08000452                 mov     ecx, [ebp+p]
.text:08000455                 cmp     ecx, eax
.text:08000457                 jbe     ndn_3
.text:0800045D                 mov     eax, [ebp+p]
.text:08000460                 add     eax, -1
.text:08000463                 movsx   ecx, byte ptr [eax]
.text:08000466                 push    ecx             ; p[-1]
.text:08000467                 mov     eax, offset L_193 ; "/\\"
.text:0800046C                 push    eax             ; cleandirend
.text:0800046D                 call    ismatch         ; if (ismatch(cleandirend, p[-1]))
.text:08000472                 add     esp, 8
.text:08000475                 cmp     eax, 0
.text:08000478                 jz      ndn_2
.text:0800047E                 jmp     ndn_3           ; break;
.text:08000483 ; ---------------------------------------------------------------------------
.text:08000483
.text:08000483 ndn_2:                                  ; ...
.text:08000483                 mov     eax, [ebp+p]    ; p--;
.text:08000486                 mov     ecx, eax
.text:08000488                 add     eax, 0FFFFFFFFh ; -1
.text:0800048B                 mov     [ebp+p], eax
.text:0800048E                 jmp     short ndn_1
.text:08000490 ; ---------------------------------------------------------------------------
.text:08000490
.text:08000490 ndn_3:                                  ; ...
.text:08000490                 mov     eax, [ebp+p]
.text:08000493                 mov     ecx, [ebp+path]
.text:08000496                 sub     eax, ecx
.text:08000498                 push    eax
.text:08000499                 mov     eax, [ebp+path]
.text:0800049C                 push    eax
.text:0800049D                 call    nasm_strndup    ; return nasm_strndup(path, p-path);
.text:080004A2                 add     esp, 8
.text:080004A5
.text:080004A5 ndn_4:                                  ; ...
.text:080004A5                 leave
.text:080004A6                 retn
.text:080004A6 nasm_dirname    endp
.text:080004A6
.text:080004A7
.text:080004A7 ; =============== S U B R O U T I N E =======================================
.text:080004A7
.text:080004A7 ; Attributes: bp-based frame
.text:080004A7
.text:080004A7                 public nasm_catfile
.text:080004A7 nasm_catfile    proc near
.text:080004A7
.text:080004A7 dosep           = dword ptr -14h
.text:080004A7 pp              = dword ptr -10h
.text:080004A7 p               = dword ptr -0Ch
.text:080004A7 fl              = dword ptr -8
.text:080004A7 dln             = dword ptr -4
.text:080004A7 dir             = dword ptr  8
.text:080004A7 file            = dword ptr  0Ch
.text:080004A7
.text:080004A7                 push    ebp             ; char *nasm_catfile(const char *dir, const char *file)
.text:080004A8                 mov     ebp, esp
.text:080004AA                 sub     esp, 20
.text:080004B0                 nop
.text:080004B1                 mov     eax, [ebp+dir]
.text:080004B4                 push    eax
.text:080004B5                 call    strlen
.text:080004BA                 add     esp, 4
.text:080004BD                 mov     [ebp+dln], eax  ; size_t dl = strlen(dir);
.text:080004C0                 mov     eax, [ebp+file]
.text:080004C3                 push    eax
.text:080004C4                 call    strlen          ; size_t fl = strlen(file);
.text:080004C9                 add     esp, 4
.text:080004CC                 mov     [ebp+fl], eax   ; char *p, *pp;
.text:080004CF                 mov     eax, 1
.text:080004D4                 mov     [ebp+dosep], eax ; bool dosep = true;
.text:080004D7                 mov     eax, [ebp+dln]
.text:080004DA                 cmp     eax, 0          ; if (!dl || ismatch(separators, dir[dl-1])) {
.text:080004DD                 jz      ncf_1
.text:080004E3                 mov     eax, [ebp+dln]
.text:080004E6                 dec     eax
.text:080004E7                 mov     ecx, [ebp+dir]
.text:080004EA                 add     ecx, eax
.text:080004EC                 movsx   eax, byte ptr [ecx]
.text:080004EF                 push    eax
.text:080004F0                 mov     eax, offset L_194 ; "/\\:"
.text:080004F5                 push    eax
.text:080004F6                 call    ismatch
.text:080004FB                 add     esp, 8
.text:080004FE                 cmp     eax, 0
.text:08000501                 jnz     ncf_1
.text:08000507                 jmp     ncf_2
.text:0800050C ; ---------------------------------------------------------------------------
.text:0800050C
.text:0800050C ncf_1:                                  ; ...
.text:0800050C                 mov     eax, 0          ; /* No separator necessary */
.text:08000511                 mov     [ebp+dosep], eax ; dosep = false;
.text:08000514
.text:08000514 ncf_2:                                  ; ...
.text:08000514                 mov     eax, [ebp+dln]
.text:08000517                 mov     ecx, [ebp+fl]
.text:0800051A                 add     eax, ecx
.text:0800051C                 mov     ecx, [ebp+dosep]
.text:0800051F                 add     eax, ecx
.text:08000521                 inc     eax
.text:08000522                 push    eax
.text:08000523                 call    nasm_malloc
.text:08000528                 add     esp, 4
.text:0800052B                 mov     [ebp+pp], eax
.text:0800052E                 mov     [ebp+p], eax    ; p = pp = nasm_malloc(dl + fl + dosep + 1);
.text:08000531                 mov     eax, [ebp+dln]
.text:08000534                 push    eax
.text:08000535                 mov     eax, [ebp+dir]
.text:08000538                 push    eax
.text:08000539                 mov     eax, [ebp+pp]
.text:0800053C                 push    eax
.text:0800053D                 call    memcpy          ; memcpy(pp, dir, dl);
.text:08000542                 add     esp, 12
.text:08000545                 mov     eax, [ebp+dln]
.text:08000548                 mov     ecx, [ebp+pp]
.text:0800054B                 add     ecx, eax
.text:0800054D                 mov     [ebp+pp], ecx   ; pp += dl;
.text:08000550                 mov     eax, [ebp+dosep]
.text:08000553                 cmp     eax, 0          ; if (dosep)
.text:08000556                 jz      ncf_3
.text:0800055C                 mov     eax, [ebp+pp]
.text:0800055F                 mov     ecx, eax
.text:08000561                 inc     eax
.text:08000562                 mov     [ebp+pp], eax
.text:08000565                 mov     eax, '\'        ; catsep
.text:0800056A                 mov     [ecx], al       ; *pp++ = catsep;
.text:0800056C
.text:0800056C ncf_3:                                  ; ...
.text:0800056C                 mov     eax, [ebp+fl]
.text:0800056F                 inc     eax
.text:08000570                 push    eax
.text:08000571                 mov     eax, [ebp+file]
.text:08000574                 push    eax
.text:08000575                 mov     eax, [ebp+pp]
.text:08000578                 push    eax
.text:08000579                 call    memcpy          ; memcpy(pp, file, fl+1);
.text:0800057E                 add     esp, 12
.text:08000581                 mov     eax, [ebp+p]    ; return p;
.text:08000584                 leave
.text:08000585                 retn
.text:08000585 nasm_catfile    endp
.text:08000585
.text:08000585 _text           ends
.text:08000585
.data:08000588 ; ===========================================================================
.data:08000588
.data:08000588 ; Segment type: Pure data
.data:08000588 ; Segment permissions: Read/Write
.data:08000588 _data           segment dword public 'DATA' use32
.data:08000588                 assume cs:_data
.data:08000588                 ;org 8000588h
.data:08000588 L_191           db '/\:',0              ; ...
.data:0800058C L_192           db '.',0                ; ...
.data:0800058E L_193           db '/\',0               ; ...
.data:08000591 L_194           db '/\:',0              ; ...
.data:08000591 _data           ends
.data:08000591
.bss:08000598 ; ===========================================================================
.bss:08000598
.bss:08000598 ; Segment type: Zero-length
.bss:08000598 ; Segment permissions: Read/Write
.bss:08000598 _bss            segment dword public 'BSS' use32
.bss:08000598 _bss            ends
.bss:08000598
extern:0800059C ; ===========================================================================
extern:0800059C
extern:0800059C ; Segment type: Externs
extern:0800059C ; extern
extern:0800059C                 extrn __ashldi3:near    ; ...
extern:080005A0                 extrn nasm_verror:dword ; ...
extern:080005A4                 extrn strlen:near       ; ...
extern:080005A8                 extrn nasm_strdup:near  ; ...
extern:080005AC                 extrn nasm_strndup:near ; ...
extern:080005B0                 extrn nasm_malloc:near  ; ...
extern:080005B4                 extrn memcpy:near       ; ...
extern:080005B4
extern:080005B4
extern:080005B4                 end
