.text:08000000 ;
.text:08000000 ; +-------------------------------------------------------------------------+
.text:08000000 ; |   This file has been generated by The Interactive Disassembler (IDA)    |
.text:08000000 ; |           Copyright (c) 2018 Hex-Rays, <support@hex-rays.com>           |
.text:08000000 ; |                            Freeware version                             |
.text:08000000 ; +-------------------------------------------------------------------------+
.text:08000000 ;
.text:08000000 ; Input SHA256 : 4523A7F1794CCCB814381E77466421A04BB82CE303E3E7EC7147357ADC0AAAE4
.text:08000000 ; Input MD5    : 484E0623948BDEB4F4BB13F9C3A2A91C
.text:08000000 ; Input CRC32  : 32F701C5
.text:08000000
.text:08000000 ; File Name   : C:\Users\90542\OneDrive\Masaüstü\nasm_214_c_o\readnum.o
.text:08000000 ; Format      : ELF for Intel 386 (Relocatable)
.text:08000000 ;
.text:08000000 ; Source File : 'readnum.c'
.text:08000000
.text:08000000                 .686p
.text:08000000                 .mmx
.text:08000000                 .model flat
.text:08000000 .intel_syntax noprefix
.text:08000000
.text:08000000 ; ===========================================================================
.text:08000000
.text:08000000 ; Segment type: Pure code
.text:08000000 ; Segment permissions: Read/Execute
.text:08000000 _text           segment dword public 'CODE' use32
.text:08000000                 assume cs:_text
.text:08000000                 ;org 8000000h
.text:08000000                 assume es:nothing, ss:nothing, ds:_data, fs:nothing, gs:nothing
.text:08000000
.text:08000000 ; =============== S U B R O U T I N E =======================================
.text:08000000
.text:08000000 ; Attributes: bp-based frame
.text:08000000
.text:08000000 overflow_general proc near
.text:08000000
.text:08000000 var_18          = dword ptr -18h
.text:08000000 var_14          = dword ptr -14h
.text:08000000 var_10          = dword ptr -10h
.text:08000000 var_C           = dword ptr -0Ch
.text:08000000 var_4           = dword ptr -4
.text:08000000 arg_0           = dword ptr  8
.text:08000000 arg_4           = dword ptr  0Ch
.text:08000000 arg_8           = dword ptr  10h
.text:08000000
.text:08000000                 push    ebp
.text:08000001                 mov     ebp, esp
.text:08000003                 sub     esp, 18h
.text:08000009                 nop
.text:0800000A                 mov     eax, [ebp+arg_8]
.text:0800000D                 cmp     eax, 8
.text:08000010                 jl      loc_8000020
.text:08000016                 mov     eax, 0
.text:0800001B                 jmp     locret_80000D4
.text:08000020 ; ---------------------------------------------------------------------------
.text:08000020
.text:08000020 loc_8000020:                            ; ...
.text:08000020                 mov     eax, [ebp+arg_8]
.text:08000023                 shl     eax, 3
.text:08000026                 dec     eax
.text:08000027                 mov     [ebp+var_4], eax
.text:0800002A                 mov     eax, [ebp+var_4]
.text:0800002D                 push    eax
.text:0800002E                 mov     eax, 2
.text:08000033                 mov     ecx, 0
.text:08000038                 push    ecx
.text:08000039                 push    eax
.text:0800003A                 call    __ashldi3
.text:0800003F                 add     esp, 0Ch
.text:08000042                 sub     eax, 1
.text:08000045                 sbb     edx, 0
.text:08000048                 mov     [ebp+var_10], eax
.text:0800004B                 mov     [ebp+var_C], edx
.text:0800004E                 mov     eax, [ebp+var_4]
.text:08000051                 push    eax
.text:08000052                 mov     eax, 2
.text:08000057                 mov     ecx, 0
.text:0800005C                 push    ecx
.text:0800005D                 push    eax
.text:0800005E                 call    __ashldi3
.text:08000063                 add     esp, 0Ch
.text:08000066                 mov     ecx, 0
.text:0800006B                 sub     ecx, eax
.text:0800006D                 mov     eax, 0
.text:08000072                 sbb     eax, edx
.text:08000074                 mov     [ebp+var_18], ecx
.text:08000077                 mov     [ebp+var_14], eax
.text:0800007A                 mov     eax, [ebp+arg_4]
.text:0800007D                 mov     ecx, [ebp+var_14]
.text:08000080                 cmp     eax, ecx
.text:08000082                 jg      loc_80000A1
.text:08000088                 jnz     loc_800009C
.text:0800008E                 mov     eax, [ebp+arg_0]
.text:08000091                 mov     ecx, [ebp+var_18]
.text:08000094                 cmp     eax, ecx
.text:08000096                 jnb     loc_80000A1
.text:0800009C
.text:0800009C loc_800009C:                            ; ...
.text:0800009C                 jmp     loc_80000CF
.text:080000A1 ; ---------------------------------------------------------------------------
.text:080000A1
.text:080000A1 loc_80000A1:                            ; ...
.text:080000A1                 mov     eax, [ebp+arg_4]
.text:080000A4                 mov     ecx, [ebp+var_C]
.text:080000A7                 cmp     eax, ecx
.text:080000A9                 jl      loc_80000C8
.text:080000AF                 jnz     loc_80000C3
.text:080000B5                 mov     eax, [ebp+arg_0]
.text:080000B8                 mov     ecx, [ebp+var_10]
.text:080000BB                 cmp     eax, ecx
.text:080000BD                 jbe     loc_80000C8
.text:080000C3
.text:080000C3 loc_80000C3:                            ; ...
.text:080000C3                 jmp     loc_80000CF
.text:080000C8 ; ---------------------------------------------------------------------------
.text:080000C8
.text:080000C8 loc_80000C8:                            ; ...
.text:080000C8                 mov     eax, 0
.text:080000CD                 jmp     short locret_80000D4
.text:080000CF ; ---------------------------------------------------------------------------
.text:080000CF
.text:080000CF loc_80000CF:                            ; ...
.text:080000CF                 mov     eax, 1
.text:080000D4
.text:080000D4 locret_80000D4:                         ; ...
.text:080000D4                 leave
.text:080000D5                 retn
.text:080000D5 overflow_general endp
.text:080000D5
.text:080000D6
.text:080000D6 ; =============== S U B R O U T I N E =======================================
.text:080000D6
.text:080000D6 ; Attributes: bp-based frame
.text:080000D6
.text:080000D6 overflow_signed proc near
.text:080000D6
.text:080000D6 var_18          = dword ptr -18h
.text:080000D6 var_14          = dword ptr -14h
.text:080000D6 var_10          = dword ptr -10h
.text:080000D6 var_C           = dword ptr -0Ch
.text:080000D6 var_4           = dword ptr -4
.text:080000D6 arg_0           = dword ptr  8
.text:080000D6 arg_4           = dword ptr  0Ch
.text:080000D6 arg_8           = dword ptr  10h
.text:080000D6
.text:080000D6                 push    ebp
.text:080000D7                 mov     ebp, esp
.text:080000D9                 sub     esp, 18h
.text:080000DF                 nop
.text:080000E0                 mov     eax, [ebp+arg_8]
.text:080000E3                 cmp     eax, 8
.text:080000E6                 jl      loc_80000F6
.text:080000EC                 mov     eax, 0
.text:080000F1                 jmp     locret_80001AA
.text:080000F6 ; ---------------------------------------------------------------------------
.text:080000F6
.text:080000F6 loc_80000F6:                            ; ...
.text:080000F6                 mov     eax, [ebp+arg_8]
.text:080000F9                 shl     eax, 3
.text:080000FC                 dec     eax
.text:080000FD                 mov     [ebp+var_4], eax
.text:08000100                 mov     eax, [ebp+var_4]
.text:08000103                 push    eax
.text:08000104                 mov     eax, 1
.text:08000109                 mov     ecx, 0
.text:0800010E                 push    ecx
.text:0800010F                 push    eax
.text:08000110                 call    __ashldi3
.text:08000115                 add     esp, 0Ch
.text:08000118                 sub     eax, 1
.text:0800011B                 sbb     edx, 0
.text:0800011E                 mov     [ebp+var_10], eax
.text:08000121                 mov     [ebp+var_C], edx
.text:08000124                 mov     eax, [ebp+var_4]
.text:08000127                 push    eax
.text:08000128                 mov     eax, 1
.text:0800012D                 mov     ecx, 0
.text:08000132                 push    ecx
.text:08000133                 push    eax
.text:08000134                 call    __ashldi3
.text:08000139                 add     esp, 0Ch
.text:0800013C                 mov     ecx, 0
.text:08000141                 sub     ecx, eax
.text:08000143                 mov     eax, 0
.text:08000148                 sbb     eax, edx
.text:0800014A                 mov     [ebp+var_18], ecx
.text:0800014D                 mov     [ebp+var_14], eax
.text:08000150                 mov     eax, [ebp+arg_4]
.text:08000153                 mov     ecx, [ebp+var_14]
.text:08000156                 cmp     eax, ecx
.text:08000158                 jg      loc_8000177
.text:0800015E                 jnz     loc_8000172
.text:08000164                 mov     eax, [ebp+arg_0]
.text:08000167                 mov     ecx, [ebp+var_18]
.text:0800016A                 cmp     eax, ecx
.text:0800016C                 jnb     loc_8000177
.text:08000172
.text:08000172 loc_8000172:                            ; ...
.text:08000172                 jmp     loc_80001A5
.text:08000177 ; ---------------------------------------------------------------------------
.text:08000177
.text:08000177 loc_8000177:                            ; ...
.text:08000177                 mov     eax, [ebp+arg_4]
.text:0800017A                 mov     ecx, [ebp+var_C]
.text:0800017D                 cmp     eax, ecx
.text:0800017F                 jl      loc_800019E
.text:08000185                 jnz     loc_8000199
.text:0800018B                 mov     eax, [ebp+arg_0]
.text:0800018E                 mov     ecx, [ebp+var_10]
.text:08000191                 cmp     eax, ecx
.text:08000193                 jbe     loc_800019E
.text:08000199
.text:08000199 loc_8000199:                            ; ...
.text:08000199                 jmp     loc_80001A5
.text:0800019E ; ---------------------------------------------------------------------------
.text:0800019E
.text:0800019E loc_800019E:                            ; ...
.text:0800019E                 mov     eax, 0
.text:080001A3                 jmp     short locret_80001AA
.text:080001A5 ; ---------------------------------------------------------------------------
.text:080001A5
.text:080001A5 loc_80001A5:                            ; ...
.text:080001A5                 mov     eax, 1
.text:080001AA
.text:080001AA locret_80001AA:                         ; ...
.text:080001AA                 leave
.text:080001AB                 retn
.text:080001AB overflow_signed endp
.text:080001AB
.text:080001AC
.text:080001AC ; =============== S U B R O U T I N E =======================================
.text:080001AC
.text:080001AC ; Attributes: bp-based frame
.text:080001AC
.text:080001AC overflow_unsigned proc near
.text:080001AC
.text:080001AC var_18          = dword ptr -18h
.text:080001AC var_14          = dword ptr -14h
.text:080001AC var_10          = dword ptr -10h
.text:080001AC var_C           = dword ptr -0Ch
.text:080001AC var_4           = dword ptr -4
.text:080001AC arg_0           = dword ptr  8
.text:080001AC arg_4           = dword ptr  0Ch
.text:080001AC arg_8           = dword ptr  10h
.text:080001AC
.text:080001AC                 push    ebp
.text:080001AD                 mov     ebp, esp
.text:080001AF                 sub     esp, 18h
.text:080001B5                 nop
.text:080001B6                 mov     eax, [ebp+arg_8]
.text:080001B9                 cmp     eax, 8
.text:080001BC                 jl      loc_80001CC
.text:080001C2                 mov     eax, 0
.text:080001C7                 jmp     locret_8000264
.text:080001CC ; ---------------------------------------------------------------------------
.text:080001CC
.text:080001CC loc_80001CC:                            ; ...
.text:080001CC                 mov     eax, [ebp+arg_8]
.text:080001CF                 shl     eax, 3
.text:080001D2                 dec     eax
.text:080001D3                 mov     [ebp+var_4], eax
.text:080001D6                 mov     eax, [ebp+var_4]
.text:080001D9                 push    eax
.text:080001DA                 mov     eax, 2
.text:080001DF                 mov     ecx, 0
.text:080001E4                 push    ecx
.text:080001E5                 push    eax
.text:080001E6                 call    __ashldi3
.text:080001EB                 add     esp, 0Ch
.text:080001EE                 sub     eax, 1
.text:080001F1                 sbb     edx, 0
.text:080001F4                 mov     [ebp+var_10], eax
.text:080001F7                 mov     [ebp+var_C], edx
.text:080001FA                 mov     eax, 0
.text:080001FF                 mov     ecx, 0
.text:08000204                 mov     [ebp+var_18], eax
.text:08000207                 mov     [ebp+var_14], ecx
.text:0800020A                 mov     eax, [ebp+arg_4]
.text:0800020D                 mov     ecx, [ebp+var_14]
.text:08000210                 cmp     eax, ecx
.text:08000212                 jg      loc_8000231
.text:08000218                 jnz     loc_800022C
.text:0800021E                 mov     eax, [ebp+arg_0]
.text:08000221                 mov     ecx, [ebp+var_18]
.text:08000224                 cmp     eax, ecx
.text:08000226                 jnb     loc_8000231
.text:0800022C
.text:0800022C loc_800022C:                            ; ...
.text:0800022C                 jmp     loc_800025F
.text:08000231 ; ---------------------------------------------------------------------------
.text:08000231
.text:08000231 loc_8000231:                            ; ...
.text:08000231                 mov     eax, [ebp+arg_4]
.text:08000234                 mov     ecx, [ebp+var_C]
.text:08000237                 cmp     eax, ecx
.text:08000239                 jl      loc_8000258
.text:0800023F                 jnz     loc_8000253
.text:08000245                 mov     eax, [ebp+arg_0]
.text:08000248                 mov     ecx, [ebp+var_10]
.text:0800024B                 cmp     eax, ecx
.text:0800024D                 jbe     loc_8000258
.text:08000253
.text:08000253 loc_8000253:                            ; ...
.text:08000253                 jmp     loc_800025F
.text:08000258 ; ---------------------------------------------------------------------------
.text:08000258
.text:08000258 loc_8000258:                            ; ...
.text:08000258                 mov     eax, 0
.text:0800025D                 jmp     short locret_8000264
.text:0800025F ; ---------------------------------------------------------------------------
.text:0800025F
.text:0800025F loc_800025F:                            ; ...
.text:0800025F                 mov     eax, 1
.text:08000264
.text:08000264 locret_8000264:                         ; ...
.text:08000264                 leave
.text:08000265                 retn
.text:08000265 overflow_unsigned endp
.text:08000265
.text:08000266
.text:08000266 ; =============== S U B R O U T I N E =======================================
.text:08000266
.text:08000266 ; Attributes: bp-based frame
.text:08000266
.text:08000266 signed_bits     proc near
.text:08000266
.text:08000266 arg_0           = dword ptr  8
.text:08000266 arg_4           = dword ptr  0Ch
.text:08000266 arg_8           = dword ptr  10h
.text:08000266
.text:08000266                 push    ebp
.text:08000267                 mov     ebp, esp
.text:08000269                 sub     esp, 0
.text:0800026F                 nop
.text:08000270                 mov     eax, [ebp+arg_8]
.text:08000273                 cmp     eax, 40h
.text:08000276                 jge     loc_8000307
.text:0800027C                 mov     eax, [ebp+arg_8]
.text:0800027F                 push    eax
.text:08000280                 mov     eax, 1
.text:08000285                 mov     ecx, 0
.text:0800028A                 push    ecx
.text:0800028B                 push    eax
.text:0800028C                 call    __ashldi3
.text:08000291                 add     esp, 0Ch
.text:08000294                 sub     eax, 1
.text:08000297                 sbb     edx, 0
.text:0800029A                 mov     ecx, [ebp+arg_0]
.text:0800029D                 and     ecx, eax
.text:0800029F                 mov     eax, [ebp+arg_4]
.text:080002A2                 and     eax, edx
.text:080002A4                 mov     [ebp+arg_0], ecx
.text:080002A7                 mov     [ebp+arg_4], eax
.text:080002AA                 mov     eax, [ebp+arg_8]
.text:080002AD                 dec     eax
.text:080002AE                 push    eax
.text:080002AF                 mov     eax, 1
.text:080002B4                 mov     ecx, 0
.text:080002B9                 push    ecx
.text:080002BA                 push    eax
.text:080002BB                 call    __ashldi3
.text:080002C0                 add     esp, 0Ch
.text:080002C3                 mov     ecx, [ebp+arg_0]
.text:080002C6                 and     ecx, eax
.text:080002C8                 mov     eax, [ebp+arg_4]
.text:080002CB                 and     eax, edx
.text:080002CD                 cmp     eax, 0
.text:080002D0                 jnz     loc_80002DF
.text:080002D6                 cmp     ecx, 0
.text:080002D9                 jz      loc_8000307
.text:080002DF
.text:080002DF loc_80002DF:                            ; ...
.text:080002DF                 mov     eax, [ebp+arg_8]
.text:080002E2                 push    eax
.text:080002E3                 mov     eax, 0FFFFFFFFh
.text:080002E8                 mov     ecx, 0FFFFFFFFh
.text:080002ED                 push    ecx
.text:080002EE                 push    eax
.text:080002EF                 call    __ashldi3
.text:080002F4                 add     esp, 0Ch
.text:080002F7                 mov     ecx, [ebp+arg_0]
.text:080002FA                 or      ecx, eax
.text:080002FC                 mov     eax, [ebp+arg_4]
.text:080002FF                 or      eax, edx
.text:08000301                 mov     [ebp+arg_0], ecx
.text:08000304                 mov     [ebp+arg_4], eax
.text:08000307
.text:08000307 loc_8000307:                            ; ...
.text:08000307                 mov     eax, [ebp+arg_0]
.text:0800030A                 mov     edx, [ebp+arg_4]
.text:0800030D                 leave
.text:0800030E                 retn
.text:0800030E signed_bits     endp
.text:0800030E
.text:0800030F
.text:0800030F ; =============== S U B R O U T I N E =======================================
.text:0800030F
.text:0800030F ; Attributes: bp-based frame
.text:0800030F
.text:0800030F nasm_set_verror proc near
.text:0800030F
.text:0800030F var_4           = dword ptr -4
.text:0800030F arg_0           = dword ptr  8
.text:0800030F
.text:0800030F                 push    ebp
.text:08000310                 mov     ebp, esp
.text:08000312                 sub     esp, 4
.text:08000318                 nop
.text:08000319                 mov     eax, ds:nasm_verror
.text:0800031F                 mov     [ebp+var_4], eax
.text:08000322                 mov     eax, [ebp+arg_0]
.text:08000325                 mov     ds:nasm_verror, eax
.text:0800032B                 mov     eax, [ebp+var_4]
.text:0800032E                 leave
.text:0800032F                 retn
.text:0800032F nasm_set_verror endp
.text:0800032F
.text:08000330
.text:08000330 ; =============== S U B R O U T I N E =======================================
.text:08000330
.text:08000330 ; Attributes: bp-based frame
.text:08000330
.text:08000330 directive_find  proc near
.text:08000330
.text:08000330 arg_0           = dword ptr  8
.text:08000330
.text:08000330                 push    ebp
.text:08000331                 mov     ebp, esp
.text:08000333                 sub     esp, 0
.text:08000339                 nop
.text:0800033A                 mov     eax, [ebp+arg_0]
.text:0800033D                 push    eax
.text:0800033E                 mov     eax, offset directive_hash
.text:08000343                 push    eax
.text:08000344                 call    perfhash_find
.text:08000349                 add     esp, 8
.text:0800034C                 leave
.text:0800034D                 retn
.text:0800034D directive_find  endp
.text:0800034D
.text:0800034E
.text:0800034E ; =============== S U B R O U T I N E =======================================
.text:0800034E
.text:0800034E ; Attributes: bp-based frame
.text:0800034E
.text:0800034E directive_name  proc near               ; ...
.text:0800034E
.text:0800034E var_4           = dword ptr -4
.text:0800034E arg_0           = dword ptr  8
.text:0800034E
.text:0800034E                 push    ebp
.text:0800034F                 mov     ebp, esp
.text:08000351                 sub     esp, 4
.text:08000357                 nop
.text:08000358                 mov     eax, [ebp+arg_0]
.text:0800035B                 sub     eax, 3
.text:0800035E                 mov     [ebp+var_4], eax
.text:08000361                 mov     eax, [ebp+var_4]
.text:08000364                 cmp     eax, 26h
.text:08000367                 jb      loc_8000377
.text:0800036D                 mov     eax, 0
.text:08000372                 jmp     locret_8000386
.text:08000377 ; ---------------------------------------------------------------------------
.text:08000377
.text:08000377 loc_8000377:                            ; ...
.text:08000377                 mov     eax, [ebp+var_4]
.text:0800037A                 shl     eax, 2
.text:0800037D                 mov     ecx, offset directive_tbl
.text:08000382                 add     ecx, eax
.text:08000384                 mov     eax, [ecx]
.text:08000386
.text:08000386 locret_8000386:                         ; ...
.text:08000386                 leave
.text:08000387                 retn
.text:08000387 directive_name  endp
.text:08000387
.text:08000388
.text:08000388 ; =============== S U B R O U T I N E =======================================
.text:08000388
.text:08000388 ; Attributes: bp-based frame
.text:08000388
.text:08000388 directive_dname proc near
.text:08000388
.text:08000388 var_4           = dword ptr -4
.text:08000388 arg_0           = dword ptr  8
.text:08000388
.text:08000388                 push    ebp
.text:08000389                 mov     ebp, esp
.text:0800038B                 sub     esp, 4
.text:08000391                 nop
.text:08000392                 mov     eax, [ebp+arg_0]
.text:08000395                 push    eax
.text:08000396                 call    directive_name
.text:0800039B                 add     esp, 4
.text:0800039E                 mov     [ebp+var_4], eax
.text:080003A1                 mov     eax, [ebp+var_4]
.text:080003A4                 cmp     eax, 0
.text:080003A7                 jz      loc_80003B2
.text:080003AD                 jmp     loc_80003C3
.text:080003B2 ; ---------------------------------------------------------------------------
.text:080003B2
.text:080003B2 loc_80003B2:                            ; ...
.text:080003B2                 mov     eax, [ebp+arg_0]
.text:080003B5                 push    eax
.text:080003B6                 call    invalid_enum_str
.text:080003BB                 add     esp, 4
.text:080003BE                 jmp     locret_80003C6
.text:080003C3 ; ---------------------------------------------------------------------------
.text:080003C3
.text:080003C3 loc_80003C3:                            ; ...
.text:080003C3                 mov     eax, [ebp+var_4]
.text:080003C6
.text:080003C6 locret_80003C6:                         ; ...
.text:080003C6                 leave
.text:080003C7                 retn
.text:080003C7 directive_dname endp
.text:080003C7
.text:080003C8
.text:080003C8 ; =============== S U B R O U T I N E =======================================
.text:080003C8
.text:080003C8 ; Attributes: bp-based frame
.text:080003C8
.text:080003C8 is_class        proc near               ; ...
.text:080003C8
.text:080003C8 arg_0           = dword ptr  8
.text:080003C8 arg_4           = dword ptr  0Ch
.text:080003C8 arg_8           = dword ptr  10h
.text:080003C8 arg_C           = dword ptr  14h
.text:080003C8
.text:080003C8                 push    ebp
.text:080003C9                 mov     ebp, esp
.text:080003CB                 sub     esp, 0
.text:080003D1                 nop
.text:080003D2                 mov     eax, [ebp+arg_8]
.text:080003D5                 xor     eax, 0FFFFFFFFh
.text:080003D8                 mov     ecx, [ebp+arg_C]
.text:080003DB                 xor     ecx, 0FFFFFFFFh
.text:080003DE                 mov     edx, [ebp+arg_0]
.text:080003E1                 and     edx, eax
.text:080003E3                 mov     eax, [ebp+arg_4]
.text:080003E6                 and     eax, ecx
.text:080003E8                 cmp     eax, 0
.text:080003EB                 jnz     loc_80003FA
.text:080003F1                 cmp     edx, 0
.text:080003F4                 jz      loc_8000401
.text:080003FA
.text:080003FA loc_80003FA:                            ; ...
.text:080003FA                 mov     eax, 0
.text:080003FF                 jmp     short locret_8000406
.text:08000401 ; ---------------------------------------------------------------------------
.text:08000401
.text:08000401 loc_8000401:                            ; ...
.text:08000401                 mov     eax, 1
.text:08000406
.text:08000406 locret_8000406:                         ; ...
.text:08000406                 leave
.text:08000407                 retn
.text:08000407 is_class        endp
.text:08000407
.text:08000408
.text:08000408 ; =============== S U B R O U T I N E =======================================
.text:08000408
.text:08000408 ; Attributes: bp-based frame
.text:08000408
.text:08000408 is_reg_class    proc near
.text:08000408
.text:08000408 arg_0           = dword ptr  8
.text:08000408 arg_4           = dword ptr  0Ch
.text:08000408 arg_8           = dword ptr  10h
.text:08000408 arg_C           = dword ptr  14h
.text:08000408
.text:08000408                 push    ebp
.text:08000409                 mov     ebp, esp
.text:0800040B                 sub     esp, 0
.text:08000411                 nop
.text:08000412                 mov     eax, [ebp+arg_C]
.text:08000415                 cmp     eax, 0
.text:08000418                 jb      loc_800047C
.text:0800041E                 jnz     loc_8000430
.text:08000424                 mov     eax, [ebp+arg_8]
.text:08000427                 cmp     eax, 1
.text:0800042A                 jb      loc_800047C
.text:08000430
.text:08000430 loc_8000430:                            ; ...
.text:08000430                 mov     eax, [ebp+arg_C]
.text:08000433                 cmp     eax, 0
.text:08000436                 ja      loc_800047C
.text:0800043C                 jnz     loc_8000451
.text:08000442                 mov     eax, [ebp+arg_8]
.text:08000445                 cmp     eax, 0F0h
.text:0800044B                 ja      loc_800047C
.text:08000451
.text:08000451 loc_8000451:                            ; ...
.text:08000451                 mov     eax, [ebp+arg_8]
.text:08000454                 shl     eax, 3
.text:08000457                 mov     ecx, offset nasm_reg_flags
.text:0800045C                 add     ecx, eax
.text:0800045E                 mov     eax, [ecx]
.text:08000460                 add     ecx, 4
.text:08000463                 mov     edx, [ecx]
.text:08000465                 push    edx
.text:08000466                 push    eax
.text:08000467                 mov     eax, [ebp+arg_0]
.text:0800046A                 mov     ecx, [ebp+arg_4]
.text:0800046D                 push    ecx
.text:0800046E                 push    eax
.text:0800046F                 call    is_class
.text:08000474                 add     esp, 10h
.text:08000477                 jmp     locret_8000481
.text:0800047C ; ---------------------------------------------------------------------------
.text:0800047C
.text:0800047C loc_800047C:                            ; ...
.text:0800047C                 mov     eax, 0
.text:08000481
.text:08000481 locret_8000481:                         ; ...
.text:08000481                 leave
.text:08000482                 retn
.text:08000482 is_reg_class    endp
.text:08000482
.text:08000483
.text:08000483 ; =============== S U B R O U T I N E =======================================
.text:08000483
.text:08000483 ; Attributes: bp-based frame
.text:08000483
.text:08000483 nasm_skip_identifier proc near
.text:08000483
.text:08000483 var_4           = dword ptr -4
.text:08000483 arg_0           = dword ptr  8
.text:08000483
.text:08000483                 push    ebp
.text:08000484                 mov     ebp, esp
.text:08000486                 sub     esp, 4
.text:0800048C                 nop
.text:0800048D                 mov     eax, [ebp+arg_0]
.text:08000490                 mov     [ebp+var_4], eax
.text:08000493                 mov     eax, [ebp+var_4]
.text:08000496                 mov     ecx, eax
.text:08000498                 inc     eax
.text:08000499                 mov     [ebp+var_4], eax
.text:0800049C                 movsx   eax, byte ptr [ecx]
.text:0800049F                 and     eax, 0FFh
.text:080004A5                 push    eax
.text:080004A6                 call    isalpha
.text:080004AB                 add     esp, 4
.text:080004AE                 cmp     eax, 0
.text:080004B1                 jnz     loc_8000510
.text:080004B7                 mov     eax, [ebp+var_4]
.text:080004BA                 mov     ecx, eax
.text:080004BC                 inc     eax
.text:080004BD                 mov     [ebp+var_4], eax
.text:080004C0                 movsx   eax, byte ptr [ecx]
.text:080004C3                 cmp     eax, 5Fh
.text:080004C6                 jz      loc_8000510
.text:080004CC                 mov     eax, [ebp+var_4]
.text:080004CF                 mov     ecx, eax
.text:080004D1                 inc     eax
.text:080004D2                 mov     [ebp+var_4], eax
.text:080004D5                 movsx   eax, byte ptr [ecx]
.text:080004D8                 cmp     eax, 2Eh
.text:080004DB                 jz      loc_8000510
.text:080004E1                 mov     eax, [ebp+var_4]
.text:080004E4                 mov     ecx, eax
.text:080004E6                 inc     eax
.text:080004E7                 mov     [ebp+var_4], eax
.text:080004EA                 movsx   eax, byte ptr [ecx]
.text:080004ED                 cmp     eax, 3Fh
.text:080004F0                 jz      loc_8000510
.text:080004F6                 mov     eax, [ebp+var_4]
.text:080004F9                 mov     ecx, eax
.text:080004FB                 inc     eax
.text:080004FC                 mov     [ebp+var_4], eax
.text:080004FF                 movsx   eax, byte ptr [ecx]
.text:08000502                 cmp     eax, 40h
.text:08000505                 jz      loc_8000510
.text:0800050B                 jmp     loc_8000515
.text:08000510 ; ---------------------------------------------------------------------------
.text:08000510
.text:08000510 loc_8000510:                            ; ...
.text:08000510                 jmp     loc_8000522
.text:08000515 ; ---------------------------------------------------------------------------
.text:08000515
.text:08000515 loc_8000515:                            ; ...
.text:08000515                 mov     eax, 0
.text:0800051A                 mov     [ebp+var_4], eax
.text:0800051D                 jmp     loc_8000607
.text:08000522 ; ---------------------------------------------------------------------------
.text:08000522
.text:08000522 loc_8000522:                            ; ...
.text:08000522                 mov     eax, [ebp+var_4]
.text:08000525                 mov     ecx, eax
.text:08000527                 inc     eax
.text:08000528                 mov     [ebp+var_4], eax
.text:0800052B                 movsx   eax, byte ptr [ecx]
.text:0800052E                 and     eax, 0FFh
.text:08000534                 push    eax
.text:08000535                 call    isalpha
.text:0800053A                 add     esp, 4
.text:0800053D                 cmp     eax, 0
.text:08000540                 jnz     loc_8000602
.text:08000546                 mov     eax, [ebp+var_4]
.text:08000549                 mov     ecx, eax
.text:0800054B                 inc     eax
.text:0800054C                 mov     [ebp+var_4], eax
.text:0800054F                 movsx   eax, byte ptr [ecx]
.text:08000552                 cmp     eax, 5Fh
.text:08000555                 jz      loc_8000602
.text:0800055B                 mov     eax, [ebp+var_4]
.text:0800055E                 mov     ecx, eax
.text:08000560                 inc     eax
.text:08000561                 mov     [ebp+var_4], eax
.text:08000564                 movsx   eax, byte ptr [ecx]
.text:08000567                 cmp     eax, 2Eh
.text:0800056A                 jz      loc_8000602
.text:08000570                 mov     eax, [ebp+var_4]
.text:08000573                 mov     ecx, eax
.text:08000575                 inc     eax
.text:08000576                 mov     [ebp+var_4], eax
.text:08000579                 movsx   eax, byte ptr [ecx]
.text:0800057C                 cmp     eax, 3Fh
.text:0800057F                 jz      loc_8000602
.text:08000585                 mov     eax, [ebp+var_4]
.text:08000588                 mov     ecx, eax
.text:0800058A                 inc     eax
.text:0800058B                 mov     [ebp+var_4], eax
.text:0800058E                 movsx   eax, byte ptr [ecx]
.text:08000591                 cmp     eax, 40h
.text:08000594                 jz      loc_8000602
.text:0800059A                 mov     eax, [ebp+var_4]
.text:0800059D                 mov     ecx, eax
.text:0800059F                 inc     eax
.text:080005A0                 mov     [ebp+var_4], eax
.text:080005A3                 movsx   eax, byte ptr [ecx]
.text:080005A6                 and     eax, 0FFh
.text:080005AC                 push    eax
.text:080005AD                 call    isdigit
.text:080005B2                 add     esp, 4
.text:080005B5                 cmp     eax, 0
.text:080005B8                 jnz     loc_8000602
.text:080005BE                 mov     eax, [ebp+var_4]
.text:080005C1                 mov     ecx, eax
.text:080005C3                 inc     eax
.text:080005C4                 mov     [ebp+var_4], eax
.text:080005C7                 movsx   eax, byte ptr [ecx]
.text:080005CA                 cmp     eax, 24h
.text:080005CD                 jz      loc_8000602
.text:080005D3                 mov     eax, [ebp+var_4]
.text:080005D6                 mov     ecx, eax
.text:080005D8                 inc     eax
.text:080005D9                 mov     [ebp+var_4], eax
.text:080005DC                 movsx   eax, byte ptr [ecx]
.text:080005DF                 cmp     eax, 23h
.text:080005E2                 jz      loc_8000602
.text:080005E8                 mov     eax, [ebp+var_4]
.text:080005EB                 mov     ecx, eax
.text:080005ED                 inc     eax
.text:080005EE                 mov     [ebp+var_4], eax
.text:080005F1                 movsx   eax, byte ptr [ecx]
.text:080005F4                 cmp     eax, 7Eh
.text:080005F7                 jz      loc_8000602
.text:080005FD                 jmp     loc_8000607
.text:08000602 ; ---------------------------------------------------------------------------
.text:08000602
.text:08000602 loc_8000602:                            ; ...
.text:08000602                 jmp     loc_8000522
.text:08000607 ; ---------------------------------------------------------------------------
.text:08000607
.text:08000607 loc_8000607:                            ; ...
.text:08000607                 mov     eax, [ebp+var_4]
.text:0800060A                 leave
.text:0800060B                 retn
.text:0800060B nasm_skip_identifier endp
.text:0800060B
.text:0800060C
.text:0800060C ; =============== S U B R O U T I N E =======================================
.text:0800060C
.text:0800060C ; Attributes: bp-based frame
.text:0800060C
.text:0800060C is_register     proc near
.text:0800060C
.text:0800060C arg_0           = dword ptr  8
.text:0800060C
.text:0800060C                 push    ebp
.text:0800060D                 mov     ebp, esp
.text:0800060F                 sub     esp, 0
.text:08000615                 nop
.text:08000616                 mov     eax, [ebp+arg_0]
.text:08000619                 cmp     eax, 1
.text:0800061C                 jl      loc_8000638
.text:08000622                 mov     eax, [ebp+arg_0]
.text:08000625                 cmp     eax, 0F1h
.text:0800062B                 jge     loc_8000638
.text:08000631                 mov     eax, 1
.text:08000636                 jmp     short locret_800063D
.text:08000638 ; ---------------------------------------------------------------------------
.text:08000638
.text:08000638 loc_8000638:                            ; ...
.text:08000638                 mov     eax, 0
.text:0800063D
.text:0800063D locret_800063D:                         ; ...
.text:0800063D                 leave
.text:0800063E                 retn
.text:0800063E is_register     endp
.text:0800063E
.text:0800063F
.text:0800063F ; =============== S U B R O U T I N E =======================================
.text:0800063F
.text:0800063F ; Attributes: bp-based frame
.text:0800063F
.text:0800063F get_cond_opcode proc near
.text:0800063F
.text:0800063F arg_0           = dword ptr  8
.text:0800063F
.text:0800063F                 push    ebp
.text:08000640                 mov     ebp, esp
.text:08000642                 sub     esp, 0
.text:08000648                 nop
.text:08000649                 mov     eax, [ebp+arg_0]
.text:0800064C                 mov     ecx, offset ccode_opcodes
.text:08000651                 add     ecx, eax
.text:08000653                 movzx   eax, byte ptr [ecx]
.text:08000656                 leave
.text:08000657                 retn
.text:08000657 get_cond_opcode endp
.text:08000657
.text:08000658
.text:08000658 ; =============== S U B R O U T I N E =======================================
.text:08000658
.text:08000658 ; Attributes: bp-based frame
.text:08000658
.text:08000658 radix_letter    proc near               ; ...
.text:08000658
.text:08000658 c               = byte ptr  8
.text:08000658
.text:08000658                 push    ebp             ; static int radix_letter(char c)
.text:08000659                 mov     ebp, esp
.text:0800065B                 sub     esp, 0
.text:08000661                 nop
.text:08000662                 jmp     rl_6
.text:08000667 ; ---------------------------------------------------------------------------
.text:08000667
.text:08000667 rl_1:                                   ; ...
.text:08000667                 mov     eax, 2          ; case 'b': case 'B':
.text:08000667                                         ; case 'y': case 'Y':
.text:0800066C                 jmp     rl_10           ; return 2; /* Binary */
.text:08000671 ; ---------------------------------------------------------------------------
.text:08000671
.text:08000671 rl_2:                                   ; ...
.text:08000671                 mov     eax, 8          ; case 'o': case 'O':
.text:08000671                                         ; case 'q': case 'Q':
.text:08000671                                         ; return 8; /* Octal */
.text:08000676                 jmp     rl_10
.text:0800067B ; ---------------------------------------------------------------------------
.text:0800067B
.text:0800067B rl_3:                                   ; ...
.text:0800067B                 mov     eax, 16         ; case 'h': case 'H':
.text:0800067B                                         ; case 'x': case 'X':
.text:0800067B                                         ; return 16;  /* Hexadecimal */
.text:08000680                 jmp     rl_10
.text:08000685 ; ---------------------------------------------------------------------------
.text:08000685
.text:08000685 rl_4:                                   ; ...
.text:08000685                 mov     eax, 10         ; case 'd': case 'D':
.text:08000685                                         ; case 't': case 'T':
.text:0800068A                 jmp     rl_10           ; return 10; /* Decimal */
.text:0800068F ; ---------------------------------------------------------------------------
.text:0800068F
.text:0800068F rl_5:                                   ; ...
.text:0800068F                 mov     eax, 0          ; case default:
.text:0800068F                                         ; return 0; /* Not a known radix letter */
.text:08000694                 jmp     rl_10
.text:08000699 ; ---------------------------------------------------------------------------
.text:08000699                 jmp     rl_10
.text:0800069E ; ---------------------------------------------------------------------------
.text:0800069E
.text:0800069E rl_6:                                   ; ...
.text:0800069E                 movsx   eax, [ebp+c]    ; switch (c) {
.text:080006A2                 cmp     eax, 'b'
.text:080006A5                 jg      rl_8
.text:080006AB                 cmp     eax, 'b'
.text:080006AE                 jge     short rl_1      ; case 'b': case 'B':
.text:080006AE                                         ; case 'y': case 'Y':
.text:080006B0                 cmp     eax, 'Q'
.text:080006B3                 jg      rl_7
.text:080006B9                 cmp     eax, 'Q'
.text:080006BC                 jge     short rl_2
.text:080006BE                 cmp     eax, 'B'
.text:080006C1                 jz      short rl_1
.text:080006C3                 cmp     eax, 'D'
.text:080006C6                 jz      short rl_4
.text:080006C8                 cmp     eax, 'H'        ; case 'h': case 'H':
.text:080006C8                                         ; case 'x': case 'X':
.text:080006CB                 jz      short rl_3
.text:080006CD                 cmp     eax, 'O'
.text:080006D0                 jz      short rl_2
.text:080006D2                 jmp     short rl_5
.text:080006D4 ; ---------------------------------------------------------------------------
.text:080006D4
.text:080006D4 rl_7:                                   ; ...
.text:080006D4                 cmp     eax, 'T'        ; case 'd': case 'D':
.text:080006D4                                         ; case 't': case 'T':
.text:080006D7                 jz      short rl_4
.text:080006D9                 cmp     eax, 'X'
.text:080006DC                 jz      short rl_3
.text:080006DE                 cmp     eax, 'Y'
.text:080006E1                 jz      short rl_1
.text:080006E3                 jmp     short rl_5
.text:080006E5 ; ---------------------------------------------------------------------------
.text:080006E5
.text:080006E5 rl_8:                                   ; ...
.text:080006E5                 cmp     eax, 'q'
.text:080006E8                 jg      rl_9
.text:080006EE                 cmp     eax, 'q'
.text:080006F1                 jge     rl_2
.text:080006F7                 cmp     eax, 'd'
.text:080006FA                 jz      short rl_4
.text:080006FC                 cmp     eax, 'h'
.text:080006FF                 jz      rl_3
.text:08000705                 cmp     eax, 'o'        ; case 'o': case 'O':
.text:08000705                                         ; case 'q': case 'Q':
.text:08000708                 jz      rl_2
.text:0800070E                 jmp     rl_5
.text:08000713 ; ---------------------------------------------------------------------------
.text:08000713
.text:08000713 rl_9:                                   ; ...
.text:08000713                 cmp     eax, 't'
.text:08000716                 jz      rl_4
.text:0800071C                 cmp     eax, 'x'
.text:0800071F                 jz      rl_3
.text:08000725                 cmp     eax, 'y'
.text:08000728                 jz      rl_1
.text:0800072E                 jmp     rl_5
.text:08000733 ; ---------------------------------------------------------------------------
.text:08000733
.text:08000733 rl_10:                                  ; ...
.text:08000733                 leave
.text:08000734                 retn
.text:08000734 radix_letter    endp
.text:08000734
.text:08000735
.text:08000735 ; =============== S U B R O U T I N E =======================================
.text:08000735
.text:08000735 ; Attributes: bp-based frame
.text:08000735
.text:08000735                 public readnum
.text:08000735 readnum         proc near
.text:08000735
.text:08000735 result_mul_sign = dword ptr -70h
.text:08000735 result_mul_sign_h= dword ptr -6Ch
.text:08000735 result_tmp_h    = dword ptr -68h
.text:08000735 result_tmp      = dword ptr -64h
.text:08000735 sign_bit        = dword ptr -60h
.text:08000735 sign_tmp        = dword ptr -5Ch
.text:08000735 tmp_l           = dword ptr -58h
.text:08000735 tmp_h           = dword ptr -54h
.text:08000735 radix_mul_result_h= dword ptr -50h
.text:08000735 radix_mul_result= dword ptr -4Ch
.text:08000735 radix_tmp       = dword ptr -48h
.text:08000735 radix_sign      = dword ptr -44h
.text:08000735 sign            = dword ptr -40h
.text:08000735 warn            = dword ptr -3Ch
.text:08000735 last            = dword ptr -38h
.text:08000735 digit           = dword ptr -34h
.text:08000735 checklimit      = dword ptr -30h
.text:08000735 checklimit_h    = dword ptr -2Ch
.text:08000735 result          = dword ptr -28h
.text:08000735 result_h        = dword ptr -24h
.text:08000735 len             = dword ptr -20h
.text:08000735 slen            = dword ptr -1Ch
.text:08000735 plen            = dword ptr -18h
.text:08000735 radix           = dword ptr -14h
.text:08000735 sradix          = dword ptr -10h
.text:08000735 pradix          = dword ptr -0Ch
.text:08000735 q               = dword ptr -8
.text:08000735 r               = dword ptr -4
.text:08000735 str             = dword ptr  8
.text:08000735 error           = dword ptr  0Ch
.text:08000735
.text:08000735                 push    ebp             ; int64_t readnum(const char *str, bool *error)
.text:08000736                 mov     ebp, esp
.text:08000738                 sub     esp, 112
.text:0800073E                 nop                     ; int32_t pradix, sradix, radix;
.text:0800073E                                         ; int plen, slen, len;
.text:0800073E                                         ; uint64_t result, checklimit;
.text:0800073E                                         ; int digit, last;
.text:0800073F                 mov     eax, [ebp+str]
.text:08000742                 mov     [ebp+r], eax    ; const char *r = str, *q;
.text:08000745                 mov     eax, 0
.text:0800074A                 mov     [ebp+warn], eax ; bool warn = false;
.text:0800074D                 mov     eax, 1
.text:08000752                 mov     [ebp+sign], eax ; int sign = 1;
.text:08000755                 mov     eax, [ebp+error]
.text:08000758                 mov     ecx, 0
.text:0800075D                 mov     [eax], ecx      ; *error = false;
.text:0800075F
.text:0800075F rn_1:                                   ; ...
.text:0800075F                 mov     eax, [ebp+r]
.text:08000762                 movsx   ecx, byte ptr [eax]
.text:08000765                 and     ecx, 0FFh
.text:0800076B                 push    ecx
.text:0800076C                 call    isspace         ; while (nasm_isspace(*r))
.text:08000771                 add     esp, 4
.text:08000774                 cmp     eax, 0
.text:08000777                 jz      rn_2
.text:0800077D                 mov     eax, [ebp+r]
.text:08000780                 mov     ecx, eax
.text:08000782                 inc     eax
.text:08000783                 mov     [ebp+r], eax    ; r++; /* find start of number */
.text:08000786                 jmp     short rn_1
.text:08000788 ; ---------------------------------------------------------------------------
.text:08000788
.text:08000788 rn_2:                                   ; ...
.text:08000788                 mov     eax, [ebp+r]    ; If the number came from make_tok_num (as a result of an %assign),
.text:08000788                                         ; it might have a '-' built into it (rather than in a preceeding token).
.text:0800078B                 movsx   ecx, byte ptr [eax] ; if (*r == '-') {
.text:0800078E                 cmp     ecx, '-'
.text:08000791                 jnz     rn_3
.text:08000797                 mov     eax, [ebp+r]
.text:0800079A                 mov     ecx, eax
.text:0800079C                 inc     eax
.text:0800079D                 mov     [ebp+r], eax    ; r++;
.text:080007A0                 mov     eax, -1
.text:080007A5                 mov     [ebp+sign], eax ; sign = -1;
.text:080007A8
.text:080007A8 rn_3:                                   ; ...
.text:080007A8                 mov     eax, [ebp+r]
.text:080007AB                 mov     [ebp+q], eax    ; q = r;
.text:080007AE
.text:080007AE rn_4:                                   ; ...
.text:080007AE                 mov     eax, [ebp+q]    ; while (lib_isnumchar(*q))
.text:080007B1                 movsx   ecx, byte ptr [eax]
.text:080007B4                 and     ecx, 0FFh
.text:080007BA                 push    ecx
.text:080007BB                 call    isalnum         ; #define lib_isnumchar(c)
.text:080007BB                                         ;     (nasm_isalnum(c) || (c) == '$' || (c) == '_')
.text:080007C0                 add     esp, 4
.text:080007C3                 cmp     eax, 0
.text:080007C6                 jnz     rn_5
.text:080007CC                 mov     eax, [ebp+q]
.text:080007CF                 movsx   ecx, byte ptr [eax]
.text:080007D2                 cmp     ecx, '$'
.text:080007D5                 jz      rn_5
.text:080007DB                 mov     eax, [ebp+q]
.text:080007DE                 movsx   ecx, byte ptr [eax]
.text:080007E1                 cmp     ecx, '_'
.text:080007E4                 jz      rn_5
.text:080007EA                 jmp     rn_6
.text:080007EF ; ---------------------------------------------------------------------------
.text:080007EF
.text:080007EF rn_5:                                   ; ...
.text:080007EF                 mov     eax, [ebp+q]    ; q++; /* find end of number */
.text:080007F2                 mov     ecx, eax
.text:080007F4                 inc     eax
.text:080007F5                 mov     [ebp+q], eax
.text:080007F8                 jmp     short rn_4
.text:080007FA ; ---------------------------------------------------------------------------
.text:080007FA
.text:080007FA rn_6:                                   ; ...
.text:080007FA                 mov     eax, [ebp+q]
.text:080007FD                 mov     ecx, [ebp+r]
.text:08000800                 sub     eax, ecx
.text:08000802                 mov     [ebp+len], eax  ; len = q-r;
.text:08000805                 mov     eax, [ebp+len]  ; if (!len) {
.text:08000808                 cmp     eax, 0
.text:0800080B                 jz      rn_7            ; /* Not numeric */
.text:08000811                 jmp     rn_8
.text:08000816 ; ---------------------------------------------------------------------------
.text:08000816
.text:08000816 rn_7:                                   ; ...
.text:08000816                 mov     eax, [ebp+error] ; *error = true;
.text:08000819                 mov     ecx, 1
.text:0800081E                 mov     [eax], ecx
.text:08000820                 mov     eax, 0          ; return 0;
.text:08000825                 mov     edx, 0
.text:0800082A                 jmp     rn_34
.text:0800082F ; ---------------------------------------------------------------------------
.text:0800082F
.text:0800082F rn_8:                                   ; ...
.text:0800082F                 mov     eax, 0          ; Handle radix formats:
.text:0800082F                                         ;   0<radix-letter><string>
.text:0800082F                                         ;   $<string> (hexadecimal)
.text:0800082F                                         ;   <string><radix-letter>
.text:08000834                 mov     [ebp+sradix], eax
.text:08000837                 mov     [ebp+pradix], eax ; pradix = sradix = 0;
.text:0800083A                 mov     eax, 0
.text:0800083F                 mov     [ebp+slen], eax
.text:08000842                 mov     [ebp+plen], eax ; plen = slen = 0;
.text:08000845                 mov     eax, [ebp+len]
.text:08000848                 cmp     eax, 2          ; if (len > 2 && *r == '0'
.text:08000848                                         ; && (pradix = radix_letter(r[1])) != 0)
.text:0800084B                 jle     rn_9
.text:08000851                 mov     eax, [ebp+r]
.text:08000854                 movsx   ecx, byte ptr [eax]
.text:08000857                 cmp     ecx, '0'
.text:0800085A                 jnz     rn_9
.text:08000860                 mov     eax, [ebp+r]
.text:08000863                 inc     eax
.text:08000864                 movsx   ecx, byte ptr [eax]
.text:08000867                 push    ecx
.text:08000868                 call    radix_letter
.text:0800086D                 add     esp, 4
.text:08000870                 mov     [ebp+pradix], eax ; pradix = radix_letter(r[1])
.text:08000873                 cmp     eax, 0
.text:08000876                 jz      rn_9
.text:0800087C                 mov     eax, 2
.text:08000881                 mov     [ebp+plen], eax ; plen = 2;
.text:08000884                 jmp     rn_10
.text:08000889 ; ---------------------------------------------------------------------------
.text:08000889
.text:08000889 rn_9:                                   ; ...
.text:08000889                 mov     eax, [ebp+len]  ; else if (len > 1 && *r == '$')
.text:0800088C                 cmp     eax, 1
.text:0800088F                 jle     rn_10
.text:08000895                 mov     eax, [ebp+r]
.text:08000898                 movsx   ecx, byte ptr [eax]
.text:0800089B                 cmp     ecx, '$'
.text:0800089E                 jnz     rn_10
.text:080008A4                 mov     eax, 16
.text:080008A9                 mov     [ebp+pradix], eax ; pradix = 16, plen = 1;
.text:080008AC                 mov     eax, 1
.text:080008B1                 mov     [ebp+plen], eax
.text:080008B4
.text:080008B4 rn_10:                                  ; ...
.text:080008B4                 mov     eax, [ebp+len]  ; if (len > 1
.text:080008B4                                         ; && (sradix = radix_letter(q[-1])) != 0)
.text:080008B7                 cmp     eax, 1
.text:080008BA                 jle     rn_11
.text:080008C0                 mov     eax, [ebp+q]
.text:080008C3                 add     eax, -1
.text:080008C6                 movsx   ecx, byte ptr [eax]
.text:080008C9                 push    ecx
.text:080008CA                 call    radix_letter
.text:080008CF                 add     esp, 4
.text:080008D2                 mov     [ebp+sradix], eax ; sradix = radix_letter(q[-1])
.text:080008D5                 cmp     eax, 0
.text:080008D8                 jz      rn_11
.text:080008DE                 mov     eax, 1
.text:080008E3                 mov     [ebp+slen], eax ; slen = 1;
.text:080008E6
.text:080008E6 rn_11:                                  ; ...
.text:080008E6                 mov     eax, [ebp+pradix]
.text:080008E9                 mov     ecx, [ebp+sradix]
.text:080008EC                 cmp     eax, ecx        ; if (pradix > sradix) {
.text:080008EE                 jle     rn_12
.text:080008F4                 mov     eax, [ebp+pradix]
.text:080008F7                 mov     [ebp+radix], eax ; radix = pradix;
.text:080008FA                 mov     eax, [ebp+plen]
.text:080008FD                 mov     ecx, [ebp+r]
.text:08000900                 add     ecx, eax
.text:08000902                 mov     [ebp+r], ecx    ; r += plen;
.text:08000905                 jmp     rn_14
.text:0800090A ; ---------------------------------------------------------------------------
.text:0800090A
.text:0800090A rn_12:                                  ; ...
.text:0800090A                 mov     eax, [ebp+sradix] ; } else if (sradix > pradix) {
.text:0800090D                 mov     ecx, [ebp+pradix]
.text:08000910                 cmp     eax, ecx
.text:08000912                 jle     rn_13
.text:08000918                 mov     eax, [ebp+sradix]
.text:0800091B                 mov     [ebp+radix], eax ; radix = sradix;
.text:0800091E                 mov     eax, [ebp+slen]
.text:08000921                 mov     ecx, [ebp+q]
.text:08000924                 sub     ecx, eax
.text:08000926                 mov     [ebp+q], ecx    ; q -= slen;
.text:08000929                 jmp     rn_14
.text:0800092E ; ---------------------------------------------------------------------------
.text:0800092E
.text:0800092E rn_13:                                  ; ...
.text:0800092E                 mov     eax, 10         ; } else {
.text:0800092E                                         ;  /* Either decimal, or invalid -- if invalid,
.text:0800092E                                         ;     we'll trip up further down. */
.text:08000933                 mov     [ebp+radix], eax ; radix = 10;
.text:08000936
.text:08000936 rn_14:                                  ; ...
.text:08000936                 mov     eax, [ebp+radix] ; 'checklimit' must be 2**64 / radix. We can't do that in
.text:08000936                                         ; 64-bit arithmetic, which we're (probably) using,
.text:08000936                                         ; so we cheat: since we know that all radices we use are even,
.text:08000936                                         ; we can divide 2**63 by radix/2 instead.
.text:08000939                 sar     eax, 1
.text:0800093C                 mov     ecx, eax
.text:0800093E                 sar     ecx, 1Fh
.text:08000941                 push    ecx
.text:08000942                 push    eax
.text:08000943                 mov     eax, 0
.text:08000948                 mov     ecx, 80000000h
.text:0800094D                 push    ecx
.text:0800094E                 push    eax
.text:0800094F                 call    __udivdi3
.text:08000954                 add     esp, 16
.text:08000957                 mov     [ebp+checklimit], eax ; checklimit = UINT64_C(0x8000000000000000) / (radix >> 1);
.text:0800095A                 mov     [ebp+checklimit_h], edx
.text:0800095D                 mov     eax, [ebp+radix]
.text:08000960                 cmp     eax, 10         ; last = (radix == 10 ? 6 : 0);
.text:08000963                 mov     eax, 0
.text:08000968                 setz    al
.text:0800096B                 cmp     eax, 0
.text:0800096E                 jz      rn_15
.text:08000974                 jmp     rn_16
.text:08000979 ; ---------------------------------------------------------------------------
.text:08000979
.text:08000979 rn_15:                                  ; ...
.text:08000979                 mov     eax, 0
.text:0800097E                 jmp     rn_17
.text:08000983 ; ---------------------------------------------------------------------------
.text:08000983
.text:08000983 rn_16:                                  ; ...
.text:08000983                 mov     eax, 6
.text:08000988
.text:08000988 rn_17:                                  ; ...
.text:08000988                 mov     [ebp+last], eax
.text:0800098B                 mov     eax, 0
.text:08000990                 mov     ecx, 0
.text:08000995                 mov     [ebp+result], eax ; result = 0;
.text:08000998                 mov     [ebp+result_h], ecx
.text:0800099B
.text:0800099B rn_18:                                  ; ...
.text:0800099B                 mov     eax, [ebp+r]    ; while (*r && r < q) {
.text:0800099E                 movsx   ecx, byte ptr [eax]
.text:080009A1                 cmp     ecx, 0
.text:080009A4                 jz      rn_32
.text:080009AA                 mov     eax, [ebp+r]
.text:080009AD                 mov     ecx, [ebp+q]
.text:080009B0                 cmp     eax, ecx
.text:080009B2                 jnb     rn_32
.text:080009B8                 mov     eax, [ebp+r]
.text:080009BB                 movsx   ecx, byte ptr [eax]
.text:080009BE                 cmp     ecx, '_'        ; if (*r != '_') {
.text:080009C1                 jz      rn_31
.text:080009C7                 mov     eax, [ebp+r]
.text:080009CA                 movsx   ecx, byte ptr [eax]
.text:080009CD                 cmp     ecx, '0'        ;  if (*r < '0' || (*r > '9' && *r < 'A')
.text:080009D0                 jl      rn_24
.text:080009D6                 mov     eax, [ebp+r]
.text:080009D9                 movsx   ecx, byte ptr [eax]
.text:080009DC                 cmp     ecx, '9'
.text:080009DF                 jle     rn_19
.text:080009E5                 mov     eax, [ebp+r]
.text:080009E8                 movsx   ecx, byte ptr [eax]
.text:080009EB                 cmp     ecx, 'A'
.text:080009EE                 jge     rn_19           ; || (digit = numvalue(*r)) >= radix) {
.text:080009F4                 jmp     rn_24
.text:080009F9 ; ---------------------------------------------------------------------------
.text:080009F9
.text:080009F9 rn_19:                                  ; ...
.text:080009F9                 mov     eax, [ebp+r]    ; /* This returns the numeric value of a given 'digit'. */
.text:080009F9                                         ; #define numvalue(c)
.text:080009F9                                         ; ((c) >= 'a' ? (c) - 'a' + 10 : (c) >= 'A' ? (c) - 'A' + 10 : (c) - '0')
.text:080009FC                 movsx   ecx, byte ptr [eax]
.text:080009FF                 cmp     ecx, 'a'
.text:08000A02                 mov     eax, 0
.text:08000A07                 setnl   al
.text:08000A0A                 cmp     eax, 0          ; (c) >= 'a' ?
.text:08000A0D                 jz      rn_20           ; ((right/false side))
.text:08000A13                 mov     eax, [ebp+r]    ; (c) - 'a' + 10 ((left/true side))
.text:08000A16                 movsx   ecx, byte ptr [eax]
.text:08000A19                 sub     ecx, 'a'
.text:08000A1C                 add     ecx, 10
.text:08000A1F                 jmp     rn_23
.text:08000A24 ; ---------------------------------------------------------------------------
.text:08000A24
.text:08000A24 rn_20:                                  ; ...
.text:08000A24                 mov     eax, [ebp+r]    ; (c) >= 'A' ? (c) - 'A' + 10 : (c) - '0'
.text:08000A27                 movsx   ecx, byte ptr [eax]
.text:08000A2A                 cmp     ecx, 'A'
.text:08000A2D                 mov     eax, 0
.text:08000A32                 setnl   al
.text:08000A35                 cmp     eax, 0
.text:08000A38                 jz      rn_21
.text:08000A3E                 mov     eax, [ebp+r]
.text:08000A41                 movsx   ecx, byte ptr [eax]
.text:08000A44                 sub     ecx, 'A'
.text:08000A47                 add     ecx, 10
.text:08000A4A                 jmp     rn_22
.text:08000A4F ; ---------------------------------------------------------------------------
.text:08000A4F
.text:08000A4F rn_21:                                  ; ...
.text:08000A4F                 mov     eax, [ebp+r]
.text:08000A52                 movsx   ecx, byte ptr [eax]
.text:08000A55                 sub     ecx, '0'
.text:08000A58                 jmp     $+5
.text:08000A5D ; ---------------------------------------------------------------------------
.text:08000A5D
.text:08000A5D rn_22:                                  ; ...
.text:08000A5D                 jmp     $+5
.text:08000A62 ; ---------------------------------------------------------------------------
.text:08000A62
.text:08000A62 rn_23:                                  ; ...
.text:08000A62                 mov     [ebp+digit], ecx
.text:08000A65                 mov     eax, [ebp+radix]
.text:08000A68                 cmp     ecx, eax
.text:08000A6A                 jge     rn_24           ; digit = numvalue(*r)) >= radix
.text:08000A70                 jmp     rn_25
.text:08000A75 ; ---------------------------------------------------------------------------
.text:08000A75
.text:08000A75 rn_24:                                  ; ...
.text:08000A75                 mov     eax, [ebp+error] ; *error = true;
.text:08000A78                 mov     ecx, 1
.text:08000A7D                 mov     [eax], ecx
.text:08000A7F                 mov     eax, 0          ; return 0;
.text:08000A84                 mov     edx, 0
.text:08000A89                 jmp     rn_34
.text:08000A8E ; ---------------------------------------------------------------------------
.text:08000A8E
.text:08000A8E rn_25:                                  ; ...
.text:08000A8E                 mov     eax, [ebp+result_h] ; if (result > checklimit ||
.text:08000A91                 mov     ecx, [ebp+checklimit_h]
.text:08000A94                 cmp     eax, ecx
.text:08000A96                 jb      rn_27
.text:08000A9C                 jnz     rn_26
.text:08000AA2                 mov     eax, [ebp+result]
.text:08000AA5                 mov     ecx, [ebp+checklimit]
.text:08000AA8                 cmp     eax, ecx
.text:08000AAA                 jbe     rn_27
.text:08000AB0
.text:08000AB0 rn_26:                                  ; ...
.text:08000AB0                 jmp     rn_29
.text:08000AB5 ; ---------------------------------------------------------------------------
.text:08000AB5
.text:08000AB5 rn_27:                                  ; ...
.text:08000AB5                 mov     eax, [ebp+result_h] ; (result == checklimit && digit >= last)) {
.text:08000AB8                 mov     ecx, [ebp+checklimit_h]
.text:08000ABB                 cmp     eax, ecx
.text:08000ABD                 jnz     rn_28
.text:08000AC3                 mov     eax, [ebp+result]
.text:08000AC6                 mov     ecx, [ebp+checklimit]
.text:08000AC9                 cmp     eax, ecx
.text:08000ACB                 jnz     rn_28
.text:08000AD1                 mov     eax, [ebp+digit]
.text:08000AD4                 mov     ecx, [ebp+last]
.text:08000AD7                 cmp     eax, ecx
.text:08000AD9                 jl      rn_28
.text:08000ADF                 jmp     rn_29           ; && digit >= last
.text:08000AE4 ; ---------------------------------------------------------------------------
.text:08000AE4
.text:08000AE4 rn_28:                                  ; ...
.text:08000AE4                 jmp     rn_30
.text:08000AE9 ; ---------------------------------------------------------------------------
.text:08000AE9
.text:08000AE9 rn_29:                                  ; ...
.text:08000AE9                 mov     eax, 1
.text:08000AEE                 mov     [ebp+warn], eax ; warn = true;
.text:08000AF1
.text:08000AF1 rn_30:                                  ; ...
.text:08000AF1                 mov     eax, [ebp+radix] ; result = radix * result + digit;
.text:08000AF4                 mov     ecx, eax
.text:08000AF6                 sar     ecx, 31         ; (0 or 1)
.text:08000AF9                 mov     [ebp+radix_sign], ecx ; (1 = negative)
.text:08000AFC                 mov     ecx, [ebp+result]
.text:08000AFF                 mov     [ebp+radix_tmp], eax
.text:08000B02                 mul     ecx
.text:08000B04                 mov     ecx, [ebp+radix_tmp]
.text:08000B07                 mov     [ebp+radix_mul_result], eax ; low_product
.text:08000B0A                 mov     eax, [ebp+result_h]
.text:08000B0D                 imul    ecx, eax        ; ecx = radix * result_high (Signed upper product)
.text:08000B10                 mov     eax, [ebp+radix_sign]
.text:08000B13                 mov     [ebp+radix_mul_result_h], edx ; high_product
.text:08000B16                 mov     edx, [ebp+result]
.text:08000B19                 imul    eax, edx        ; eax = radix_sign * result_low (Cross term)
.text:08000B1C                 add     ecx, eax        ; ecx = Sum of upper products and cross terms
.text:08000B1E                 mov     eax, [ebp+radix_mul_result_h]
.text:08000B21                 add     eax, ecx
.text:08000B23                 mov     ecx, [ebp+radix_mul_result]
.text:08000B26                 mov     edx, [ebp+digit]
.text:08000B29                 mov     [ebp+tmp_l], ecx ; Temporary storage for lower product result
.text:08000B2C                 mov     [ebp+tmp_h], eax
.text:08000B2F                 mov     eax, edx
.text:08000B31                 sar     eax, 31
.text:08000B34                 mov     ecx, [ebp+tmp_l]
.text:08000B37                 add     ecx, edx        ; ecx = Lower product + digit (New lower 64-bit)
.text:08000B39                 mov     edx, [ebp+tmp_h]
.text:08000B3C                 adc     edx, eax        ; edx = Upper part + carry (New upper 64-bit)
.text:08000B3E                 mov     [ebp+result], ecx
.text:08000B41                 mov     [ebp+result_h], edx
.text:08000B44
.text:08000B44 rn_31:                                  ; ...
.text:08000B44                 mov     eax, [ebp+r]    ; r++;
.text:08000B47                 mov     ecx, eax
.text:08000B49                 inc     eax
.text:08000B4A                 mov     [ebp+r], eax
.text:08000B4D                 jmp     rn_18
.text:08000B52 ; ---------------------------------------------------------------------------
.text:08000B52
.text:08000B52 rn_32:                                  ; ...
.text:08000B52                 mov     eax, [ebp+warn] ; if (warn)
.text:08000B55                 cmp     eax, 0
.text:08000B58                 jz      rn_33
.text:08000B5E                 mov     eax, [ebp+str]
.text:08000B61                 push    eax
.text:08000B62                 mov     eax, offset L_2 ; "numeric constant %s does not fit in 64 "...
.text:08000B67                 push    eax
.text:08000B68                 mov     eax, 5082h      ; ERR_WARNING | ERR_PASS1 | WARN_NOV
.text:08000B6D                 push    eax
.text:08000B6E                 call    nasm_error      ; nasm_error(ERR_WARNING | ERR_PASS1 | WARN_NOV,
.text:08000B6E                                         ; "numeric constant %s does not fit in 64 bits", str);
.text:08000B73                 add     esp, 12
.text:08000B76
.text:08000B76 rn_33:                                  ; ...
.text:08000B76                 mov     eax, [ebp+sign] ; -1 or 1
.text:08000B79                 mov     ecx, eax
.text:08000B7B                 sar     ecx, 31
.text:08000B7E                 mov     [ebp+sign_tmp], eax
.text:08000B81                 mov     eax, [ebp+result]
.text:08000B84                 mov     [ebp+sign_bit], ecx
.text:08000B87                 mov     ecx, [ebp+sign_tmp]
.text:08000B8A                 mul     ecx
.text:08000B8C                 mov     ecx, [ebp+result]
.text:08000B8F                 mov     [ebp+result_tmp], eax
.text:08000B92                 mov     eax, [ebp+sign_bit] ; 0 or 1
.text:08000B95                 imul    ecx, eax
.text:08000B98                 mov     eax, [ebp+result_h]
.text:08000B9B                 mov     [ebp+result_tmp_h], edx
.text:08000B9E                 mov     edx, [ebp+sign_tmp]
.text:08000BA1                 imul    eax, edx
.text:08000BA4                 add     ecx, eax
.text:08000BA6                 mov     eax, [ebp+result_tmp_h]
.text:08000BA9                 add     eax, ecx
.text:08000BAB                 mov     ecx, [ebp+result_tmp]
.text:08000BAE                 mov     [ebp+result_mul_sign], ecx
.text:08000BB1                 mov     [ebp+result_mul_sign_h], eax
.text:08000BB4                 mov     eax, [ebp+result_mul_sign] ; return result * sign;
.text:08000BB7                 mov     edx, [ebp+result_mul_sign_h]
.text:08000BBA
.text:08000BBA rn_34:                                  ; ...
.text:08000BBA                 leave
.text:08000BBB                 retn
.text:08000BBB readnum         endp
.text:08000BBB
.text:08000BBB _text           ends
.text:08000BBB
.data:08000BBC ; ===========================================================================
.data:08000BBC
.data:08000BBC ; Segment type: Pure data
.data:08000BBC ; Segment permissions: Read/Write
.data:08000BBC _data           segment dword public 'DATA' use32
.data:08000BBC                 assume cs:_data
.data:08000BBC                 ;org 8000BBCh
.data:08000BBC ccode_opcodes   db    7                 ; ...
.data:08000BBD                 db    3
.data:08000BBE                 db    2
.data:08000BBF                 db    6
.data:08000BC0                 db    2
.data:08000BC1                 db    4
.data:08000BC2                 db  0Fh
.data:08000BC3                 db  0Dh
.data:08000BC4                 db  0Ch
.data:08000BC5                 db  0Eh
.data:08000BC6                 db    6
.data:08000BC7                 db    2
.data:08000BC8                 db    3
.data:08000BC9                 db    7
.data:08000BCA                 db    3
.data:08000BCB                 db    5
.data:08000BCC                 db  0Eh
.data:08000BCD                 db  0Ch
.data:08000BCE                 db  0Dh
.data:08000BCF                 db  0Fh
.data:08000BD0                 db    1
.data:08000BD1                 db  0Bh
.data:08000BD2                 db    9
.data:08000BD3                 db    5
.data:08000BD4                 db    0
.data:08000BD5                 db  0Ah
.data:08000BD6                 db  0Ah
.data:08000BD7                 db  0Bh
.data:08000BD8                 db    8
.data:08000BD9                 db    4
.data:08000BDA L_2             db 'numeric constant %s does not fit in 64 bits',0 ; ...
.data:08000BDA _data           ends
.data:08000BDA
.bss:08000C08 ; ===========================================================================
.bss:08000C08
.bss:08000C08 ; Segment type: Zero-length
.bss:08000C08 ; Segment permissions: Read/Write
.bss:08000C08 _bss            segment dword public 'BSS' use32
.bss:08000C08 _bss            ends
.bss:08000C08
extern:08000C0C ; ===========================================================================
extern:08000C0C
extern:08000C0C ; Segment type: Externs
extern:08000C0C ; extern
extern:08000C0C                 extrn __ashldi3:near    ; ...
extern:08000C10                 extrn nasm_verror:dword ; ...
extern:08000C14                 extrn directive_hash    ; ...
extern:08000C18                 extrn perfhash_find:near ; ...
extern:08000C1C                 extrn directive_tbl     ; ...
extern:08000C20                 extrn invalid_enum_str:near ; ...
extern:08000C24                 extrn nasm_reg_flags    ; ...
extern:08000C28                 extrn isalpha:near      ; ...
extern:08000C2C                 extrn isdigit:near      ; ...
extern:08000C30                 extrn isspace:near      ; ...
extern:08000C34                 extrn isalnum:near      ; ...
extern:08000C38                 extrn __udivdi3:near    ; ...
extern:08000C3C                 extrn nasm_error:near   ; ...
extern:08000C3C
extern:08000C3C
extern:08000C3C                 end
