.text:08000000 ;
.text:08000000 ; +-------------------------------------------------------------------------+
.text:08000000 ; |   This file has been generated by The Interactive Disassembler (IDA)    |
.text:08000000 ; |           Copyright (c) 2018 Hex-Rays, <support@hex-rays.com>           |
.text:08000000 ; |                            Freeware version                             |
.text:08000000 ; +-------------------------------------------------------------------------+
.text:08000000 ;
.text:08000000 ; Input SHA256 : 98068E5C3505983B513E82033A7A05539EE05FDFE75372448A801D47A31EEDDF
.text:08000000 ; Input MD5    : C56E8AA83A211599FAF701107DC39165
.text:08000000 ; Input CRC32  : 1B5888F6
.text:08000000
.text:08000000 ; File Name   : C:\Users\90542\OneDrive\Masaüstü\nasm_214_c_o\regdis.o
.text:08000000 ; Format      : ELF for Intel 386 (Relocatable)
.text:08000000 ;
.text:08000000 ; Source File : 'regdis.c'
.text:08000000
.text:08000000                 .686p
.text:08000000                 .mmx
.text:08000000                 .model flat
.text:08000000 .intel_syntax noprefix
.text:08000000
.text:08000000 ; ===========================================================================
.text:08000000
.text:08000000 ; Segment type: Zero-length
.text:08000000 ; Segment permissions: Read/Execute
.text:08000000 _text           segment dword public 'CODE' use32
.text:08000000 _text           ends
.text:08000000
.data:08000004 ; ===========================================================================
.data:08000004
.data:08000004 ; Segment type: Pure data
.data:08000004 ; Segment permissions: Read/Write
.data:08000004 _data           segment dword public 'DATA' use32
.data:08000004                 assume cs:_data
.data:08000004                 ;org 8000004h
.data:08000004                 public nasm_rd_bndreg
.data:08000004 nasm_rd_bndreg  dd 6                    ; {R_BND0,R_BND1,R_BND2,R_BND3};
.data:08000008                 dd 7
.data:0800000C                 dd 8
.data:08000010                 dd 9
.data:08000014                 public nasm_rd_creg
.data:08000014 nasm_rd_creg    dd 15                   ; {R_CR0,R_CR1,R_CR2,R_CR3,R_CR4,R_CR5,R_CR6,R_CR7,
.data:08000014                 dd 16                   ;  R_CR8,R_CR9,R_CR10,R_CR11,R_CR12,R_CR13,R_CR14,R_CR15};
.data:08000014                 dd 23
.data:08000014                 dd 24
.data:08000014                 dd 25
.data:08000014                 dd 26
.data:08000014                 dd 27
.data:08000014                 dd 28
.data:08000014                 dd 29
.data:08000014                 dd 30
.data:08000014                 dd 17
.data:08000014                 dd 18
.data:08000014                 dd 19
.data:08000014                 dd 20
.data:08000014                 dd 21
.data:08000014                 dd 22
.data:08000054                 public nasm_rd_dreg
.data:08000054 nasm_rd_dreg    dd 37                   ; {R_DR0,R_DR1,R_DR2,R_DR3,R_DR4,R_DR5,R_DR6,R_DR7,
.data:08000054                 dd 38                   ;  R_DR8,R_DR9,R_DR10,R_DR11,R_DR12,R_DR13,R_DR14,R_DR15};
.data:08000054                 dd 45
.data:08000054                 dd 46
.data:08000054                 dd 47
.data:08000054                 dd 48
.data:08000054                 dd 49
.data:08000054                 dd 50
.data:08000054                 dd 51
.data:08000054                 dd 52
.data:08000054                 dd 39
.data:08000054                 dd 40
.data:08000054                 dd 41
.data:08000054                 dd 42
.data:08000054                 dd 43
.data:08000054                 dd 44
.data:08000094                 public nasm_rd_fpureg
.data:08000094 nasm_rd_fpureg  dd 129                  ; {R_ST0,R_ST1,R_ST2,R_ST3,R_ST4,R_ST5,R_ST6,R_ST7};
.data:08000094                 dd 130
.data:08000094                 dd 131
.data:08000094                 dd 132
.data:08000094                 dd 133
.data:08000094                 dd 134
.data:08000094                 dd 135
.data:08000094                 dd 136
.data:080000B4                 public nasm_rd_mmxreg
.data:080000B4 nasm_rd_mmxreg  dd 74                   ; {R_MM0,R_MM1,R_MM2,R_MM3,R_MM4,R_MM5,R_MM6,R_MM7};
.data:080000B4                 dd 75
.data:080000B4                 dd 76
.data:080000B4                 dd 77
.data:080000B4                 dd 78
.data:080000B4                 dd 79
.data:080000B4                 dd 80
.data:080000B4                 dd 81
.data:080000D4                 public nasm_rd_opmaskreg
.data:080000D4 nasm_rd_opmaskreg dd 66                 ; {R_K0,R_K1,R_K2,R_K3,R_K4,R_K5,R_K6,R_K7};
.data:080000D4                 dd 67
.data:080000D4                 dd 68
.data:080000D4                 dd 69
.data:080000D4                 dd 70
.data:080000D4                 dd 71
.data:080000D4                 dd 72
.data:080000D4                 dd 73
.data:080000F4                 public nasm_rd_reg16
.data:080000F4 nasm_rd_reg16   dd 3                    ; {R_AX,R_CX,R_DX,R_BX,R_SP,R_BP,R_SI,R_DI,
.data:080000F4                 dd 32                   ;  R_R8W,R_R9W,R_R10W,R_R11W,R_R12W,R_R13W,R_R14W,R_R15W};
.data:080000F4                 dd 54
.data:080000F4                 dd 12
.data:080000F4                 dd 126
.data:080000F4                 dd 10
.data:080000F4                 dd 124
.data:080000F4                 dd 34
.data:080000F4                 dd 109
.data:080000F4                 dd 113
.data:080000F4                 dd 85
.data:080000F4                 dd 89
.data:080000F4                 dd 93
.data:080000F4                 dd 97
.data:080000F4                 dd 101
.data:080000F4                 dd 105
.data:08000134                 public nasm_rd_reg32
.data:08000134 nasm_rd_reg32   dd 55                   ; {R_EAX,R_ECX,R_EDX,R_EBX,R_ESP,R_EBP,R_ESI,R_EDI,
.data:08000134                 dd 58                   ;  R_R8D,R_R9D,R_R10D,R_R11D,R_R12D,R_R13D,R_R14D,R_R15D};
.data:08000134                 dd 60
.data:08000134                 dd 57
.data:08000134                 dd 63
.data:08000134                 dd 56
.data:08000134                 dd 62
.data:08000134                 dd 59
.data:08000134                 dd 108
.data:08000134                 dd 112
.data:08000134                 dd 84
.data:08000134                 dd 88
.data:08000134                 dd 92
.data:08000134                 dd 96
.data:08000134                 dd 100
.data:08000134                 dd 104
.data:08000174                 public nasm_rd_reg64
.data:08000174 nasm_rd_reg64   dd 114                  ; {R_RAX,R_RCX,R_RDX,R_RBX,R_RSP,R_RBP,R_RSI,R_RDI,
.data:08000174                 dd 117                  ;  R_R8,R_R9,R_R10,R_R11,R_R12,R_R13,R_R14,R_R15};
.data:08000174                 dd 119
.data:08000174                 dd 116
.data:08000174                 dd 121
.data:08000174                 dd 115
.data:08000174                 dd 120
.data:08000174                 dd 118
.data:08000174                 dd 106
.data:08000174                 dd 110
.data:08000174                 dd 82
.data:08000174                 dd 86
.data:08000174                 dd 90
.data:08000174                 dd 94
.data:08000174                 dd 98
.data:08000174                 dd 102
.data:080001B4                 public nasm_rd_reg8
.data:080001B4 nasm_rd_reg8    dd 2                    ; {R_AL,R_CL,R_DL,R_BL,R_AH,R_CH,R_DH,R_BH};
.data:080001B4                 dd 14
.data:080001B4                 dd 36
.data:080001B4                 dd 5
.data:080001B4                 dd 1
.data:080001B4                 dd 13
.data:080001B4                 dd 33
.data:080001B4                 dd 4
.data:080001D4                 public nasm_rd_reg8_rex
.data:080001D4 nasm_rd_reg8_rex dd 2                   ; {R_AL,R_CL,R_DL,R_BL,R_SPL,R_BPL,R_SIL,R_DIL,R_R8B,
.data:080001D4                 dd 14                   ;  R_R9B,R_R10B,R_R11B,R_R12B,R_R13B,R_R14B,R_R15B};
.data:080001D4                 dd 36
.data:080001D4                 dd 5
.data:080001D4                 dd 127
.data:080001D4                 dd 11
.data:080001D4                 dd 125
.data:080001D4                 dd 35
.data:080001D4                 dd 107
.data:080001D4                 dd 111
.data:080001D4                 dd 83
.data:080001D4                 dd 87
.data:080001D4                 dd 91
.data:080001D4                 dd 95
.data:080001D4                 dd 99
.data:080001D4                 dd 103
.data:08000214                 public nasm_rd_sreg
.data:08000214 nasm_rd_sreg    dd 61                   ; {R_ES,R_CS,R_SS,R_DS,R_FS,R_GS,R_SEGR6,R_SEGR7};
.data:08000214                 dd 31
.data:08000214                 dd 128
.data:08000214                 dd 53
.data:08000214                 dd 64
.data:08000214                 dd 65
.data:08000214                 dd 122
.data:08000214                 dd 123
.data:08000234                 public nasm_rd_treg
.data:08000234 nasm_rd_treg    dd 137                  ; {R_TR0,R_TR1,R_TR2,R_TR3,R_TR4,R_TR5,R_TR6,R_TR7};
.data:08000234                 dd 138
.data:08000234                 dd 139
.data:08000234                 dd 140
.data:08000234                 dd 141
.data:08000234                 dd 142
.data:08000234                 dd 143
.data:08000234                 dd 144
.data:08000254                 public nasm_rd_xmmreg
.data:08000254 nasm_rd_xmmreg  dd 145                  ; {R_XMM0,R_XMM1,R_XMM2,R_XMM3,R_XMM4,R_XMM5,R_XMM6,R_XMM7,R_XMM8,
.data:08000254                 dd 146                  ;  R_XMM9,R_XMM10,R_XMM11,R_XMM12,R_XMM13,R_XMM14,R_XMM15,R_XMM16,
.data:08000254                 dd 157                  ;  R_XMM17,R_XMM18,R_XMM19,R_XMM20,R_XMM21,R_XMM22,R_XMM23,R_XMM24,
.data:08000254                 dd 168                  ;  R_XMM25,R_XMM26,R_XMM27,R_XMM28,R_XMM29,R_XMM30,R_XMM31};
.data:08000254                 dd 171
.data:08000254                 dd 172
.data:08000254                 dd 173
.data:08000254                 dd 174
.data:08000254                 dd 175
.data:08000254                 dd 176
.data:08000254                 dd 147
.data:08000254                 dd 148
.data:08000254                 dd 149
.data:08000254                 dd 150
.data:08000254                 dd 151
.data:08000254                 dd 152
.data:08000254                 dd 153
.data:08000254                 dd 154
.data:08000254                 dd 155
.data:08000254                 dd 156
.data:08000254                 dd 158
.data:08000254                 dd 159
.data:08000254                 dd 160
.data:08000254                 dd 161
.data:08000254                 dd 162
.data:08000254                 dd 163
.data:08000254                 dd 164
.data:08000254                 dd 165
.data:08000254                 dd 166
.data:08000254                 dd 167
.data:08000254                 dd 169
.data:08000254                 dd 170
.data:080002D4                 public nasm_rd_ymmreg
.data:080002D4 nasm_rd_ymmreg  dd 177                  ; {R_YMM0,R_YMM1,R_YMM2,R_YMM3,R_YMM4,R_YMM5,R_YMM6,R_YMM7,R_YMM8,
.data:080002D4                 dd 178                  ;  R_YMM9,R_YMM10,R_YMM11,R_YMM12,R_YMM13,R_YMM14,R_YMM15,R_YMM16,
.data:080002D4                 dd 189                  ;  R_YMM17,R_YMM18,R_YMM19,R_YMM20,R_YMM21,R_YMM22,R_YMM23,R_YMM24,
.data:080002D4                 dd 200                  ;  R_YMM25,R_YMM26,R_YMM27,R_YMM28,R_YMM29,R_YMM30,R_YMM31};
.data:080002D4                 dd 203
.data:080002D4                 dd 204
.data:080002D4                 dd 205
.data:080002D4                 dd 206
.data:080002D4                 dd 207
.data:080002D4                 dd 208
.data:080002D4                 dd 179
.data:080002D4                 dd 180
.data:080002D4                 dd 181
.data:080002D4                 dd 182
.data:080002D4                 dd 183
.data:080002D4                 dd 184
.data:080002D4                 dd 185
.data:080002D4                 dd 186
.data:080002D4                 dd 187
.data:080002D4                 dd 188
.data:080002D4                 dd 190
.data:080002D4                 dd 191
.data:080002D4                 dd 192
.data:080002D4                 dd 193
.data:080002D4                 dd 194
.data:080002D4                 dd 195
.data:080002D4                 dd 196
.data:080002D4                 dd 197
.data:080002D4                 dd 198
.data:080002D4                 dd 199
.data:080002D4                 dd 201
.data:080002D4                 dd 202
.data:08000354                 public nasm_rd_zmmreg
.data:08000354 nasm_rd_zmmreg  dd 209                  ; {R_ZMM0,R_ZMM1,R_ZMM2,R_ZMM3,R_ZMM4,R_ZMM5,R_ZMM6,R_ZMM7,R_ZMM8,
.data:08000354                 dd 210                  ;  R_ZMM9,R_ZMM10,R_ZMM11,R_ZMM12,R_ZMM13,R_ZMM14,R_ZMM15,R_ZMM16,
.data:08000354                 dd 221                  ;  R_ZMM17,R_ZMM18,R_ZMM19,R_ZMM20,R_ZMM21,R_ZMM22,R_ZMM23,R_ZMM24,
.data:08000354                 dd 232                  ;  R_ZMM25,R_ZMM26,R_ZMM27,R_ZMM28,R_ZMM29,R_ZMM30,R_ZMM31};
.data:08000354                 dd 235
.data:08000354                 dd 236
.data:08000354                 dd 237
.data:08000354                 dd 238
.data:08000354                 dd 239
.data:08000354                 dd 240
.data:08000354                 dd 211
.data:08000354                 dd 212
.data:08000354                 dd 213
.data:08000354                 dd 214
.data:08000354                 dd 215
.data:08000354                 dd 216
.data:08000354                 dd 217
.data:08000354                 dd 218
.data:08000354                 dd 219
.data:08000354                 dd 220
.data:08000354                 dd 222
.data:08000354                 dd 223
.data:08000354                 dd 224
.data:08000354                 dd 225
.data:08000354                 dd 226
.data:08000354                 dd 227
.data:08000354                 dd 228
.data:08000354                 dd 229
.data:08000354                 dd 230
.data:08000354                 dd 231
.data:08000354                 dd 233
.data:08000354                 dd 234
.data:08000354 _data           ends
.data:08000354
.bss:080003D4 ; ===========================================================================
.bss:080003D4
.bss:080003D4 ; Segment type: Zero-length
.bss:080003D4 ; Segment permissions: Read/Write
.bss:080003D4 _bss            segment dword public 'BSS' use32
.bss:080003D4 _bss            ends
.bss:080003D4
.bss:080003D4
.bss:080003D4                 end
