.text:08000000 ;
.text:08000000 ; +-------------------------------------------------------------------------+
.text:08000000 ; |   This file has been generated by The Interactive Disassembler (IDA)    |
.text:08000000 ; |           Copyright (c) 2018 Hex-Rays, <support@hex-rays.com>           |
.text:08000000 ; |                            Freeware version                             |
.text:08000000 ; +-------------------------------------------------------------------------+
.text:08000000 ;
.text:08000000 ; Input SHA256 : 43EA136C28AEAFFA98EABE0F0B21A9F311D7E3994FA62F7B65B8FB7943F3414E
.text:08000000 ; Input MD5    : D9D98A02FA132E54AE5BDB5B4080178E
.text:08000000 ; Input CRC32  : C7C298A8
.text:08000000
.text:08000000 ; File Name   : C:\Users\90542\OneDrive\Masaüstü\nasm_214_c_o\regflags.o
.text:08000000 ; Format      : ELF for Intel 386 (Relocatable)
.text:08000000 ;
.text:08000000 ; Source File : 'regflags.c'
.text:08000000
.text:08000000                 .686p
.text:08000000                 .mmx
.text:08000000                 .model flat
.text:08000000 .intel_syntax noprefix
.text:08000000
.text:08000000 ; ===========================================================================
.text:08000000
.text:08000000 ; Segment type: Pure code
.text:08000000 ; Segment permissions: Read/Execute
.text:08000000 _text           segment dword public 'CODE' use32
.text:08000000                 assume cs:_text
.text:08000000                 ;org 8000000h
.text:08000000                 assume es:nothing, ss:nothing, ds:_data, fs:nothing, gs:nothing
.text:08000000
.text:08000000 ; =============== S U B R O U T I N E =======================================
.text:08000000
.text:08000000 ; Attributes: bp-based frame
.text:08000000
.text:08000000 overflow_general proc near
.text:08000000
.text:08000000 var_18          = dword ptr -18h
.text:08000000 var_14          = dword ptr -14h
.text:08000000 var_10          = dword ptr -10h
.text:08000000 var_C           = dword ptr -0Ch
.text:08000000 var_4           = dword ptr -4
.text:08000000 arg_0           = dword ptr  8
.text:08000000 arg_4           = dword ptr  0Ch
.text:08000000 arg_8           = dword ptr  10h
.text:08000000
.text:08000000                 push    ebp
.text:08000001                 mov     ebp, esp
.text:08000003                 sub     esp, 18h
.text:08000009                 nop
.text:0800000A                 mov     eax, [ebp+arg_8]
.text:0800000D                 cmp     eax, 8
.text:08000010                 jl      loc_8000020
.text:08000016                 mov     eax, 0
.text:0800001B                 jmp     locret_80000D4
.text:08000020 ; ---------------------------------------------------------------------------
.text:08000020
.text:08000020 loc_8000020:                            ; ...
.text:08000020                 mov     eax, [ebp+arg_8]
.text:08000023                 shl     eax, 3
.text:08000026                 dec     eax
.text:08000027                 mov     [ebp+var_4], eax
.text:0800002A                 mov     eax, [ebp+var_4]
.text:0800002D                 push    eax
.text:0800002E                 mov     eax, 2
.text:08000033                 mov     ecx, 0
.text:08000038                 push    ecx
.text:08000039                 push    eax
.text:0800003A                 call    near ptr unk_8000DE4
.text:0800003F                 add     esp, 0Ch
.text:08000042                 sub     eax, 1
.text:08000045                 sbb     edx, 0
.text:08000048                 mov     [ebp+var_10], eax
.text:0800004B                 mov     [ebp+var_C], edx
.text:0800004E                 mov     eax, [ebp+var_4]
.text:08000051                 push    eax
.text:08000052                 mov     eax, 2
.text:08000057                 mov     ecx, 0
.text:0800005C                 push    ecx
.text:0800005D                 push    eax
.text:0800005E                 call    near ptr unk_8000DE4
.text:08000063                 add     esp, 0Ch
.text:08000066                 mov     ecx, 0
.text:0800006B                 sub     ecx, eax
.text:0800006D                 mov     eax, 0
.text:08000072                 sbb     eax, edx
.text:08000074                 mov     [ebp+var_18], ecx
.text:08000077                 mov     [ebp+var_14], eax
.text:0800007A                 mov     eax, [ebp+arg_4]
.text:0800007D                 mov     ecx, [ebp+var_14]
.text:08000080                 cmp     eax, ecx
.text:08000082                 jg      loc_80000A1
.text:08000088                 jnz     loc_800009C
.text:0800008E                 mov     eax, [ebp+arg_0]
.text:08000091                 mov     ecx, [ebp+var_18]
.text:08000094                 cmp     eax, ecx
.text:08000096                 jnb     loc_80000A1
.text:0800009C
.text:0800009C loc_800009C:                            ; ...
.text:0800009C                 jmp     loc_80000CF
.text:080000A1 ; ---------------------------------------------------------------------------
.text:080000A1
.text:080000A1 loc_80000A1:                            ; ...
.text:080000A1                 mov     eax, [ebp+arg_4]
.text:080000A4                 mov     ecx, [ebp+var_C]
.text:080000A7                 cmp     eax, ecx
.text:080000A9                 jl      loc_80000C8
.text:080000AF                 jnz     loc_80000C3
.text:080000B5                 mov     eax, [ebp+arg_0]
.text:080000B8                 mov     ecx, [ebp+var_10]
.text:080000BB                 cmp     eax, ecx
.text:080000BD                 jbe     loc_80000C8
.text:080000C3
.text:080000C3 loc_80000C3:                            ; ...
.text:080000C3                 jmp     loc_80000CF
.text:080000C8 ; ---------------------------------------------------------------------------
.text:080000C8
.text:080000C8 loc_80000C8:                            ; ...
.text:080000C8                 mov     eax, 0
.text:080000CD                 jmp     short locret_80000D4
.text:080000CF ; ---------------------------------------------------------------------------
.text:080000CF
.text:080000CF loc_80000CF:                            ; ...
.text:080000CF                 mov     eax, 1
.text:080000D4
.text:080000D4 locret_80000D4:                         ; ...
.text:080000D4                 leave
.text:080000D5                 retn
.text:080000D5 overflow_general endp
.text:080000D5
.text:080000D6
.text:080000D6 ; =============== S U B R O U T I N E =======================================
.text:080000D6
.text:080000D6 ; Attributes: bp-based frame
.text:080000D6
.text:080000D6 overflow_signed proc near
.text:080000D6
.text:080000D6 var_18          = dword ptr -18h
.text:080000D6 var_14          = dword ptr -14h
.text:080000D6 var_10          = dword ptr -10h
.text:080000D6 var_C           = dword ptr -0Ch
.text:080000D6 var_4           = dword ptr -4
.text:080000D6 arg_0           = dword ptr  8
.text:080000D6 arg_4           = dword ptr  0Ch
.text:080000D6 arg_8           = dword ptr  10h
.text:080000D6
.text:080000D6                 push    ebp
.text:080000D7                 mov     ebp, esp
.text:080000D9                 sub     esp, 18h
.text:080000DF                 nop
.text:080000E0                 mov     eax, [ebp+arg_8]
.text:080000E3                 cmp     eax, 8
.text:080000E6                 jl      loc_80000F6
.text:080000EC                 mov     eax, 0
.text:080000F1                 jmp     locret_80001AA
.text:080000F6 ; ---------------------------------------------------------------------------
.text:080000F6
.text:080000F6 loc_80000F6:                            ; ...
.text:080000F6                 mov     eax, [ebp+arg_8]
.text:080000F9                 shl     eax, 3
.text:080000FC                 dec     eax
.text:080000FD                 mov     [ebp+var_4], eax
.text:08000100                 mov     eax, [ebp+var_4]
.text:08000103                 push    eax
.text:08000104                 mov     eax, 1
.text:08000109                 mov     ecx, 0
.text:0800010E                 push    ecx
.text:0800010F                 push    eax
.text:08000110                 call    near ptr unk_8000DE4
.text:08000115                 add     esp, 0Ch
.text:08000118                 sub     eax, 1
.text:0800011B                 sbb     edx, 0
.text:0800011E                 mov     [ebp+var_10], eax
.text:08000121                 mov     [ebp+var_C], edx
.text:08000124                 mov     eax, [ebp+var_4]
.text:08000127                 push    eax
.text:08000128                 mov     eax, 1
.text:0800012D                 mov     ecx, 0
.text:08000132                 push    ecx
.text:08000133                 push    eax
.text:08000134                 call    near ptr unk_8000DE4
.text:08000139                 add     esp, 0Ch
.text:0800013C                 mov     ecx, 0
.text:08000141                 sub     ecx, eax
.text:08000143                 mov     eax, 0
.text:08000148                 sbb     eax, edx
.text:0800014A                 mov     [ebp+var_18], ecx
.text:0800014D                 mov     [ebp+var_14], eax
.text:08000150                 mov     eax, [ebp+arg_4]
.text:08000153                 mov     ecx, [ebp+var_14]
.text:08000156                 cmp     eax, ecx
.text:08000158                 jg      loc_8000177
.text:0800015E                 jnz     loc_8000172
.text:08000164                 mov     eax, [ebp+arg_0]
.text:08000167                 mov     ecx, [ebp+var_18]
.text:0800016A                 cmp     eax, ecx
.text:0800016C                 jnb     loc_8000177
.text:08000172
.text:08000172 loc_8000172:                            ; ...
.text:08000172                 jmp     loc_80001A5
.text:08000177 ; ---------------------------------------------------------------------------
.text:08000177
.text:08000177 loc_8000177:                            ; ...
.text:08000177                 mov     eax, [ebp+arg_4]
.text:0800017A                 mov     ecx, [ebp+var_C]
.text:0800017D                 cmp     eax, ecx
.text:0800017F                 jl      loc_800019E
.text:08000185                 jnz     loc_8000199
.text:0800018B                 mov     eax, [ebp+arg_0]
.text:0800018E                 mov     ecx, [ebp+var_10]
.text:08000191                 cmp     eax, ecx
.text:08000193                 jbe     loc_800019E
.text:08000199
.text:08000199 loc_8000199:                            ; ...
.text:08000199                 jmp     loc_80001A5
.text:0800019E ; ---------------------------------------------------------------------------
.text:0800019E
.text:0800019E loc_800019E:                            ; ...
.text:0800019E                 mov     eax, 0
.text:080001A3                 jmp     short locret_80001AA
.text:080001A5 ; ---------------------------------------------------------------------------
.text:080001A5
.text:080001A5 loc_80001A5:                            ; ...
.text:080001A5                 mov     eax, 1
.text:080001AA
.text:080001AA locret_80001AA:                         ; ...
.text:080001AA                 leave
.text:080001AB                 retn
.text:080001AB overflow_signed endp
.text:080001AB
.text:080001AC
.text:080001AC ; =============== S U B R O U T I N E =======================================
.text:080001AC
.text:080001AC ; Attributes: bp-based frame
.text:080001AC
.text:080001AC overflow_unsigned proc near
.text:080001AC
.text:080001AC var_18          = dword ptr -18h
.text:080001AC var_14          = dword ptr -14h
.text:080001AC var_10          = dword ptr -10h
.text:080001AC var_C           = dword ptr -0Ch
.text:080001AC var_4           = dword ptr -4
.text:080001AC arg_0           = dword ptr  8
.text:080001AC arg_4           = dword ptr  0Ch
.text:080001AC arg_8           = dword ptr  10h
.text:080001AC
.text:080001AC                 push    ebp
.text:080001AD                 mov     ebp, esp
.text:080001AF                 sub     esp, 18h
.text:080001B5                 nop
.text:080001B6                 mov     eax, [ebp+arg_8]
.text:080001B9                 cmp     eax, 8
.text:080001BC                 jl      loc_80001CC
.text:080001C2                 mov     eax, 0
.text:080001C7                 jmp     locret_8000264
.text:080001CC ; ---------------------------------------------------------------------------
.text:080001CC
.text:080001CC loc_80001CC:                            ; ...
.text:080001CC                 mov     eax, [ebp+arg_8]
.text:080001CF                 shl     eax, 3
.text:080001D2                 dec     eax
.text:080001D3                 mov     [ebp+var_4], eax
.text:080001D6                 mov     eax, [ebp+var_4]
.text:080001D9                 push    eax
.text:080001DA                 mov     eax, 2
.text:080001DF                 mov     ecx, 0
.text:080001E4                 push    ecx
.text:080001E5                 push    eax
.text:080001E6                 call    near ptr unk_8000DE4
.text:080001EB                 add     esp, 0Ch
.text:080001EE                 sub     eax, 1
.text:080001F1                 sbb     edx, 0
.text:080001F4                 mov     [ebp+var_10], eax
.text:080001F7                 mov     [ebp+var_C], edx
.text:080001FA                 mov     eax, 0
.text:080001FF                 mov     ecx, 0
.text:08000204                 mov     [ebp+var_18], eax
.text:08000207                 mov     [ebp+var_14], ecx
.text:0800020A                 mov     eax, [ebp+arg_4]
.text:0800020D                 mov     ecx, [ebp+var_14]
.text:08000210                 cmp     eax, ecx
.text:08000212                 jg      loc_8000231
.text:08000218                 jnz     loc_800022C
.text:0800021E                 mov     eax, [ebp+arg_0]
.text:08000221                 mov     ecx, [ebp+var_18]
.text:08000224                 cmp     eax, ecx
.text:08000226                 jnb     loc_8000231
.text:0800022C
.text:0800022C loc_800022C:                            ; ...
.text:0800022C                 jmp     loc_800025F
.text:08000231 ; ---------------------------------------------------------------------------
.text:08000231
.text:08000231 loc_8000231:                            ; ...
.text:08000231                 mov     eax, [ebp+arg_4]
.text:08000234                 mov     ecx, [ebp+var_C]
.text:08000237                 cmp     eax, ecx
.text:08000239                 jl      loc_8000258
.text:0800023F                 jnz     loc_8000253
.text:08000245                 mov     eax, [ebp+arg_0]
.text:08000248                 mov     ecx, [ebp+var_10]
.text:0800024B                 cmp     eax, ecx
.text:0800024D                 jbe     loc_8000258
.text:08000253
.text:08000253 loc_8000253:                            ; ...
.text:08000253                 jmp     loc_800025F
.text:08000258 ; ---------------------------------------------------------------------------
.text:08000258
.text:08000258 loc_8000258:                            ; ...
.text:08000258                 mov     eax, 0
.text:0800025D                 jmp     short locret_8000264
.text:0800025F ; ---------------------------------------------------------------------------
.text:0800025F
.text:0800025F loc_800025F:                            ; ...
.text:0800025F                 mov     eax, 1
.text:08000264
.text:08000264 locret_8000264:                         ; ...
.text:08000264                 leave
.text:08000265                 retn
.text:08000265 overflow_unsigned endp
.text:08000265
.text:08000266
.text:08000266 ; =============== S U B R O U T I N E =======================================
.text:08000266
.text:08000266 ; Attributes: bp-based frame
.text:08000266
.text:08000266 signed_bits     proc near
.text:08000266
.text:08000266 arg_0           = dword ptr  8
.text:08000266 arg_4           = dword ptr  0Ch
.text:08000266 arg_8           = dword ptr  10h
.text:08000266
.text:08000266                 push    ebp
.text:08000267                 mov     ebp, esp
.text:08000269                 sub     esp, 0
.text:0800026F                 nop
.text:08000270                 mov     eax, [ebp+arg_8]
.text:08000273                 cmp     eax, 40h
.text:08000276                 jge     loc_8000307
.text:0800027C                 mov     eax, [ebp+arg_8]
.text:0800027F                 push    eax
.text:08000280                 mov     eax, 1
.text:08000285                 mov     ecx, 0
.text:0800028A                 push    ecx
.text:0800028B                 push    eax
.text:0800028C                 call    near ptr unk_8000DE4
.text:08000291                 add     esp, 0Ch
.text:08000294                 sub     eax, 1
.text:08000297                 sbb     edx, 0
.text:0800029A                 mov     ecx, [ebp+arg_0]
.text:0800029D                 and     ecx, eax
.text:0800029F                 mov     eax, [ebp+arg_4]
.text:080002A2                 and     eax, edx
.text:080002A4                 mov     [ebp+arg_0], ecx
.text:080002A7                 mov     [ebp+arg_4], eax
.text:080002AA                 mov     eax, [ebp+arg_8]
.text:080002AD                 dec     eax
.text:080002AE                 push    eax
.text:080002AF                 mov     eax, 1
.text:080002B4                 mov     ecx, 0
.text:080002B9                 push    ecx
.text:080002BA                 push    eax
.text:080002BB                 call    near ptr unk_8000DE4
.text:080002C0                 add     esp, 0Ch
.text:080002C3                 mov     ecx, [ebp+arg_0]
.text:080002C6                 and     ecx, eax
.text:080002C8                 mov     eax, [ebp+arg_4]
.text:080002CB                 and     eax, edx
.text:080002CD                 cmp     eax, 0
.text:080002D0                 jnz     loc_80002DF
.text:080002D6                 cmp     ecx, 0
.text:080002D9                 jz      loc_8000307
.text:080002DF
.text:080002DF loc_80002DF:                            ; ...
.text:080002DF                 mov     eax, [ebp+arg_8]
.text:080002E2                 push    eax
.text:080002E3                 mov     eax, 0FFFFFFFFh
.text:080002E8                 mov     ecx, 0FFFFFFFFh
.text:080002ED                 push    ecx
.text:080002EE                 push    eax
.text:080002EF                 call    near ptr unk_8000DE4
.text:080002F4                 add     esp, 0Ch
.text:080002F7                 mov     ecx, [ebp+arg_0]
.text:080002FA                 or      ecx, eax
.text:080002FC                 mov     eax, [ebp+arg_4]
.text:080002FF                 or      eax, edx
.text:08000301                 mov     [ebp+arg_0], ecx
.text:08000304                 mov     [ebp+arg_4], eax
.text:08000307
.text:08000307 loc_8000307:                            ; ...
.text:08000307                 mov     eax, [ebp+arg_0]
.text:0800030A                 mov     edx, [ebp+arg_4]
.text:0800030D                 leave
.text:0800030E                 retn
.text:0800030E signed_bits     endp
.text:0800030E
.text:0800030F
.text:0800030F ; =============== S U B R O U T I N E =======================================
.text:0800030F
.text:0800030F ; Attributes: bp-based frame
.text:0800030F
.text:0800030F directive_find  proc near
.text:0800030F
.text:0800030F arg_0           = dword ptr  8
.text:0800030F
.text:0800030F                 push    ebp
.text:08000310                 mov     ebp, esp
.text:08000312                 sub     esp, 0
.text:08000318                 nop
.text:08000319                 mov     eax, [ebp+arg_0]
.text:0800031C                 push    eax
.text:0800031D                 mov     eax, offset unk_8000DE8
.text:08000322                 push    eax
.text:08000323                 call    near ptr unk_8000DEC
.text:08000328                 add     esp, 8
.text:0800032B                 leave
.text:0800032C                 retn
.text:0800032C directive_find  endp
.text:0800032C
.text:0800032D
.text:0800032D ; =============== S U B R O U T I N E =======================================
.text:0800032D
.text:0800032D ; Attributes: bp-based frame
.text:0800032D
.text:0800032D directive_name  proc near               ; ...
.text:0800032D
.text:0800032D var_4           = dword ptr -4
.text:0800032D arg_0           = dword ptr  8
.text:0800032D
.text:0800032D                 push    ebp
.text:0800032E                 mov     ebp, esp
.text:08000330                 sub     esp, 4
.text:08000336                 nop
.text:08000337                 mov     eax, [ebp+arg_0]
.text:0800033A                 sub     eax, 3
.text:0800033D                 mov     [ebp+var_4], eax
.text:08000340                 mov     eax, [ebp+var_4]
.text:08000343                 cmp     eax, 26h
.text:08000346                 jb      loc_8000356
.text:0800034C                 mov     eax, 0
.text:08000351                 jmp     locret_8000365
.text:08000356 ; ---------------------------------------------------------------------------
.text:08000356
.text:08000356 loc_8000356:                            ; ...
.text:08000356                 mov     eax, [ebp+var_4]
.text:08000359                 shl     eax, 2
.text:0800035C                 mov     ecx, offset unk_8000DF0
.text:08000361                 add     ecx, eax
.text:08000363                 mov     eax, [ecx]
.text:08000365
.text:08000365 locret_8000365:                         ; ...
.text:08000365                 leave
.text:08000366                 retn
.text:08000366 directive_name  endp
.text:08000366
.text:08000367
.text:08000367 ; =============== S U B R O U T I N E =======================================
.text:08000367
.text:08000367 ; Attributes: bp-based frame
.text:08000367
.text:08000367 directive_dname proc near
.text:08000367
.text:08000367 var_4           = dword ptr -4
.text:08000367 arg_0           = dword ptr  8
.text:08000367
.text:08000367                 push    ebp
.text:08000368                 mov     ebp, esp
.text:0800036A                 sub     esp, 4
.text:08000370                 nop
.text:08000371                 mov     eax, [ebp+arg_0]
.text:08000374                 push    eax
.text:08000375                 call    directive_name
.text:0800037A                 add     esp, 4
.text:0800037D                 mov     [ebp+var_4], eax
.text:08000380                 mov     eax, [ebp+var_4]
.text:08000383                 cmp     eax, 0
.text:08000386                 jz      loc_8000391
.text:0800038C                 jmp     loc_80003A2
.text:08000391 ; ---------------------------------------------------------------------------
.text:08000391
.text:08000391 loc_8000391:                            ; ...
.text:08000391                 mov     eax, [ebp+arg_0]
.text:08000394                 push    eax
.text:08000395                 call    near ptr unk_8000DF4
.text:0800039A                 add     esp, 4
.text:0800039D                 jmp     locret_80003A5
.text:080003A2 ; ---------------------------------------------------------------------------
.text:080003A2
.text:080003A2 loc_80003A2:                            ; ...
.text:080003A2                 mov     eax, [ebp+var_4]
.text:080003A5
.text:080003A5 locret_80003A5:                         ; ...
.text:080003A5                 leave
.text:080003A6                 retn
.text:080003A6 directive_dname endp
.text:080003A6
.text:080003A7
.text:080003A7 ; =============== S U B R O U T I N E =======================================
.text:080003A7
.text:080003A7 ; Attributes: bp-based frame
.text:080003A7
.text:080003A7 is_class        proc near               ; ...
.text:080003A7
.text:080003A7 class           = dword ptr  8
.text:080003A7 class_h         = dword ptr  0Ch
.text:080003A7 op              = dword ptr  10h
.text:080003A7 op_h            = dword ptr  14h
.text:080003A7
.text:080003A7                 push    ebp             ; static inline bool is_class(opflags_t class, opflags_t op)
.text:080003A8                 mov     ebp, esp
.text:080003AA                 sub     esp, 0
.text:080003B0                 nop
.text:080003B1                 mov     eax, [ebp+op]   ; return !(class & ~op);
.text:080003B4                 xor     eax, 0FFFFFFFFh
.text:080003B7                 mov     ecx, [ebp+op_h]
.text:080003BA                 xor     ecx, 0FFFFFFFFh
.text:080003BD                 mov     edx, [ebp+class]
.text:080003C0                 and     edx, eax
.text:080003C2                 mov     eax, [ebp+class_h]
.text:080003C5                 and     eax, ecx
.text:080003C7                 cmp     eax, 0
.text:080003CA                 jnz     iscl_1
.text:080003D0                 cmp     edx, 0
.text:080003D3                 jz      iscl_2
.text:080003D9
.text:080003D9 iscl_1:                                 ; ...
.text:080003D9                 mov     eax, 0          ; false
.text:080003DE                 jmp     short iscl_3
.text:080003E0 ; ---------------------------------------------------------------------------
.text:080003E0
.text:080003E0 iscl_2:                                 ; ...
.text:080003E0                 mov     eax, 1          ; true
.text:080003E5
.text:080003E5 iscl_3:                                 ; ...
.text:080003E5                 leave
.text:080003E6                 retn
.text:080003E6 is_class        endp
.text:080003E6
.text:080003E7
.text:080003E7 ; =============== S U B R O U T I N E =======================================
.text:080003E7
.text:080003E7 ; Attributes: bp-based frame
.text:080003E7
.text:080003E7 is_reg_class    proc near
.text:080003E7
.text:080003E7 class           = dword ptr  8
.text:080003E7 class_h         = dword ptr  0Ch
.text:080003E7 reg             = dword ptr  10h
.text:080003E7 reg_h           = dword ptr  14h
.text:080003E7
.text:080003E7                 push    ebp             ; static inline bool is_reg_class(opflags_t class, opflags_t reg)
.text:080003E8                 mov     ebp, esp
.text:080003EA                 sub     esp, 0          ; #define EXPR_REG_START 1
.text:080003F0                 nop                     ; #define EXPR_REG_END 240
.text:080003F1                 mov     eax, [ebp+reg_h] ; if (reg >= EXPR_REG_START && reg <= EXPR_REG_END)
.text:080003F4                 cmp     eax, 0
.text:080003F7                 jb      ircl_3
.text:080003FD                 jnz     ircl_1
.text:08000403                 mov     eax, [ebp+reg]
.text:08000406                 cmp     eax, 1
.text:08000409                 jb      ircl_3
.text:0800040F
.text:0800040F ircl_1:                                 ; ...
.text:0800040F                 mov     eax, [ebp+reg_h]
.text:08000412                 cmp     eax, 0
.text:08000415                 ja      ircl_3
.text:0800041B                 jnz     ircl_2
.text:08000421                 mov     eax, [ebp+reg]
.text:08000424                 cmp     eax, 240
.text:0800042A                 ja      ircl_3
.text:08000430
.text:08000430 ircl_2:                                 ; ...
.text:08000430                 mov     eax, [ebp+reg]  ; return is_class(class, nasm_reg_flags[reg]);
.text:08000433                 shl     eax, 3
.text:08000436                 mov     ecx, offset nasm_reg_flags
.text:0800043B                 add     ecx, eax
.text:0800043D                 mov     eax, [ecx]
.text:0800043F                 add     ecx, 4
.text:08000442                 mov     edx, [ecx]
.text:08000444                 push    edx
.text:08000445                 push    eax
.text:08000446                 mov     eax, [ebp+class]
.text:08000449                 mov     ecx, [ebp+class_h]
.text:0800044C                 push    ecx
.text:0800044D                 push    eax
.text:0800044E                 call    is_class
.text:08000453                 add     esp, 16
.text:08000456                 jmp     ircl_4
.text:0800045B ; ---------------------------------------------------------------------------
.text:0800045B
.text:0800045B ircl_3:                                 ; ...
.text:0800045B                 mov     eax, 0          ; return false;
.text:08000460
.text:08000460 ircl_4:                                 ; ...
.text:08000460                 leave
.text:08000461                 retn
.text:08000461 is_reg_class    endp
.text:08000461
.text:08000462
.text:08000462 ; =============== S U B R O U T I N E =======================================
.text:08000462
.text:08000462 ; Attributes: bp-based frame
.text:08000462
.text:08000462 nasm_skip_identifier proc near
.text:08000462
.text:08000462 var_4           = dword ptr -4
.text:08000462 arg_0           = dword ptr  8
.text:08000462
.text:08000462                 push    ebp
.text:08000463                 mov     ebp, esp
.text:08000465                 sub     esp, 4
.text:0800046B                 nop
.text:0800046C                 mov     eax, [ebp+arg_0]
.text:0800046F                 mov     [ebp+var_4], eax
.text:08000472                 mov     eax, [ebp+var_4]
.text:08000475                 mov     ecx, eax
.text:08000477                 inc     eax
.text:08000478                 mov     [ebp+var_4], eax
.text:0800047B                 movsx   eax, byte ptr [ecx]
.text:0800047E                 and     eax, 0FFh
.text:08000484                 push    eax
.text:08000485                 call    near ptr unk_8000DF8
.text:0800048A                 add     esp, 4
.text:0800048D                 cmp     eax, 0
.text:08000490                 jnz     loc_80004EF
.text:08000496                 mov     eax, [ebp+var_4]
.text:08000499                 mov     ecx, eax
.text:0800049B                 inc     eax
.text:0800049C                 mov     [ebp+var_4], eax
.text:0800049F                 movsx   eax, byte ptr [ecx]
.text:080004A2                 cmp     eax, 5Fh
.text:080004A5                 jz      loc_80004EF
.text:080004AB                 mov     eax, [ebp+var_4]
.text:080004AE                 mov     ecx, eax
.text:080004B0                 inc     eax
.text:080004B1                 mov     [ebp+var_4], eax
.text:080004B4                 movsx   eax, byte ptr [ecx]
.text:080004B7                 cmp     eax, 2Eh
.text:080004BA                 jz      loc_80004EF
.text:080004C0                 mov     eax, [ebp+var_4]
.text:080004C3                 mov     ecx, eax
.text:080004C5                 inc     eax
.text:080004C6                 mov     [ebp+var_4], eax
.text:080004C9                 movsx   eax, byte ptr [ecx]
.text:080004CC                 cmp     eax, 3Fh
.text:080004CF                 jz      loc_80004EF
.text:080004D5                 mov     eax, [ebp+var_4]
.text:080004D8                 mov     ecx, eax
.text:080004DA                 inc     eax
.text:080004DB                 mov     [ebp+var_4], eax
.text:080004DE                 movsx   eax, byte ptr [ecx]
.text:080004E1                 cmp     eax, 40h
.text:080004E4                 jz      loc_80004EF
.text:080004EA                 jmp     loc_80004F4
.text:080004EF ; ---------------------------------------------------------------------------
.text:080004EF
.text:080004EF loc_80004EF:                            ; ...
.text:080004EF                 jmp     loc_8000501
.text:080004F4 ; ---------------------------------------------------------------------------
.text:080004F4
.text:080004F4 loc_80004F4:                            ; ...
.text:080004F4                 mov     eax, 0
.text:080004F9                 mov     [ebp+var_4], eax
.text:080004FC                 jmp     loc_80005E6
.text:08000501 ; ---------------------------------------------------------------------------
.text:08000501
.text:08000501 loc_8000501:                            ; ...
.text:08000501                 mov     eax, [ebp+var_4]
.text:08000504                 mov     ecx, eax
.text:08000506                 inc     eax
.text:08000507                 mov     [ebp+var_4], eax
.text:0800050A                 movsx   eax, byte ptr [ecx]
.text:0800050D                 and     eax, 0FFh
.text:08000513                 push    eax
.text:08000514                 call    near ptr unk_8000DF8
.text:08000519                 add     esp, 4
.text:0800051C                 cmp     eax, 0
.text:0800051F                 jnz     loc_80005E1
.text:08000525                 mov     eax, [ebp+var_4]
.text:08000528                 mov     ecx, eax
.text:0800052A                 inc     eax
.text:0800052B                 mov     [ebp+var_4], eax
.text:0800052E                 movsx   eax, byte ptr [ecx]
.text:08000531                 cmp     eax, 5Fh
.text:08000534                 jz      loc_80005E1
.text:0800053A                 mov     eax, [ebp+var_4]
.text:0800053D                 mov     ecx, eax
.text:0800053F                 inc     eax
.text:08000540                 mov     [ebp+var_4], eax
.text:08000543                 movsx   eax, byte ptr [ecx]
.text:08000546                 cmp     eax, 2Eh
.text:08000549                 jz      loc_80005E1
.text:0800054F                 mov     eax, [ebp+var_4]
.text:08000552                 mov     ecx, eax
.text:08000554                 inc     eax
.text:08000555                 mov     [ebp+var_4], eax
.text:08000558                 movsx   eax, byte ptr [ecx]
.text:0800055B                 cmp     eax, 3Fh
.text:0800055E                 jz      loc_80005E1
.text:08000564                 mov     eax, [ebp+var_4]
.text:08000567                 mov     ecx, eax
.text:08000569                 inc     eax
.text:0800056A                 mov     [ebp+var_4], eax
.text:0800056D                 movsx   eax, byte ptr [ecx]
.text:08000570                 cmp     eax, 40h
.text:08000573                 jz      loc_80005E1
.text:08000579                 mov     eax, [ebp+var_4]
.text:0800057C                 mov     ecx, eax
.text:0800057E                 inc     eax
.text:0800057F                 mov     [ebp+var_4], eax
.text:08000582                 movsx   eax, byte ptr [ecx]
.text:08000585                 and     eax, 0FFh
.text:0800058B                 push    eax
.text:0800058C                 call    near ptr unk_8000DFC
.text:08000591                 add     esp, 4
.text:08000594                 cmp     eax, 0
.text:08000597                 jnz     loc_80005E1
.text:0800059D                 mov     eax, [ebp+var_4]
.text:080005A0                 mov     ecx, eax
.text:080005A2                 inc     eax
.text:080005A3                 mov     [ebp+var_4], eax
.text:080005A6                 movsx   eax, byte ptr [ecx]
.text:080005A9                 cmp     eax, 24h
.text:080005AC                 jz      loc_80005E1
.text:080005B2                 mov     eax, [ebp+var_4]
.text:080005B5                 mov     ecx, eax
.text:080005B7                 inc     eax
.text:080005B8                 mov     [ebp+var_4], eax
.text:080005BB                 movsx   eax, byte ptr [ecx]
.text:080005BE                 cmp     eax, 23h
.text:080005C1                 jz      loc_80005E1
.text:080005C7                 mov     eax, [ebp+var_4]
.text:080005CA                 mov     ecx, eax
.text:080005CC                 inc     eax
.text:080005CD                 mov     [ebp+var_4], eax
.text:080005D0                 movsx   eax, byte ptr [ecx]
.text:080005D3                 cmp     eax, 7Eh
.text:080005D6                 jz      loc_80005E1
.text:080005DC                 jmp     loc_80005E6
.text:080005E1 ; ---------------------------------------------------------------------------
.text:080005E1
.text:080005E1 loc_80005E1:                            ; ...
.text:080005E1                 jmp     loc_8000501
.text:080005E6 ; ---------------------------------------------------------------------------
.text:080005E6
.text:080005E6 loc_80005E6:                            ; ...
.text:080005E6                 mov     eax, [ebp+var_4]
.text:080005E9                 leave
.text:080005EA                 retn
.text:080005EA nasm_skip_identifier endp
.text:080005EA
.text:080005EB
.text:080005EB ; =============== S U B R O U T I N E =======================================
.text:080005EB
.text:080005EB ; Attributes: bp-based frame
.text:080005EB
.text:080005EB is_register     proc near
.text:080005EB
.text:080005EB arg_0           = dword ptr  8
.text:080005EB
.text:080005EB                 push    ebp
.text:080005EC                 mov     ebp, esp
.text:080005EE                 sub     esp, 0
.text:080005F4                 nop
.text:080005F5                 mov     eax, [ebp+arg_0]
.text:080005F8                 cmp     eax, 1
.text:080005FB                 jl      loc_8000617
.text:08000601                 mov     eax, [ebp+arg_0]
.text:08000604                 cmp     eax, 0F1h
.text:0800060A                 jge     loc_8000617
.text:08000610                 mov     eax, 1
.text:08000615                 jmp     short locret_800061C
.text:08000617 ; ---------------------------------------------------------------------------
.text:08000617
.text:08000617 loc_8000617:                            ; ...
.text:08000617                 mov     eax, 0
.text:0800061C
.text:0800061C locret_800061C:                         ; ...
.text:0800061C                 leave
.text:0800061D                 retn
.text:0800061D is_register     endp
.text:0800061D
.text:0800061E
.text:0800061E ; =============== S U B R O U T I N E =======================================
.text:0800061E
.text:0800061E ; Attributes: bp-based frame
.text:0800061E
.text:0800061E get_cond_opcode proc near
.text:0800061E
.text:0800061E arg_0           = dword ptr  8
.text:0800061E
.text:0800061E                 push    ebp
.text:0800061F                 mov     ebp, esp
.text:08000621                 sub     esp, 0
.text:08000627                 nop
.text:08000628                 mov     eax, [ebp+arg_0]
.text:0800062B                 mov     ecx, offset ccode_opcodes
.text:08000630                 add     ecx, eax
.text:08000632                 movzx   eax, byte ptr [ecx]
.text:08000635                 leave
.text:08000636                 retn
.text:08000636 get_cond_opcode endp
.text:08000636
.text:08000636 _text           ends
.text:08000636
.data:08000638 ; ===========================================================================
.data:08000638
.data:08000638 ; Segment type: Pure data
.data:08000638 ; Segment permissions: Read/Write
.data:08000638 ; Segment alignment 'qword' can not be represented in assembly
.data:08000638 _data           segment para public 'DATA' use32
.data:08000638                 assume cs:_data
.data:08000638                 ;org 8000638h
.data:08000638 ccode_opcodes   db    7                 ; ...
.data:08000639                 db    3
.data:0800063A                 db    2
.data:0800063B                 db    6
.data:0800063C                 db    2
.data:0800063D                 db    4
.data:0800063E                 db  0Fh
.data:0800063F                 db  0Dh
.data:08000640                 db  0Ch
.data:08000641                 db  0Eh
.data:08000642                 db    6
.data:08000643                 db    2
.data:08000644                 db    3
.data:08000645                 db    7
.data:08000646                 db    3
.data:08000647                 db    5
.data:08000648                 db  0Eh
.data:08000649                 db  0Ch
.data:0800064A                 db  0Dh
.data:0800064B                 db  0Fh
.data:0800064C                 db    1
.data:0800064D                 db  0Bh
.data:0800064E                 db    9
.data:0800064F                 db    5
.data:08000650                 db    0
.data:08000651                 db  0Ah
.data:08000652                 db  0Ah
.data:08000653                 db  0Bh
.data:08000654                 db    8
.data:08000655                 db    4
.data:08000656                 db    0
.data:08000657                 db    0
.data:08000658                 public nasm_reg_flags
.data:08000658 nasm_reg_flags  dd 0                    ; ...
.data:08000658                 dd 0
.data:08000658                 dd 600105h
.data:08000658                 dd 1
.data:08000658                 dd 40105h
.data:08000658                 dd 1
.data:08000658                 dd 40105h
.data:08000658                 dd 2
.data:08000658                 dd 600105h
.data:08000658                 dd 1
.data:08000658                 dd 400105h
.data:08000658                 dd 1
.data:08000658                 dd 10005h
.data:08000658                 dd 0
.data:08000658                 dd 10005h
.data:08000658                 dd 0
.data:08000658                 dd 10005h
.data:08000658                 dd 0
.data:08000658                 dd 10005h
.data:08000658                 dd 0
.data:08000658                 dd 400105h
.data:08000658                 dd 2
.data:08000658                 dd 400105h
.data:08000658                 dd 1
.data:08000658                 dd 400105h
.data:08000658                 dd 2
.data:08000658                 dd 600105h
.data:08000658                 dd 1
.data:08000658                 dd 480105h
.data:08000658                 dd 1
.data:08000658                 dd 40081h
.data:08000658                 dd 4
.data:08000658                 dd 40081h
.data:08000658                 dd 4
.data:08000658                 dd 40081h
.data:08000658                 dd 4
.data:08000658                 dd 40081h
.data:08000658                 dd 4
.data:08000658                 dd 40081h
.data:08000658                 dd 4
.data:08000658                 dd 40081h
.data:08000658                 dd 4
.data:08000658                 dd 40081h
.data:08000658                 dd 4
.data:08000658                 dd 40081h
.data:08000658                 dd 4
.data:08000658                 dd 40081h
.data:08000658                 dd 4
.data:08000658                 dd 40081h
.data:08000658                 dd 4
.data:08000658                 dd 40081h
.data:08000658                 dd 4
.data:08000658                 dd 40081h
.data:08000658                 dd 4
.data:08000658                 dd 40081h
.data:08000658                 dd 4
.data:08000658                 dd 40081h
.data:08000658                 dd 4
.data:08000658                 dd 40081h
.data:08000658                 dd 4
.data:08000658                 dd 40081h
.data:08000658                 dd 4
.data:08000658                 dd 0C0201h
.data:08000658                 dd 2
.data:08000658                 dd 480105h
.data:08000658                 dd 2
.data:08000658                 dd 600105h
.data:08000658                 dd 1
.data:08000658                 dd 400105h
.data:08000658                 dd 2
.data:08000658                 dd 400105h
.data:08000658                 dd 1
.data:08000658                 dd 500105h
.data:08000658                 dd 1
.data:08000658                 dd 80081h
.data:08000658                 dd 4
.data:08000658                 dd 80081h
.data:08000658                 dd 4
.data:08000658                 dd 80081h
.data:08000658                 dd 4
.data:08000658                 dd 80081h
.data:08000658                 dd 4
.data:08000658                 dd 80081h
.data:08000658                 dd 4
.data:08000658                 dd 80081h
.data:08000658                 dd 4
.data:08000658                 dd 80081h
.data:08000658                 dd 4
.data:08000658                 dd 80081h
.data:08000658                 dd 4
.data:08000658                 dd 80081h
.data:08000658                 dd 4
.data:08000658                 dd 80081h
.data:08000658                 dd 4
.data:08000658                 dd 80081h
.data:08000658                 dd 4
.data:08000658                 dd 80081h
.data:08000658                 dd 4
.data:08000658                 dd 80081h
.data:08000658                 dd 4
.data:08000658                 dd 80081h
.data:08000658                 dd 4
.data:08000658                 dd 80081h
.data:08000658                 dd 4
.data:08000658                 dd 80081h
.data:08000658                 dd 4
.data:08000658                 dd 140201h
.data:08000658                 dd 2
.data:08000658                 dd 500105h
.data:08000658                 dd 2
.data:08000658                 dd 40105h
.data:08000658                 dd 4
.data:08000658                 dd 400105h
.data:08000658                 dd 4
.data:08000658                 dd 400105h
.data:08000658                 dd 4
.data:08000658                 dd 480105h
.data:08000658                 dd 4
.data:08000658                 dd 400105h
.data:08000658                 dd 4
.data:08000658                 dd 500105h
.data:08000658                 dd 4
.data:08000658                 dd 0A0201h
.data:08000658                 dd 2
.data:08000658                 dd 400105h
.data:08000658                 dd 4
.data:08000658                 dd 400105h
.data:08000658                 dd 4
.data:08000658                 dd 220201h
.data:08000658                 dd 2
.data:08000658                 dd 240201h
.data:08000658                 dd 2
.data:08000658                 dd 48005h
.data:08000658                 dd 0
.data:08000658                 dd 8005h
.data:08000658                 dd 0
.data:08000658                 dd 8005h
.data:08000658                 dd 0
.data:08000658                 dd 8005h
.data:08000658                 dd 0
.data:08000658                 dd 8005h
.data:08000658                 dd 0
.data:08000658                 dd 8005h
.data:08000658                 dd 0
.data:08000658                 dd 8005h
.data:08000658                 dd 0
.data:08000658                 dd 8005h
.data:08000658                 dd 0
.data:08000658                 dd 805h
.data:08000658                 dd 0
.data:08000658                 dd 805h
.data:08000658                 dd 0
.data:08000658                 dd 805h
.data:08000658                 dd 0
.data:08000658                 dd 805h
.data:08000658                 dd 0
.data:08000658                 dd 805h
.data:08000658                 dd 0
.data:08000658                 dd 805h
.data:08000658                 dd 0
.data:08000658                 dd 805h
.data:08000658                 dd 0
.data:08000658                 dd 805h
.data:08000658                 dd 0
.data:08000658                 dd 400105h
.data:08000658                 dd 8
.data:08000658                 dd 400105h
.data:08000658                 dd 1
.data:08000658                 dd 400105h
.data:08000658                 dd 4
.data:08000658                 dd 400105h
.data:08000658                 dd 2
.data:08000658                 dd 400105h
.data:08000658                 dd 8
.data:08000658                 dd 400105h
.data:08000658                 dd 1
.data:08000658                 dd 400105h
.data:08000658                 dd 4
.data:08000658                 dd 400105h
.data:08000658                 dd 2
.data:08000658                 dd 400105h
.data:08000658                 dd 8
.data:08000658                 dd 400105h
.data:08000658                 dd 1
.data:08000658                 dd 400105h
.data:08000658                 dd 4
.data:08000658                 dd 400105h
.data:08000658                 dd 2
.data:08000658                 dd 400105h
.data:08000658                 dd 8
.data:08000658                 dd 400105h
.data:08000658                 dd 1
.data:08000658                 dd 400105h
.data:08000658                 dd 4
.data:08000658                 dd 400105h
.data:08000658                 dd 2
.data:08000658                 dd 400105h
.data:08000658                 dd 8
.data:08000658                 dd 400105h
.data:08000658                 dd 1
.data:08000658                 dd 400105h
.data:08000658                 dd 4
.data:08000658                 dd 400105h
.data:08000658                 dd 2
.data:08000658                 dd 400105h
.data:08000658                 dd 8
.data:08000658                 dd 400105h
.data:08000658                 dd 1
.data:08000658                 dd 400105h
.data:08000658                 dd 4
.data:08000658                 dd 400105h
.data:08000658                 dd 2
.data:08000658                 dd 400105h
.data:08000658                 dd 8
.data:08000658                 dd 400105h
.data:08000658                 dd 1
.data:08000658                 dd 400105h
.data:08000658                 dd 4
.data:08000658                 dd 400105h
.data:08000658                 dd 2
.data:08000658                 dd 400105h
.data:08000658                 dd 8
.data:08000658                 dd 400105h
.data:08000658                 dd 1
.data:08000658                 dd 400105h
.data:08000658                 dd 4
.data:08000658                 dd 400105h
.data:08000658                 dd 2
.data:08000658                 dd 40105h
.data:08000658                 dd 8
.data:08000658                 dd 400105h
.data:08000658                 dd 8
.data:08000658                 dd 400105h
.data:08000658                 dd 8
.data:08000658                 dd 480105h
.data:08000658                 dd 8
.data:08000658                 dd 400105h
.data:08000658                 dd 8
.data:08000658                 dd 500105h
.data:08000658                 dd 8
.data:08000658                 dd 400105h
.data:08000658                 dd 8
.data:08000658                 dd 400105h
.data:08000658                 dd 8
.data:08000658                 dd 400201h
.data:08000658                 dd 2
.data:08000658                 dd 400201h
.data:08000658                 dd 2
.data:08000658                 dd 400105h
.data:08000658                 dd 2
.data:08000658                 dd 400105h
.data:08000658                 dd 1
.data:08000658                 dd 400105h
.data:08000658                 dd 2
.data:08000658                 dd 400105h
.data:08000658                 dd 1
.data:08000658                 dd 120201h
.data:08000658                 dd 2
.data:08000658                 dd 40401h
.data:08000658                 dd 0
.data:08000658                 dd 401h
.data:08000658                 dd 0
.data:08000658                 dd 401h
.data:08000658                 dd 0
.data:08000658                 dd 401h
.data:08000658                 dd 0
.data:08000658                 dd 401h
.data:08000658                 dd 0
.data:08000658                 dd 401h
.data:08000658                 dd 0
.data:08000658                 dd 401h
.data:08000658                 dd 0
.data:08000658                 dd 401h
.data:08000658                 dd 0
.data:08000658                 dd 100081h
.data:08000658                 dd 4
.data:08000658                 dd 100081h
.data:08000658                 dd 4
.data:08000658                 dd 100081h
.data:08000658                 dd 4
.data:08000658                 dd 100081h
.data:08000658                 dd 4
.data:08000658                 dd 100081h
.data:08000658                 dd 4
.data:08000658                 dd 100081h
.data:08000658                 dd 4
.data:08000658                 dd 100081h
.data:08000658                 dd 4
.data:08000658                 dd 100081h
.data:08000658                 dd 4
.data:08000658                 dd 841005h
.data:08000658                 dd 0
.data:08000658                 dd 801005h
.data:08000658                 dd 0
.data:08000658                 dd 801005h
.data:08000658                 dd 0
.data:08000658                 dd 801005h
.data:08000658                 dd 0
.data:08000658                 dd 801005h
.data:08000658                 dd 0
.data:08000658                 dd 801005h
.data:08000658                 dd 0
.data:08000658                 dd 801005h
.data:08000658                 dd 0
.data:08000658                 dd 801005h
.data:08000658                 dd 0
.data:08000658                 dd 1005h
.data:08000658                 dd 0
.data:08000658                 dd 1005h
.data:08000658                 dd 0
.data:08000658                 dd 1005h
.data:08000658                 dd 0
.data:08000658                 dd 1005h
.data:08000658                 dd 0
.data:08000658                 dd 801005h
.data:08000658                 dd 0
.data:08000658                 dd 1005h
.data:08000658                 dd 0
.data:08000658                 dd 1005h
.data:08000658                 dd 0
.data:08000658                 dd 1005h
.data:08000658                 dd 0
.data:08000658                 dd 1005h
.data:08000658                 dd 0
.data:08000658                 dd 1005h
.data:08000658                 dd 0
.data:08000658                 dd 1005h
.data:08000658                 dd 0
.data:08000658                 dd 1005h
.data:08000658                 dd 0
.data:08000658                 dd 1005h
.data:08000658                 dd 0
.data:08000658                 dd 1005h
.data:08000658                 dd 0
.data:08000658                 dd 1005h
.data:08000658                 dd 0
.data:08000658                 dd 801005h
.data:08000658                 dd 0
.data:08000658                 dd 1005h
.data:08000658                 dd 0
.data:08000658                 dd 1005h
.data:08000658                 dd 0
.data:08000658                 dd 801005h
.data:08000658                 dd 0
.data:08000658                 dd 801005h
.data:08000658                 dd 0
.data:08000658                 dd 801005h
.data:08000658                 dd 0
.data:08000658                 dd 801005h
.data:08000658                 dd 0
.data:08000658                 dd 801005h
.data:08000658                 dd 0
.data:08000658                 dd 801005h
.data:08000658                 dd 0
.data:08000658                 dd 842005h
.data:08000658                 dd 0
.data:08000658                 dd 802005h
.data:08000658                 dd 0
.data:08000658                 dd 802005h
.data:08000658                 dd 0
.data:08000658                 dd 802005h
.data:08000658                 dd 0
.data:08000658                 dd 802005h
.data:08000658                 dd 0
.data:08000658                 dd 802005h
.data:08000658                 dd 0
.data:08000658                 dd 802005h
.data:08000658                 dd 0
.data:08000658                 dd 802005h
.data:08000658                 dd 0
.data:08000658                 dd 2005h
.data:08000658                 dd 0
.data:08000658                 dd 2005h
.data:08000658                 dd 0
.data:08000658                 dd 2005h
.data:08000658                 dd 0
.data:08000658                 dd 2005h
.data:08000658                 dd 0
.data:08000658                 dd 802005h
.data:08000658                 dd 0
.data:08000658                 dd 2005h
.data:08000658                 dd 0
.data:08000658                 dd 2005h
.data:08000658                 dd 0
.data:08000658                 dd 2005h
.data:08000658                 dd 0
.data:08000658                 dd 2005h
.data:08000658                 dd 0
.data:08000658                 dd 2005h
.data:08000658                 dd 0
.data:08000658                 dd 2005h
.data:08000658                 dd 0
.data:08000658                 dd 2005h
.data:08000658                 dd 0
.data:08000658                 dd 2005h
.data:08000658                 dd 0
.data:08000658                 dd 2005h
.data:08000658                 dd 0
.data:08000658                 dd 2005h
.data:08000658                 dd 0
.data:08000658                 dd 802005h
.data:08000658                 dd 0
.data:08000658                 dd 2005h
.data:08000658                 dd 0
.data:08000658                 dd 2005h
.data:08000658                 dd 0
.data:08000658                 dd 802005h
.data:08000658                 dd 0
.data:08000658                 dd 802005h
.data:08000658                 dd 0
.data:08000658                 dd 802005h
.data:08000658                 dd 0
.data:08000658                 dd 802005h
.data:08000658                 dd 0
.data:08000658                 dd 802005h
.data:08000658                 dd 0
.data:08000658                 dd 802005h
.data:08000658                 dd 0
.data:08000658                 dd 844005h
.data:08000658                 dd 0
.data:08000658                 dd 804005h
.data:08000658                 dd 0
.data:08000658                 dd 804005h
.data:08000658                 dd 0
.data:08000658                 dd 804005h
.data:08000658                 dd 0
.data:08000658                 dd 804005h
.data:08000658                 dd 0
.data:08000658                 dd 804005h
.data:08000658                 dd 0
.data:08000658                 dd 804005h
.data:08000658                 dd 0
.data:08000658                 dd 804005h
.data:08000658                 dd 0
.data:08000658                 dd 4005h
.data:08000658                 dd 0
.data:08000658                 dd 4005h
.data:08000658                 dd 0
.data:08000658                 dd 4005h
.data:08000658                 dd 0
.data:08000658                 dd 4005h
.data:08000658                 dd 0
.data:08000658                 dd 804005h
.data:08000658                 dd 0
.data:08000658                 dd 4005h
.data:08000658                 dd 0
.data:08000658                 dd 4005h
.data:08000658                 dd 0
.data:08000658                 dd 4005h
.data:08000658                 dd 0
.data:08000658                 dd 4005h
.data:08000658                 dd 0
.data:08000658                 dd 4005h
.data:08000658                 dd 0
.data:08000658                 dd 4005h
.data:08000658                 dd 0
.data:08000658                 dd 4005h
.data:08000658                 dd 0
.data:08000658                 dd 4005h
.data:08000658                 dd 0
.data:08000658                 dd 4005h
.data:08000658                 dd 0
.data:08000658                 dd 4005h
.data:08000658                 dd 0
.data:08000658                 dd 804005h
.data:08000658                 dd 0
.data:08000658                 dd 4005h
.data:08000658                 dd 0
.data:08000658                 dd 4005h
.data:08000658                 dd 0
.data:08000658                 dd 804005h
.data:08000658                 dd 0
.data:08000658                 dd 804005h
.data:08000658                 dd 0
.data:08000658                 dd 804005h
.data:08000658                 dd 0
.data:08000658                 dd 804005h
.data:08000658                 dd 0
.data:08000658                 dd 804005h
.data:08000658                 dd 0
.data:08000658                 dd 804005h
.data:08000658                 dd 0
.data:08000658 _data           ends
.data:08000658
.bss:08000DE0 ; ===========================================================================
.bss:08000DE0
.bss:08000DE0 ; Segment type: Zero-length
.bss:08000DE0 ; Segment permissions: Read/Write
.bss:08000DE0 _bss            segment dword public 'BSS' use32
.bss:08000DE0 _bss            ends
.bss:08000DE0
extern:08000DE4 ; ===========================================================================
extern:08000DE4
extern:08000DE4 ; Segment type: Externs
extern:08000DE4 ; extern
extern:08000DE4                 extrn unk_8000DE4       ; ...
extern:08000DE8                 extrn unk_8000DE8       ; ...
extern:08000DEC                 extrn unk_8000DEC       ; ...
extern:08000DF0                 extrn unk_8000DF0       ; ...
extern:08000DF4                 extrn unk_8000DF4       ; ...
extern:08000DF8                 extrn unk_8000DF8       ; ...
extern:08000DFC                 extrn unk_8000DFC       ; ...
extern:08000DFC
extern:08000DFC
extern:08000DFC                 end
