.text:08000000 ;
.text:08000000 ; +-------------------------------------------------------------------------+
.text:08000000 ; |   This file has been generated by The Interactive Disassembler (IDA)    |
.text:08000000 ; |           Copyright (c) 2018 Hex-Rays, <support@hex-rays.com>           |
.text:08000000 ; |                            Freeware version                             |
.text:08000000 ; +-------------------------------------------------------------------------+
.text:08000000 ;
.text:08000000 ; Input SHA256 : 6589B59DBE2EB0686528BAF649BCA3E9701A4CD1C44D3020DD08E36AD4D6B329
.text:08000000 ; Input MD5    : A21392D7F424A225741D74A4E6447B07
.text:08000000 ; Input CRC32  : F043AFD6
.text:08000000
.text:08000000 ; File Name   : C:\Users\90542\OneDrive\Masaüstü\nasm_214_c_o\string.o
.text:08000000 ; Format      : ELF for Intel 386 (Relocatable)
.text:08000000 ;
.text:08000000 ; Source File : 'string.c'
.text:08000000
.text:08000000                 .686p
.text:08000000                 .mmx
.text:08000000                 .model flat
.text:08000000 .intel_syntax noprefix
.text:08000000
.text:08000000 ; ===========================================================================
.text:08000000
.text:08000000 ; Segment type: Pure code
.text:08000000 ; Segment permissions: Read/Execute
.text:08000000 _text           segment dword public 'CODE' use32
.text:08000000                 assume cs:_text
.text:08000000                 ;org 8000000h
.text:08000000                 assume es:nothing, ss:nothing, ds:_text, fs:nothing, gs:nothing
.text:08000000
.text:08000000 ; =============== S U B R O U T I N E =======================================
.text:08000000
.text:08000000 ; Attributes: bp-based frame
.text:08000000
.text:08000000 overflow_general proc near
.text:08000000
.text:08000000 var_18          = dword ptr -18h
.text:08000000 var_14          = dword ptr -14h
.text:08000000 var_10          = dword ptr -10h
.text:08000000 var_C           = dword ptr -0Ch
.text:08000000 var_4           = dword ptr -4
.text:08000000 arg_0           = dword ptr  8
.text:08000000 arg_4           = dword ptr  0Ch
.text:08000000 arg_8           = dword ptr  10h
.text:08000000
.text:08000000                 push    ebp
.text:08000001                 mov     ebp, esp
.text:08000003                 sub     esp, 18h
.text:08000009                 nop
.text:0800000A                 mov     eax, [ebp+arg_8]
.text:0800000D                 cmp     eax, 8
.text:08000010                 jl      loc_8000020
.text:08000016                 mov     eax, 0
.text:0800001B                 jmp     locret_80000D4
.text:08000020 ; ---------------------------------------------------------------------------
.text:08000020
.text:08000020 loc_8000020:                            ; ...
.text:08000020                 mov     eax, [ebp+arg_8]
.text:08000023                 shl     eax, 3
.text:08000026                 dec     eax
.text:08000027                 mov     [ebp+var_4], eax
.text:0800002A                 mov     eax, [ebp+var_4]
.text:0800002D                 push    eax
.text:0800002E                 mov     eax, 2
.text:08000033                 mov     ecx, 0
.text:08000038                 push    ecx
.text:08000039                 push    eax
.text:0800003A                 call    __ashldi3
.text:0800003F                 add     esp, 0Ch
.text:08000042                 sub     eax, 1
.text:08000045                 sbb     edx, 0
.text:08000048                 mov     [ebp+var_10], eax
.text:0800004B                 mov     [ebp+var_C], edx
.text:0800004E                 mov     eax, [ebp+var_4]
.text:08000051                 push    eax
.text:08000052                 mov     eax, 2
.text:08000057                 mov     ecx, 0
.text:0800005C                 push    ecx
.text:0800005D                 push    eax
.text:0800005E                 call    __ashldi3
.text:08000063                 add     esp, 0Ch
.text:08000066                 mov     ecx, 0
.text:0800006B                 sub     ecx, eax
.text:0800006D                 mov     eax, 0
.text:08000072                 sbb     eax, edx
.text:08000074                 mov     [ebp+var_18], ecx
.text:08000077                 mov     [ebp+var_14], eax
.text:0800007A                 mov     eax, [ebp+arg_4]
.text:0800007D                 mov     ecx, [ebp+var_14]
.text:08000080                 cmp     eax, ecx
.text:08000082                 jg      loc_80000A1
.text:08000088                 jnz     loc_800009C
.text:0800008E                 mov     eax, [ebp+arg_0]
.text:08000091                 mov     ecx, [ebp+var_18]
.text:08000094                 cmp     eax, ecx
.text:08000096                 jnb     loc_80000A1
.text:0800009C
.text:0800009C loc_800009C:                            ; ...
.text:0800009C                 jmp     loc_80000CF
.text:080000A1 ; ---------------------------------------------------------------------------
.text:080000A1
.text:080000A1 loc_80000A1:                            ; ...
.text:080000A1                 mov     eax, [ebp+arg_4]
.text:080000A4                 mov     ecx, [ebp+var_C]
.text:080000A7                 cmp     eax, ecx
.text:080000A9                 jl      loc_80000C8
.text:080000AF                 jnz     loc_80000C3
.text:080000B5                 mov     eax, [ebp+arg_0]
.text:080000B8                 mov     ecx, [ebp+var_10]
.text:080000BB                 cmp     eax, ecx
.text:080000BD                 jbe     loc_80000C8
.text:080000C3
.text:080000C3 loc_80000C3:                            ; ...
.text:080000C3                 jmp     loc_80000CF
.text:080000C8 ; ---------------------------------------------------------------------------
.text:080000C8
.text:080000C8 loc_80000C8:                            ; ...
.text:080000C8                 mov     eax, 0
.text:080000CD                 jmp     short locret_80000D4
.text:080000CF ; ---------------------------------------------------------------------------
.text:080000CF
.text:080000CF loc_80000CF:                            ; ...
.text:080000CF                 mov     eax, 1
.text:080000D4
.text:080000D4 locret_80000D4:                         ; ...
.text:080000D4                 leave
.text:080000D5                 retn
.text:080000D5 overflow_general endp
.text:080000D5
.text:080000D6
.text:080000D6 ; =============== S U B R O U T I N E =======================================
.text:080000D6
.text:080000D6 ; Attributes: bp-based frame
.text:080000D6
.text:080000D6 overflow_signed proc near
.text:080000D6
.text:080000D6 var_18          = dword ptr -18h
.text:080000D6 var_14          = dword ptr -14h
.text:080000D6 var_10          = dword ptr -10h
.text:080000D6 var_C           = dword ptr -0Ch
.text:080000D6 var_4           = dword ptr -4
.text:080000D6 arg_0           = dword ptr  8
.text:080000D6 arg_4           = dword ptr  0Ch
.text:080000D6 arg_8           = dword ptr  10h
.text:080000D6
.text:080000D6                 push    ebp
.text:080000D7                 mov     ebp, esp
.text:080000D9                 sub     esp, 18h
.text:080000DF                 nop
.text:080000E0                 mov     eax, [ebp+arg_8]
.text:080000E3                 cmp     eax, 8
.text:080000E6                 jl      loc_80000F6
.text:080000EC                 mov     eax, 0
.text:080000F1                 jmp     locret_80001AA
.text:080000F6 ; ---------------------------------------------------------------------------
.text:080000F6
.text:080000F6 loc_80000F6:                            ; ...
.text:080000F6                 mov     eax, [ebp+arg_8]
.text:080000F9                 shl     eax, 3
.text:080000FC                 dec     eax
.text:080000FD                 mov     [ebp+var_4], eax
.text:08000100                 mov     eax, [ebp+var_4]
.text:08000103                 push    eax
.text:08000104                 mov     eax, 1
.text:08000109                 mov     ecx, 0
.text:0800010E                 push    ecx
.text:0800010F                 push    eax
.text:08000110                 call    __ashldi3
.text:08000115                 add     esp, 0Ch
.text:08000118                 sub     eax, 1
.text:0800011B                 sbb     edx, 0
.text:0800011E                 mov     [ebp+var_10], eax
.text:08000121                 mov     [ebp+var_C], edx
.text:08000124                 mov     eax, [ebp+var_4]
.text:08000127                 push    eax
.text:08000128                 mov     eax, 1
.text:0800012D                 mov     ecx, 0
.text:08000132                 push    ecx
.text:08000133                 push    eax
.text:08000134                 call    __ashldi3
.text:08000139                 add     esp, 0Ch
.text:0800013C                 mov     ecx, 0
.text:08000141                 sub     ecx, eax
.text:08000143                 mov     eax, 0
.text:08000148                 sbb     eax, edx
.text:0800014A                 mov     [ebp+var_18], ecx
.text:0800014D                 mov     [ebp+var_14], eax
.text:08000150                 mov     eax, [ebp+arg_4]
.text:08000153                 mov     ecx, [ebp+var_14]
.text:08000156                 cmp     eax, ecx
.text:08000158                 jg      loc_8000177
.text:0800015E                 jnz     loc_8000172
.text:08000164                 mov     eax, [ebp+arg_0]
.text:08000167                 mov     ecx, [ebp+var_18]
.text:0800016A                 cmp     eax, ecx
.text:0800016C                 jnb     loc_8000177
.text:08000172
.text:08000172 loc_8000172:                            ; ...
.text:08000172                 jmp     loc_80001A5
.text:08000177 ; ---------------------------------------------------------------------------
.text:08000177
.text:08000177 loc_8000177:                            ; ...
.text:08000177                 mov     eax, [ebp+arg_4]
.text:0800017A                 mov     ecx, [ebp+var_C]
.text:0800017D                 cmp     eax, ecx
.text:0800017F                 jl      loc_800019E
.text:08000185                 jnz     loc_8000199
.text:0800018B                 mov     eax, [ebp+arg_0]
.text:0800018E                 mov     ecx, [ebp+var_10]
.text:08000191                 cmp     eax, ecx
.text:08000193                 jbe     loc_800019E
.text:08000199
.text:08000199 loc_8000199:                            ; ...
.text:08000199                 jmp     loc_80001A5
.text:0800019E ; ---------------------------------------------------------------------------
.text:0800019E
.text:0800019E loc_800019E:                            ; ...
.text:0800019E                 mov     eax, 0
.text:080001A3                 jmp     short locret_80001AA
.text:080001A5 ; ---------------------------------------------------------------------------
.text:080001A5
.text:080001A5 loc_80001A5:                            ; ...
.text:080001A5                 mov     eax, 1
.text:080001AA
.text:080001AA locret_80001AA:                         ; ...
.text:080001AA                 leave
.text:080001AB                 retn
.text:080001AB overflow_signed endp
.text:080001AB
.text:080001AC
.text:080001AC ; =============== S U B R O U T I N E =======================================
.text:080001AC
.text:080001AC ; Attributes: bp-based frame
.text:080001AC
.text:080001AC overflow_unsigned proc near
.text:080001AC
.text:080001AC var_18          = dword ptr -18h
.text:080001AC var_14          = dword ptr -14h
.text:080001AC var_10          = dword ptr -10h
.text:080001AC var_C           = dword ptr -0Ch
.text:080001AC var_4           = dword ptr -4
.text:080001AC arg_0           = dword ptr  8
.text:080001AC arg_4           = dword ptr  0Ch
.text:080001AC arg_8           = dword ptr  10h
.text:080001AC
.text:080001AC                 push    ebp
.text:080001AD                 mov     ebp, esp
.text:080001AF                 sub     esp, 18h
.text:080001B5                 nop
.text:080001B6                 mov     eax, [ebp+arg_8]
.text:080001B9                 cmp     eax, 8
.text:080001BC                 jl      loc_80001CC
.text:080001C2                 mov     eax, 0
.text:080001C7                 jmp     locret_8000264
.text:080001CC ; ---------------------------------------------------------------------------
.text:080001CC
.text:080001CC loc_80001CC:                            ; ...
.text:080001CC                 mov     eax, [ebp+arg_8]
.text:080001CF                 shl     eax, 3
.text:080001D2                 dec     eax
.text:080001D3                 mov     [ebp+var_4], eax
.text:080001D6                 mov     eax, [ebp+var_4]
.text:080001D9                 push    eax
.text:080001DA                 mov     eax, 2
.text:080001DF                 mov     ecx, 0
.text:080001E4                 push    ecx
.text:080001E5                 push    eax
.text:080001E6                 call    __ashldi3
.text:080001EB                 add     esp, 0Ch
.text:080001EE                 sub     eax, 1
.text:080001F1                 sbb     edx, 0
.text:080001F4                 mov     [ebp+var_10], eax
.text:080001F7                 mov     [ebp+var_C], edx
.text:080001FA                 mov     eax, 0
.text:080001FF                 mov     ecx, 0
.text:08000204                 mov     [ebp+var_18], eax
.text:08000207                 mov     [ebp+var_14], ecx
.text:0800020A                 mov     eax, [ebp+arg_4]
.text:0800020D                 mov     ecx, [ebp+var_14]
.text:08000210                 cmp     eax, ecx
.text:08000212                 jg      loc_8000231
.text:08000218                 jnz     loc_800022C
.text:0800021E                 mov     eax, [ebp+arg_0]
.text:08000221                 mov     ecx, [ebp+var_18]
.text:08000224                 cmp     eax, ecx
.text:08000226                 jnb     loc_8000231
.text:0800022C
.text:0800022C loc_800022C:                            ; ...
.text:0800022C                 jmp     loc_800025F
.text:08000231 ; ---------------------------------------------------------------------------
.text:08000231
.text:08000231 loc_8000231:                            ; ...
.text:08000231                 mov     eax, [ebp+arg_4]
.text:08000234                 mov     ecx, [ebp+var_C]
.text:08000237                 cmp     eax, ecx
.text:08000239                 jl      loc_8000258
.text:0800023F                 jnz     loc_8000253
.text:08000245                 mov     eax, [ebp+arg_0]
.text:08000248                 mov     ecx, [ebp+var_10]
.text:0800024B                 cmp     eax, ecx
.text:0800024D                 jbe     loc_8000258
.text:08000253
.text:08000253 loc_8000253:                            ; ...
.text:08000253                 jmp     loc_800025F
.text:08000258 ; ---------------------------------------------------------------------------
.text:08000258
.text:08000258 loc_8000258:                            ; ...
.text:08000258                 mov     eax, 0
.text:0800025D                 jmp     short locret_8000264
.text:0800025F ; ---------------------------------------------------------------------------
.text:0800025F
.text:0800025F loc_800025F:                            ; ...
.text:0800025F                 mov     eax, 1
.text:08000264
.text:08000264 locret_8000264:                         ; ...
.text:08000264                 leave
.text:08000265                 retn
.text:08000265 overflow_unsigned endp
.text:08000265
.text:08000266
.text:08000266 ; =============== S U B R O U T I N E =======================================
.text:08000266
.text:08000266 ; Attributes: bp-based frame
.text:08000266
.text:08000266 signed_bits     proc near
.text:08000266
.text:08000266 arg_0           = dword ptr  8
.text:08000266 arg_4           = dword ptr  0Ch
.text:08000266 arg_8           = dword ptr  10h
.text:08000266
.text:08000266                 push    ebp
.text:08000267                 mov     ebp, esp
.text:08000269                 sub     esp, 0
.text:0800026F                 nop
.text:08000270                 mov     eax, [ebp+arg_8]
.text:08000273                 cmp     eax, 40h
.text:08000276                 jge     loc_8000307
.text:0800027C                 mov     eax, [ebp+arg_8]
.text:0800027F                 push    eax
.text:08000280                 mov     eax, 1
.text:08000285                 mov     ecx, 0
.text:0800028A                 push    ecx
.text:0800028B                 push    eax
.text:0800028C                 call    __ashldi3
.text:08000291                 add     esp, 0Ch
.text:08000294                 sub     eax, 1
.text:08000297                 sbb     edx, 0
.text:0800029A                 mov     ecx, [ebp+arg_0]
.text:0800029D                 and     ecx, eax
.text:0800029F                 mov     eax, [ebp+arg_4]
.text:080002A2                 and     eax, edx
.text:080002A4                 mov     [ebp+arg_0], ecx
.text:080002A7                 mov     [ebp+arg_4], eax
.text:080002AA                 mov     eax, [ebp+arg_8]
.text:080002AD                 dec     eax
.text:080002AE                 push    eax
.text:080002AF                 mov     eax, 1
.text:080002B4                 mov     ecx, 0
.text:080002B9                 push    ecx
.text:080002BA                 push    eax
.text:080002BB                 call    __ashldi3
.text:080002C0                 add     esp, 0Ch
.text:080002C3                 mov     ecx, [ebp+arg_0]
.text:080002C6                 and     ecx, eax
.text:080002C8                 mov     eax, [ebp+arg_4]
.text:080002CB                 and     eax, edx
.text:080002CD                 cmp     eax, 0
.text:080002D0                 jnz     loc_80002DF
.text:080002D6                 cmp     ecx, 0
.text:080002D9                 jz      loc_8000307
.text:080002DF
.text:080002DF loc_80002DF:                            ; ...
.text:080002DF                 mov     eax, [ebp+arg_8]
.text:080002E2                 push    eax
.text:080002E3                 mov     eax, 0FFFFFFFFh
.text:080002E8                 mov     ecx, 0FFFFFFFFh
.text:080002ED                 push    ecx
.text:080002EE                 push    eax
.text:080002EF                 call    __ashldi3
.text:080002F4                 add     esp, 0Ch
.text:080002F7                 mov     ecx, [ebp+arg_0]
.text:080002FA                 or      ecx, eax
.text:080002FC                 mov     eax, [ebp+arg_4]
.text:080002FF                 or      eax, edx
.text:08000301                 mov     [ebp+arg_0], ecx
.text:08000304                 mov     [ebp+arg_4], eax
.text:08000307
.text:08000307 loc_8000307:                            ; ...
.text:08000307                 mov     eax, [ebp+arg_0]
.text:0800030A                 mov     edx, [ebp+arg_4]
.text:0800030D                 leave
.text:0800030E                 retn
.text:0800030E signed_bits     endp
.text:0800030E
.text:0800030F
.text:0800030F ; =============== S U B R O U T I N E =======================================
.text:0800030F
.text:0800030F ; Attributes: bp-based frame
.text:0800030F
.text:0800030F                 public tolower_init
.text:0800030F tolower_init    proc near
.text:0800030F
.text:0800030F tlti            = dword ptr -8
.text:0800030F i               = dword ptr -4
.text:0800030F
.text:0800030F                 push    ebp             ; void tolower_init(void)
.text:08000310                 mov     ebp, esp
.text:08000312                 sub     esp, 8
.text:08000318                 nop
.text:08000319                 mov     eax, 0          ; int i;
.text:0800031E                 mov     [ebp+i], eax    ; for (i = 0; i < 256; i++)
.text:08000321
.text:08000321 tli_1:                                  ; ...
.text:08000321                 mov     eax, [ebp+i]    ; (next) i < 256
.text:08000324                 cmp     eax, 256
.text:0800032A                 jge     tli_4
.text:08000330                 jmp     tli_3
.text:08000335 ; ---------------------------------------------------------------------------
.text:08000335
.text:08000335 tli_2:                                  ; ...
.text:08000335                 mov     eax, [ebp+i]    ; (next) i++
.text:08000338                 mov     ecx, eax
.text:0800033A                 inc     eax
.text:0800033B                 mov     [ebp+i], eax
.text:0800033E                 jmp     short tli_1
.text:08000340 ; ---------------------------------------------------------------------------
.text:08000340
.text:08000340 tli_3:                                  ; ...
.text:08000340                 mov     eax, [ebp+i]
.text:08000343                 mov     ecx, offset nasm_tolower_tab
.text:08000348                 add     ecx, eax
.text:0800034A                 mov     eax, [ebp+i]
.text:0800034D                 push    eax
.text:0800034E                 mov     [ebp+tlti], ecx ; unsigned char nasm_tolower_tab[256];
.text:08000351                 call    tolower
.text:08000356                 add     esp, 4
.text:08000359                 mov     ecx, [ebp+tlti]
.text:0800035C                 mov     [ecx], al       ; nasm_tolower_tab[i] = tolower(i);
.text:0800035E                 jmp     short tli_2
.text:08000360 ; ---------------------------------------------------------------------------
.text:08000360
.text:08000360 tli_4:                                  ; ...
.text:08000360                 leave
.text:08000361                 retn
.text:08000361 tolower_init    endp
.text:08000361
.text:08000362
.text:08000362 ; =============== S U B R O U T I N E =======================================
.text:08000362
.text:08000362 ; Attributes: bp-based frame
.text:08000362
.text:08000362                 public nasm_stricmp
.text:08000362 nasm_stricmp    proc near
.text:08000362
.text:08000362 d               = dword ptr -8
.text:08000362 c2              = byte ptr -2
.text:08000362 c1              = byte ptr -1
.text:08000362 s1              = dword ptr  8
.text:08000362 s2              = dword ptr  0Ch
.text:08000362
.text:08000362                 push    ebp             ; int nasm_stricmp(const char *s1, const char *s2)
.text:08000363                 mov     ebp, esp
.text:08000365                 sub     esp, 8
.text:0800036B                 nop
.text:0800036C
.text:0800036C nsc_1:                                  ; ...
.text:0800036C                 mov     eax, [ebp+s1]   ; while (1) {
.text:0800036F                 mov     ecx, eax
.text:08000371                 inc     eax
.text:08000372                 mov     [ebp+s1], eax
.text:08000375                 movsx   eax, byte ptr [ecx]
.text:08000378                 and     eax, 0FFh
.text:0800037E                 mov     ecx, offset nasm_tolower_tab
.text:08000383                 add     ecx, eax
.text:08000385                 movzx   eax, byte ptr [ecx]
.text:08000388                 mov     [ebp+c1], al    ; c1 = nasm_tolower(*s1++);
.text:0800038B                 mov     eax, [ebp+s2]
.text:0800038E                 mov     ecx, eax
.text:08000390                 inc     eax
.text:08000391                 mov     [ebp+s2], eax
.text:08000394                 movsx   eax, byte ptr [ecx]
.text:08000397                 and     eax, 0FFh
.text:0800039D                 mov     ecx, offset nasm_tolower_tab
.text:080003A2                 add     ecx, eax
.text:080003A4                 movzx   eax, byte ptr [ecx]
.text:080003A7                 mov     [ebp+c2], al    ; c2 = nasm_tolower(*s2++);
.text:080003AA                 movzx   eax, [ebp+c1]   ; unsigned char c1, c2;
.text:080003AE                 movzx   ecx, [ebp+c2]
.text:080003B2                 sub     eax, ecx
.text:080003B4                 mov     [ebp+d], eax    ; d = c1-c2;
.text:080003B7                 mov     eax, [ebp+d]    ; int d;
.text:080003BA                 cmp     eax, 0          ; if (d)
.text:080003BD                 jz      nsc_2
.text:080003C3                 mov     eax, [ebp+d]    ; return d;
.text:080003C6                 jmp     nsc_6
.text:080003CB ; ---------------------------------------------------------------------------
.text:080003CB
.text:080003CB nsc_2:                                  ; ...
.text:080003CB                 movzx   eax, [ebp+c1]
.text:080003CF                 cmp     eax, 0          ; if (!c1)
.text:080003D2                 jz      nsc_3           ; break;
.text:080003D8                 jmp     nsc_4
.text:080003DD ; ---------------------------------------------------------------------------
.text:080003DD
.text:080003DD nsc_3:                                  ; ...
.text:080003DD                 jmp     nsc_5
.text:080003E2 ; ---------------------------------------------------------------------------
.text:080003E2
.text:080003E2 nsc_4:                                  ; ...
.text:080003E2                 jmp     short nsc_1
.text:080003E4 ; ---------------------------------------------------------------------------
.text:080003E4
.text:080003E4 nsc_5:                                  ; ...
.text:080003E4                 mov     eax, 0          ; return 0;
.text:080003E9
.text:080003E9 nsc_6:                                  ; ...
.text:080003E9                 leave
.text:080003EA                 retn
.text:080003EA nasm_stricmp    endp
.text:080003EA
.text:080003EB
.text:080003EB ; =============== S U B R O U T I N E =======================================
.text:080003EB
.text:080003EB ; Attributes: bp-based frame
.text:080003EB
.text:080003EB                 public nasm_strnicmp
.text:080003EB nasm_strnicmp   proc near
.text:080003EB
.text:080003EB d               = dword ptr -8
.text:080003EB c2              = byte ptr -2
.text:080003EB c1              = byte ptr -1
.text:080003EB s1              = dword ptr  8
.text:080003EB s2              = dword ptr  0Ch
.text:080003EB n               = dword ptr  10h
.text:080003EB
.text:080003EB                 push    ebp             ; int nasm_strnicmp(const char *s1, const char *s2, size_t n)
.text:080003EC                 mov     ebp, esp
.text:080003EE                 sub     esp, 8
.text:080003F4                 nop
.text:080003F5
.text:080003F5 nsnc_1:                                 ; ...
.text:080003F5                 mov     eax, [ebp+n]    ; while (n--) {
.text:080003F8                 mov     ecx, eax
.text:080003FA                 add     eax, 0FFFFFFFFh ; -1
.text:080003FD                 mov     [ebp+n], eax
.text:08000400                 cmp     ecx, 0
.text:08000403                 jz      nsnc_5
.text:08000409                 mov     eax, [ebp+s1]
.text:0800040C                 mov     ecx, eax
.text:0800040E                 inc     eax
.text:0800040F                 mov     [ebp+s1], eax
.text:08000412                 movsx   eax, byte ptr [ecx]
.text:08000415                 and     eax, 0FFh
.text:0800041B                 mov     ecx, offset nasm_tolower_tab
.text:08000420                 add     ecx, eax
.text:08000422                 movzx   eax, byte ptr [ecx]
.text:08000425                 mov     [ebp+c1], al    ; c1 = nasm_tolower(*s1++);
.text:08000428                 mov     eax, [ebp+s2]
.text:0800042B                 mov     ecx, eax
.text:0800042D                 inc     eax
.text:0800042E                 mov     [ebp+s2], eax
.text:08000431                 movsx   eax, byte ptr [ecx]
.text:08000434                 and     eax, 0FFh
.text:0800043A                 mov     ecx, offset nasm_tolower_tab
.text:0800043F                 add     ecx, eax
.text:08000441                 movzx   eax, byte ptr [ecx]
.text:08000444                 mov     [ebp+c2], al    ; c2 = nasm_tolower(*s2++);
.text:08000447                 movzx   eax, [ebp+c1]   ; unsigned char c1, c2;
.text:0800044B                 movzx   ecx, [ebp+c2]
.text:0800044F                 sub     eax, ecx
.text:08000451                 mov     [ebp+d], eax    ; d = c1-c2;
.text:08000454                 mov     eax, [ebp+d]    ; int d;
.text:08000457                 cmp     eax, 0          ; if (d)
.text:0800045A                 jz      nsnc_2
.text:08000460                 mov     eax, [ebp+d]    ; return d;
.text:08000463                 jmp     nsnc_6
.text:08000468 ; ---------------------------------------------------------------------------
.text:08000468
.text:08000468 nsnc_2:                                 ; ...
.text:08000468                 movzx   eax, [ebp+c1]
.text:0800046C                 cmp     eax, 0          ; if (!c1)
.text:0800046F                 jz      nsnc_3          ; break;
.text:08000475                 jmp     nsnc_4
.text:0800047A ; ---------------------------------------------------------------------------
.text:0800047A
.text:0800047A nsnc_3:                                 ; ...
.text:0800047A                 jmp     nsnc_5
.text:0800047F ; ---------------------------------------------------------------------------
.text:0800047F
.text:0800047F nsnc_4:                                 ; ...
.text:0800047F                 jmp     nsnc_1
.text:08000484 ; ---------------------------------------------------------------------------
.text:08000484
.text:08000484 nsnc_5:                                 ; ...
.text:08000484                 mov     eax, 0          ; return 0;
.text:08000489
.text:08000489 nsnc_6:                                 ; ...
.text:08000489                 leave
.text:0800048A                 retn
.text:0800048A nasm_strnicmp   endp
.text:0800048A
.text:0800048B
.text:0800048B ; =============== S U B R O U T I N E =======================================
.text:0800048B
.text:0800048B ; Attributes: bp-based frame
.text:0800048B
.text:0800048B                 public nasm_memicmp
.text:0800048B nasm_memicmp    proc near
.text:0800048B
.text:0800048B d               = dword ptr -8
.text:0800048B c2              = byte ptr -2
.text:0800048B c1              = byte ptr -1
.text:0800048B s1              = dword ptr  8
.text:0800048B s2              = dword ptr  0Ch
.text:0800048B n               = dword ptr  10h
.text:0800048B
.text:0800048B                 push    ebp             ; int nasm_memicmp(const char *s1, const char *s2, size_t n)
.text:0800048C                 mov     ebp, esp
.text:0800048E                 sub     esp, 8
.text:08000494                 nop
.text:08000495
.text:08000495 nmc_1:                                  ; ...
.text:08000495                 mov     eax, [ebp+n]    ; while (n--) {
.text:08000498                 mov     ecx, eax
.text:0800049A                 add     eax, 0FFFFFFFFh ; -1
.text:0800049D                 mov     [ebp+n], eax
.text:080004A0                 cmp     ecx, 0
.text:080004A3                 jz      nmc_3
.text:080004A9                 mov     eax, [ebp+s1]
.text:080004AC                 mov     ecx, eax
.text:080004AE                 inc     eax
.text:080004AF                 mov     [ebp+s1], eax
.text:080004B2                 movsx   eax, byte ptr [ecx]
.text:080004B5                 and     eax, 0FFh
.text:080004BB                 mov     ecx, offset nasm_tolower_tab
.text:080004C0                 add     ecx, eax
.text:080004C2                 movzx   eax, byte ptr [ecx]
.text:080004C5                 mov     [ebp+c1], al    ; c1 = nasm_tolower(*s1++);
.text:080004C8                 mov     eax, [ebp+s2]
.text:080004CB                 mov     ecx, eax
.text:080004CD                 inc     eax
.text:080004CE                 mov     [ebp+s2], eax
.text:080004D1                 movsx   eax, byte ptr [ecx]
.text:080004D4                 and     eax, 0FFh
.text:080004DA                 mov     ecx, offset nasm_tolower_tab
.text:080004DF                 add     ecx, eax
.text:080004E1                 movzx   eax, byte ptr [ecx]
.text:080004E4                 mov     [ebp+c2], al    ; c2 = nasm_tolower(*s2++);
.text:080004E7                 movzx   eax, [ebp+c1]   ; unsigned char c1, c2;
.text:080004EB                 movzx   ecx, [ebp+c2]
.text:080004EF                 sub     eax, ecx
.text:080004F1                 mov     [ebp+d], eax
.text:080004F4                 mov     eax, [ebp+d]    ; int d;
.text:080004F7                 cmp     eax, 0          ; if (d)
.text:080004FA                 jz      nmc_2
.text:08000500                 mov     eax, [ebp+d]    ; return d;
.text:08000503                 jmp     nmc_4
.text:08000508 ; ---------------------------------------------------------------------------
.text:08000508
.text:08000508 nmc_2:                                  ; ...
.text:08000508                 jmp     short nmc_1
.text:0800050A ; ---------------------------------------------------------------------------
.text:0800050A
.text:0800050A nmc_3:                                  ; ...
.text:0800050A                 mov     eax, 0          ; return 0;
.text:0800050F
.text:0800050F nmc_4:                                  ; ...
.text:0800050F                 leave
.text:08000510                 retn
.text:08000510 nasm_memicmp    endp
.text:08000510
.text:08000511
.text:08000511 ; =============== S U B R O U T I N E =======================================
.text:08000511
.text:08000511 ; Attributes: bp-based frame
.text:08000511
.text:08000511                 public nasm_strsep
.text:08000511 nasm_strsep     proc near
.text:08000511
.text:08000511 e               = dword ptr -8
.text:08000511 s               = dword ptr -4
.text:08000511 stringp         = dword ptr  8
.text:08000511 delim           = dword ptr  0Ch
.text:08000511
.text:08000511                 push    ebp             ; char *nasm_strsep(char **stringp, const char *delim)
.text:08000512                 mov     ebp, esp
.text:08000514                 sub     esp, 8
.text:0800051A                 nop
.text:0800051B                 mov     eax, [ebp+stringp]
.text:0800051E                 mov     ecx, [eax]
.text:08000520                 mov     [ebp+s], ecx    ; char *s = *stringp;
.text:08000523                 mov     eax, [ebp+s]
.text:08000526                 cmp     eax, 0          ; if (!s)
.text:08000529                 jz      ns_1
.text:0800052F                 jmp     ns_2
.text:08000534 ; ---------------------------------------------------------------------------
.text:08000534
.text:08000534 ns_1:                                   ; ...
.text:08000534                 mov     eax, 0          ; return NULL;
.text:08000539                 jmp     ns_4
.text:0800053E ; ---------------------------------------------------------------------------
.text:0800053E
.text:0800053E ns_2:                                   ; ...
.text:0800053E                 mov     eax, [ebp+delim]
.text:08000541                 push    eax
.text:08000542                 mov     eax, [ebp+s]
.text:08000545                 push    eax
.text:08000546                 call    strpbrk
.text:0800054B                 add     esp, 8
.text:0800054E                 mov     [ebp+e], eax    ; e = strpbrk(s, delim);
.text:08000551                 mov     eax, [ebp+e]    ; char *e;
.text:08000554                 cmp     eax, 0          ; if (e)
.text:08000557                 jz      ns_3
.text:0800055D                 mov     eax, [ebp+e]
.text:08000560                 mov     ecx, eax
.text:08000562                 inc     eax
.text:08000563                 mov     [ebp+e], eax    ; *e++ = '\0';
.text:08000566                 mov     eax, 0
.text:0800056B                 mov     [ecx], al
.text:0800056D
.text:0800056D ns_3:                                   ; ...
.text:0800056D                 mov     eax, [ebp+stringp]
.text:08000570                 mov     ecx, [ebp+e]
.text:08000573                 mov     [eax], ecx      ; *stringp = e;
.text:08000575                 mov     eax, [ebp+s]    ; return s;
.text:08000578
.text:08000578 ns_4:                                   ; ...
.text:08000578                 leave
.text:08000579                 retn
.text:08000579 nasm_strsep     endp
.text:08000579
.text:0800057A
.text:0800057A ; =============== S U B R O U T I N E =======================================
.text:0800057A
.text:0800057A ; Attributes: bp-based frame
.text:0800057A
.text:0800057A                 public nasm_skip_spaces
.text:0800057A nasm_skip_spaces proc near              ; ...
.text:0800057A
.text:0800057A p               = dword ptr  8
.text:0800057A
.text:0800057A                 push    ebp             ; char *nasm_skip_spaces(const char *p)
.text:0800057B                 mov     ebp, esp
.text:0800057D                 sub     esp, 0
.text:08000583                 nop
.text:08000584                 mov     eax, [ebp+p]    ; if (p)
.text:08000587                 cmp     eax, 0
.text:0800058A                 jz      nss_2
.text:08000590
.text:08000590 nss_1:                                  ; ...
.text:08000590                 mov     eax, [ebp+p]    ; while (*p && nasm_isspace(*p))
.text:08000593                 movsx   ecx, byte ptr [eax]
.text:08000596                 cmp     ecx, 0
.text:08000599                 jz      nss_2
.text:0800059F                 mov     eax, [ebp+p]
.text:080005A2                 movsx   ecx, byte ptr [eax]
.text:080005A5                 and     ecx, 0FFh
.text:080005AB                 push    ecx
.text:080005AC                 call    isspace
.text:080005B1                 add     esp, 4
.text:080005B4                 cmp     eax, 0
.text:080005B7                 jz      nss_2
.text:080005BD                 mov     eax, [ebp+p]    ; p++;
.text:080005C0                 mov     ecx, eax
.text:080005C2                 inc     eax
.text:080005C3                 mov     [ebp+p], eax
.text:080005C6                 jmp     short nss_1
.text:080005C8 ; ---------------------------------------------------------------------------
.text:080005C8
.text:080005C8 nss_2:                                  ; ...
.text:080005C8                 mov     eax, [ebp+p]    ; return (char *)p;
.text:080005CB                 leave
.text:080005CC                 retn
.text:080005CC nasm_skip_spaces endp
.text:080005CC
.text:080005CD
.text:080005CD ; =============== S U B R O U T I N E =======================================
.text:080005CD
.text:080005CD ; Attributes: bp-based frame
.text:080005CD
.text:080005CD                 public nasm_skip_word
.text:080005CD nasm_skip_word  proc near               ; ...
.text:080005CD
.text:080005CD p               = dword ptr  8
.text:080005CD
.text:080005CD                 push    ebp             ; char *nasm_skip_word(const char *p)
.text:080005CE                 mov     ebp, esp
.text:080005D0                 sub     esp, 0
.text:080005D6                 nop
.text:080005D7                 mov     eax, [ebp+p]    ; if (p)
.text:080005DA                 cmp     eax, 0
.text:080005DD                 jz      nsw_3
.text:080005E3
.text:080005E3 nsw_1:                                  ; ...
.text:080005E3                 mov     eax, [ebp+p]    ; while (*p && !nasm_isspace(*p))
.text:080005E6                 movsx   ecx, byte ptr [eax]
.text:080005E9                 cmp     ecx, 0
.text:080005EC                 jz      nsw_3
.text:080005F2                 mov     eax, [ebp+p]
.text:080005F5                 movsx   ecx, byte ptr [eax]
.text:080005F8                 and     ecx, 0FFh
.text:080005FE                 push    ecx
.text:080005FF                 call    isspace
.text:08000604                 add     esp, 4
.text:08000607                 cmp     eax, 0
.text:0800060A                 jz      nsw_2
.text:08000610                 jmp     nsw_3
.text:08000615 ; ---------------------------------------------------------------------------
.text:08000615
.text:08000615 nsw_2:                                  ; ...
.text:08000615                 mov     eax, [ebp+p]    ; p++;
.text:08000618                 mov     ecx, eax
.text:0800061A                 inc     eax
.text:0800061B                 mov     [ebp+p], eax
.text:0800061E                 jmp     short nsw_1
.text:08000620 ; ---------------------------------------------------------------------------
.text:08000620
.text:08000620 nsw_3:                                  ; ...
.text:08000620                 mov     eax, [ebp+p]    ; return (char *)p;
.text:08000623                 leave
.text:08000624                 retn
.text:08000624 nasm_skip_word  endp
.text:08000624
.text:08000625
.text:08000625 ; =============== S U B R O U T I N E =======================================
.text:08000625
.text:08000625 ; Attributes: bp-based frame
.text:08000625
.text:08000625                 public nasm_zap_spaces_fwd
.text:08000625 nasm_zap_spaces_fwd proc near           ; ...
.text:08000625
.text:08000625 p               = dword ptr  8
.text:08000625
.text:08000625                 push    ebp             ; char *nasm_zap_spaces_fwd(char *p)
.text:08000626                 mov     ebp, esp
.text:08000628                 sub     esp, 0
.text:0800062E                 nop
.text:0800062F                 mov     eax, [ebp+p]    ; if (p)
.text:08000632                 cmp     eax, 0
.text:08000635                 jz      nzsf_2
.text:0800063B
.text:0800063B nzsf_1:                                 ; ...
.text:0800063B                 mov     eax, [ebp+p]    ; while (*p && nasm_isspace(*p))
.text:0800063E                 movsx   ecx, byte ptr [eax]
.text:08000641                 cmp     ecx, 0
.text:08000644                 jz      nzsf_2
.text:0800064A                 mov     eax, [ebp+p]
.text:0800064D                 movsx   ecx, byte ptr [eax]
.text:08000650                 and     ecx, 0FFh
.text:08000656                 push    ecx
.text:08000657                 call    isspace
.text:0800065C                 add     esp, 4
.text:0800065F                 cmp     eax, 0
.text:08000662                 jz      nzsf_2
.text:08000668                 mov     eax, [ebp+p]    ; *p++ = 0x0;
.text:0800066B                 mov     ecx, eax
.text:0800066D                 inc     eax
.text:0800066E                 mov     [ebp+p], eax
.text:08000671                 mov     eax, 0
.text:08000676                 mov     [ecx], al
.text:08000678                 jmp     short nzsf_1
.text:0800067A ; ---------------------------------------------------------------------------
.text:0800067A
.text:0800067A nzsf_2:                                 ; ...
.text:0800067A                 mov     eax, [ebp+p]    ; return p;
.text:0800067D                 leave
.text:0800067E                 retn
.text:0800067E nasm_zap_spaces_fwd endp
.text:0800067E
.text:0800067F
.text:0800067F ; =============== S U B R O U T I N E =======================================
.text:0800067F
.text:0800067F ; Attributes: bp-based frame
.text:0800067F
.text:0800067F                 public nasm_zap_spaces_rev
.text:0800067F nasm_zap_spaces_rev proc near
.text:0800067F
.text:0800067F p               = dword ptr  8
.text:0800067F
.text:0800067F                 push    ebp             ; char *nasm_zap_spaces_rev(char *p)
.text:08000680                 mov     ebp, esp
.text:08000682                 sub     esp, 0
.text:08000688                 nop
.text:08000689                 mov     eax, [ebp+p]    ; if (p)
.text:0800068C                 cmp     eax, 0
.text:0800068F                 jz      nzsr_2
.text:08000695
.text:08000695 nzsr_1:                                 ; ...
.text:08000695                 mov     eax, [ebp+p]    ; while (*p && nasm_isspace(*p))
.text:08000698                 movsx   ecx, byte ptr [eax]
.text:0800069B                 cmp     ecx, 0
.text:0800069E                 jz      nzsr_2
.text:080006A4                 mov     eax, [ebp+p]
.text:080006A7                 movsx   ecx, byte ptr [eax]
.text:080006AA                 and     ecx, 0FFh
.text:080006B0                 push    ecx
.text:080006B1                 call    isspace
.text:080006B6                 add     esp, 4
.text:080006B9                 cmp     eax, 0
.text:080006BC                 jz      nzsr_2
.text:080006C2                 mov     eax, [ebp+p]    ; *p-- = 0x0;
.text:080006C5                 mov     ecx, eax
.text:080006C7                 add     eax, 0FFFFFFFFh ; -1
.text:080006CA                 mov     [ebp+p], eax
.text:080006CD                 mov     eax, 0
.text:080006D2                 mov     [ecx], al
.text:080006D4                 jmp     short nzsr_1
.text:080006D6 ; ---------------------------------------------------------------------------
.text:080006D6
.text:080006D6 nzsr_2:                                 ; ...
.text:080006D6                 mov     eax, [ebp+p]    ; return p;
.text:080006D9                 leave
.text:080006DA                 retn
.text:080006DA nasm_zap_spaces_rev endp
.text:080006DA
.text:080006DB
.text:080006DB ; =============== S U B R O U T I N E =======================================
.text:080006DB
.text:080006DB ; Attributes: bp-based frame
.text:080006DB
.text:080006DB                 public nasm_trim_spaces
.text:080006DB nasm_trim_spaces proc near
.text:080006DB
.text:080006DB p               = dword ptr  8
.text:080006DB
.text:080006DB                 push    ebp             ; char *nasm_trim_spaces(char *p)
.text:080006DC                 mov     ebp, esp
.text:080006DE                 sub     esp, 0
.text:080006E4                 nop
.text:080006E5                 mov     eax, [ebp+p]
.text:080006E8                 push    eax
.text:080006E9                 call    nasm_zap_spaces_fwd
.text:080006EE                 add     esp, 4
.text:080006F1                 mov     [ebp+p], eax    ; p = nasm_zap_spaces_fwd(p);
.text:080006F4                 mov     eax, [ebp+p]
.text:080006F7                 push    eax
.text:080006F8                 call    nasm_skip_word
.text:080006FD                 add     esp, 4
.text:08000700                 push    eax
.text:08000701                 call    nasm_zap_spaces_fwd ; nasm_zap_spaces_fwd(nasm_skip_word(p));
.text:08000706                 add     esp, 4
.text:08000709                 mov     eax, [ebp+p]    ; return p;
.text:0800070C                 leave
.text:0800070D                 retn
.text:0800070D nasm_trim_spaces endp
.text:0800070D
.text:0800070E
.text:0800070E ; =============== S U B R O U T I N E =======================================
.text:0800070E
.text:0800070E ; Attributes: bp-based frame
.text:0800070E
.text:0800070E                 public nasm_get_word
.text:0800070E nasm_get_word   proc near               ; ...
.text:0800070E
.text:0800070E next            = dword ptr -8
.text:0800070E word            = dword ptr -4
.text:0800070E p               = dword ptr  8
.text:0800070E tail            = dword ptr  0Ch
.text:0800070E
.text:0800070E                 push    ebp             ; char *nasm_get_word(char *p, char **tail)
.text:0800070F                 mov     ebp, esp
.text:08000711                 sub     esp, 8
.text:08000717                 nop
.text:08000718                 mov     eax, [ebp+p]
.text:0800071B                 push    eax
.text:0800071C                 call    nasm_skip_spaces
.text:08000721                 add     esp, 4
.text:08000724                 mov     [ebp+word], eax ; char *word = nasm_skip_spaces(p);
.text:08000727                 mov     eax, [ebp+word]
.text:0800072A                 push    eax
.text:0800072B                 call    nasm_skip_word
.text:08000730                 add     esp, 4
.text:08000733                 mov     [ebp+next], eax ; char *next = nasm_skip_word(word);
.text:08000736                 mov     eax, [ebp+word]
.text:08000739                 cmp     eax, 0
.text:0800073C                 jz      ngw_2
.text:08000742                 mov     eax, [ebp+word] ; if (word && *word) {
.text:08000745                 movsx   ecx, byte ptr [eax]
.text:08000748                 cmp     ecx, 0
.text:0800074B                 jz      ngw_2
.text:08000751                 mov     eax, [ebp+next] ; if (*next)
.text:08000754                 movsx   ecx, byte ptr [eax]
.text:08000757                 cmp     ecx, 0
.text:0800075A                 jz      ngw_1
.text:08000760                 mov     eax, [ebp+next]
.text:08000763                 mov     ecx, eax
.text:08000765                 inc     eax
.text:08000766                 mov     [ebp+next], eax
.text:08000769                 mov     eax, 0
.text:0800076E                 mov     [ecx], al       ; *next++ = '\0';
.text:08000770
.text:08000770 ngw_1:                                  ; ...
.text:08000770                 jmp     ngw_3
.text:08000775 ; ---------------------------------------------------------------------------
.text:08000775
.text:08000775 ngw_2:                                  ; ...
.text:08000775                 mov     eax, 0          ;  } else
.text:0800077A                 mov     [ebp+next], eax ; word = next = NULL;
.text:0800077D                 mov     [ebp+word], eax
.text:08000780
.text:08000780 ngw_3:                                  ; ...
.text:08000780                 mov     eax, [ebp+tail] ; *tail = next;
.text:08000783                 mov     ecx, [ebp+next]
.text:08000786                 mov     [eax], ecx
.text:08000788                 mov     eax, [ebp+word] ; return word;
.text:0800078B                 leave
.text:0800078C                 retn
.text:0800078C nasm_get_word   endp
.text:0800078C
.text:0800078D
.text:0800078D ; =============== S U B R O U T I N E =======================================
.text:0800078D
.text:0800078D ; Attributes: bp-based frame
.text:0800078D
.text:0800078D                 public nasm_opt_val
.text:0800078D nasm_opt_val    proc near
.text:0800078D
.text:0800078D nxt             = dword ptr -8
.text:0800078D q               = dword ptr -4
.text:0800078D p               = dword ptr  8
.text:0800078D val             = dword ptr  0Ch
.text:0800078D next            = dword ptr  10h
.text:0800078D
.text:0800078D                 push    ebp             ; char *nasm_opt_val(char *p, char **val, char **next)
.text:0800078E                 mov     ebp, esp
.text:08000790                 sub     esp, 8
.text:08000796                 nop
.text:08000797                 mov     eax, [ebp+val]
.text:0800079A                 mov     ecx, [ebp+next]
.text:0800079D                 mov     edx, 0
.text:080007A2                 mov     [ecx], edx
.text:080007A4                 mov     [eax], edx      ; *val = *next = NULL;
.text:080007A6                 lea     eax, [ebp+nxt]  ; char *q, *nxt;
.text:080007A9                 push    eax
.text:080007AA                 mov     eax, [ebp+p]
.text:080007AD                 push    eax
.text:080007AE                 call    nasm_get_word
.text:080007B3                 add     esp, 8
.text:080007B6                 mov     [ebp+p], eax    ; p = nasm_get_word(p, &nxt);
.text:080007B9                 mov     eax, [ebp+p]    ; if (!p)
.text:080007BC                 cmp     eax, 0
.text:080007BF                 jz      nov_1
.text:080007C5                 jmp     nov_2
.text:080007CA ; ---------------------------------------------------------------------------
.text:080007CA
.text:080007CA nov_1:                                  ; ...
.text:080007CA                 mov     eax, 0          ; return NULL;
.text:080007CF                 jmp     nov_8
.text:080007D4 ; ---------------------------------------------------------------------------
.text:080007D4
.text:080007D4 nov_2:                                  ; ...
.text:080007D4                 mov     eax, '='
.text:080007D9                 push    eax
.text:080007DA                 mov     eax, [ebp+p]
.text:080007DD                 push    eax
.text:080007DE                 call    strchr
.text:080007E3                 add     esp, 8
.text:080007E6                 mov     [ebp+q], eax    ; q = strchr(p, '=');
.text:080007E9                 mov     eax, [ebp+q]    ; if (q) {
.text:080007EC                 cmp     eax, 0
.text:080007EF                 jz      nov_6
.text:080007F5                 mov     eax, [ebp+q]
.text:080007F8                 mov     ecx, [ebp+p]
.text:080007FB                 cmp     eax, ecx        ; if (q == p)
.text:080007FD                 jnz     nov_3
.text:08000803                 mov     eax, 0
.text:08000808                 mov     [ebp+p], eax    ; p = NULL;
.text:0800080B
.text:0800080B nov_3:                                  ; ...
.text:0800080B                 mov     eax, [ebp+q]
.text:0800080E                 mov     ecx, eax
.text:08000810                 inc     eax
.text:08000811                 mov     [ebp+q], eax    ; *q++='\0';
.text:08000814                 mov     eax, 0
.text:08000819                 mov     [ecx], al
.text:0800081B                 mov     eax, [ebp+q]
.text:0800081E                 movsx   ecx, byte ptr [eax] ; if (*q) {
.text:08000821                 cmp     ecx, 0
.text:08000824                 jz      nov_4
.text:0800082A                 mov     eax, [ebp+val]
.text:0800082D                 mov     ecx, [ebp+q]
.text:08000830                 mov     [eax], ecx      ; *val = q;
.text:08000832                 jmp     nov_5
.text:08000837 ; ---------------------------------------------------------------------------
.text:08000837
.text:08000837 nov_4:                                  ; ...
.text:08000837                 mov     eax, [ebp+q]    ; } else {
.text:0800083A                 inc     eax
.text:0800083B                 lea     ecx, [ebp+nxt]
.text:0800083E                 push    ecx
.text:0800083F                 push    eax
.text:08000840                 call    nasm_get_word
.text:08000845                 add     esp, 8
.text:08000848                 mov     [ebp+q], eax    ; q = nasm_get_word(q + 1, &nxt);
.text:0800084B                 mov     eax, [ebp+q]
.text:0800084E                 cmp     eax, 0          ; if (q)
.text:08000851                 jz      nov_5
.text:08000857                 mov     eax, [ebp+val]
.text:0800085A                 mov     ecx, [ebp+q]
.text:0800085D                 mov     [eax], ecx      ; *val = q;
.text:0800085F
.text:0800085F nov_5:                                  ; ...
.text:0800085F                 jmp     nov_7
.text:08000864 ; ---------------------------------------------------------------------------
.text:08000864
.text:08000864 nov_6:                                  ; ...
.text:08000864                 mov     eax, [ebp+nxt]  ; } else {
.text:08000867                 push    eax
.text:08000868                 call    nasm_skip_spaces
.text:0800086D                 add     esp, 4
.text:08000870                 mov     [ebp+q], eax    ; q = nasm_skip_spaces(nxt);
.text:08000873                 mov     eax, [ebp+q]
.text:08000876                 cmp     eax, 0          ; if (q && *q == '=') {
.text:08000879                 jz      nov_7
.text:0800087F                 mov     eax, [ebp+q]
.text:08000882                 movsx   ecx, byte ptr [eax]
.text:08000885                 cmp     ecx, '='
.text:08000888                 jnz     nov_7
.text:0800088E                 mov     eax, [ebp+q]
.text:08000891                 inc     eax
.text:08000892                 lea     ecx, [ebp+nxt]
.text:08000895                 push    ecx
.text:08000896                 push    eax
.text:08000897                 call    nasm_get_word
.text:0800089C                 add     esp, 8
.text:0800089F                 mov     [ebp+q], eax    ; q = nasm_get_word(q + 1, &nxt);
.text:080008A2                 mov     eax, [ebp+q]
.text:080008A5                 cmp     eax, 0          ; if (q)
.text:080008A8                 jz      nov_7
.text:080008AE                 mov     eax, [ebp+val]
.text:080008B1                 mov     ecx, [ebp+q]
.text:080008B4                 mov     [eax], ecx      ; *val = q;
.text:080008B6
.text:080008B6 nov_7:                                  ; ...
.text:080008B6                 mov     eax, [ebp+next]
.text:080008B9                 mov     ecx, [ebp+nxt]
.text:080008BC                 mov     [eax], ecx      ; *next = nxt;
.text:080008BE                 mov     eax, [ebp+p]    ; return p;
.text:080008C1
.text:080008C1 nov_8:                                  ; ...
.text:080008C1                 leave
.text:080008C2                 retn
.text:080008C2 nasm_opt_val    endp
.text:080008C2
.text:080008C2 _text           ends
.text:080008C2
.data:080008C4 ; ===========================================================================
.data:080008C4
.data:080008C4 ; Segment type: Zero-length
.data:080008C4 ; Segment permissions: Read/Write
.data:080008C4 _data           segment dword public 'DATA' use32
.data:080008C4 _data           ends
.data:080008C4
.bss:080008C8 ; ===========================================================================
.bss:080008C8
.bss:080008C8 ; Segment type: Uninitialized
.bss:080008C8 ; Segment permissions: Read/Write
.bss:080008C8 _bss            segment dword public 'BSS' use32
.bss:080008C8                 assume cs:_bss
.bss:080008C8                 ;org 80008C8h
.bss:080008C8                 assume es:nothing, ss:nothing, ds:_text, fs:nothing, gs:nothing
.bss:080008C8                 public nasm_tolower_tab
.bss:080008C8 nasm_tolower_tab db 256 dup(?)          ; ...
.bss:080008C8 _bss            ends
.bss:080008C8
extern:080009C8 ; ===========================================================================
extern:080009C8
extern:080009C8 ; Segment type: Externs
extern:080009C8 ; extern
extern:080009C8                 extrn __ashldi3:near    ; ...
extern:080009CC                 extrn tolower:near      ; ...
extern:080009D0                 extrn strpbrk:near      ; ...
extern:080009D4                 extrn isspace:near      ; ...
extern:080009D8                 extrn strchr:near       ; ...
extern:080009D8
extern:080009D8
extern:080009D8                 end
