.text:08000000 ;
.text:08000000 ; +-------------------------------------------------------------------------+
.text:08000000 ; |   This file has been generated by The Interactive Disassembler (IDA)    |
.text:08000000 ; |           Copyright (c) 2018 Hex-Rays, <support@hex-rays.com>           |
.text:08000000 ; |                            Freeware version                             |
.text:08000000 ; +-------------------------------------------------------------------------+
.text:08000000 ;
.text:08000000 ; Input SHA256 : 69E93B05DD441FC8363E187BC8B2F2797BBEEF62E23FDAE82452D84742CC3A8A
.text:08000000 ; Input MD5    : D9BF5296BEB231AE97773EDCD49F17A5
.text:08000000 ; Input CRC32  : B0B30999
.text:08000000
.text:08000000 ; File Name   : C:\Users\90542\OneDrive\Masaüstü\nasm_214_c_o\strlist.o
.text:08000000 ; Format      : ELF for Intel 386 (Relocatable)
.text:08000000 ;
.text:08000000 ; Source File : 'strlist.c'
.text:08000000
.text:08000000                 .686p
.text:08000000                 .mmx
.text:08000000                 .model flat
.text:08000000 .intel_syntax noprefix
.text:08000000
.text:08000000 ; ===========================================================================
.text:08000000
.text:08000000 ; Segment type: Pure code
.text:08000000 ; Segment permissions: Read/Execute
.text:08000000 _text           segment dword public 'CODE' use32
.text:08000000                 assume cs:_text
.text:08000000                 ;org 8000000h
.text:08000000                 assume es:nothing, ss:nothing, ds:_text, fs:nothing, gs:nothing
.text:08000000
.text:08000000 ; =============== S U B R O U T I N E =======================================
.text:08000000
.text:08000000 ; Attributes: bp-based frame
.text:08000000
.text:08000000 overflow_general proc near
.text:08000000
.text:08000000 var_18          = dword ptr -18h
.text:08000000 var_14          = dword ptr -14h
.text:08000000 var_10          = dword ptr -10h
.text:08000000 var_C           = dword ptr -0Ch
.text:08000000 var_4           = dword ptr -4
.text:08000000 arg_0           = dword ptr  8
.text:08000000 arg_4           = dword ptr  0Ch
.text:08000000 arg_8           = dword ptr  10h
.text:08000000
.text:08000000                 push    ebp
.text:08000001                 mov     ebp, esp
.text:08000003                 sub     esp, 18h
.text:08000009                 nop
.text:0800000A                 mov     eax, [ebp+arg_8]
.text:0800000D                 cmp     eax, 8
.text:08000010                 jl      loc_8000020
.text:08000016                 mov     eax, 0
.text:0800001B                 jmp     locret_80000D4
.text:08000020 ; ---------------------------------------------------------------------------
.text:08000020
.text:08000020 loc_8000020:                            ; ...
.text:08000020                 mov     eax, [ebp+arg_8]
.text:08000023                 shl     eax, 3
.text:08000026                 dec     eax
.text:08000027                 mov     [ebp+var_4], eax
.text:0800002A                 mov     eax, [ebp+var_4]
.text:0800002D                 push    eax
.text:0800002E                 mov     eax, 2
.text:08000033                 mov     ecx, 0
.text:08000038                 push    ecx
.text:08000039                 push    eax
.text:0800003A                 call    __ashldi3
.text:0800003F                 add     esp, 0Ch
.text:08000042                 sub     eax, 1
.text:08000045                 sbb     edx, 0
.text:08000048                 mov     [ebp+var_10], eax
.text:0800004B                 mov     [ebp+var_C], edx
.text:0800004E                 mov     eax, [ebp+var_4]
.text:08000051                 push    eax
.text:08000052                 mov     eax, 2
.text:08000057                 mov     ecx, 0
.text:0800005C                 push    ecx
.text:0800005D                 push    eax
.text:0800005E                 call    __ashldi3
.text:08000063                 add     esp, 0Ch
.text:08000066                 mov     ecx, 0
.text:0800006B                 sub     ecx, eax
.text:0800006D                 mov     eax, 0
.text:08000072                 sbb     eax, edx
.text:08000074                 mov     [ebp+var_18], ecx
.text:08000077                 mov     [ebp+var_14], eax
.text:0800007A                 mov     eax, [ebp+arg_4]
.text:0800007D                 mov     ecx, [ebp+var_14]
.text:08000080                 cmp     eax, ecx
.text:08000082                 jg      loc_80000A1
.text:08000088                 jnz     loc_800009C
.text:0800008E                 mov     eax, [ebp+arg_0]
.text:08000091                 mov     ecx, [ebp+var_18]
.text:08000094                 cmp     eax, ecx
.text:08000096                 jnb     loc_80000A1
.text:0800009C
.text:0800009C loc_800009C:                            ; ...
.text:0800009C                 jmp     loc_80000CF
.text:080000A1 ; ---------------------------------------------------------------------------
.text:080000A1
.text:080000A1 loc_80000A1:                            ; ...
.text:080000A1                 mov     eax, [ebp+arg_4]
.text:080000A4                 mov     ecx, [ebp+var_C]
.text:080000A7                 cmp     eax, ecx
.text:080000A9                 jl      loc_80000C8
.text:080000AF                 jnz     loc_80000C3
.text:080000B5                 mov     eax, [ebp+arg_0]
.text:080000B8                 mov     ecx, [ebp+var_10]
.text:080000BB                 cmp     eax, ecx
.text:080000BD                 jbe     loc_80000C8
.text:080000C3
.text:080000C3 loc_80000C3:                            ; ...
.text:080000C3                 jmp     loc_80000CF
.text:080000C8 ; ---------------------------------------------------------------------------
.text:080000C8
.text:080000C8 loc_80000C8:                            ; ...
.text:080000C8                 mov     eax, 0
.text:080000CD                 jmp     short locret_80000D4
.text:080000CF ; ---------------------------------------------------------------------------
.text:080000CF
.text:080000CF loc_80000CF:                            ; ...
.text:080000CF                 mov     eax, 1
.text:080000D4
.text:080000D4 locret_80000D4:                         ; ...
.text:080000D4                 leave
.text:080000D5                 retn
.text:080000D5 overflow_general endp
.text:080000D5
.text:080000D6
.text:080000D6 ; =============== S U B R O U T I N E =======================================
.text:080000D6
.text:080000D6 ; Attributes: bp-based frame
.text:080000D6
.text:080000D6 overflow_signed proc near
.text:080000D6
.text:080000D6 var_18          = dword ptr -18h
.text:080000D6 var_14          = dword ptr -14h
.text:080000D6 var_10          = dword ptr -10h
.text:080000D6 var_C           = dword ptr -0Ch
.text:080000D6 var_4           = dword ptr -4
.text:080000D6 arg_0           = dword ptr  8
.text:080000D6 arg_4           = dword ptr  0Ch
.text:080000D6 arg_8           = dword ptr  10h
.text:080000D6
.text:080000D6                 push    ebp
.text:080000D7                 mov     ebp, esp
.text:080000D9                 sub     esp, 18h
.text:080000DF                 nop
.text:080000E0                 mov     eax, [ebp+arg_8]
.text:080000E3                 cmp     eax, 8
.text:080000E6                 jl      loc_80000F6
.text:080000EC                 mov     eax, 0
.text:080000F1                 jmp     locret_80001AA
.text:080000F6 ; ---------------------------------------------------------------------------
.text:080000F6
.text:080000F6 loc_80000F6:                            ; ...
.text:080000F6                 mov     eax, [ebp+arg_8]
.text:080000F9                 shl     eax, 3
.text:080000FC                 dec     eax
.text:080000FD                 mov     [ebp+var_4], eax
.text:08000100                 mov     eax, [ebp+var_4]
.text:08000103                 push    eax
.text:08000104                 mov     eax, 1
.text:08000109                 mov     ecx, 0
.text:0800010E                 push    ecx
.text:0800010F                 push    eax
.text:08000110                 call    __ashldi3
.text:08000115                 add     esp, 0Ch
.text:08000118                 sub     eax, 1
.text:0800011B                 sbb     edx, 0
.text:0800011E                 mov     [ebp+var_10], eax
.text:08000121                 mov     [ebp+var_C], edx
.text:08000124                 mov     eax, [ebp+var_4]
.text:08000127                 push    eax
.text:08000128                 mov     eax, 1
.text:0800012D                 mov     ecx, 0
.text:08000132                 push    ecx
.text:08000133                 push    eax
.text:08000134                 call    __ashldi3
.text:08000139                 add     esp, 0Ch
.text:0800013C                 mov     ecx, 0
.text:08000141                 sub     ecx, eax
.text:08000143                 mov     eax, 0
.text:08000148                 sbb     eax, edx
.text:0800014A                 mov     [ebp+var_18], ecx
.text:0800014D                 mov     [ebp+var_14], eax
.text:08000150                 mov     eax, [ebp+arg_4]
.text:08000153                 mov     ecx, [ebp+var_14]
.text:08000156                 cmp     eax, ecx
.text:08000158                 jg      loc_8000177
.text:0800015E                 jnz     loc_8000172
.text:08000164                 mov     eax, [ebp+arg_0]
.text:08000167                 mov     ecx, [ebp+var_18]
.text:0800016A                 cmp     eax, ecx
.text:0800016C                 jnb     loc_8000177
.text:08000172
.text:08000172 loc_8000172:                            ; ...
.text:08000172                 jmp     loc_80001A5
.text:08000177 ; ---------------------------------------------------------------------------
.text:08000177
.text:08000177 loc_8000177:                            ; ...
.text:08000177                 mov     eax, [ebp+arg_4]
.text:0800017A                 mov     ecx, [ebp+var_C]
.text:0800017D                 cmp     eax, ecx
.text:0800017F                 jl      loc_800019E
.text:08000185                 jnz     loc_8000199
.text:0800018B                 mov     eax, [ebp+arg_0]
.text:0800018E                 mov     ecx, [ebp+var_10]
.text:08000191                 cmp     eax, ecx
.text:08000193                 jbe     loc_800019E
.text:08000199
.text:08000199 loc_8000199:                            ; ...
.text:08000199                 jmp     loc_80001A5
.text:0800019E ; ---------------------------------------------------------------------------
.text:0800019E
.text:0800019E loc_800019E:                            ; ...
.text:0800019E                 mov     eax, 0
.text:080001A3                 jmp     short locret_80001AA
.text:080001A5 ; ---------------------------------------------------------------------------
.text:080001A5
.text:080001A5 loc_80001A5:                            ; ...
.text:080001A5                 mov     eax, 1
.text:080001AA
.text:080001AA locret_80001AA:                         ; ...
.text:080001AA                 leave
.text:080001AB                 retn
.text:080001AB overflow_signed endp
.text:080001AB
.text:080001AC
.text:080001AC ; =============== S U B R O U T I N E =======================================
.text:080001AC
.text:080001AC ; Attributes: bp-based frame
.text:080001AC
.text:080001AC overflow_unsigned proc near
.text:080001AC
.text:080001AC var_18          = dword ptr -18h
.text:080001AC var_14          = dword ptr -14h
.text:080001AC var_10          = dword ptr -10h
.text:080001AC var_C           = dword ptr -0Ch
.text:080001AC var_4           = dword ptr -4
.text:080001AC arg_0           = dword ptr  8
.text:080001AC arg_4           = dword ptr  0Ch
.text:080001AC arg_8           = dword ptr  10h
.text:080001AC
.text:080001AC                 push    ebp
.text:080001AD                 mov     ebp, esp
.text:080001AF                 sub     esp, 18h
.text:080001B5                 nop
.text:080001B6                 mov     eax, [ebp+arg_8]
.text:080001B9                 cmp     eax, 8
.text:080001BC                 jl      loc_80001CC
.text:080001C2                 mov     eax, 0
.text:080001C7                 jmp     locret_8000264
.text:080001CC ; ---------------------------------------------------------------------------
.text:080001CC
.text:080001CC loc_80001CC:                            ; ...
.text:080001CC                 mov     eax, [ebp+arg_8]
.text:080001CF                 shl     eax, 3
.text:080001D2                 dec     eax
.text:080001D3                 mov     [ebp+var_4], eax
.text:080001D6                 mov     eax, [ebp+var_4]
.text:080001D9                 push    eax
.text:080001DA                 mov     eax, 2
.text:080001DF                 mov     ecx, 0
.text:080001E4                 push    ecx
.text:080001E5                 push    eax
.text:080001E6                 call    __ashldi3
.text:080001EB                 add     esp, 0Ch
.text:080001EE                 sub     eax, 1
.text:080001F1                 sbb     edx, 0
.text:080001F4                 mov     [ebp+var_10], eax
.text:080001F7                 mov     [ebp+var_C], edx
.text:080001FA                 mov     eax, 0
.text:080001FF                 mov     ecx, 0
.text:08000204                 mov     [ebp+var_18], eax
.text:08000207                 mov     [ebp+var_14], ecx
.text:0800020A                 mov     eax, [ebp+arg_4]
.text:0800020D                 mov     ecx, [ebp+var_14]
.text:08000210                 cmp     eax, ecx
.text:08000212                 jg      loc_8000231
.text:08000218                 jnz     loc_800022C
.text:0800021E                 mov     eax, [ebp+arg_0]
.text:08000221                 mov     ecx, [ebp+var_18]
.text:08000224                 cmp     eax, ecx
.text:08000226                 jnb     loc_8000231
.text:0800022C
.text:0800022C loc_800022C:                            ; ...
.text:0800022C                 jmp     loc_800025F
.text:08000231 ; ---------------------------------------------------------------------------
.text:08000231
.text:08000231 loc_8000231:                            ; ...
.text:08000231                 mov     eax, [ebp+arg_4]
.text:08000234                 mov     ecx, [ebp+var_C]
.text:08000237                 cmp     eax, ecx
.text:08000239                 jl      loc_8000258
.text:0800023F                 jnz     loc_8000253
.text:08000245                 mov     eax, [ebp+arg_0]
.text:08000248                 mov     ecx, [ebp+var_10]
.text:0800024B                 cmp     eax, ecx
.text:0800024D                 jbe     loc_8000258
.text:08000253
.text:08000253 loc_8000253:                            ; ...
.text:08000253                 jmp     loc_800025F
.text:08000258 ; ---------------------------------------------------------------------------
.text:08000258
.text:08000258 loc_8000258:                            ; ...
.text:08000258                 mov     eax, 0
.text:0800025D                 jmp     short locret_8000264
.text:0800025F ; ---------------------------------------------------------------------------
.text:0800025F
.text:0800025F loc_800025F:                            ; ...
.text:0800025F                 mov     eax, 1
.text:08000264
.text:08000264 locret_8000264:                         ; ...
.text:08000264                 leave
.text:08000265                 retn
.text:08000265 overflow_unsigned endp
.text:08000265
.text:08000266
.text:08000266 ; =============== S U B R O U T I N E =======================================
.text:08000266
.text:08000266 ; Attributes: bp-based frame
.text:08000266
.text:08000266 signed_bits     proc near
.text:08000266
.text:08000266 arg_0           = dword ptr  8
.text:08000266 arg_4           = dword ptr  0Ch
.text:08000266 arg_8           = dword ptr  10h
.text:08000266
.text:08000266                 push    ebp
.text:08000267                 mov     ebp, esp
.text:08000269                 sub     esp, 0
.text:0800026F                 nop
.text:08000270                 mov     eax, [ebp+arg_8]
.text:08000273                 cmp     eax, 40h
.text:08000276                 jge     loc_8000307
.text:0800027C                 mov     eax, [ebp+arg_8]
.text:0800027F                 push    eax
.text:08000280                 mov     eax, 1
.text:08000285                 mov     ecx, 0
.text:0800028A                 push    ecx
.text:0800028B                 push    eax
.text:0800028C                 call    __ashldi3
.text:08000291                 add     esp, 0Ch
.text:08000294                 sub     eax, 1
.text:08000297                 sbb     edx, 0
.text:0800029A                 mov     ecx, [ebp+arg_0]
.text:0800029D                 and     ecx, eax
.text:0800029F                 mov     eax, [ebp+arg_4]
.text:080002A2                 and     eax, edx
.text:080002A4                 mov     [ebp+arg_0], ecx
.text:080002A7                 mov     [ebp+arg_4], eax
.text:080002AA                 mov     eax, [ebp+arg_8]
.text:080002AD                 dec     eax
.text:080002AE                 push    eax
.text:080002AF                 mov     eax, 1
.text:080002B4                 mov     ecx, 0
.text:080002B9                 push    ecx
.text:080002BA                 push    eax
.text:080002BB                 call    __ashldi3
.text:080002C0                 add     esp, 0Ch
.text:080002C3                 mov     ecx, [ebp+arg_0]
.text:080002C6                 and     ecx, eax
.text:080002C8                 mov     eax, [ebp+arg_4]
.text:080002CB                 and     eax, edx
.text:080002CD                 cmp     eax, 0
.text:080002D0                 jnz     loc_80002DF
.text:080002D6                 cmp     ecx, 0
.text:080002D9                 jz      loc_8000307
.text:080002DF
.text:080002DF loc_80002DF:                            ; ...
.text:080002DF                 mov     eax, [ebp+arg_8]
.text:080002E2                 push    eax
.text:080002E3                 mov     eax, 0FFFFFFFFh
.text:080002E8                 mov     ecx, 0FFFFFFFFh
.text:080002ED                 push    ecx
.text:080002EE                 push    eax
.text:080002EF                 call    __ashldi3
.text:080002F4                 add     esp, 0Ch
.text:080002F7                 mov     ecx, [ebp+arg_0]
.text:080002FA                 or      ecx, eax
.text:080002FC                 mov     eax, [ebp+arg_4]
.text:080002FF                 or      eax, edx
.text:08000301                 mov     [ebp+arg_0], ecx
.text:08000304                 mov     [ebp+arg_4], eax
.text:08000307
.text:08000307 loc_8000307:                            ; ...
.text:08000307                 mov     eax, [ebp+arg_0]
.text:0800030A                 mov     edx, [ebp+arg_4]
.text:0800030D                 leave
.text:0800030E                 retn
.text:0800030E signed_bits     endp
.text:0800030E
.text:0800030F
.text:0800030F ; =============== S U B R O U T I N E =======================================
.text:0800030F
.text:0800030F ; Attributes: bp-based frame
.text:0800030F
.text:0800030F nasm_str_to_strlist proc near           ; ...
.text:0800030F
.text:0800030F sl              = dword ptr -8
.text:0800030F l               = dword ptr -4
.text:0800030F str             = dword ptr  8
.text:0800030F
.text:0800030F                 push    ebp             ; static inline StrList *nasm_str_to_strlist(const char *str)
.text:08000310                 mov     ebp, esp
.text:08000312                 sub     esp, 8
.text:08000318                 nop                     ; typedef struct string_list {
.text:08000318                                         ;     struct string_list  *next;
.text:08000318                                         ;     char                str[1];
.text:08000318                                         ; } StrList;
.text:08000319                 mov     eax, [ebp+str]
.text:0800031C                 push    eax
.text:0800031D                 call    strlen
.text:08000322                 add     esp, 4
.text:08000325                 inc     eax
.text:08000326                 mov     [ebp+l], eax    ; size_t l = strlen(str) + 1;
.text:08000329                 mov     eax, [ebp+l]
.text:0800032C                 add     eax, 4          ; + sizeof sl->next
.text:0800032F                 push    eax
.text:08000330                 call    nasm_malloc
.text:08000335                 add     esp, 4
.text:08000338                 mov     [ebp+sl], eax   ; StrList *sl = nasm_malloc(l + sizeof sl->next);
.text:0800033B                 mov     eax, [ebp+sl]
.text:0800033E                 add     eax, 4
.text:08000341                 mov     ecx, [ebp+l]
.text:08000344                 push    ecx
.text:08000345                 mov     ecx, [ebp+str]
.text:08000348                 push    ecx
.text:08000349                 push    eax
.text:0800034A                 call    memcpy          ; memcpy(sl->str, str, l);
.text:0800034F                 add     esp, 12
.text:08000352                 mov     eax, [ebp+sl]
.text:08000355                 mov     ecx, 0
.text:0800035A                 mov     [eax], ecx      ; sl->next = NULL;
.text:0800035C                 mov     eax, [ebp+sl]   ; return sl;
.text:0800035F                 leave
.text:08000360                 retn
.text:08000360 nasm_str_to_strlist endp
.text:08000360
.text:08000361
.text:08000361 ; =============== S U B R O U T I N E =======================================
.text:08000361
.text:08000361 ; Attributes: bp-based frame
.text:08000361
.text:08000361                 public nasm_add_to_strlist
.text:08000361 nasm_add_to_strlist proc near
.text:08000361
.text:08000361 list            = dword ptr -4
.text:08000361 head            = dword ptr  8
.text:08000361 entry           = dword ptr  0Ch
.text:08000361
.text:08000361                 push    ebp             ; bool nasm_add_to_strlist(StrList **head, StrList *entry)
.text:08000362                 mov     ebp, esp
.text:08000364                 sub     esp, 4
.text:0800036A                 nop                     ; StrList *list;
.text:0800036B                 mov     eax, [ebp+head]
.text:0800036E                 cmp     eax, 0          ; if (!head)
.text:08000371                 jz      natsl_1
.text:08000377                 jmp     natsl_2
.text:0800037C ; ---------------------------------------------------------------------------
.text:0800037C
.text:0800037C natsl_1:                                ; ...
.text:0800037C                 mov     eax, 0          ; return false;
.text:08000381                 jmp     natsl_7
.text:08000386 ; ---------------------------------------------------------------------------
.text:08000386
.text:08000386 natsl_2:                                ; ...
.text:08000386                 mov     eax, [ebp+head]
.text:08000389                 mov     ecx, [eax]
.text:0800038B                 mov     [ebp+list], ecx ; list = *head;
.text:0800038E
.text:0800038E natsl_3:                                ; ...
.text:0800038E                 mov     eax, [ebp+list] ; while (list) {
.text:08000391                 cmp     eax, 0
.text:08000394                 jz      natsl_6
.text:0800039A                 mov     eax, [ebp+list] ; if (!strcmp(list->str, entry->str))
.text:0800039D                 add     eax, 4
.text:080003A0                 mov     ecx, [ebp+entry]
.text:080003A3                 add     ecx, 4
.text:080003A6                 push    ecx
.text:080003A7                 push    eax
.text:080003A8                 call    strcmp
.text:080003AD                 add     esp, 8
.text:080003B0                 cmp     eax, 0
.text:080003B3                 jz      natsl_4
.text:080003B9                 jmp     natsl_5
.text:080003BE ; ---------------------------------------------------------------------------
.text:080003BE
.text:080003BE natsl_4:                                ; ...
.text:080003BE                 mov     eax, 0          ; return false;
.text:080003C3                 jmp     natsl_7
.text:080003C8 ; ---------------------------------------------------------------------------
.text:080003C8
.text:080003C8 natsl_5:                                ; ...
.text:080003C8                 mov     eax, [ebp+list] ; head = &list->next;
.text:080003CB                 mov     [ebp+head], eax
.text:080003CE                 mov     eax, [ebp+list]
.text:080003D1                 mov     ecx, [eax]
.text:080003D3                 mov     [ebp+list], ecx ; list = list->next;
.text:080003D6                 jmp     short natsl_3
.text:080003D8 ; ---------------------------------------------------------------------------
.text:080003D8
.text:080003D8 natsl_6:                                ; ...
.text:080003D8                 mov     eax, [ebp+head]
.text:080003DB                 mov     ecx, [ebp+entry]
.text:080003DE                 mov     [eax], ecx      ; *head = entry;
.text:080003E0                 mov     eax, [ebp+entry]
.text:080003E3                 mov     ecx, 0
.text:080003E8                 mov     [eax], ecx      ; entry->next = NULL;
.text:080003EA                 mov     eax, 1          ; return true;
.text:080003EF
.text:080003EF natsl_7:                                ; ...
.text:080003EF                 leave
.text:080003F0                 retn
.text:080003F0 nasm_add_to_strlist endp
.text:080003F0
.text:080003F1
.text:080003F1 ; =============== S U B R O U T I N E =======================================
.text:080003F1
.text:080003F1 ; Attributes: bp-based frame
.text:080003F1
.text:080003F1                 public nasm_add_string_to_strlist
.text:080003F1 nasm_add_string_to_strlist proc near
.text:080003F1
.text:080003F1 tmp             = dword ptr -8
.text:080003F1 list            = dword ptr -4
.text:080003F1 head            = dword ptr  8
.text:080003F1 str             = dword ptr  0Ch
.text:080003F1
.text:080003F1                 push    ebp             ; bool nasm_add_string_to_strlist(StrList **head, const char *str)
.text:080003F2                 mov     ebp, esp
.text:080003F4                 sub     esp, 8
.text:080003FA                 nop                     ; StrList *list;
.text:080003FB                 mov     eax, [ebp+head]
.text:080003FE                 cmp     eax, 0          ; if (!head)
.text:08000401                 jz      nastsl_1
.text:08000407                 jmp     nastsl_2
.text:0800040C ; ---------------------------------------------------------------------------
.text:0800040C
.text:0800040C nastsl_1:                               ; ...
.text:0800040C                 mov     eax, 0          ; return false;
.text:08000411                 jmp     nastsl_7
.text:08000416 ; ---------------------------------------------------------------------------
.text:08000416
.text:08000416 nastsl_2:                               ; ...
.text:08000416                 mov     eax, [ebp+head]
.text:08000419                 mov     ecx, [eax]
.text:0800041B                 mov     [ebp+list], ecx ; list = *head;
.text:0800041E
.text:0800041E nastsl_3:                               ; ...
.text:0800041E                 mov     eax, [ebp+list] ; while (list) {
.text:08000421                 cmp     eax, 0
.text:08000424                 jz      nastsl_6
.text:0800042A                 mov     eax, [ebp+list] ; if (!strcmp(list->str, str))
.text:0800042D                 add     eax, 4
.text:08000430                 mov     ecx, [ebp+str]
.text:08000433                 push    ecx
.text:08000434                 push    eax
.text:08000435                 call    strcmp
.text:0800043A                 add     esp, 8
.text:0800043D                 cmp     eax, 0
.text:08000440                 jz      nastsl_4
.text:08000446                 jmp     nastsl_5
.text:0800044B ; ---------------------------------------------------------------------------
.text:0800044B
.text:0800044B nastsl_4:                               ; ...
.text:0800044B                 mov     eax, 0          ; return false;
.text:08000450                 jmp     nastsl_7
.text:08000455 ; ---------------------------------------------------------------------------
.text:08000455
.text:08000455 nastsl_5:                               ; ...
.text:08000455                 mov     eax, [ebp+list]
.text:08000458                 mov     [ebp+head], eax ; head = &list->next;
.text:0800045B                 mov     eax, [ebp+list]
.text:0800045E                 mov     ecx, [eax]
.text:08000460                 mov     [ebp+list], ecx ; list = list->next;
.text:08000463                 jmp     short nastsl_3
.text:08000465 ; ---------------------------------------------------------------------------
.text:08000465
.text:08000465 nastsl_6:                               ; ...
.text:08000465                 mov     eax, [ebp+head]
.text:08000468                 mov     ecx, [ebp+str]
.text:0800046B                 push    ecx
.text:0800046C                 mov     [ebp+tmp], eax
.text:0800046F                 call    nasm_str_to_strlist
.text:08000474                 add     esp, 4
.text:08000477                 mov     ecx, [ebp+tmp]
.text:0800047A                 mov     [ecx], eax      ; *head = nasm_str_to_strlist(str);
.text:0800047C                 mov     eax, 1          ; return true;
.text:08000481
.text:08000481 nastsl_7:                               ; ...
.text:08000481                 leave
.text:08000482                 retn
.text:08000482 nasm_add_string_to_strlist endp
.text:08000482
.text:08000482 _text           ends
.text:08000482
.data:08000484 ; ===========================================================================
.data:08000484
.data:08000484 ; Segment type: Zero-length
.data:08000484 ; Segment permissions: Read/Write
.data:08000484 _data           segment dword public 'DATA' use32
.data:08000484 _data           ends
.data:08000484
.bss:08000488 ; ===========================================================================
.bss:08000488
.bss:08000488 ; Segment type: Zero-length
.bss:08000488 ; Segment permissions: Read/Write
.bss:08000488 _bss            segment dword public 'BSS' use32
.bss:08000488 _bss            ends
.bss:08000488
extern:0800048C ; ===========================================================================
extern:0800048C
extern:0800048C ; Segment type: Externs
extern:0800048C ; extern
extern:0800048C                 extrn __ashldi3:near    ; ...
extern:08000490                 extrn strlen:near       ; ...
extern:08000494                 extrn nasm_malloc:near  ; ...
extern:08000498                 extrn memcpy:near       ; ...
extern:0800049C                 extrn strcmp:near       ; ...
extern:0800049C
extern:0800049C
extern:0800049C                 end
