.text:08000000 ;
.text:08000000 ; +-------------------------------------------------------------------------+
.text:08000000 ; |   This file has been generated by The Interactive Disassembler (IDA)    |
.text:08000000 ; |           Copyright (c) 2018 Hex-Rays, <support@hex-rays.com>           |
.text:08000000 ; |                            Freeware version                             |
.text:08000000 ; +-------------------------------------------------------------------------+
.text:08000000 ;
.text:08000000 ; Input SHA256 : E59F57E1E9A4E787C8868E6BF8141CAB5C36A80FEB3D636E5CA356D2ACFC7B15
.text:08000000 ; Input MD5    : F5F99E6E71AC04805B2E11A6DE6ED090
.text:08000000 ; Input CRC32  : A87AE712
.text:08000000
.text:08000000 ; File Name   : C:\Users\90542\OneDrive\Masaüstü\nasm_214_c_o\strnlen.o
.text:08000000 ; Format      : ELF for Intel 386 (Relocatable)
.text:08000000 ;
.text:08000000 ; Source File : 'strnlen.c'
.text:08000000
.text:08000000                 .686p
.text:08000000                 .mmx
.text:08000000                 .model flat
.text:08000000 .intel_syntax noprefix
.text:08000000
.text:08000000 ; ===========================================================================
.text:08000000
.text:08000000 ; Segment type: Pure code
.text:08000000 ; Segment permissions: Read/Execute
.text:08000000 _text           segment dword public 'CODE' use32
.text:08000000                 assume cs:_text
.text:08000000                 ;org 8000000h
.text:08000000                 assume es:nothing, ss:nothing, ds:_text, fs:nothing, gs:nothing
.text:08000000
.text:08000000 ; =============== S U B R O U T I N E =======================================
.text:08000000
.text:08000000 ; Attributes: bp-based frame
.text:08000000
.text:08000000                 public strnlen
.text:08000000 strnlen         proc near
.text:08000000
.text:08000000 end             = dword ptr -4
.text:08000000 s               = dword ptr  8
.text:08000000 maxlen          = dword ptr  0Ch
.text:08000000
.text:08000000                 push    ebp             ; size_t strnlen(const char *s, size_t maxlen)
.text:08000001                 mov     ebp, esp
.text:08000003                 sub     esp, 4
.text:08000009                 nop
.text:0800000A                 mov     eax, [ebp+maxlen]
.text:0800000D                 push    eax
.text:0800000E                 mov     eax, 0
.text:08000013                 push    eax
.text:08000014                 mov     eax, [ebp+s]
.text:08000017                 push    eax
.text:08000018                 call    memchr
.text:0800001D                 add     esp, 12
.text:08000020                 mov     [ebp+end], eax  ; const char *end = memchr(s, 0, maxlen);
.text:08000023                 mov     eax, [ebp+end]  ; return end ? (size_t)(end - s) : maxlen;
.text:08000026                 cmp     eax, 0
.text:08000029                 jz      snl_1
.text:0800002F                 mov     eax, [ebp+end]
.text:08000032                 mov     ecx, [ebp+s]
.text:08000035                 sub     eax, ecx
.text:08000037                 jmp     snl_2
.text:0800003C ; ---------------------------------------------------------------------------
.text:0800003C
.text:0800003C snl_1:                                  ; ...
.text:0800003C                 mov     eax, [ebp+maxlen]
.text:0800003F                 jmp     $+5
.text:08000044 ; ---------------------------------------------------------------------------
.text:08000044
.text:08000044 snl_2:                                  ; ...
.text:08000044                 leave
.text:08000045                 retn
.text:08000045 strnlen         endp
.text:08000045
.text:08000045 _text           ends
.text:08000045
.data:08000048 ; ===========================================================================
.data:08000048
.data:08000048 ; Segment type: Zero-length
.data:08000048 ; Segment permissions: Read/Write
.data:08000048 _data           segment dword public 'DATA' use32
.data:08000048 _data           ends
.data:08000048
.bss:0800004C ; ===========================================================================
.bss:0800004C
.bss:0800004C ; Segment type: Zero-length
.bss:0800004C ; Segment permissions: Read/Write
.bss:0800004C _bss            segment dword public 'BSS' use32
.bss:0800004C _bss            ends
.bss:0800004C
extern:08000050 ; ===========================================================================
extern:08000050
extern:08000050 ; Segment type: Externs
extern:08000050 ; extern
extern:08000050                 extrn memchr:near       ; ...
extern:08000050
extern:08000050
extern:08000050                 end
