.text:08000000 ;
.text:08000000 ; +-------------------------------------------------------------------------+
.text:08000000 ; |   This file has been generated by The Interactive Disassembler (IDA)    |
.text:08000000 ; |           Copyright (c) 2018 Hex-Rays, <support@hex-rays.com>           |
.text:08000000 ; |                            Freeware version                             |
.text:08000000 ; +-------------------------------------------------------------------------+
.text:08000000 ;
.text:08000000 ; Input SHA256 : 6C943F59168C97B895EE47654E9DFB16C2C319D2477322A97D3890221F4F8551
.text:08000000 ; Input MD5    : 42EF36DCC58B43B5DEBE1B4F075E3812
.text:08000000 ; Input CRC32  : 4CA17EEB
.text:08000000
.text:08000000 ; File Name   : C:\Users\90542\OneDrive\Masaüstü\nasm_214_c_o\ver.o
.text:08000000 ; Format      : ELF for Intel 386 (Relocatable)
.text:08000000 ;
.text:08000000 ; Source File : 'ver.c'
.text:08000000
.text:08000000                 .686p
.text:08000000                 .mmx
.text:08000000                 .model flat
.text:08000000 .intel_syntax noprefix
.text:08000000
.text:08000000 ; ===========================================================================
.text:08000000
.text:08000000 ; Segment type: Zero-length
.text:08000000 ; Segment permissions: Read/Execute
.text:08000000 _text           segment dword public 'CODE' use32
.text:08000000 _text           ends
.text:08000000
.data:08000004 ; ===========================================================================
.data:08000004
.data:08000004 ; Segment type: Pure data
.data:08000004 ; Segment permissions: Read/Write
.data:08000004 _data           segment dword public 'DATA' use32
.data:08000004                 assume cs:_data
.data:08000004                 ;org 8000004h
.data:08000004                 public nasm_version
.data:08000004 nasm_version    db '2.14.02',0
.data:0800000C                 public nasm_date
.data:0800000C nasm_date       db 'Aug 29 2026',0
.data:08000018                 public nasm_compile_options
.data:08000018 nasm_compile_options db 0
.data:08000019                 public nasm_comment
.data:08000019 nasm_comment    db 'The Netwide Assembler 2.14.02',0
.data:08000037                 public nasm_signature
.data:08000037 nasm_signature  db 'NASM 2.14.02',0
.data:08000037 _data           ends
.data:08000037
.bss:08000044 ; ===========================================================================
.bss:08000044
.bss:08000044 ; Segment type: Zero-length
.bss:08000044 ; Segment permissions: Read/Write
.bss:08000044 _bss            segment dword public 'BSS' use32
.bss:08000044 _bss            ends
.bss:08000044
.bss:08000044
.bss:08000044                 end
