.text:08000000 ;
.text:08000000 ; +-------------------------------------------------------------------------+
.text:08000000 ; |   This file has been generated by The Interactive Disassembler (IDA)    |
.text:08000000 ; |           Copyright (c) 2018 Hex-Rays, <support@hex-rays.com>           |
.text:08000000 ; |                            Freeware version                             |
.text:08000000 ; +-------------------------------------------------------------------------+
.text:08000000 ;
.text:08000000 ; Input SHA256 : EBDF8EFED0189E80F4D131BD2897DEC36298F9DFBB30C3ACF84E914A462AAE54
.text:08000000 ; Input MD5    : 9D06EE216B2265A5072D22168477B40C
.text:08000000 ; Input CRC32  : DB6AD8DD
.text:08000000
.text:08000000 ; File Name   : C:\Users\90542\OneDrive\Masaüstü\nasm_214_c_o\common.o
.text:08000000 ; Format      : ELF for Intel 386 (Relocatable)
.text:08000000 ;
.text:08000000 ; Source File : 'common.c'
.text:08000000
.text:08000000                 .686p
.text:08000000                 .mmx
.text:08000000                 .model flat
.text:08000000 .intel_syntax noprefix
.text:08000000
.text:08000000 ; ===========================================================================
.text:08000000
.text:08000000 ; Segment type: Pure code
.text:08000000 ; Segment permissions: Read/Execute
.text:08000000 _text           segment dword public 'CODE' use32
.text:08000000                 assume cs:_text
.text:08000000                 ;org 8000000h
.text:08000000                 assume es:nothing, ss:nothing, ds:_data, fs:nothing, gs:nothing
.text:08000000
.text:08000000 ; =============== S U B R O U T I N E =======================================
.text:08000000
.text:08000000 ; Attributes: bp-based frame
.text:08000000
.text:08000000 overflow_general proc near
.text:08000000
.text:08000000 var_18          = dword ptr -18h
.text:08000000 var_14          = dword ptr -14h
.text:08000000 var_10          = dword ptr -10h
.text:08000000 var_C           = dword ptr -0Ch
.text:08000000 var_4           = dword ptr -4
.text:08000000 arg_0           = dword ptr  8
.text:08000000 arg_4           = dword ptr  0Ch
.text:08000000 arg_8           = dword ptr  10h
.text:08000000
.text:08000000                 push    ebp
.text:08000001                 mov     ebp, esp
.text:08000003                 sub     esp, 18h
.text:08000009                 nop
.text:0800000A                 mov     eax, [ebp+arg_8]
.text:0800000D                 cmp     eax, 8
.text:08000010                 jl      loc_8000020
.text:08000016                 mov     eax, 0
.text:0800001B                 jmp     locret_80000D4
.text:08000020 ; ---------------------------------------------------------------------------
.text:08000020
.text:08000020 loc_8000020:                            ; ...
.text:08000020                 mov     eax, [ebp+arg_8]
.text:08000023                 shl     eax, 3
.text:08000026                 dec     eax
.text:08000027                 mov     [ebp+var_4], eax
.text:0800002A                 mov     eax, [ebp+var_4]
.text:0800002D                 push    eax
.text:0800002E                 mov     eax, 2
.text:08000033                 mov     ecx, 0
.text:08000038                 push    ecx
.text:08000039                 push    eax
.text:0800003A                 call    __ashldi3
.text:0800003F                 add     esp, 0Ch
.text:08000042                 sub     eax, 1
.text:08000045                 sbb     edx, 0
.text:08000048                 mov     [ebp+var_10], eax
.text:0800004B                 mov     [ebp+var_C], edx
.text:0800004E                 mov     eax, [ebp+var_4]
.text:08000051                 push    eax
.text:08000052                 mov     eax, 2
.text:08000057                 mov     ecx, 0
.text:0800005C                 push    ecx
.text:0800005D                 push    eax
.text:0800005E                 call    __ashldi3
.text:08000063                 add     esp, 0Ch
.text:08000066                 mov     ecx, 0
.text:0800006B                 sub     ecx, eax
.text:0800006D                 mov     eax, 0
.text:08000072                 sbb     eax, edx
.text:08000074                 mov     [ebp+var_18], ecx
.text:08000077                 mov     [ebp+var_14], eax
.text:0800007A                 mov     eax, [ebp+arg_4]
.text:0800007D                 mov     ecx, [ebp+var_14]
.text:08000080                 cmp     eax, ecx
.text:08000082                 jg      loc_80000A1
.text:08000088                 jnz     loc_800009C
.text:0800008E                 mov     eax, [ebp+arg_0]
.text:08000091                 mov     ecx, [ebp+var_18]
.text:08000094                 cmp     eax, ecx
.text:08000096                 jnb     loc_80000A1
.text:0800009C
.text:0800009C loc_800009C:                            ; ...
.text:0800009C                 jmp     loc_80000CF
.text:080000A1 ; ---------------------------------------------------------------------------
.text:080000A1
.text:080000A1 loc_80000A1:                            ; ...
.text:080000A1                 mov     eax, [ebp+arg_4]
.text:080000A4                 mov     ecx, [ebp+var_C]
.text:080000A7                 cmp     eax, ecx
.text:080000A9                 jl      loc_80000C8
.text:080000AF                 jnz     loc_80000C3
.text:080000B5                 mov     eax, [ebp+arg_0]
.text:080000B8                 mov     ecx, [ebp+var_10]
.text:080000BB                 cmp     eax, ecx
.text:080000BD                 jbe     loc_80000C8
.text:080000C3
.text:080000C3 loc_80000C3:                            ; ...
.text:080000C3                 jmp     loc_80000CF
.text:080000C8 ; ---------------------------------------------------------------------------
.text:080000C8
.text:080000C8 loc_80000C8:                            ; ...
.text:080000C8                 mov     eax, 0
.text:080000CD                 jmp     short locret_80000D4
.text:080000CF ; ---------------------------------------------------------------------------
.text:080000CF
.text:080000CF loc_80000CF:                            ; ...
.text:080000CF                 mov     eax, 1
.text:080000D4
.text:080000D4 locret_80000D4:                         ; ...
.text:080000D4                 leave
.text:080000D5                 retn
.text:080000D5 overflow_general endp
.text:080000D5
.text:080000D6
.text:080000D6 ; =============== S U B R O U T I N E =======================================
.text:080000D6
.text:080000D6 ; Attributes: bp-based frame
.text:080000D6
.text:080000D6 overflow_signed proc near
.text:080000D6
.text:080000D6 var_18          = dword ptr -18h
.text:080000D6 var_14          = dword ptr -14h
.text:080000D6 var_10          = dword ptr -10h
.text:080000D6 var_C           = dword ptr -0Ch
.text:080000D6 var_4           = dword ptr -4
.text:080000D6 arg_0           = dword ptr  8
.text:080000D6 arg_4           = dword ptr  0Ch
.text:080000D6 arg_8           = dword ptr  10h
.text:080000D6
.text:080000D6                 push    ebp
.text:080000D7                 mov     ebp, esp
.text:080000D9                 sub     esp, 18h
.text:080000DF                 nop
.text:080000E0                 mov     eax, [ebp+arg_8]
.text:080000E3                 cmp     eax, 8
.text:080000E6                 jl      loc_80000F6
.text:080000EC                 mov     eax, 0
.text:080000F1                 jmp     locret_80001AA
.text:080000F6 ; ---------------------------------------------------------------------------
.text:080000F6
.text:080000F6 loc_80000F6:                            ; ...
.text:080000F6                 mov     eax, [ebp+arg_8]
.text:080000F9                 shl     eax, 3
.text:080000FC                 dec     eax
.text:080000FD                 mov     [ebp+var_4], eax
.text:08000100                 mov     eax, [ebp+var_4]
.text:08000103                 push    eax
.text:08000104                 mov     eax, 1
.text:08000109                 mov     ecx, 0
.text:0800010E                 push    ecx
.text:0800010F                 push    eax
.text:08000110                 call    __ashldi3
.text:08000115                 add     esp, 0Ch
.text:08000118                 sub     eax, 1
.text:0800011B                 sbb     edx, 0
.text:0800011E                 mov     [ebp+var_10], eax
.text:08000121                 mov     [ebp+var_C], edx
.text:08000124                 mov     eax, [ebp+var_4]
.text:08000127                 push    eax
.text:08000128                 mov     eax, 1
.text:0800012D                 mov     ecx, 0
.text:08000132                 push    ecx
.text:08000133                 push    eax
.text:08000134                 call    __ashldi3
.text:08000139                 add     esp, 0Ch
.text:0800013C                 mov     ecx, 0
.text:08000141                 sub     ecx, eax
.text:08000143                 mov     eax, 0
.text:08000148                 sbb     eax, edx
.text:0800014A                 mov     [ebp+var_18], ecx
.text:0800014D                 mov     [ebp+var_14], eax
.text:08000150                 mov     eax, [ebp+arg_4]
.text:08000153                 mov     ecx, [ebp+var_14]
.text:08000156                 cmp     eax, ecx
.text:08000158                 jg      loc_8000177
.text:0800015E                 jnz     loc_8000172
.text:08000164                 mov     eax, [ebp+arg_0]
.text:08000167                 mov     ecx, [ebp+var_18]
.text:0800016A                 cmp     eax, ecx
.text:0800016C                 jnb     loc_8000177
.text:08000172
.text:08000172 loc_8000172:                            ; ...
.text:08000172                 jmp     loc_80001A5
.text:08000177 ; ---------------------------------------------------------------------------
.text:08000177
.text:08000177 loc_8000177:                            ; ...
.text:08000177                 mov     eax, [ebp+arg_4]
.text:0800017A                 mov     ecx, [ebp+var_C]
.text:0800017D                 cmp     eax, ecx
.text:0800017F                 jl      loc_800019E
.text:08000185                 jnz     loc_8000199
.text:0800018B                 mov     eax, [ebp+arg_0]
.text:0800018E                 mov     ecx, [ebp+var_10]
.text:08000191                 cmp     eax, ecx
.text:08000193                 jbe     loc_800019E
.text:08000199
.text:08000199 loc_8000199:                            ; ...
.text:08000199                 jmp     loc_80001A5
.text:0800019E ; ---------------------------------------------------------------------------
.text:0800019E
.text:0800019E loc_800019E:                            ; ...
.text:0800019E                 mov     eax, 0
.text:080001A3                 jmp     short locret_80001AA
.text:080001A5 ; ---------------------------------------------------------------------------
.text:080001A5
.text:080001A5 loc_80001A5:                            ; ...
.text:080001A5                 mov     eax, 1
.text:080001AA
.text:080001AA locret_80001AA:                         ; ...
.text:080001AA                 leave
.text:080001AB                 retn
.text:080001AB overflow_signed endp
.text:080001AB
.text:080001AC
.text:080001AC ; =============== S U B R O U T I N E =======================================
.text:080001AC
.text:080001AC ; Attributes: bp-based frame
.text:080001AC
.text:080001AC overflow_unsigned proc near
.text:080001AC
.text:080001AC var_18          = dword ptr -18h
.text:080001AC var_14          = dword ptr -14h
.text:080001AC var_10          = dword ptr -10h
.text:080001AC var_C           = dword ptr -0Ch
.text:080001AC var_4           = dword ptr -4
.text:080001AC arg_0           = dword ptr  8
.text:080001AC arg_4           = dword ptr  0Ch
.text:080001AC arg_8           = dword ptr  10h
.text:080001AC
.text:080001AC                 push    ebp
.text:080001AD                 mov     ebp, esp
.text:080001AF                 sub     esp, 18h
.text:080001B5                 nop
.text:080001B6                 mov     eax, [ebp+arg_8]
.text:080001B9                 cmp     eax, 8
.text:080001BC                 jl      loc_80001CC
.text:080001C2                 mov     eax, 0
.text:080001C7                 jmp     locret_8000264
.text:080001CC ; ---------------------------------------------------------------------------
.text:080001CC
.text:080001CC loc_80001CC:                            ; ...
.text:080001CC                 mov     eax, [ebp+arg_8]
.text:080001CF                 shl     eax, 3
.text:080001D2                 dec     eax
.text:080001D3                 mov     [ebp+var_4], eax
.text:080001D6                 mov     eax, [ebp+var_4]
.text:080001D9                 push    eax
.text:080001DA                 mov     eax, 2
.text:080001DF                 mov     ecx, 0
.text:080001E4                 push    ecx
.text:080001E5                 push    eax
.text:080001E6                 call    __ashldi3
.text:080001EB                 add     esp, 0Ch
.text:080001EE                 sub     eax, 1
.text:080001F1                 sbb     edx, 0
.text:080001F4                 mov     [ebp+var_10], eax
.text:080001F7                 mov     [ebp+var_C], edx
.text:080001FA                 mov     eax, 0
.text:080001FF                 mov     ecx, 0
.text:08000204                 mov     [ebp+var_18], eax
.text:08000207                 mov     [ebp+var_14], ecx
.text:0800020A                 mov     eax, [ebp+arg_4]
.text:0800020D                 mov     ecx, [ebp+var_14]
.text:08000210                 cmp     eax, ecx
.text:08000212                 jg      loc_8000231
.text:08000218                 jnz     loc_800022C
.text:0800021E                 mov     eax, [ebp+arg_0]
.text:08000221                 mov     ecx, [ebp+var_18]
.text:08000224                 cmp     eax, ecx
.text:08000226                 jnb     loc_8000231
.text:0800022C
.text:0800022C loc_800022C:                            ; ...
.text:0800022C                 jmp     loc_800025F
.text:08000231 ; ---------------------------------------------------------------------------
.text:08000231
.text:08000231 loc_8000231:                            ; ...
.text:08000231                 mov     eax, [ebp+arg_4]
.text:08000234                 mov     ecx, [ebp+var_C]
.text:08000237                 cmp     eax, ecx
.text:08000239                 jl      loc_8000258
.text:0800023F                 jnz     loc_8000253
.text:08000245                 mov     eax, [ebp+arg_0]
.text:08000248                 mov     ecx, [ebp+var_10]
.text:0800024B                 cmp     eax, ecx
.text:0800024D                 jbe     loc_8000258
.text:08000253
.text:08000253 loc_8000253:                            ; ...
.text:08000253                 jmp     loc_800025F
.text:08000258 ; ---------------------------------------------------------------------------
.text:08000258
.text:08000258 loc_8000258:                            ; ...
.text:08000258                 mov     eax, 0
.text:0800025D                 jmp     short locret_8000264
.text:0800025F ; ---------------------------------------------------------------------------
.text:0800025F
.text:0800025F loc_800025F:                            ; ...
.text:0800025F                 mov     eax, 1
.text:08000264
.text:08000264 locret_8000264:                         ; ...
.text:08000264                 leave
.text:08000265                 retn
.text:08000265 overflow_unsigned endp
.text:08000265
.text:08000266
.text:08000266 ; =============== S U B R O U T I N E =======================================
.text:08000266
.text:08000266 ; Attributes: bp-based frame
.text:08000266
.text:08000266 signed_bits     proc near
.text:08000266
.text:08000266 arg_0           = dword ptr  8
.text:08000266 arg_4           = dword ptr  0Ch
.text:08000266 arg_8           = dword ptr  10h
.text:08000266
.text:08000266                 push    ebp
.text:08000267                 mov     ebp, esp
.text:08000269                 sub     esp, 0
.text:0800026F                 nop
.text:08000270                 mov     eax, [ebp+arg_8]
.text:08000273                 cmp     eax, 40h
.text:08000276                 jge     loc_8000307
.text:0800027C                 mov     eax, [ebp+arg_8]
.text:0800027F                 push    eax
.text:08000280                 mov     eax, 1
.text:08000285                 mov     ecx, 0
.text:0800028A                 push    ecx
.text:0800028B                 push    eax
.text:0800028C                 call    __ashldi3
.text:08000291                 add     esp, 0Ch
.text:08000294                 sub     eax, 1
.text:08000297                 sbb     edx, 0
.text:0800029A                 mov     ecx, [ebp+arg_0]
.text:0800029D                 and     ecx, eax
.text:0800029F                 mov     eax, [ebp+arg_4]
.text:080002A2                 and     eax, edx
.text:080002A4                 mov     [ebp+arg_0], ecx
.text:080002A7                 mov     [ebp+arg_4], eax
.text:080002AA                 mov     eax, [ebp+arg_8]
.text:080002AD                 dec     eax
.text:080002AE                 push    eax
.text:080002AF                 mov     eax, 1
.text:080002B4                 mov     ecx, 0
.text:080002B9                 push    ecx
.text:080002BA                 push    eax
.text:080002BB                 call    __ashldi3
.text:080002C0                 add     esp, 0Ch
.text:080002C3                 mov     ecx, [ebp+arg_0]
.text:080002C6                 and     ecx, eax
.text:080002C8                 mov     eax, [ebp+arg_4]
.text:080002CB                 and     eax, edx
.text:080002CD                 cmp     eax, 0
.text:080002D0                 jnz     loc_80002DF
.text:080002D6                 cmp     ecx, 0
.text:080002D9                 jz      loc_8000307
.text:080002DF
.text:080002DF loc_80002DF:                            ; ...
.text:080002DF                 mov     eax, [ebp+arg_8]
.text:080002E2                 push    eax
.text:080002E3                 mov     eax, 0FFFFFFFFh
.text:080002E8                 mov     ecx, 0FFFFFFFFh
.text:080002ED                 push    ecx
.text:080002EE                 push    eax
.text:080002EF                 call    __ashldi3
.text:080002F4                 add     esp, 0Ch
.text:080002F7                 mov     ecx, [ebp+arg_0]
.text:080002FA                 or      ecx, eax
.text:080002FC                 mov     eax, [ebp+arg_4]
.text:080002FF                 or      eax, edx
.text:08000301                 mov     [ebp+arg_0], ecx
.text:08000304                 mov     [ebp+arg_4], eax
.text:08000307
.text:08000307 loc_8000307:                            ; ...
.text:08000307                 mov     eax, [ebp+arg_0]
.text:0800030A                 mov     edx, [ebp+arg_4]
.text:0800030D                 leave
.text:0800030E                 retn
.text:0800030E signed_bits     endp
.text:0800030E
.text:0800030F
.text:0800030F ; =============== S U B R O U T I N E =======================================
.text:0800030F
.text:0800030F ; Attributes: bp-based frame
.text:0800030F
.text:0800030F directive_find  proc near
.text:0800030F
.text:0800030F arg_0           = dword ptr  8
.text:0800030F
.text:0800030F                 push    ebp
.text:08000310                 mov     ebp, esp
.text:08000312                 sub     esp, 0
.text:08000318                 nop
.text:08000319                 mov     eax, [ebp+arg_0]
.text:0800031C                 push    eax
.text:0800031D                 mov     eax, offset directive_hash
.text:08000322                 push    eax
.text:08000323                 call    perfhash_find
.text:08000328                 add     esp, 8
.text:0800032B                 leave
.text:0800032C                 retn
.text:0800032C directive_find  endp
.text:0800032C
.text:0800032D
.text:0800032D ; =============== S U B R O U T I N E =======================================
.text:0800032D
.text:0800032D ; Attributes: bp-based frame
.text:0800032D
.text:0800032D directive_name  proc near               ; ...
.text:0800032D
.text:0800032D var_4           = dword ptr -4
.text:0800032D arg_0           = dword ptr  8
.text:0800032D
.text:0800032D                 push    ebp
.text:0800032E                 mov     ebp, esp
.text:08000330                 sub     esp, 4
.text:08000336                 nop
.text:08000337                 mov     eax, [ebp+arg_0]
.text:0800033A                 sub     eax, 3
.text:0800033D                 mov     [ebp+var_4], eax
.text:08000340                 mov     eax, [ebp+var_4]
.text:08000343                 cmp     eax, 26h
.text:08000346                 jb      loc_8000356
.text:0800034C                 mov     eax, 0
.text:08000351                 jmp     locret_8000365
.text:08000356 ; ---------------------------------------------------------------------------
.text:08000356
.text:08000356 loc_8000356:                            ; ...
.text:08000356                 mov     eax, [ebp+var_4]
.text:08000359                 shl     eax, 2
.text:0800035C                 mov     ecx, offset directive_tbl
.text:08000361                 add     ecx, eax
.text:08000363                 mov     eax, [ecx]
.text:08000365
.text:08000365 locret_8000365:                         ; ...
.text:08000365                 leave
.text:08000366                 retn
.text:08000366 directive_name  endp
.text:08000366
.text:08000367
.text:08000367 ; =============== S U B R O U T I N E =======================================
.text:08000367
.text:08000367 ; Attributes: bp-based frame
.text:08000367
.text:08000367 directive_dname proc near
.text:08000367
.text:08000367 var_4           = dword ptr -4
.text:08000367 arg_0           = dword ptr  8
.text:08000367
.text:08000367                 push    ebp
.text:08000368                 mov     ebp, esp
.text:0800036A                 sub     esp, 4
.text:08000370                 nop
.text:08000371                 mov     eax, [ebp+arg_0]
.text:08000374                 push    eax
.text:08000375                 call    directive_name
.text:0800037A                 add     esp, 4
.text:0800037D                 mov     [ebp+var_4], eax
.text:08000380                 mov     eax, [ebp+var_4]
.text:08000383                 cmp     eax, 0
.text:08000386                 jz      loc_8000391
.text:0800038C                 jmp     loc_80003A2
.text:08000391 ; ---------------------------------------------------------------------------
.text:08000391
.text:08000391 loc_8000391:                            ; ...
.text:08000391                 mov     eax, [ebp+arg_0]
.text:08000394                 push    eax
.text:08000395                 call    invalid_enum_str
.text:0800039A                 add     esp, 4
.text:0800039D                 jmp     locret_80003A5
.text:080003A2 ; ---------------------------------------------------------------------------
.text:080003A2
.text:080003A2 loc_80003A2:                            ; ...
.text:080003A2                 mov     eax, [ebp+var_4]
.text:080003A5
.text:080003A5 locret_80003A5:                         ; ...
.text:080003A5                 leave
.text:080003A6                 retn
.text:080003A6 directive_dname endp
.text:080003A6
.text:080003A7
.text:080003A7 ; =============== S U B R O U T I N E =======================================
.text:080003A7
.text:080003A7 ; Attributes: bp-based frame
.text:080003A7
.text:080003A7 is_class        proc near               ; ...
.text:080003A7
.text:080003A7 arg_0           = dword ptr  8
.text:080003A7 arg_4           = dword ptr  0Ch
.text:080003A7 arg_8           = dword ptr  10h
.text:080003A7 arg_C           = dword ptr  14h
.text:080003A7
.text:080003A7                 push    ebp
.text:080003A8                 mov     ebp, esp
.text:080003AA                 sub     esp, 0
.text:080003B0                 nop
.text:080003B1                 mov     eax, [ebp+arg_8]
.text:080003B4                 xor     eax, 0FFFFFFFFh
.text:080003B7                 mov     ecx, [ebp+arg_C]
.text:080003BA                 xor     ecx, 0FFFFFFFFh
.text:080003BD                 mov     edx, [ebp+arg_0]
.text:080003C0                 and     edx, eax
.text:080003C2                 mov     eax, [ebp+arg_4]
.text:080003C5                 and     eax, ecx
.text:080003C7                 cmp     eax, 0
.text:080003CA                 jnz     loc_80003D9
.text:080003D0                 cmp     edx, 0
.text:080003D3                 jz      loc_80003E0
.text:080003D9
.text:080003D9 loc_80003D9:                            ; ...
.text:080003D9                 mov     eax, 0
.text:080003DE                 jmp     short locret_80003E5
.text:080003E0 ; ---------------------------------------------------------------------------
.text:080003E0
.text:080003E0 loc_80003E0:                            ; ...
.text:080003E0                 mov     eax, 1
.text:080003E5
.text:080003E5 locret_80003E5:                         ; ...
.text:080003E5                 leave
.text:080003E6                 retn
.text:080003E6 is_class        endp
.text:080003E6
.text:080003E7
.text:080003E7 ; =============== S U B R O U T I N E =======================================
.text:080003E7
.text:080003E7 ; Attributes: bp-based frame
.text:080003E7
.text:080003E7 is_reg_class    proc near
.text:080003E7
.text:080003E7 arg_0           = dword ptr  8
.text:080003E7 arg_4           = dword ptr  0Ch
.text:080003E7 arg_8           = dword ptr  10h
.text:080003E7 arg_C           = dword ptr  14h
.text:080003E7
.text:080003E7                 push    ebp
.text:080003E8                 mov     ebp, esp
.text:080003EA                 sub     esp, 0
.text:080003F0                 nop
.text:080003F1                 mov     eax, [ebp+arg_C]
.text:080003F4                 cmp     eax, 0
.text:080003F7                 jb      loc_800045B
.text:080003FD                 jnz     loc_800040F
.text:08000403                 mov     eax, [ebp+arg_8]
.text:08000406                 cmp     eax, 1
.text:08000409                 jb      loc_800045B
.text:0800040F
.text:0800040F loc_800040F:                            ; ...
.text:0800040F                 mov     eax, [ebp+arg_C]
.text:08000412                 cmp     eax, 0
.text:08000415                 ja      loc_800045B
.text:0800041B                 jnz     loc_8000430
.text:08000421                 mov     eax, [ebp+arg_8]
.text:08000424                 cmp     eax, 0F0h
.text:0800042A                 ja      loc_800045B
.text:08000430
.text:08000430 loc_8000430:                            ; ...
.text:08000430                 mov     eax, [ebp+arg_8]
.text:08000433                 shl     eax, 3
.text:08000436                 mov     ecx, offset nasm_reg_flags
.text:0800043B                 add     ecx, eax
.text:0800043D                 mov     eax, [ecx]
.text:0800043F                 add     ecx, 4
.text:08000442                 mov     edx, [ecx]
.text:08000444                 push    edx
.text:08000445                 push    eax
.text:08000446                 mov     eax, [ebp+arg_0]
.text:08000449                 mov     ecx, [ebp+arg_4]
.text:0800044C                 push    ecx
.text:0800044D                 push    eax
.text:0800044E                 call    is_class
.text:08000453                 add     esp, 10h
.text:08000456                 jmp     locret_8000460
.text:0800045B ; ---------------------------------------------------------------------------
.text:0800045B
.text:0800045B loc_800045B:                            ; ...
.text:0800045B                 mov     eax, 0
.text:08000460
.text:08000460 locret_8000460:                         ; ...
.text:08000460                 leave
.text:08000461                 retn
.text:08000461 is_reg_class    endp
.text:08000461
.text:08000462
.text:08000462 ; =============== S U B R O U T I N E =======================================
.text:08000462
.text:08000462 ; Attributes: bp-based frame
.text:08000462
.text:08000462 nasm_skip_identifier proc near
.text:08000462
.text:08000462 var_4           = dword ptr -4
.text:08000462 arg_0           = dword ptr  8
.text:08000462
.text:08000462                 push    ebp
.text:08000463                 mov     ebp, esp
.text:08000465                 sub     esp, 4
.text:0800046B                 nop
.text:0800046C                 mov     eax, [ebp+arg_0]
.text:0800046F                 mov     [ebp+var_4], eax
.text:08000472                 mov     eax, [ebp+var_4]
.text:08000475                 mov     ecx, eax
.text:08000477                 inc     eax
.text:08000478                 mov     [ebp+var_4], eax
.text:0800047B                 movsx   eax, byte ptr [ecx]
.text:0800047E                 and     eax, 0FFh
.text:08000484                 push    eax
.text:08000485                 call    isalpha
.text:0800048A                 add     esp, 4
.text:0800048D                 cmp     eax, 0
.text:08000490                 jnz     loc_80004EF
.text:08000496                 mov     eax, [ebp+var_4]
.text:08000499                 mov     ecx, eax
.text:0800049B                 inc     eax
.text:0800049C                 mov     [ebp+var_4], eax
.text:0800049F                 movsx   eax, byte ptr [ecx]
.text:080004A2                 cmp     eax, 5Fh
.text:080004A5                 jz      loc_80004EF
.text:080004AB                 mov     eax, [ebp+var_4]
.text:080004AE                 mov     ecx, eax
.text:080004B0                 inc     eax
.text:080004B1                 mov     [ebp+var_4], eax
.text:080004B4                 movsx   eax, byte ptr [ecx]
.text:080004B7                 cmp     eax, 2Eh
.text:080004BA                 jz      loc_80004EF
.text:080004C0                 mov     eax, [ebp+var_4]
.text:080004C3                 mov     ecx, eax
.text:080004C5                 inc     eax
.text:080004C6                 mov     [ebp+var_4], eax
.text:080004C9                 movsx   eax, byte ptr [ecx]
.text:080004CC                 cmp     eax, 3Fh
.text:080004CF                 jz      loc_80004EF
.text:080004D5                 mov     eax, [ebp+var_4]
.text:080004D8                 mov     ecx, eax
.text:080004DA                 inc     eax
.text:080004DB                 mov     [ebp+var_4], eax
.text:080004DE                 movsx   eax, byte ptr [ecx]
.text:080004E1                 cmp     eax, 40h
.text:080004E4                 jz      loc_80004EF
.text:080004EA                 jmp     loc_80004F4
.text:080004EF ; ---------------------------------------------------------------------------
.text:080004EF
.text:080004EF loc_80004EF:                            ; ...
.text:080004EF                 jmp     loc_8000501
.text:080004F4 ; ---------------------------------------------------------------------------
.text:080004F4
.text:080004F4 loc_80004F4:                            ; ...
.text:080004F4                 mov     eax, 0
.text:080004F9                 mov     [ebp+var_4], eax
.text:080004FC                 jmp     loc_80005E6
.text:08000501 ; ---------------------------------------------------------------------------
.text:08000501
.text:08000501 loc_8000501:                            ; ...
.text:08000501                 mov     eax, [ebp+var_4]
.text:08000504                 mov     ecx, eax
.text:08000506                 inc     eax
.text:08000507                 mov     [ebp+var_4], eax
.text:0800050A                 movsx   eax, byte ptr [ecx]
.text:0800050D                 and     eax, 0FFh
.text:08000513                 push    eax
.text:08000514                 call    isalpha
.text:08000519                 add     esp, 4
.text:0800051C                 cmp     eax, 0
.text:0800051F                 jnz     loc_80005E1
.text:08000525                 mov     eax, [ebp+var_4]
.text:08000528                 mov     ecx, eax
.text:0800052A                 inc     eax
.text:0800052B                 mov     [ebp+var_4], eax
.text:0800052E                 movsx   eax, byte ptr [ecx]
.text:08000531                 cmp     eax, 5Fh
.text:08000534                 jz      loc_80005E1
.text:0800053A                 mov     eax, [ebp+var_4]
.text:0800053D                 mov     ecx, eax
.text:0800053F                 inc     eax
.text:08000540                 mov     [ebp+var_4], eax
.text:08000543                 movsx   eax, byte ptr [ecx]
.text:08000546                 cmp     eax, 2Eh
.text:08000549                 jz      loc_80005E1
.text:0800054F                 mov     eax, [ebp+var_4]
.text:08000552                 mov     ecx, eax
.text:08000554                 inc     eax
.text:08000555                 mov     [ebp+var_4], eax
.text:08000558                 movsx   eax, byte ptr [ecx]
.text:0800055B                 cmp     eax, 3Fh
.text:0800055E                 jz      loc_80005E1
.text:08000564                 mov     eax, [ebp+var_4]
.text:08000567                 mov     ecx, eax
.text:08000569                 inc     eax
.text:0800056A                 mov     [ebp+var_4], eax
.text:0800056D                 movsx   eax, byte ptr [ecx]
.text:08000570                 cmp     eax, 40h
.text:08000573                 jz      loc_80005E1
.text:08000579                 mov     eax, [ebp+var_4]
.text:0800057C                 mov     ecx, eax
.text:0800057E                 inc     eax
.text:0800057F                 mov     [ebp+var_4], eax
.text:08000582                 movsx   eax, byte ptr [ecx]
.text:08000585                 and     eax, 0FFh
.text:0800058B                 push    eax
.text:0800058C                 call    isdigit
.text:08000591                 add     esp, 4
.text:08000594                 cmp     eax, 0
.text:08000597                 jnz     loc_80005E1
.text:0800059D                 mov     eax, [ebp+var_4]
.text:080005A0                 mov     ecx, eax
.text:080005A2                 inc     eax
.text:080005A3                 mov     [ebp+var_4], eax
.text:080005A6                 movsx   eax, byte ptr [ecx]
.text:080005A9                 cmp     eax, 24h
.text:080005AC                 jz      loc_80005E1
.text:080005B2                 mov     eax, [ebp+var_4]
.text:080005B5                 mov     ecx, eax
.text:080005B7                 inc     eax
.text:080005B8                 mov     [ebp+var_4], eax
.text:080005BB                 movsx   eax, byte ptr [ecx]
.text:080005BE                 cmp     eax, 23h
.text:080005C1                 jz      loc_80005E1
.text:080005C7                 mov     eax, [ebp+var_4]
.text:080005CA                 mov     ecx, eax
.text:080005CC                 inc     eax
.text:080005CD                 mov     [ebp+var_4], eax
.text:080005D0                 movsx   eax, byte ptr [ecx]
.text:080005D3                 cmp     eax, 7Eh
.text:080005D6                 jz      loc_80005E1
.text:080005DC                 jmp     loc_80005E6
.text:080005E1 ; ---------------------------------------------------------------------------
.text:080005E1
.text:080005E1 loc_80005E1:                            ; ...
.text:080005E1                 jmp     loc_8000501
.text:080005E6 ; ---------------------------------------------------------------------------
.text:080005E6
.text:080005E6 loc_80005E6:                            ; ...
.text:080005E6                 mov     eax, [ebp+var_4]
.text:080005E9                 leave
.text:080005EA                 retn
.text:080005EA nasm_skip_identifier endp
.text:080005EA
.text:080005EB
.text:080005EB ; =============== S U B R O U T I N E =======================================
.text:080005EB
.text:080005EB ; Attributes: bp-based frame
.text:080005EB
.text:080005EB is_register     proc near
.text:080005EB
.text:080005EB arg_0           = dword ptr  8
.text:080005EB
.text:080005EB                 push    ebp
.text:080005EC                 mov     ebp, esp
.text:080005EE                 sub     esp, 0
.text:080005F4                 nop
.text:080005F5                 mov     eax, [ebp+arg_0]
.text:080005F8                 cmp     eax, 1
.text:080005FB                 jl      loc_8000617
.text:08000601                 mov     eax, [ebp+arg_0]
.text:08000604                 cmp     eax, 0F1h
.text:0800060A                 jge     loc_8000617
.text:08000610                 mov     eax, 1
.text:08000615                 jmp     short locret_800061C
.text:08000617 ; ---------------------------------------------------------------------------
.text:08000617
.text:08000617 loc_8000617:                            ; ...
.text:08000617                 mov     eax, 0
.text:0800061C
.text:0800061C locret_800061C:                         ; ...
.text:0800061C                 leave
.text:0800061D                 retn
.text:0800061D is_register     endp
.text:0800061D
.text:0800061E
.text:0800061E ; =============== S U B R O U T I N E =======================================
.text:0800061E
.text:0800061E ; Attributes: bp-based frame
.text:0800061E
.text:0800061E get_cond_opcode proc near
.text:0800061E
.text:0800061E arg_0           = dword ptr  8
.text:0800061E
.text:0800061E                 push    ebp
.text:0800061F                 mov     ebp, esp
.text:08000621                 sub     esp, 0
.text:08000627                 nop
.text:08000628                 mov     eax, [ebp+arg_0]
.text:0800062B                 mov     ecx, offset ccode_opcodes
.text:08000630                 add     ecx, eax
.text:08000632                 movzx   eax, byte ptr [ecx]
.text:08000635                 leave
.text:08000636                 retn
.text:08000636 get_cond_opcode endp
.text:08000636
.text:08000637
.text:08000637 ; =============== S U B R O U T I N E =======================================
.text:08000637
.text:08000637 ; Attributes: bp-based frame
.text:08000637
.text:08000637 iflag_test      proc near               ; ...
.text:08000637
.text:08000637 arg_0           = dword ptr  8
.text:08000637 arg_4           = dword ptr  0Ch
.text:08000637
.text:08000637                 push    ebp
.text:08000638                 mov     ebp, esp
.text:0800063A                 sub     esp, 0
.text:08000640                 nop
.text:08000641                 mov     eax, [ebp+arg_0]
.text:08000644                 mov     ecx, [ebp+arg_4]
.text:08000647                 shr     ecx, 5
.text:0800064A                 shl     ecx, 2
.text:0800064D                 add     eax, ecx
.text:0800064F                 mov     ecx, [ebp+arg_4]
.text:08000652                 and     ecx, 1Fh
.text:08000655                 mov     edx, 1
.text:0800065A                 shl     edx, cl
.text:0800065C                 mov     ecx, [eax]
.text:0800065E                 and     ecx, edx
.text:08000660                 cmp     ecx, 0
.text:08000663                 jz      loc_800066E
.text:08000669                 jmp     loc_8000675
.text:0800066E ; ---------------------------------------------------------------------------
.text:0800066E
.text:0800066E loc_800066E:                            ; ...
.text:0800066E                 mov     eax, 0
.text:08000673                 jmp     short locret_800067A
.text:08000675 ; ---------------------------------------------------------------------------
.text:08000675
.text:08000675 loc_8000675:                            ; ...
.text:08000675                 mov     eax, 1
.text:0800067A
.text:0800067A locret_800067A:                         ; ...
.text:0800067A                 leave
.text:0800067B                 retn
.text:0800067B iflag_test      endp
.text:0800067B
.text:0800067C
.text:0800067C ; =============== S U B R O U T I N E =======================================
.text:0800067C
.text:0800067C ; Attributes: bp-based frame
.text:0800067C
.text:0800067C iflag_set       proc near               ; ...
.text:0800067C
.text:0800067C arg_0           = dword ptr  8
.text:0800067C arg_4           = dword ptr  0Ch
.text:0800067C
.text:0800067C                 push    ebp
.text:0800067D                 mov     ebp, esp
.text:0800067F                 sub     esp, 0
.text:08000685                 nop
.text:08000686                 mov     eax, [ebp+arg_0]
.text:08000689                 mov     ecx, [ebp+arg_4]
.text:0800068C                 shr     ecx, 5
.text:0800068F                 shl     ecx, 2
.text:08000692                 add     eax, ecx
.text:08000694                 mov     ecx, [ebp+arg_4]
.text:08000697                 and     ecx, 1Fh
.text:0800069A                 mov     edx, 1
.text:0800069F                 shl     edx, cl
.text:080006A1                 mov     ecx, [eax]
.text:080006A3                 or      ecx, edx
.text:080006A5                 mov     [eax], ecx
.text:080006A7                 leave
.text:080006A8                 retn
.text:080006A8 iflag_set       endp
.text:080006A8
.text:080006A9
.text:080006A9 ; =============== S U B R O U T I N E =======================================
.text:080006A9
.text:080006A9 ; Attributes: bp-based frame
.text:080006A9
.text:080006A9 iflag_clear     proc near
.text:080006A9
.text:080006A9 arg_0           = dword ptr  8
.text:080006A9 arg_4           = dword ptr  0Ch
.text:080006A9
.text:080006A9                 push    ebp
.text:080006AA                 mov     ebp, esp
.text:080006AC                 sub     esp, 0
.text:080006B2                 nop
.text:080006B3                 mov     eax, [ebp+arg_0]
.text:080006B6                 mov     ecx, [ebp+arg_4]
.text:080006B9                 shr     ecx, 5
.text:080006BC                 shl     ecx, 2
.text:080006BF                 add     eax, ecx
.text:080006C1                 mov     ecx, [ebp+arg_4]
.text:080006C4                 and     ecx, 1Fh
.text:080006C7                 mov     edx, 1
.text:080006CC                 shl     edx, cl
.text:080006CE                 xor     edx, 0FFFFFFFFh
.text:080006D1                 mov     ecx, [eax]
.text:080006D3                 and     ecx, edx
.text:080006D5                 mov     [eax], ecx
.text:080006D7                 leave
.text:080006D8                 retn
.text:080006D8 iflag_clear     endp
.text:080006D8
.text:080006D9
.text:080006D9 ; =============== S U B R O U T I N E =======================================
.text:080006D9
.text:080006D9 ; Attributes: bp-based frame
.text:080006D9
.text:080006D9 iflag_clear_all proc near               ; ...
.text:080006D9
.text:080006D9 arg_0           = dword ptr  8
.text:080006D9
.text:080006D9                 push    ebp
.text:080006DA                 mov     ebp, esp
.text:080006DC                 sub     esp, 0
.text:080006E2                 nop
.text:080006E3                 mov     eax, 10h
.text:080006E8                 push    eax
.text:080006E9                 mov     eax, 0
.text:080006EE                 push    eax
.text:080006EF                 mov     eax, [ebp+arg_0]
.text:080006F2                 push    eax
.text:080006F3                 call    memset
.text:080006F8                 add     esp, 0Ch
.text:080006FB                 leave
.text:080006FC                 retn
.text:080006FC iflag_clear_all endp
.text:080006FC
.text:080006FD
.text:080006FD ; =============== S U B R O U T I N E =======================================
.text:080006FD
.text:080006FD ; Attributes: bp-based frame
.text:080006FD
.text:080006FD iflag_set_all   proc near
.text:080006FD
.text:080006FD arg_0           = dword ptr  8
.text:080006FD
.text:080006FD                 push    ebp
.text:080006FE                 mov     ebp, esp
.text:08000700                 sub     esp, 0
.text:08000706                 nop
.text:08000707                 mov     eax, 10h
.text:0800070C                 push    eax
.text:0800070D                 mov     eax, 0FFFFFFFFh
.text:08000712                 push    eax
.text:08000713                 mov     eax, [ebp+arg_0]
.text:08000716                 push    eax
.text:08000717                 call    memset
.text:0800071C                 add     esp, 0Ch
.text:0800071F                 leave
.text:08000720                 retn
.text:08000720 iflag_set_all   endp
.text:08000720
.text:08000721
.text:08000721 ; =============== S U B R O U T I N E =======================================
.text:08000721
.text:08000721 ; Attributes: bp-based frame
.text:08000721
.text:08000721 iflag_cmp       proc near
.text:08000721
.text:08000721 var_4           = dword ptr -4
.text:08000721 arg_0           = dword ptr  8
.text:08000721 arg_4           = dword ptr  0Ch
.text:08000721
.text:08000721                 push    ebp
.text:08000722                 mov     ebp, esp
.text:08000724                 sub     esp, 4
.text:0800072A                 nop
.text:0800072B                 mov     eax, 3
.text:08000730                 mov     [ebp+var_4], eax
.text:08000733
.text:08000733 loc_8000733:                            ; ...
.text:08000733                 mov     eax, [ebp+var_4]
.text:08000736                 cmp     eax, 0
.text:08000739                 jl      loc_800079D
.text:0800073F                 jmp     loc_8000751
.text:08000744 ; ---------------------------------------------------------------------------
.text:08000744
.text:08000744 loc_8000744:                            ; ...
.text:08000744                 mov     eax, [ebp+var_4]
.text:08000747                 mov     ecx, eax
.text:08000749                 add     eax, 0FFFFFFFFh
.text:0800074C                 mov     [ebp+var_4], eax
.text:0800074F                 jmp     short loc_8000733
.text:08000751 ; ---------------------------------------------------------------------------
.text:08000751
.text:08000751 loc_8000751:                            ; ...
.text:08000751                 mov     eax, [ebp+arg_0]
.text:08000754                 mov     ecx, [ebp+var_4]
.text:08000757                 shl     ecx, 2
.text:0800075A                 add     eax, ecx
.text:0800075C                 mov     ecx, [ebp+arg_4]
.text:0800075F                 mov     edx, [ebp+var_4]
.text:08000762                 shl     edx, 2
.text:08000765                 add     ecx, edx
.text:08000767                 mov     edx, [eax]
.text:08000769                 mov     eax, [ecx]
.text:0800076B                 cmp     edx, eax
.text:0800076D                 jnz     loc_8000778
.text:08000773                 jmp     loc_8000744
.text:08000778 ; ---------------------------------------------------------------------------
.text:08000778
.text:08000778 loc_8000778:                            ; ...
.text:08000778                 mov     eax, [ebp+arg_0]
.text:0800077B                 mov     ecx, [ebp+var_4]
.text:0800077E                 shl     ecx, 2
.text:08000781                 add     eax, ecx
.text:08000783                 mov     ecx, [ebp+arg_4]
.text:08000786                 mov     edx, [ebp+var_4]
.text:08000789                 shl     edx, 2
.text:0800078C                 add     ecx, edx
.text:0800078E                 mov     edx, [eax]
.text:08000790                 mov     eax, [ecx]
.text:08000792                 sub     edx, eax
.text:08000794                 mov     eax, edx
.text:08000796                 jmp     locret_80007A2
.text:0800079B ; ---------------------------------------------------------------------------
.text:0800079B                 jmp     short loc_8000744
.text:0800079D ; ---------------------------------------------------------------------------
.text:0800079D
.text:0800079D loc_800079D:                            ; ...
.text:0800079D                 mov     eax, 0
.text:080007A2
.text:080007A2 locret_80007A2:                         ; ...
.text:080007A2                 leave
.text:080007A3                 retn
.text:080007A3 iflag_cmp       endp
.text:080007A3
.text:080007A4
.text:080007A4 ; =============== S U B R O U T I N E =======================================
.text:080007A4
.text:080007A4 ; Attributes: bp-based frame
.text:080007A4
.text:080007A4 iflag_xor       proc near
.text:080007A4
.text:080007A4 var_18          = dword ptr -18h
.text:080007A4 var_14          = byte ptr -14h
.text:080007A4 var_4           = dword ptr -4
.text:080007A4 arg_0           = dword ptr  8
.text:080007A4 arg_4           = dword ptr  0Ch
.text:080007A4 arg_8           = dword ptr  10h
.text:080007A4
.text:080007A4                 push    ebp
.text:080007A5                 mov     ebp, esp
.text:080007A7                 sub     esp, 18h
.text:080007AD                 nop
.text:080007AE                 mov     eax, 0
.text:080007B3                 mov     [ebp+var_4], eax
.text:080007B6
.text:080007B6 loc_80007B6:                            ; ...
.text:080007B6                 mov     eax, [ebp+var_4]
.text:080007B9                 cmp     eax, 4
.text:080007BC                 jnb     loc_8000803
.text:080007C2                 jmp     loc_80007D2
.text:080007C7 ; ---------------------------------------------------------------------------
.text:080007C7
.text:080007C7 loc_80007C7:                            ; ...
.text:080007C7                 mov     eax, [ebp+var_4]
.text:080007CA                 mov     ecx, eax
.text:080007CC                 inc     eax
.text:080007CD                 mov     [ebp+var_4], eax
.text:080007D0                 jmp     short loc_80007B6
.text:080007D2 ; ---------------------------------------------------------------------------
.text:080007D2
.text:080007D2 loc_80007D2:                            ; ...
.text:080007D2                 mov     eax, [ebp+var_4]
.text:080007D5                 shl     eax, 2
.text:080007D8                 lea     ecx, [ebp+var_14]
.text:080007DB                 add     ecx, eax
.text:080007DD                 mov     eax, [ebp+arg_4]
.text:080007E0                 mov     edx, [ebp+var_4]
.text:080007E3                 shl     edx, 2
.text:080007E6                 add     eax, edx
.text:080007E8                 mov     edx, [ebp+arg_8]
.text:080007EB                 mov     [ebp+var_18], ecx
.text:080007EE                 mov     ecx, [ebp+var_4]
.text:080007F1                 shl     ecx, 2
.text:080007F4                 add     edx, ecx
.text:080007F6                 mov     ecx, [eax]
.text:080007F8                 mov     eax, [edx]
.text:080007FA                 xor     ecx, eax
.text:080007FC                 mov     eax, [ebp+var_18]
.text:080007FF                 mov     [eax], ecx
.text:08000801                 jmp     short loc_80007C7
.text:08000803 ; ---------------------------------------------------------------------------
.text:08000803
.text:08000803 loc_8000803:                            ; ...
.text:08000803                 mov     eax, [ebp+arg_0]
.text:08000806                 mov     ecx, 10h
.text:0800080B                 push    ecx
.text:0800080C                 lea     ecx, [ebp+var_14]
.text:0800080F                 push    ecx
.text:08000810                 push    eax
.text:08000811                 call    memmove
.text:08000816                 add     esp, 0Ch
.text:08000819                 leave
.text:0800081A                 retn
.text:0800081A iflag_xor       endp
.text:0800081A
.text:0800081B
.text:0800081B ; =============== S U B R O U T I N E =======================================
.text:0800081B
.text:0800081B ; Attributes: bp-based frame
.text:0800081B
.text:0800081B iflag_cmp_cpu   proc near
.text:0800081B
.text:0800081B arg_0           = dword ptr  8
.text:0800081B arg_4           = dword ptr  0Ch
.text:0800081B
.text:0800081B                 push    ebp
.text:0800081C                 mov     ebp, esp
.text:0800081E                 sub     esp, 0
.text:08000824                 nop
.text:08000825                 mov     eax, [ebp+arg_0]
.text:08000828                 add     eax, 0Ch
.text:0800082B                 mov     ecx, [ebp+arg_4]
.text:0800082E                 add     ecx, 0Ch
.text:08000831                 mov     edx, [eax]
.text:08000833                 mov     eax, [ecx]
.text:08000835                 sub     edx, eax
.text:08000837                 mov     eax, edx
.text:08000839                 leave
.text:0800083A                 retn
.text:0800083A iflag_cmp_cpu   endp
.text:0800083A
.text:0800083B
.text:0800083B ; =============== S U B R O U T I N E =======================================
.text:0800083B
.text:0800083B ; Attributes: bp-based frame
.text:0800083B
.text:0800083B _iflag_cpu_level proc near              ; ...
.text:0800083B
.text:0800083B arg_0           = dword ptr  8
.text:0800083B
.text:0800083B                 push    ebp
.text:0800083C                 mov     ebp, esp
.text:0800083E                 sub     esp, 0
.text:08000844                 nop
.text:08000845                 mov     eax, [ebp+arg_0]
.text:08000848                 add     eax, 0Ch
.text:0800084B                 mov     ecx, [eax]
.text:0800084D                 and     ecx, 0FFFFh
.text:08000853                 mov     eax, ecx
.text:08000855                 leave
.text:08000856                 retn
.text:08000856 _iflag_cpu_level endp
.text:08000856
.text:08000857
.text:08000857 ; =============== S U B R O U T I N E =======================================
.text:08000857
.text:08000857 ; Attributes: bp-based frame
.text:08000857
.text:08000857 iflag_cmp_cpu_level proc near
.text:08000857
.text:08000857 var_8           = dword ptr -8
.text:08000857 var_4           = dword ptr -4
.text:08000857 arg_0           = dword ptr  8
.text:08000857 arg_4           = dword ptr  0Ch
.text:08000857
.text:08000857                 push    ebp
.text:08000858                 mov     ebp, esp
.text:0800085A                 sub     esp, 8
.text:08000860                 nop
.text:08000861                 mov     eax, [ebp+arg_0]
.text:08000864                 push    eax
.text:08000865                 call    _iflag_cpu_level
.text:0800086A                 add     esp, 4
.text:0800086D                 mov     [ebp+var_4], eax
.text:08000870                 mov     eax, [ebp+arg_4]
.text:08000873                 push    eax
.text:08000874                 call    _iflag_cpu_level
.text:08000879                 add     esp, 4
.text:0800087C                 mov     [ebp+var_8], eax
.text:0800087F                 mov     eax, [ebp+var_4]
.text:08000882                 mov     ecx, [ebp+var_8]
.text:08000885                 sub     eax, ecx
.text:08000887                 leave
.text:08000888                 retn
.text:08000888 iflag_cmp_cpu_level endp
.text:08000888
.text:08000889
.text:08000889 ; =============== S U B R O U T I N E =======================================
.text:08000889
.text:08000889 ; Attributes: bp-based frame
.text:08000889
.text:08000889 iflag_cpu_level_ok proc near
.text:08000889
.text:08000889 arg_0           = dword ptr  8
.text:08000889 arg_4           = dword ptr  0Ch
.text:08000889
.text:08000889                 push    ebp
.text:0800088A                 mov     ebp, esp
.text:0800088C                 sub     esp, 0
.text:08000892                 nop
.text:08000893                 mov     eax, [ebp+arg_0]
.text:08000896                 push    eax
.text:08000897                 call    _iflag_cpu_level
.text:0800089C                 add     esp, 4
.text:0800089F                 mov     ecx, [ebp+arg_4]
.text:080008A2                 and     ecx, 1Fh
.text:080008A5                 mov     edx, 1
.text:080008AA                 shl     edx, cl
.text:080008AC                 cmp     eax, edx
.text:080008AE                 mov     eax, 0
.text:080008B3                 setnb   al
.text:080008B6                 leave
.text:080008B7                 retn
.text:080008B7 iflag_cpu_level_ok endp
.text:080008B7
.text:080008B8
.text:080008B8 ; =============== S U B R O U T I N E =======================================
.text:080008B8
.text:080008B8 ; Attributes: bp-based frame
.text:080008B8
.text:080008B8 iflag_set_all_features proc near        ; ...
.text:080008B8
.text:080008B8 var_4           = dword ptr -4
.text:080008B8 arg_0           = dword ptr  8
.text:080008B8
.text:080008B8                 push    ebp
.text:080008B9                 mov     ebp, esp
.text:080008BB                 sub     esp, 4
.text:080008C1                 nop
.text:080008C2                 mov     eax, 1
.text:080008C7                 mov     [ebp+var_4], eax
.text:080008CA
.text:080008CA loc_80008CA:                            ; ...
.text:080008CA                 mov     eax, [ebp+var_4]
.text:080008CD                 cmp     eax, 3
.text:080008D0                 jnb     locret_80008FA
.text:080008D6                 jmp     loc_80008E6
.text:080008DB ; ---------------------------------------------------------------------------
.text:080008DB
.text:080008DB loc_80008DB:                            ; ...
.text:080008DB                 mov     eax, [ebp+var_4]
.text:080008DE                 mov     ecx, eax
.text:080008E0                 inc     eax
.text:080008E1                 mov     [ebp+var_4], eax
.text:080008E4                 jmp     short loc_80008CA
.text:080008E6 ; ---------------------------------------------------------------------------
.text:080008E6
.text:080008E6 loc_80008E6:                            ; ...
.text:080008E6                 mov     eax, [ebp+arg_0]
.text:080008E9                 mov     ecx, [ebp+var_4]
.text:080008EC                 shl     ecx, 2
.text:080008EF                 add     eax, ecx
.text:080008F1                 mov     ecx, 0FFFFFFFFh
.text:080008F6                 mov     [eax], ecx
.text:080008F8                 jmp     short loc_80008DB
.text:080008FA ; ---------------------------------------------------------------------------
.text:080008FA
.text:080008FA locret_80008FA:                         ; ...
.text:080008FA                 leave
.text:080008FB                 retn
.text:080008FB iflag_set_all_features endp
.text:080008FB
.text:080008FC
.text:080008FC ; =============== S U B R O U T I N E =======================================
.text:080008FC
.text:080008FC ; Attributes: bp-based frame
.text:080008FC
.text:080008FC iflag_set_cpu   proc near               ; ...
.text:080008FC
.text:080008FC arg_0           = dword ptr  8
.text:080008FC arg_4           = dword ptr  0Ch
.text:080008FC
.text:080008FC                 push    ebp
.text:080008FD                 mov     ebp, esp
.text:080008FF                 sub     esp, 0
.text:08000905                 nop
.text:08000906                 mov     eax, [ebp+arg_0]
.text:08000909                 mov     ecx, 0
.text:0800090E                 mov     [eax], ecx
.text:08000910                 mov     eax, [ebp+arg_0]
.text:08000913                 push    eax
.text:08000914                 call    iflag_set_all_features
.text:08000919                 add     esp, 4
.text:0800091C                 mov     eax, [ebp+arg_0]
.text:0800091F                 add     eax, 0Ch
.text:08000922                 mov     ecx, [eax]
.text:08000924                 and     ecx, 0FFFF0000h
.text:0800092A                 mov     [eax], ecx
.text:0800092C                 mov     eax, [ebp+arg_4]
.text:0800092F                 push    eax
.text:08000930                 mov     eax, [ebp+arg_0]
.text:08000933                 push    eax
.text:08000934                 call    iflag_set
.text:08000939                 add     esp, 8
.text:0800093C                 leave
.text:0800093D                 retn
.text:0800093D iflag_set_cpu   endp
.text:0800093D
.text:0800093E
.text:0800093E ; =============== S U B R O U T I N E =======================================
.text:0800093E
.text:0800093E ; Attributes: bp-based frame
.text:0800093E
.text:0800093E iflag_set_default_cpu proc near
.text:0800093E
.text:0800093E arg_0           = dword ptr  8
.text:0800093E
.text:0800093E                 push    ebp
.text:0800093F                 mov     ebp, esp
.text:08000941                 sub     esp, 0
.text:08000947                 nop
.text:08000948                 mov     eax, 6Fh
.text:0800094D                 push    eax
.text:0800094E                 mov     eax, [ebp+arg_0]
.text:08000951                 push    eax
.text:08000952                 call    iflag_set_cpu
.text:08000957                 add     esp, 8
.text:0800095A                 leave
.text:0800095B                 retn
.text:0800095B iflag_set_default_cpu endp
.text:0800095B
.text:0800095C
.text:0800095C ; =============== S U B R O U T I N E =======================================
.text:0800095C
.text:0800095C ; Attributes: bp-based frame
.text:0800095C
.text:0800095C _iflag_pfmask   proc near
.text:0800095C
.text:0800095C var_10          = byte ptr -10h
.text:0800095C arg_0           = dword ptr  8
.text:0800095C arg_4           = dword ptr  0Ch
.text:0800095C
.text:0800095C                 push    ebp
.text:0800095D                 mov     ebp, esp
.text:0800095F                 sub     esp, 10h
.text:08000965                 nop
.text:08000966                 lea     eax, [ebp+var_10]
.text:08000969                 push    eax
.text:0800096A                 call    iflag_clear_all
.text:0800096F                 add     esp, 4
.text:08000972                 mov     eax, 70h
.text:08000977                 push    eax
.text:08000978                 mov     eax, [ebp+arg_4]
.text:0800097B                 push    eax
.text:0800097C                 call    iflag_test
.text:08000981                 add     esp, 8
.text:08000984                 cmp     eax, 0
.text:08000987                 jz      loc_800099F
.text:0800098D                 mov     eax, 70h
.text:08000992                 push    eax
.text:08000993                 lea     eax, [ebp+var_10]
.text:08000996                 push    eax
.text:08000997                 call    iflag_set
.text:0800099C                 add     esp, 8
.text:0800099F
.text:0800099F loc_800099F:                            ; ...
.text:0800099F                 mov     eax, 71h
.text:080009A4                 push    eax
.text:080009A5                 mov     eax, [ebp+arg_4]
.text:080009A8                 push    eax
.text:080009A9                 call    iflag_test
.text:080009AE                 add     esp, 8
.text:080009B1                 cmp     eax, 0
.text:080009B4                 jz      loc_80009CC
.text:080009BA                 mov     eax, 71h
.text:080009BF                 push    eax
.text:080009C0                 lea     eax, [ebp+var_10]
.text:080009C3                 push    eax
.text:080009C4                 call    iflag_set
.text:080009C9                 add     esp, 8
.text:080009CC
.text:080009CC loc_80009CC:                            ; ...
.text:080009CC                 mov     eax, [ebp+arg_0]
.text:080009CF                 mov     ecx, 10h
.text:080009D4                 push    ecx
.text:080009D5                 lea     ecx, [ebp+var_10]
.text:080009D8                 push    ecx
.text:080009D9                 push    eax
.text:080009DA                 call    memmove
.text:080009DF                 add     esp, 0Ch
.text:080009E2                 leave
.text:080009E3                 retn
.text:080009E3 _iflag_pfmask   endp
.text:080009E3
.text:080009E4
.text:080009E4 ; =============== S U B R O U T I N E =======================================
.text:080009E4
.text:080009E4 ; Attributes: bp-based frame
.text:080009E4
.text:080009E4 itemp_has       proc near
.text:080009E4
.text:080009E4 arg_0           = dword ptr  8
.text:080009E4 arg_4           = dword ptr  0Ch
.text:080009E4
.text:080009E4                 push    ebp
.text:080009E5                 mov     ebp, esp
.text:080009E7                 sub     esp, 0
.text:080009ED                 nop
.text:080009EE                 mov     eax, [ebp+arg_0]
.text:080009F1                 add     eax, 40h
.text:080009F4                 mov     ecx, [eax]
.text:080009F6                 shl     ecx, 4
.text:080009F9                 mov     eax, offset insns_flags
.text:080009FE                 add     eax, ecx
.text:08000A00                 mov     ecx, [ebp+arg_4]
.text:08000A03                 push    ecx
.text:08000A04                 push    eax
.text:08000A05                 call    iflag_test
.text:08000A0A                 add     esp, 8
.text:08000A0D                 leave
.text:08000A0E                 retn
.text:08000A0E itemp_has       endp
.text:08000A0E
.text:08000A0F
.text:08000A0F ; =============== S U B R O U T I N E =======================================
.text:08000A0F
.text:08000A0F ; Attributes: bp-based frame
.text:08000A0F
.text:08000A0F opcode_is_db    proc near
.text:08000A0F
.text:08000A0F arg_0           = dword ptr  8
.text:08000A0F
.text:08000A0F                 push    ebp
.text:08000A10                 mov     ebp, esp
.text:08000A12                 sub     esp, 0
.text:08000A18                 nop
.text:08000A19                 mov     eax, [ebp+arg_0]
.text:08000A1C                 cmp     eax, 0
.text:08000A1F                 jl      loc_8000A38
.text:08000A25                 mov     eax, [ebp+arg_0]
.text:08000A28                 cmp     eax, 8
.text:08000A2B                 jge     loc_8000A38
.text:08000A31                 mov     eax, 1
.text:08000A36                 jmp     short locret_8000A3D
.text:08000A38 ; ---------------------------------------------------------------------------
.text:08000A38
.text:08000A38 loc_8000A38:                            ; ...
.text:08000A38                 mov     eax, 0
.text:08000A3D
.text:08000A3D locret_8000A3D:                         ; ...
.text:08000A3D                 leave
.text:08000A3E                 retn
.text:08000A3E opcode_is_db    endp
.text:08000A3E
.text:08000A3F
.text:08000A3F ; =============== S U B R O U T I N E =======================================
.text:08000A3F
.text:08000A3F ; Attributes: bp-based frame
.text:08000A3F
.text:08000A3F opcode_is_resb  proc near
.text:08000A3F
.text:08000A3F arg_0           = dword ptr  8
.text:08000A3F
.text:08000A3F                 push    ebp
.text:08000A40                 mov     ebp, esp
.text:08000A42                 sub     esp, 0
.text:08000A48                 nop
.text:08000A49                 mov     eax, [ebp+arg_0]
.text:08000A4C                 cmp     eax, 8
.text:08000A4F                 jl      loc_8000A68
.text:08000A55                 mov     eax, [ebp+arg_0]
.text:08000A58                 cmp     eax, 10h
.text:08000A5B                 jge     loc_8000A68
.text:08000A61                 mov     eax, 1
.text:08000A66                 jmp     short locret_8000A6D
.text:08000A68 ; ---------------------------------------------------------------------------
.text:08000A68
.text:08000A68 loc_8000A68:                            ; ...
.text:08000A68                 mov     eax, 0
.text:08000A6D
.text:08000A6D locret_8000A6D:                         ; ...
.text:08000A6D                 leave
.text:08000A6E                 retn
.text:08000A6E opcode_is_resb  endp
.text:08000A6E
.text:08000A6F
.text:08000A6F ; =============== S U B R O U T I N E =======================================
.text:08000A6F
.text:08000A6F ; Attributes: bp-based frame
.text:08000A6F
.text:08000A6F db_bytes        proc near
.text:08000A6F
.text:08000A6F arg_0           = dword ptr  8
.text:08000A6F
.text:08000A6F                 push    ebp
.text:08000A70                 mov     ebp, esp
.text:08000A72                 sub     esp, 0
.text:08000A78                 nop
.text:08000A79                 jmp     loc_8000AE7
.text:08000A7E ; ---------------------------------------------------------------------------
.text:08000A7E
.text:08000A7E loc_8000A7E:                            ; ...
.text:08000A7E                 mov     eax, 1
.text:08000A83                 jmp     locret_8000B30
.text:08000A88 ; ---------------------------------------------------------------------------
.text:08000A88
.text:08000A88 loc_8000A88:                            ; ...
.text:08000A88                 mov     eax, 2
.text:08000A8D                 jmp     locret_8000B30
.text:08000A92 ; ---------------------------------------------------------------------------
.text:08000A92
.text:08000A92 loc_8000A92:                            ; ...
.text:08000A92                 mov     eax, 4
.text:08000A97                 jmp     locret_8000B30
.text:08000A9C ; ---------------------------------------------------------------------------
.text:08000A9C
.text:08000A9C loc_8000A9C:                            ; ...
.text:08000A9C                 mov     eax, 8
.text:08000AA1                 jmp     locret_8000B30
.text:08000AA6 ; ---------------------------------------------------------------------------
.text:08000AA6
.text:08000AA6 loc_8000AA6:                            ; ...
.text:08000AA6                 mov     eax, 0Ah
.text:08000AAB                 jmp     locret_8000B30
.text:08000AB0 ; ---------------------------------------------------------------------------
.text:08000AB0
.text:08000AB0 loc_8000AB0:                            ; ...
.text:08000AB0                 mov     eax, 10h
.text:08000AB5                 jmp     locret_8000B30
.text:08000ABA ; ---------------------------------------------------------------------------
.text:08000ABA
.text:08000ABA loc_8000ABA:                            ; ...
.text:08000ABA                 mov     eax, 20h
.text:08000ABF                 jmp     locret_8000B30
.text:08000AC4 ; ---------------------------------------------------------------------------
.text:08000AC4
.text:08000AC4 loc_8000AC4:                            ; ...
.text:08000AC4                 mov     eax, 40h
.text:08000AC9                 jmp     locret_8000B30
.text:08000ACE ; ---------------------------------------------------------------------------
.text:08000ACE
.text:08000ACE loc_8000ACE:                            ; ...
.text:08000ACE                 mov     eax, 0FFFFFFFFh
.text:08000AD3                 jmp     locret_8000B30
.text:08000AD8 ; ---------------------------------------------------------------------------
.text:08000AD8
.text:08000AD8 loc_8000AD8:                            ; ...
.text:08000AD8                 mov     eax, 0
.text:08000ADD                 jmp     locret_8000B30
.text:08000AE2 ; ---------------------------------------------------------------------------
.text:08000AE2                 jmp     locret_8000B30
.text:08000AE7 ; ---------------------------------------------------------------------------
.text:08000AE7
.text:08000AE7 loc_8000AE7:                            ; ...
.text:08000AE7                 mov     eax, [ebp+arg_0]
.text:08000AEA                 cmp     eax, 3
.text:08000AED                 jg      loc_8000B1A
.text:08000AF3                 cmp     eax, 3
.text:08000AF6                 jge     short loc_8000A9C
.text:08000AF8                 cmp     eax, 0FFFFFFFFh
.text:08000AFB                 jz      short loc_8000ACE
.text:08000AFD                 cmp     eax, 0
.text:08000B00                 jz      loc_8000A7E
.text:08000B06                 cmp     eax, 1
.text:08000B09                 jz      loc_8000A88
.text:08000B0F                 cmp     eax, 2
.text:08000B12                 jz      loc_8000A92
.text:08000B18                 jmp     short loc_8000AD8
.text:08000B1A ; ---------------------------------------------------------------------------
.text:08000B1A
.text:08000B1A loc_8000B1A:                            ; ...
.text:08000B1A                 cmp     eax, 4
.text:08000B1D                 jz      short loc_8000AA6
.text:08000B1F                 cmp     eax, 5
.text:08000B22                 jz      short loc_8000AB0
.text:08000B24                 cmp     eax, 6
.text:08000B27                 jz      short loc_8000ABA
.text:08000B29                 cmp     eax, 7
.text:08000B2C                 jz      short loc_8000AC4
.text:08000B2E                 jmp     short loc_8000AD8
.text:08000B30 ; ---------------------------------------------------------------------------
.text:08000B30
.text:08000B30 locret_8000B30:                         ; ...
.text:08000B30                 leave
.text:08000B31                 retn
.text:08000B31 db_bytes        endp
.text:08000B31
.text:08000B32
.text:08000B32 ; =============== S U B R O U T I N E =======================================
.text:08000B32
.text:08000B32 ; Attributes: bp-based frame
.text:08000B32
.text:08000B32 resb_bytes      proc near
.text:08000B32
.text:08000B32 arg_0           = dword ptr  8
.text:08000B32
.text:08000B32                 push    ebp
.text:08000B33                 mov     ebp, esp
.text:08000B35                 sub     esp, 0
.text:08000B3B                 nop
.text:08000B3C                 jmp     loc_8000BAA
.text:08000B41 ; ---------------------------------------------------------------------------
.text:08000B41
.text:08000B41 loc_8000B41:                            ; ...
.text:08000B41                 mov     eax, 1
.text:08000B46                 jmp     locret_8000BF3
.text:08000B4B ; ---------------------------------------------------------------------------
.text:08000B4B
.text:08000B4B loc_8000B4B:                            ; ...
.text:08000B4B                 mov     eax, 2
.text:08000B50                 jmp     locret_8000BF3
.text:08000B55 ; ---------------------------------------------------------------------------
.text:08000B55
.text:08000B55 loc_8000B55:                            ; ...
.text:08000B55                 mov     eax, 4
.text:08000B5A                 jmp     locret_8000BF3
.text:08000B5F ; ---------------------------------------------------------------------------
.text:08000B5F
.text:08000B5F loc_8000B5F:                            ; ...
.text:08000B5F                 mov     eax, 8
.text:08000B64                 jmp     locret_8000BF3
.text:08000B69 ; ---------------------------------------------------------------------------
.text:08000B69
.text:08000B69 loc_8000B69:                            ; ...
.text:08000B69                 mov     eax, 0Ah
.text:08000B6E                 jmp     locret_8000BF3
.text:08000B73 ; ---------------------------------------------------------------------------
.text:08000B73
.text:08000B73 loc_8000B73:                            ; ...
.text:08000B73                 mov     eax, 10h
.text:08000B78                 jmp     locret_8000BF3
.text:08000B7D ; ---------------------------------------------------------------------------
.text:08000B7D
.text:08000B7D loc_8000B7D:                            ; ...
.text:08000B7D                 mov     eax, 20h
.text:08000B82                 jmp     locret_8000BF3
.text:08000B87 ; ---------------------------------------------------------------------------
.text:08000B87
.text:08000B87 loc_8000B87:                            ; ...
.text:08000B87                 mov     eax, 40h
.text:08000B8C                 jmp     locret_8000BF3
.text:08000B91 ; ---------------------------------------------------------------------------
.text:08000B91
.text:08000B91 loc_8000B91:                            ; ...
.text:08000B91                 mov     eax, 0FFFFFFFFh
.text:08000B96                 jmp     locret_8000BF3
.text:08000B9B ; ---------------------------------------------------------------------------
.text:08000B9B
.text:08000B9B loc_8000B9B:                            ; ...
.text:08000B9B                 mov     eax, 0
.text:08000BA0                 jmp     locret_8000BF3
.text:08000BA5 ; ---------------------------------------------------------------------------
.text:08000BA5                 jmp     locret_8000BF3
.text:08000BAA ; ---------------------------------------------------------------------------
.text:08000BAA
.text:08000BAA loc_8000BAA:                            ; ...
.text:08000BAA                 mov     eax, [ebp+arg_0]
.text:08000BAD                 cmp     eax, 0Bh
.text:08000BB0                 jg      loc_8000BDD
.text:08000BB6                 cmp     eax, 0Bh
.text:08000BB9                 jge     short loc_8000B5F
.text:08000BBB                 cmp     eax, 0FFFFFFFFh
.text:08000BBE                 jz      short loc_8000B91
.text:08000BC0                 cmp     eax, 8
.text:08000BC3                 jz      loc_8000B41
.text:08000BC9                 cmp     eax, 9
.text:08000BCC                 jz      loc_8000B4B
.text:08000BD2                 cmp     eax, 0Ah
.text:08000BD5                 jz      loc_8000B55
.text:08000BDB                 jmp     short loc_8000B9B
.text:08000BDD ; ---------------------------------------------------------------------------
.text:08000BDD
.text:08000BDD loc_8000BDD:                            ; ...
.text:08000BDD                 cmp     eax, 0Ch
.text:08000BE0                 jz      short loc_8000B69
.text:08000BE2                 cmp     eax, 0Dh
.text:08000BE5                 jz      short loc_8000B73
.text:08000BE7                 cmp     eax, 0Eh
.text:08000BEA                 jz      short loc_8000B7D
.text:08000BEC                 cmp     eax, 0Fh
.text:08000BEF                 jz      short loc_8000B87
.text:08000BF1                 jmp     short loc_8000B9B
.text:08000BF3 ; ---------------------------------------------------------------------------
.text:08000BF3
.text:08000BF3 locret_8000BF3:                         ; ...
.text:08000BF3                 leave
.text:08000BF4                 retn
.text:08000BF4 resb_bytes      endp
.text:08000BF4
.text:08000BF5
.text:08000BF5 ; =============== S U B R O U T I N E =======================================
.text:08000BF5
.text:08000BF5 ; Attributes: bp-based frame
.text:08000BF5
.text:08000BF5                 public prefix_name
.text:08000BF5 prefix_name     proc near
.text:08000BF5
.text:08000BF5 prefix          = dword ptr -4
.text:08000BF5 token           = dword ptr  8
.text:08000BF5
.text:08000BF5                 push    ebp
.text:08000BF6                 mov     ebp, esp
.text:08000BF8                 sub     esp, 4          ; static const char *prefix_names[] = {
.text:08000BF8                                         ; "a16", "a32", "a64", "asp", "lock", "o16", "o32", "o64", "osp",
.text:08000BF8                                         ; "rep", "repe", "repne", "repnz", "repz", "times", "wait",
.text:08000BF8                                         ; "xacquire", "xrelease", "bnd"
.text:08000BF8                                         ; };
.text:08000BFE                 nop
.text:08000BFF                 mov     eax, [ebp+token]
.text:08000C02                 sub     eax, 0F1h       ; PREFIX_ENUM_START;
.text:08000C08                 mov     [ebp+prefix], eax ; unsigned int prefix = token-PREFIX_ENUM_START;
.text:08000C0B                 mov     eax, [ebp+prefix] ; if (prefix >= ARRAY_SIZE(prefix_names))
.text:08000C0E                 cmp     eax, 19
.text:08000C11                 jb      pn_1
.text:08000C17                 mov     eax, 0
.text:08000C1C                 jmp     pn_2
.text:08000C21 ; ---------------------------------------------------------------------------
.text:08000C21
.text:08000C21 pn_1:                                   ; ...
.text:08000C21                 mov     eax, [ebp+prefix]
.text:08000C24                 shl     eax, 2
.text:08000C27                 mov     ecx, offset prefix_names
.text:08000C2C                 add     ecx, eax
.text:08000C2E                 mov     eax, [ecx]      ; return prefix_names[prefix];
.text:08000C30
.text:08000C30 pn_2:                                   ; ...
.text:08000C30                 leave
.text:08000C31                 retn
.text:08000C31 prefix_name     endp
.text:08000C31
.text:08000C31 _text           ends
.text:08000C31
.data:08000C34 ; ===========================================================================
.data:08000C34
.data:08000C34 ; Segment type: Pure data
.data:08000C34 ; Segment permissions: Read/Write
.data:08000C34 _data           segment dword public 'DATA' use32
.data:08000C34                 assume cs:_data
.data:08000C34                 ;org 8000C34h
.data:08000C34 ccode_opcodes   db 7, 3, 2, 6, 2, 4, 0Fh, 0Dh, 0Ch, 0Eh, 6, 2, 3, 7, 3 ; ...
.data:08000C34                 db 5, 0Eh, 0Ch, 0Dh, 0Fh, 1, 0Bh, 9, 5, 0, 0Ah, 0Ah, 0Bh
.data:08000C34                 db 8, 4, 0, 0
.data:08000C54                 public globalbits
.data:08000C54 globalbits      dd 0
.data:08000C58 prefix_names    dd offset L_161         ; ...
.data:08000C58                                         ; "a16"
.data:08000C5C                 dd offset L_162         ; "a32"
.data:08000C60                 dd offset L_163         ; "a64"
.data:08000C64                 dd offset L_164         ; "asp"
.data:08000C68                 dd offset L_165         ; "lock"
.data:08000C6C                 dd offset L_166         ; "o16"
.data:08000C70                 dd offset L_167         ; "o32"
.data:08000C74                 dd offset L_168         ; "o64"
.data:08000C78                 dd offset L_169         ; "osp"
.data:08000C7C                 dd offset L_170         ; "rep"
.data:08000C80                 dd offset L_171         ; "repe"
.data:08000C84                 dd offset L_172         ; "repne"
.data:08000C88                 dd offset L_173         ; "repnz"
.data:08000C8C                 dd offset L_174         ; "repz"
.data:08000C90                 dd offset L_175         ; "times"
.data:08000C94                 dd offset L_176         ; "wait"
.data:08000C98                 dd offset L_177         ; "xacquire"
.data:08000C9C                 dd offset L_178         ; "xrelease"
.data:08000CA0                 dd offset L_179         ; "bnd"
.data:08000CA4 L_161           db 'a16',0              ; ...
.data:08000CA8 L_162           db 'a32',0              ; ...
.data:08000CAC L_163           db 'a64',0              ; ...
.data:08000CB0 L_164           db 'asp',0              ; ...
.data:08000CB4 L_165           db 'lock',0             ; ...
.data:08000CB9 L_166           db 'o16',0              ; ...
.data:08000CBD L_167           db 'o32',0              ; ...
.data:08000CC1 L_168           db 'o64',0              ; ...
.data:08000CC5 L_169           db 'osp',0              ; ...
.data:08000CC9 L_170           db 'rep',0              ; ...
.data:08000CCD L_171           db 'repe',0             ; ...
.data:08000CD2 L_172           db 'repne',0            ; ...
.data:08000CD8 L_173           db 'repnz',0            ; ...
.data:08000CDE L_174           db 'repz',0             ; ...
.data:08000CE3 L_175           db 'times',0            ; ...
.data:08000CE9 L_176           db 'wait',0             ; ...
.data:08000CEE L_177           db 'xacquire',0         ; ...
.data:08000CF7 L_178           db 'xrelease',0         ; ...
.data:08000D00 L_179           db 'bnd',0              ; ...
.data:08000D00 _data           ends
.data:08000D00
.bss:08000D04 ; ===========================================================================
.bss:08000D04
.bss:08000D04 ; Segment type: Zero-length
.bss:08000D04 ; Segment permissions: Read/Write
.bss:08000D04 _bss            segment dword public 'BSS' use32
.bss:08000D04 _bss            ends
.bss:08000D04
extern:08000D08 ; ===========================================================================
extern:08000D08
extern:08000D08 ; Segment type: Externs
extern:08000D08 ; extern
extern:08000D08                 extrn __ashldi3:near    ; ...
extern:08000D0C                 extrn directive_hash    ; ...
extern:08000D10                 extrn perfhash_find:near ; ...
extern:08000D14                 extrn directive_tbl     ; ...
extern:08000D18                 extrn invalid_enum_str:near ; ...
extern:08000D1C                 extrn nasm_reg_flags    ; ...
extern:08000D20                 extrn isalpha:near      ; ...
extern:08000D24                 extrn isdigit:near      ; ...
extern:08000D28                 extrn memset:near       ; ...
extern:08000D2C                 extrn memmove:near      ; ...
extern:08000D30                 extrn insns_flags       ; ...
extern:08000D30
extern:08000D30
extern:08000D30                 end
