.text:08000000 ;
.text:08000000 ; +-------------------------------------------------------------------------+
.text:08000000 ; |   This file has been generated by The Interactive Disassembler (IDA)    |
.text:08000000 ; |           Copyright (c) 2018 Hex-Rays, <support@hex-rays.com>           |
.text:08000000 ; |                            Freeware version                             |
.text:08000000 ; +-------------------------------------------------------------------------+
.text:08000000 ;
.text:08000000 ; Input SHA256 : 1B29D59B734F188E84D4B01C86B07B2C18C1C2D0250A2418FE970BC369609B3C
.text:08000000 ; Input MD5    : CBB855D09683A81E9F7CDE485B1F1CF8
.text:08000000 ; Input CRC32  : C3C7FAB7
.text:08000000
.text:08000000 ; File Name   : C:\Users\90542\OneDrive\Masaüstü\nasm_214_c_o\errfile.o
.text:08000000 ; Format      : ELF for Intel 386 (Relocatable)
.text:08000000 ;
.text:08000000 ; Source File : 'errfile.c'
.text:08000000
.text:08000000                 .686p
.text:08000000                 .mmx
.text:08000000                 .model flat
.text:08000000 .intel_syntax noprefix
.text:08000000
.text:08000000 ; ===========================================================================
.text:08000000
.text:08000000 ; Segment type: Zero-length
.text:08000000 ; Segment permissions: Read/Execute
.text:08000000 _text           segment dword public 'CODE' use32
.text:08000000 _text           ends
.text:08000000
.data:08000004 ; ===========================================================================
.data:08000004
.data:08000004 ; Segment type: Zero-length
.data:08000004 ; Segment permissions: Read/Write
.data:08000004 _data           segment dword public 'DATA' use32
.data:08000004 _data           ends
.data:08000004
.bss:08000008 ; ===========================================================================
.bss:08000008
.bss:08000008 ; Segment type: Uninitialized
.bss:08000008 ; Segment permissions: Read/Write
.bss:08000008 _bss            segment dword public 'BSS' use32
.bss:08000008                 assume cs:_bss
.bss:08000008                 ;org 8000008h
.bss:08000008                 assume es:nothing, ss:nothing, ds:_text, fs:nothing, gs:nothing
.bss:08000008                 public error_file
.bss:08000008 error_file      dd ?
.bss:08000008 _bss            ends
.bss:08000008
.bss:08000008
.bss:08000008                 end
