.text:08000000 ;
.text:08000000 ; +-------------------------------------------------------------------------+
.text:08000000 ; |   This file has been generated by The Interactive Disassembler (IDA)    |
.text:08000000 ; |           Copyright (c) 2018 Hex-Rays, <support@hex-rays.com>           |
.text:08000000 ; |                            Freeware version                             |
.text:08000000 ; +-------------------------------------------------------------------------+
.text:08000000 ;
.text:08000000 ; Input SHA256 : B2E21596E0DABF7078932AA7AC2696363769EFCF937B7AFB307B8E41C0D0011B
.text:08000000 ; Input MD5    : 9F8C809F94F79FA1244B3C81F9E97E4C
.text:08000000 ; Input CRC32  : D4CEBF43
.text:08000000
.text:08000000 ; File Name   : C:\Users\90542\OneDrive\Masaüstü\file.o
.text:08000000 ; Format      : ELF for Intel 386 (Relocatable)
.text:08000000 ;
.text:08000000 ; Source File : 'file.c'
.text:08000000
.text:08000000                 .686p
.text:08000000                 .mmx
.text:08000000                 .model flat
.text:08000000 .intel_syntax noprefix
.text:08000000
.text:08000000 ; ===========================================================================
.text:08000000
.text:08000000 ; Segment type: Zero-length
.text:08000000 ; Segment permissions: Read/Execute
.text:08000000 _text           segment dword public 'CODE' use32
.text:08000000 _text           ends
.text:08000000
.data:08000004 ; ===========================================================================
.data:08000004
.data:08000004 ; Segment type: Zero-length
.data:08000004 ; Segment permissions: Read/Write
.data:08000004 _data           segment dword public 'DATA' use32
.data:08000004 _data           ends
.data:08000004
.bss:08000008 ; ===========================================================================
.bss:08000008
.bss:08000008 ; Segment type: Zero-length
.bss:08000008 ; Segment permissions: Read/Write
.bss:08000008 _bss            segment dword public 'BSS' use32
.bss:08000008 _bss            ends
.bss:08000008
.rdata:0800000C ; ===========================================================================
.rdata:0800000C
.rdata:0800000C ; Segment type: Pure data
.rdata:0800000C ; Segment permissions: Read
.rdata:0800000C _rdata          segment dword public 'CONST' use32
.rdata:0800000C                 assume cs:_rdata
.rdata:0800000C                 ;org 800000Ch
.rdata:0800000C aUnableToReadIn db 'unable to read input: %s',0 ; ...
.rdata:08000025 aFatalShortRead db 'fatal short read on input',0 ; ...
.rdata:0800003F aUnableToWriteO db 'unable to write output: %s',0 ; ...
.rdata:0800005A aRt             db 'rt',0               ; ...
.rdata:0800005D aRb             db 'rb',0               ; ...
.rdata:08000060 aUnableToOpenIn db 'unable to open input file: `%s',27h,': %s',0 ; ...
.rdata:08000084 aWt             db 'wt',0               ; ...
.rdata:08000087 aWb             db 'wb',0               ; ...
.rdata:0800008A                 align 4
.rdata:0800008C aUnableToOpenOu db 'unable to open output file: `%s',27h,': %s',0 ; ...
.rdata:080000B1                 align 4
.rdata:080000B1 _rdata          ends
.rdata:080000B1
.text.unlikely.nasm_read:080000B4 ; ===========================================================================
.text.unlikely.nasm_read:080000B4
.text.unlikely.nasm_read:080000B4 ; Segment type: Pure code
.text.unlikely.nasm_read:080000B4 ; Segment permissions: Read/Execute
.text.unlikely.nasm_read:080000B4 _text_unlikely_nasm_read segment dword public 'CODE' use32
.text.unlikely.nasm_read:080000B4                 assume cs:_text_unlikely_nasm_read
.text.unlikely.nasm_read:080000B4                 ;org 80000B4h
.text.unlikely.nasm_read:080000B4 ; START OF FUNCTION CHUNK FOR nasm_read
.text.unlikely.nasm_read:080000B4                 assume es:nothing, ss:nothing, ds:_text, fs:nothing, gs:nothing
.text.unlikely.nasm_read:080000B4
.text.unlikely.nasm_read:080000B4 nasm_read_cold:                         ; ...
.text.unlikely.nasm_read:080000B4                 mov     dword ptr [esp+4], offset aFatalShortRead ; "fatal short read on input"
.text.unlikely.nasm_read:080000BC                 mov     dword ptr [esp], 0
.text.unlikely.nasm_read:080000C3                 call    _nasm_fatal
.text.unlikely.nasm_read:080000C3 ; END OF FUNCTION CHUNK FOR nasm_read
.text.unlikely.nasm_read:080000C3 _text_unlikely_nasm_read ends
.text.unlikely.nasm_read:080000C3
.text$nasm_read:080000D0 ; ===========================================================================
.text$nasm_read:080000D0
.text$nasm_read:080000D0 ; Segment type: Pure code
.text$nasm_read:080000D0 ; Segment permissions: Read/Execute
.text$nasm_read:080000D0 _text$nasm_read segment para public 'CODE' use32
.text$nasm_read:080000D0                 assume cs:_text$nasm_read
.text$nasm_read:080000D0                 ;org 80000D0h
.text$nasm_read:080000D0                 assume es:nothing, ss:nothing, ds:_text, fs:nothing, gs:nothing
.text$nasm_read:080000D0
.text$nasm_read:080000D0 ; =============== S U B R O U T I N E =======================================
.text$nasm_read:080000D0
.text$nasm_read:080000D0
.text$nasm_read:080000D0                 public nasm_read
.text$nasm_read:080000D0 nasm_read       proc near
.text$nasm_read:080000D0
.text$nasm_read:080000D0 var_1C          = dword ptr -1Ch
.text$nasm_read:080000D0 var_18          = dword ptr -18h
.text$nasm_read:080000D0 var_14          = dword ptr -14h
.text$nasm_read:080000D0 n               = dword ptr -10h
.text$nasm_read:080000D0 ptr             = dword ptr  4
.text$nasm_read:080000D0 size            = dword ptr  8
.text$nasm_read:080000D0 f               = dword ptr  0Ch
.text$nasm_read:080000D0
.text$nasm_read:080000D0 ; FUNCTION CHUNK AT .text.unlikely.nasm_read:080000B4 SIZE 00000014 BYTES
.text$nasm_read:080000D0
.text$nasm_read:080000D0                 push    esi
.text$nasm_read:080000D1                 push    ebx
.text$nasm_read:080000D2                 sub     esp, 20
.text$nasm_read:080000D5                 mov     ebx, [esp+28h]
.text$nasm_read:080000D9                 mov     esi, [esp+24h]
.text$nasm_read:080000DD                 mov     dword ptr [esp+4], 1
.text$nasm_read:080000E5                 mov     eax, [esp+20h]
.text$nasm_read:080000E9                 mov     [esp+0Ch], ebx
.text$nasm_read:080000ED                 mov     [esp+8], esi
.text$nasm_read:080000F1                 mov     [esp], eax
.text$nasm_read:080000F4                 call    _fread
.text$nasm_read:080000F9                 mov     edx, [ebx+0Ch]
.text$nasm_read:080000FC                 test    dl, 20h
.text$nasm_read:080000FF                 jnz     short nr_1
.text$nasm_read:08000101                 cmp     esi, eax
.text$nasm_read:08000103                 jnz     nasm_read_cold
.text$nasm_read:08000109                 and     edx, 10h
.text$nasm_read:0800010C                 jnz     nasm_read_cold
.text$nasm_read:08000112                 add     esp, 20
.text$nasm_read:08000115                 pop     ebx
.text$nasm_read:08000116                 pop     esi
.text$nasm_read:08000117                 retn
.text$nasm_read:08000118 ; ---------------------------------------------------------------------------
.text$nasm_read:08000118
.text$nasm_read:08000118 nr_1:                                   ; ...
.text$nasm_read:08000118                 call    __errno
.text$nasm_read:0800011D                 mov     eax, [eax]
.text$nasm_read:0800011F                 mov     [esp], eax
.text$nasm_read:08000122                 call    _strerror
.text$nasm_read:08000127                 mov     dword ptr [esp+4], offset aUnableToReadIn ; "unable to read input: %s"
.text$nasm_read:0800012F                 mov     [esp+8], eax
.text$nasm_read:08000133                 mov     dword ptr [esp], 0
.text$nasm_read:0800013A                 call    _nasm_fatal
.text$nasm_read:0800013F                 nop
.text$nasm_read:0800013F nasm_read       endp ; sp-analysis failed
.text$nasm_read:0800013F
.text$nasm_read:0800013F _text$nasm_read ends
.text$nasm_read:0800013F
.text$nasm_write:08000140 ; ===========================================================================
.text$nasm_write:08000140
.text$nasm_write:08000140 ; Segment type: Pure code
.text$nasm_write:08000140 ; Segment permissions: Read/Execute
.text$nasm_write:08000140 _text$nasm_write segment para public 'CODE' use32
.text$nasm_write:08000140                 assume cs:_text$nasm_write
.text$nasm_write:08000140                 ;org 8000140h
.text$nasm_write:08000140                 assume es:nothing, ss:nothing, ds:_text, fs:nothing, gs:nothing
.text$nasm_write:08000140
.text$nasm_write:08000140 ; =============== S U B R O U T I N E =======================================
.text$nasm_write:08000140
.text$nasm_write:08000140
.text$nasm_write:08000140                 public nasm_write
.text$nasm_write:08000140 nasm_write      proc near
.text$nasm_write:08000140
.text$nasm_write:08000140 var_1C          = dword ptr -1Ch
.text$nasm_write:08000140 var_18          = dword ptr -18h
.text$nasm_write:08000140 var_14          = dword ptr -14h
.text$nasm_write:08000140 var_10          = dword ptr -10h
.text$nasm_write:08000140 ptr             = dword ptr  4
.text$nasm_write:08000140 size            = dword ptr  8
.text$nasm_write:08000140 f               = dword ptr  0Ch
.text$nasm_write:08000140
.text$nasm_write:08000140                 push    esi
.text$nasm_write:08000141                 push    ebx
.text$nasm_write:08000142                 sub     esp, 20
.text$nasm_write:08000145                 mov     ebx, [esp+24h]
.text$nasm_write:08000149                 mov     esi, [esp+28h]
.text$nasm_write:0800014D                 mov     dword ptr [esp+4], 1
.text$nasm_write:08000155                 mov     eax, [esp+20h]
.text$nasm_write:08000159                 mov     [esp+0Ch], esi
.text$nasm_write:0800015D                 mov     [esp+8], ebx
.text$nasm_write:08000161                 mov     [esp], eax
.text$nasm_write:08000164                 call    _fwrite
.text$nasm_write:08000169                 cmp     ebx, eax
.text$nasm_write:0800016B                 jnz     short nw_1
.text$nasm_write:0800016D                 test    byte ptr [esi+12], 30h
.text$nasm_write:08000171                 jnz     short nw_1
.text$nasm_write:08000173                 add     esp, 20
.text$nasm_write:08000176                 pop     ebx
.text$nasm_write:08000177                 pop     esi
.text$nasm_write:08000178                 retn
.text$nasm_write:08000179 ; ---------------------------------------------------------------------------
.text$nasm_write:08000179
.text$nasm_write:08000179 nw_1:                                   ; ...
.text$nasm_write:08000179                 call    __errno
.text$nasm_write:0800017E                 mov     eax, [eax]
.text$nasm_write:08000180                 mov     [esp], eax
.text$nasm_write:08000183                 call    _strerror
.text$nasm_write:08000188                 mov     dword ptr [esp+4], offset aUnableToWriteO ; "unable to write output: %s"
.text$nasm_write:08000190                 mov     [esp+8], eax
.text$nasm_write:08000194                 mov     dword ptr [esp], 0
.text$nasm_write:0800019B                 call    _nasm_fatal
.text$nasm_write:0800019B nasm_write      endp ; sp-analysis failed
.text$nasm_write:0800019B
.text$nasm_write:0800019B _text$nasm_write ends
.text$nasm_write:0800019B
.text$fwriteint16_t:080001A0 ; ===========================================================================
.text$fwriteint16_t:080001A0
.text$fwriteint16_t:080001A0 ; Segment type: Pure code
.text$fwriteint16_t:080001A0 ; Segment permissions: Read/Execute
.text$fwriteint16_t:080001A0 _text$fwriteint16_t segment para public 'CODE' use32
.text$fwriteint16_t:080001A0                 assume cs:_text$fwriteint16_t
.text$fwriteint16_t:080001A0                 ;org 80001A0h
.text$fwriteint16_t:080001A0                 assume es:nothing, ss:nothing, ds:_text, fs:nothing, gs:nothing
.text$fwriteint16_t:080001A0
.text$fwriteint16_t:080001A0 ; =============== S U B R O U T I N E =======================================
.text$fwriteint16_t:080001A0
.text$fwriteint16_t:080001A0
.text$fwriteint16_t:080001A0                 public fwriteint16_t
.text$fwriteint16_t:080001A0 fwriteint16_t   proc near
.text$fwriteint16_t:080001A0
.text$fwriteint16_t:080001A0 var_2C          = dword ptr -2Ch
.text$fwriteint16_t:080001A0 var_28          = dword ptr -28h
.text$fwriteint16_t:080001A0 var_24          = dword ptr -24h
.text$fwriteint16_t:080001A0 var_20          = dword ptr -20h
.text$fwriteint16_t:080001A0 var_10          = word ptr -10h
.text$fwriteint16_t:080001A0 arg_0           = dword ptr  4
.text$fwriteint16_t:080001A0 arg_4           = dword ptr  8
.text$fwriteint16_t:080001A0
.text$fwriteint16_t:080001A0                 push    ebx
.text$fwriteint16_t:080001A1                 sub     esp, 40
.text$fwriteint16_t:080001A4                 mov     eax, [esp+30h]
.text$fwriteint16_t:080001A8                 mov     ebx, [esp+34h]
.text$fwriteint16_t:080001AC                 mov     dword ptr [esp+8], 2
.text$fwriteint16_t:080001B4                 mov     dword ptr [esp+4], 1
.text$fwriteint16_t:080001BC                 mov     [esp+1Ch], ax
.text$fwriteint16_t:080001C1                 lea     eax, [esp+1Ch]
.text$fwriteint16_t:080001C5                 mov     [esp+0Ch], ebx
.text$fwriteint16_t:080001C9                 mov     [esp], eax
.text$fwriteint16_t:080001CC                 call    _fwrite
.text$fwriteint16_t:080001D1                 cmp     eax, 2
.text$fwriteint16_t:080001D4                 jnz     short fw16_1
.text$fwriteint16_t:080001D6                 test    byte ptr [ebx+0Ch], 30h
.text$fwriteint16_t:080001DA                 jnz     short fw16_1
.text$fwriteint16_t:080001DC                 add     esp, 40
.text$fwriteint16_t:080001DF                 pop     ebx
.text$fwriteint16_t:080001E0                 retn
.text$fwriteint16_t:080001E1 ; ---------------------------------------------------------------------------
.text$fwriteint16_t:080001E1
.text$fwriteint16_t:080001E1 fw16_1:                                 ; ...
.text$fwriteint16_t:080001E1                 call    __errno
.text$fwriteint16_t:080001E6                 mov     eax, [eax]
.text$fwriteint16_t:080001E8                 mov     [esp], eax
.text$fwriteint16_t:080001EB                 call    _strerror
.text$fwriteint16_t:080001F0                 mov     dword ptr [esp+4], offset aUnableToWriteO ; "unable to write output: %s"
.text$fwriteint16_t:080001F8                 mov     [esp+8], eax
.text$fwriteint16_t:080001FC                 mov     dword ptr [esp], 0
.text$fwriteint16_t:08000203                 call    _nasm_fatal
.text$fwriteint16_t:08000208                 nop
.text$fwriteint16_t:08000209                 nop
.text$fwriteint16_t:0800020A                 nop
.text$fwriteint16_t:0800020B                 nop
.text$fwriteint16_t:0800020C                 nop
.text$fwriteint16_t:0800020D                 nop
.text$fwriteint16_t:0800020E                 nop
.text$fwriteint16_t:0800020F                 nop
.text$fwriteint16_t:0800020F fwriteint16_t   endp ; sp-analysis failed
.text$fwriteint16_t:0800020F
.text$fwriteint16_t:0800020F _text$fwriteint16_t ends
.text$fwriteint16_t:0800020F
.text$fwriteint32_t:08000210 ; ===========================================================================
.text$fwriteint32_t:08000210
.text$fwriteint32_t:08000210 ; Segment type: Pure code
.text$fwriteint32_t:08000210 ; Segment permissions: Read/Execute
.text$fwriteint32_t:08000210 _text$fwriteint32_t segment para public 'CODE' use32
.text$fwriteint32_t:08000210                 assume cs:_text$fwriteint32_t
.text$fwriteint32_t:08000210                 ;org 8000210h
.text$fwriteint32_t:08000210                 assume es:nothing, ss:nothing, ds:_text, fs:nothing, gs:nothing
.text$fwriteint32_t:08000210
.text$fwriteint32_t:08000210 ; =============== S U B R O U T I N E =======================================
.text$fwriteint32_t:08000210
.text$fwriteint32_t:08000210
.text$fwriteint32_t:08000210                 public fwriteint32_t
.text$fwriteint32_t:08000210 fwriteint32_t   proc near
.text$fwriteint32_t:08000210
.text$fwriteint32_t:08000210 var_1C          = dword ptr -1Ch
.text$fwriteint32_t:08000210 var_18          = dword ptr -18h
.text$fwriteint32_t:08000210 var_14          = dword ptr -14h
.text$fwriteint32_t:08000210 var_10          = dword ptr -10h
.text$fwriteint32_t:08000210 arg_0           = byte ptr  4
.text$fwriteint32_t:08000210 arg_4           = dword ptr  8
.text$fwriteint32_t:08000210
.text$fwriteint32_t:08000210                 push    ebx
.text$fwriteint32_t:08000211                 sub     esp, 24
.text$fwriteint32_t:08000214                 mov     ebx, [esp+24h]
.text$fwriteint32_t:08000218                 lea     eax, [esp+20h]
.text$fwriteint32_t:0800021C                 mov     dword ptr [esp+8], 4
.text$fwriteint32_t:08000224                 mov     dword ptr [esp+4], 1
.text$fwriteint32_t:0800022C                 mov     [esp+0Ch], ebx
.text$fwriteint32_t:08000230                 mov     [esp], eax
.text$fwriteint32_t:08000233                 call    _fwrite
.text$fwriteint32_t:08000238                 cmp     eax, 4
.text$fwriteint32_t:0800023B                 jnz     short fw32_1
.text$fwriteint32_t:0800023D                 test    byte ptr [ebx+0Ch], 30h
.text$fwriteint32_t:08000241                 jnz     short fw32_1
.text$fwriteint32_t:08000243                 add     esp, 24
.text$fwriteint32_t:08000246                 pop     ebx
.text$fwriteint32_t:08000247                 retn
.text$fwriteint32_t:08000248 ; ---------------------------------------------------------------------------
.text$fwriteint32_t:08000248
.text$fwriteint32_t:08000248 fw32_1:                                 ; ...
.text$fwriteint32_t:08000248                 call    __errno
.text$fwriteint32_t:0800024D                 mov     eax, [eax]
.text$fwriteint32_t:0800024F                 mov     [esp], eax
.text$fwriteint32_t:08000252                 call    _strerror
.text$fwriteint32_t:08000257                 mov     dword ptr [esp+4], offset aUnableToWriteO ; "unable to write output: %s"
.text$fwriteint32_t:0800025F                 mov     [esp+8], eax
.text$fwriteint32_t:08000263                 mov     dword ptr [esp], 0
.text$fwriteint32_t:0800026A                 call    _nasm_fatal
.text$fwriteint32_t:0800026F                 nop
.text$fwriteint32_t:0800026F fwriteint32_t   endp ; sp-analysis failed
.text$fwriteint32_t:0800026F
.text$fwriteint32_t:0800026F _text$fwriteint32_t ends
.text$fwriteint32_t:0800026F
.text$fwriteint64_t:08000270 ; ===========================================================================
.text$fwriteint64_t:08000270
.text$fwriteint64_t:08000270 ; Segment type: Pure code
.text$fwriteint64_t:08000270 ; Segment permissions: Read/Execute
.text$fwriteint64_t:08000270 _text$fwriteint64_t segment para public 'CODE' use32
.text$fwriteint64_t:08000270                 assume cs:_text$fwriteint64_t
.text$fwriteint64_t:08000270                 ;org 8000270h
.text$fwriteint64_t:08000270                 assume es:nothing, ss:nothing, ds:_text, fs:nothing, gs:nothing
.text$fwriteint64_t:08000270
.text$fwriteint64_t:08000270 ; =============== S U B R O U T I N E =======================================
.text$fwriteint64_t:08000270
.text$fwriteint64_t:08000270
.text$fwriteint64_t:08000270                 public fwriteint64_t
.text$fwriteint64_t:08000270 fwriteint64_t   proc near
.text$fwriteint64_t:08000270
.text$fwriteint64_t:08000270 var_2C          = dword ptr -2Ch
.text$fwriteint64_t:08000270 var_28          = dword ptr -28h
.text$fwriteint64_t:08000270 var_24          = dword ptr -24h
.text$fwriteint64_t:08000270 var_20          = dword ptr -20h
.text$fwriteint64_t:08000270 var_14          = dword ptr -14h
.text$fwriteint64_t:08000270 var_10          = dword ptr -10h
.text$fwriteint64_t:08000270 arg_0           = dword ptr  4
.text$fwriteint64_t:08000270 arg_4           = dword ptr  8
.text$fwriteint64_t:08000270 arg_8           = dword ptr  0Ch
.text$fwriteint64_t:08000270
.text$fwriteint64_t:08000270                 push    ebx
.text$fwriteint64_t:08000271                 sub     esp, 40
.text$fwriteint64_t:08000274                 mov     eax, [esp+30h]
.text$fwriteint64_t:08000278                 mov     ebx, [esp+38h]
.text$fwriteint64_t:0800027C                 mov     dword ptr [esp+8], 8
.text$fwriteint64_t:08000284                 mov     dword ptr [esp+4], 1
.text$fwriteint64_t:0800028C                 mov     [esp+18h], eax
.text$fwriteint64_t:08000290                 mov     eax, [esp+34h]
.text$fwriteint64_t:08000294                 mov     [esp+0Ch], ebx
.text$fwriteint64_t:08000298                 mov     [esp+1Ch], eax
.text$fwriteint64_t:0800029C                 lea     eax, [esp+18h]
.text$fwriteint64_t:080002A0                 mov     [esp], eax
.text$fwriteint64_t:080002A3                 call    _fwrite
.text$fwriteint64_t:080002A8                 cmp     eax, 8
.text$fwriteint64_t:080002AB                 jnz     short fw64_2
.text$fwriteint64_t:080002AD                 test    byte ptr [ebx+0Ch], 30h
.text$fwriteint64_t:080002B1                 jnz     short fw64_2
.text$fwriteint64_t:080002B3                 add     esp, 40
.text$fwriteint64_t:080002B6                 pop     ebx
.text$fwriteint64_t:080002B7                 retn
.text$fwriteint64_t:080002B8 ; ---------------------------------------------------------------------------
.text$fwriteint64_t:080002B8
.text$fwriteint64_t:080002B8 fw64_2:                                 ; ...
.text$fwriteint64_t:080002B8                 call    __errno
.text$fwriteint64_t:080002BD                 mov     eax, [eax]
.text$fwriteint64_t:080002BF                 mov     [esp], eax
.text$fwriteint64_t:080002C2                 call    _strerror
.text$fwriteint64_t:080002C7                 mov     dword ptr [esp+4], offset aUnableToWriteO ; "unable to write output: %s"
.text$fwriteint64_t:080002CF                 mov     [esp+8], eax
.text$fwriteint64_t:080002D3                 mov     dword ptr [esp], 0
.text$fwriteint64_t:080002DA                 call    _nasm_fatal
.text$fwriteint64_t:080002DF                 nop
.text$fwriteint64_t:080002DF fwriteint64_t   endp ; sp-analysis failed
.text$fwriteint64_t:080002DF
.text$fwriteint64_t:080002DF _text$fwriteint64_t ends
.text$fwriteint64_t:080002DF
.text$fwriteaddr:080002E0 ; ===========================================================================
.text$fwriteaddr:080002E0
.text$fwriteaddr:080002E0 ; Segment type: Pure code
.text$fwriteaddr:080002E0 ; Segment permissions: Read/Execute
.text$fwriteaddr:080002E0 _text$fwriteaddr segment para public 'CODE' use32
.text$fwriteaddr:080002E0                 assume cs:_text$fwriteaddr
.text$fwriteaddr:080002E0                 ;org 80002E0h
.text$fwriteaddr:080002E0                 assume es:nothing, ss:nothing, ds:_text, fs:nothing, gs:nothing
.text$fwriteaddr:080002E0
.text$fwriteaddr:080002E0 ; =============== S U B R O U T I N E =======================================
.text$fwriteaddr:080002E0
.text$fwriteaddr:080002E0
.text$fwriteaddr:080002E0                 public fwriteaddr
.text$fwriteaddr:080002E0 fwriteaddr      proc near
.text$fwriteaddr:080002E0
.text$fwriteaddr:080002E0 var_2C          = dword ptr -2Ch
.text$fwriteaddr:080002E0 var_28          = dword ptr -28h
.text$fwriteaddr:080002E0 var_24          = dword ptr -24h
.text$fwriteaddr:080002E0 var_20          = dword ptr -20h
.text$fwriteaddr:080002E0 var_14          = dword ptr -14h
.text$fwriteaddr:080002E0 var_10          = dword ptr -10h
.text$fwriteaddr:080002E0 arg_0           = dword ptr  4
.text$fwriteaddr:080002E0 arg_4           = dword ptr  8
.text$fwriteaddr:080002E0 arg_8           = dword ptr  0Ch
.text$fwriteaddr:080002E0 arg_C           = dword ptr  10h
.text$fwriteaddr:080002E0
.text$fwriteaddr:080002E0                 push    esi
.text$fwriteaddr:080002E1                 push    ebx
.text$fwriteaddr:080002E2                 sub     esp, 36
.text$fwriteaddr:080002E5                 mov     eax, [esp+30h]
.text$fwriteaddr:080002E9                 mov     ebx, [esp+38h]
.text$fwriteaddr:080002ED                 mov     dword ptr [esp+4], 1
.text$fwriteaddr:080002F5                 mov     esi, [esp+3Ch]
.text$fwriteaddr:080002F9                 mov     [esp+18h], eax
.text$fwriteaddr:080002FD                 mov     eax, [esp+34h]
.text$fwriteaddr:08000301                 mov     [esp+0Ch], esi
.text$fwriteaddr:08000305                 mov     [esp+1Ch], eax
.text$fwriteaddr:08000309                 lea     eax, [esp+18h]
.text$fwriteaddr:0800030D                 mov     [esp+8], ebx
.text$fwriteaddr:08000311                 mov     [esp], eax
.text$fwriteaddr:08000314                 call    _fwrite
.text$fwriteaddr:08000319                 cmp     ebx, eax
.text$fwriteaddr:0800031B                 jnz     short fw_1
.text$fwriteaddr:0800031D                 test    byte ptr [esi+0Ch], 30h
.text$fwriteaddr:08000321                 jnz     short fw_1
.text$fwriteaddr:08000323                 add     esp, 36
.text$fwriteaddr:08000326                 pop     ebx
.text$fwriteaddr:08000327                 pop     esi
.text$fwriteaddr:08000328                 retn
.text$fwriteaddr:08000329 ; ---------------------------------------------------------------------------
.text$fwriteaddr:08000329
.text$fwriteaddr:08000329 fw_1:                                   ; ...
.text$fwriteaddr:08000329                 call    __errno
.text$fwriteaddr:0800032E                 mov     eax, [eax]
.text$fwriteaddr:08000330                 mov     [esp], eax
.text$fwriteaddr:08000333                 call    _strerror
.text$fwriteaddr:08000338                 mov     dword ptr [esp+4], offset aUnableToWriteO ; "unable to write output: %s"
.text$fwriteaddr:08000340                 mov     [esp+8], eax
.text$fwriteaddr:08000344                 mov     dword ptr [esp], 0
.text$fwriteaddr:0800034B                 call    _nasm_fatal
.text$fwriteaddr:0800034B fwriteaddr      endp ; sp-analysis failed
.text$fwriteaddr:0800034B
.text$fwriteaddr:0800034B _text$fwriteaddr ends
.text$fwriteaddr:0800034B
.text$fwritezero:08000350 ; ===========================================================================
.text$fwritezero:08000350
.text$fwritezero:08000350 ; Segment type: Pure code
.text$fwritezero:08000350 ; Segment permissions: Read/Execute
.text$fwritezero:08000350 _text$fwritezero segment para public 'CODE' use32
.text$fwritezero:08000350                 assume cs:_text$fwritezero
.text$fwritezero:08000350                 ;org 8000350h
.text$fwritezero:08000350                 assume es:nothing, ss:nothing, ds:_text, fs:nothing, gs:nothing
.text$fwritezero:08000350
.text$fwritezero:08000350 ; =============== S U B R O U T I N E =======================================
.text$fwritezero:08000350
.text$fwritezero:08000350
.text$fwritezero:08000350                 public fwritezero
.text$fwritezero:08000350 fwritezero      proc near
.text$fwritezero:08000350
.text$fwritezero:08000350 var_2C          = dword ptr -2Ch
.text$fwritezero:08000350 var_28          = dword ptr -28h
.text$fwritezero:08000350 var_24          = dword ptr -24h
.text$fwritezero:08000350 var_20          = dword ptr -20h
.text$fwritezero:08000350 arg_0           = dword ptr  4
.text$fwritezero:08000350 arg_4           = dword ptr  8
.text$fwritezero:08000350
.text$fwritezero:08000350                 push    ebp
.text$fwritezero:08000351                 push    edi
.text$fwritezero:08000352                 push    esi
.text$fwritezero:08000353                 push    ebx
.text$fwritezero:08000354                 sub     esp, 28
.text$fwritezero:08000357                 mov     ebx, [esp+30h]
.text$fwritezero:0800035B                 mov     edi, [esp+34h]
.text$fwritezero:0800035F                 cmp     ebx, 1FFh
.text$fwritezero:08000365                 jle     short fw0_4
.text$fwritezero:08000367                 test    byte ptr [edi+0Ch], 30h
.text$fwritezero:0800036B                 jz      short fw0_5
.text$fwritezero:0800036D
.text$fwritezero:0800036D fw0_1:                                  ; ...
.text$fwritezero:0800036D                 mov     ebp, 10000h
.text$fwritezero:08000372                 lea     esi, [esi+0]
.text$fwritezero:08000378
.text$fwritezero:08000378 fw0_2:                                  ; ...
.text$fwritezero:08000378                 cmp     ebx, 10000h
.text$fwritezero:0800037E                 mov     esi, ebp
.text$fwritezero:08000380                 mov     [esp+0Ch], edi
.text$fwritezero:08000384                 cmovle  esi, ebx
.text$fwritezero:08000387                 mov     dword ptr [esp+4], 1
.text$fwritezero:0800038F                 mov     dword ptr [esp], offset _zero_buffer
.text$fwritezero:08000396                 mov     [esp+8], esi
.text$fwritezero:0800039A                 call    _fwrite
.text$fwritezero:0800039F                 cmp     esi, eax
.text$fwritezero:080003A1                 jnz     short fw0_6
.text$fwritezero:080003A3                 test    byte ptr [edi+0Ch], 30h
.text$fwritezero:080003A7                 jnz     short fw0_6
.text$fwritezero:080003A9                 sub     ebx, esi
.text$fwritezero:080003AB                 test    ebx, ebx
.text$fwritezero:080003AD                 jg      short fw0_2
.text$fwritezero:080003AF
.text$fwritezero:080003AF fw0_3:                                  ; ...
.text$fwritezero:080003AF                 add     esp, 28
.text$fwritezero:080003B2                 pop     ebx
.text$fwritezero:080003B3                 pop     esi
.text$fwritezero:080003B4                 pop     edi
.text$fwritezero:080003B5                 pop     ebp
.text$fwritezero:080003B6                 retn
.text$fwritezero:080003B6 ; ---------------------------------------------------------------------------
.text$fwritezero:080003B7                 align 10h
.text$fwritezero:080003C0
.text$fwritezero:080003C0 fw0_4:                                  ; ...
.text$fwritezero:080003C0                 test    ebx, ebx
.text$fwritezero:080003C2                 jg      short fw0_1
.text$fwritezero:080003C4                 add     esp, 28
.text$fwritezero:080003C7                 pop     ebx
.text$fwritezero:080003C8                 pop     esi
.text$fwritezero:080003C9                 pop     edi
.text$fwritezero:080003CA                 pop     ebp
.text$fwritezero:080003CB                 retn
.text$fwritezero:080003CB ; ---------------------------------------------------------------------------
.text$fwritezero:080003CC                 align 10h
.text$fwritezero:080003D0
.text$fwritezero:080003D0 fw0_5:                                  ; ...
.text$fwritezero:080003D0                 mov     [esp], edi
.text$fwritezero:080003D3                 call    _ftell
.text$fwritezero:080003D8                 mov     esi, eax
.text$fwritezero:080003DA                 test    eax, eax
.text$fwritezero:080003DC                 js      short fw0_1
.text$fwritezero:080003DE                 mov     [esp], edi
.text$fwritezero:080003E1                 call    _fflush
.text$fwritezero:080003E6                 test    eax, eax
.text$fwritezero:080003E8                 jnz     short fw0_1
.text$fwritezero:080003EA                 add     esi, ebx
.text$fwritezero:080003EC                 mov     [esp+4], esi
.text$fwritezero:080003F0                 mov     eax, [edi+10h]
.text$fwritezero:080003F3                 mov     [esp], eax
.text$fwritezero:080003F6                 call    __chsize
.text$fwritezero:080003FB                 test    eax, eax
.text$fwritezero:080003FD                 jnz     fw0_1
.text$fwritezero:08000403                 mov     dword ptr [esp+8], 0
.text$fwritezero:0800040B                 mov     [esp+4], esi
.text$fwritezero:0800040F                 mov     [esp], edi
.text$fwritezero:08000412                 call    _fseek
.text$fwritezero:08000417                 test    eax, eax
.text$fwritezero:08000419                 jnz     fw0_1
.text$fwritezero:0800041F                 jmp     short fw0_3
.text$fwritezero:08000421 ; ---------------------------------------------------------------------------
.text$fwritezero:08000421
.text$fwritezero:08000421 fw0_6:                                  ; ...
.text$fwritezero:08000421                 call    __errno
.text$fwritezero:08000426                 mov     eax, [eax]
.text$fwritezero:08000428                 mov     [esp], eax
.text$fwritezero:0800042B                 call    _strerror
.text$fwritezero:08000430                 mov     dword ptr [esp+4], offset aUnableToWriteO ; "unable to write output: %s"
.text$fwritezero:08000438                 mov     [esp+8], eax
.text$fwritezero:0800043C                 mov     dword ptr [esp], 0
.text$fwritezero:08000443                 call    _nasm_fatal
.text$fwritezero:08000448                 nop
.text$fwritezero:08000449                 nop
.text$fwritezero:0800044A                 nop
.text$fwritezero:0800044B                 nop
.text$fwritezero:0800044C                 nop
.text$fwritezero:0800044D                 nop
.text$fwritezero:0800044E                 nop
.text$fwritezero:0800044F                 nop
.text$fwritezero:0800044F fwritezero      endp ; sp-analysis failed
.text$fwritezero:0800044F
.text$fwritezero:0800044F _text$fwritezero ends
.text$fwritezero:0800044F
.text$nasm_open_read:08000450 ; ===========================================================================
.text$nasm_open_read:08000450
.text$nasm_open_read:08000450 ; Segment type: Pure code
.text$nasm_open_read:08000450 ; Segment permissions: Read/Execute
.text$nasm_open_read:08000450 _text$nasm_open_read segment para public 'CODE' use32
.text$nasm_open_read:08000450                 assume cs:_text$nasm_open_read
.text$nasm_open_read:08000450                 ;org 8000450h
.text$nasm_open_read:08000450                 assume es:nothing, ss:nothing, ds:_text, fs:nothing, gs:nothing
.text$nasm_open_read:08000450
.text$nasm_open_read:08000450 ; =============== S U B R O U T I N E =======================================
.text$nasm_open_read:08000450
.text$nasm_open_read:08000450
.text$nasm_open_read:08000450                 public nasm_open_read
.text$nasm_open_read:08000450 nasm_open_read  proc near
.text$nasm_open_read:08000450
.text$nasm_open_read:08000450 var_1C          = dword ptr -1Ch
.text$nasm_open_read:08000450 var_18          = dword ptr -18h
.text$nasm_open_read:08000450 var_14          = dword ptr -14h
.text$nasm_open_read:08000450 var_10          = dword ptr -10h
.text$nasm_open_read:08000450 arg_0           = dword ptr  4
.text$nasm_open_read:08000450 arg_4           = dword ptr  8
.text$nasm_open_read:08000450
.text$nasm_open_read:08000450                 push    esi
.text$nasm_open_read:08000451                 mov     eax, offset aRt ; "rt"
.text$nasm_open_read:08000456                 mov     edx, offset aRb ; "rb"
.text$nasm_open_read:0800045B                 push    ebx
.text$nasm_open_read:0800045C                 sub     esp, 20
.text$nasm_open_read:0800045F                 mov     ebx, [esp+24h]
.text$nasm_open_read:08000463                 mov     esi, [esp+20h]
.text$nasm_open_read:08000467                 test    bl, 1
.text$nasm_open_read:0800046A                 mov     [esp], esi
.text$nasm_open_read:0800046D                 cmovz   eax, edx
.text$nasm_open_read:08000470                 mov     [esp+4], eax
.text$nasm_open_read:08000474                 call    _fopen
.text$nasm_open_read:08000479                 test    eax, eax
.text$nasm_open_read:0800047B                 jz      short nor_2
.text$nasm_open_read:0800047D
.text$nasm_open_read:0800047D nor_1:                                  ; ...
.text$nasm_open_read:0800047D                 add     esp, 20
.text$nasm_open_read:08000480                 pop     ebx
.text$nasm_open_read:08000481                 pop     esi
.text$nasm_open_read:08000482                 retn
.text$nasm_open_read:08000482 ; ---------------------------------------------------------------------------
.text$nasm_open_read:08000483                 align 8
.text$nasm_open_read:08000488
.text$nasm_open_read:08000488 nor_2:                                  ; ...
.text$nasm_open_read:08000488                 and     ebx, 2
.text$nasm_open_read:0800048B                 jz      short nor_1
.text$nasm_open_read:0800048D                 call    __errno
.text$nasm_open_read:08000492                 mov     eax, [eax]
.text$nasm_open_read:08000494                 mov     [esp], eax
.text$nasm_open_read:08000497                 call    _strerror
.text$nasm_open_read:0800049C                 mov     [esp+8], esi
.text$nasm_open_read:080004A0                 mov     [esp+0Ch], eax
.text$nasm_open_read:080004A4                 mov     dword ptr [esp+4], offset aUnableToOpenIn ; "unable to open input file: `%s': %s"
.text$nasm_open_read:080004AC                 mov     dword ptr [esp], 10h
.text$nasm_open_read:080004B3                 call    _nasm_fatal
.text$nasm_open_read:080004B8                 nop
.text$nasm_open_read:080004B9                 nop
.text$nasm_open_read:080004BA                 nop
.text$nasm_open_read:080004BB                 nop
.text$nasm_open_read:080004BC                 nop
.text$nasm_open_read:080004BD                 nop
.text$nasm_open_read:080004BE                 nop
.text$nasm_open_read:080004BF                 nop
.text$nasm_open_read:080004BF nasm_open_read  endp ; sp-analysis failed
.text$nasm_open_read:080004BF
.text$nasm_open_read:080004BF _text$nasm_open_read ends
.text$nasm_open_read:080004BF
.text$nasm_open_write:080004C0 ; ===========================================================================
.text$nasm_open_write:080004C0
.text$nasm_open_write:080004C0 ; Segment type: Pure code
.text$nasm_open_write:080004C0 ; Segment permissions: Read/Execute
.text$nasm_open_write:080004C0 _text$nasm_open_write segment para public 'CODE' use32
.text$nasm_open_write:080004C0                 assume cs:_text$nasm_open_write
.text$nasm_open_write:080004C0                 ;org 80004C0h
.text$nasm_open_write:080004C0                 assume es:nothing, ss:nothing, ds:_text, fs:nothing, gs:nothing
.text$nasm_open_write:080004C0
.text$nasm_open_write:080004C0 ; =============== S U B R O U T I N E =======================================
.text$nasm_open_write:080004C0
.text$nasm_open_write:080004C0
.text$nasm_open_write:080004C0                 public nasm_open_write
.text$nasm_open_write:080004C0 nasm_open_write proc near
.text$nasm_open_write:080004C0
.text$nasm_open_write:080004C0 var_1C          = dword ptr -1Ch
.text$nasm_open_write:080004C0 var_18          = dword ptr -18h
.text$nasm_open_write:080004C0 var_14          = dword ptr -14h
.text$nasm_open_write:080004C0 var_10          = dword ptr -10h
.text$nasm_open_write:080004C0 arg_0           = dword ptr  4
.text$nasm_open_write:080004C0 arg_4           = dword ptr  8
.text$nasm_open_write:080004C0
.text$nasm_open_write:080004C0                 push    esi
.text$nasm_open_write:080004C1                 mov     eax, offset aWt ; "wt"
.text$nasm_open_write:080004C6                 mov     edx, offset aWb ; "wb"
.text$nasm_open_write:080004CB                 push    ebx
.text$nasm_open_write:080004CC                 sub     esp, 20
.text$nasm_open_write:080004CF                 mov     ebx, [esp+24h]
.text$nasm_open_write:080004D3                 mov     esi, [esp+20h]
.text$nasm_open_write:080004D7                 test    bl, 1
.text$nasm_open_write:080004DA                 mov     [esp], esi
.text$nasm_open_write:080004DD                 cmovz   eax, edx
.text$nasm_open_write:080004E0                 mov     [esp+4], eax
.text$nasm_open_write:080004E4                 call    _fopen
.text$nasm_open_write:080004E9                 test    eax, eax
.text$nasm_open_write:080004EB                 jz      short now_2
.text$nasm_open_write:080004ED
.text$nasm_open_write:080004ED now_1:                                  ; ...
.text$nasm_open_write:080004ED                 add     esp, 20
.text$nasm_open_write:080004F0                 pop     ebx
.text$nasm_open_write:080004F1                 pop     esi
.text$nasm_open_write:080004F2                 retn
.text$nasm_open_write:080004F2 ; ---------------------------------------------------------------------------
.text$nasm_open_write:080004F3                 align 8
.text$nasm_open_write:080004F8
.text$nasm_open_write:080004F8 now_2:                                  ; ...
.text$nasm_open_write:080004F8                 and     ebx, 2
.text$nasm_open_write:080004FB                 jz      short now_1
.text$nasm_open_write:080004FD                 call    __errno
.text$nasm_open_write:08000502                 mov     eax, [eax]
.text$nasm_open_write:08000504                 mov     [esp], eax
.text$nasm_open_write:08000507                 call    _strerror
.text$nasm_open_write:0800050C                 mov     [esp+8], esi
.text$nasm_open_write:08000510                 mov     [esp+0Ch], eax
.text$nasm_open_write:08000514                 mov     dword ptr [esp+4], offset aUnableToOpenOu ; "unable to open output file: `%s': %s"
.text$nasm_open_write:0800051C                 mov     dword ptr [esp], 10h
.text$nasm_open_write:08000523                 call    _nasm_fatal
.text$nasm_open_write:08000528                 nop
.text$nasm_open_write:08000529                 nop
.text$nasm_open_write:0800052A                 nop
.text$nasm_open_write:0800052B                 nop
.text$nasm_open_write:0800052C                 nop
.text$nasm_open_write:0800052D                 nop
.text$nasm_open_write:0800052E                 nop
.text$nasm_open_write:0800052F                 nop
.text$nasm_open_write:0800052F nasm_open_write endp ; sp-analysis failed
.text$nasm_open_write:0800052F
.text$nasm_open_write:0800052F _text$nasm_open_write ends
.text$nasm_open_write:0800052F
.text$nasm_file_exists:08000530 ; ===========================================================================
.text$nasm_file_exists:08000530
.text$nasm_file_exists:08000530 ; Segment type: Pure code
.text$nasm_file_exists:08000530 ; Segment permissions: Read/Execute
.text$nasm_file_exists:08000530 _text$nasm_file_exists segment para public 'CODE' use32
.text$nasm_file_exists:08000530                 assume cs:_text$nasm_file_exists
.text$nasm_file_exists:08000530                 ;org 8000530h
.text$nasm_file_exists:08000530                 assume es:nothing, ss:nothing, ds:_text, fs:nothing, gs:nothing
.text$nasm_file_exists:08000530
.text$nasm_file_exists:08000530 ; =============== S U B R O U T I N E =======================================
.text$nasm_file_exists:08000530
.text$nasm_file_exists:08000530
.text$nasm_file_exists:08000530                 public nasm_file_exists
.text$nasm_file_exists:08000530 nasm_file_exists proc near
.text$nasm_file_exists:08000530
.text$nasm_file_exists:08000530 var_1C          = dword ptr -1Ch
.text$nasm_file_exists:08000530 var_18          = dword ptr -18h
.text$nasm_file_exists:08000530 arg_0           = dword ptr  4
.text$nasm_file_exists:08000530
.text$nasm_file_exists:08000530                 sub     esp, 28
.text$nasm_file_exists:08000533                 mov     eax, [esp+20h]
.text$nasm_file_exists:08000537                 mov     dword ptr [esp+4], 4
.text$nasm_file_exists:0800053F                 mov     [esp], eax
.text$nasm_file_exists:08000542                 call    _access
.text$nasm_file_exists:08000547                 test    eax, eax
.text$nasm_file_exists:08000549                 setz    al
.text$nasm_file_exists:0800054C                 add     esp, 28
.text$nasm_file_exists:0800054F                 retn
.text$nasm_file_exists:0800054F nasm_file_exists endp
.text$nasm_file_exists:0800054F
.text$nasm_file_exists:0800054F _text$nasm_file_exists ends
.text$nasm_file_exists:0800054F
.text$nasm_file_size:08000550 ; ===========================================================================
.text$nasm_file_size:08000550
.text$nasm_file_size:08000550 ; Segment type: Pure code
.text$nasm_file_size:08000550 ; Segment permissions: Read/Execute
.text$nasm_file_size:08000550 _text$nasm_file_size segment para public 'CODE' use32
.text$nasm_file_size:08000550                 assume cs:_text$nasm_file_size
.text$nasm_file_size:08000550                 ;org 8000550h
.text$nasm_file_size:08000550                 assume es:nothing, ss:nothing, ds:_text, fs:nothing, gs:nothing
.text$nasm_file_size:08000550
.text$nasm_file_size:08000550 ; =============== S U B R O U T I N E =======================================
.text$nasm_file_size:08000550
.text$nasm_file_size:08000550
.text$nasm_file_size:08000550                 public nasm_file_size
.text$nasm_file_size:08000550 nasm_file_size  proc near
.text$nasm_file_size:08000550
.text$nasm_file_size:08000550 var_4C          = dword ptr -4Ch
.text$nasm_file_size:08000550 var_48          = dword ptr -48h
.text$nasm_file_size:08000550 var_30          = byte ptr -30h
.text$nasm_file_size:08000550 var_1C          = dword ptr -1Ch
.text$nasm_file_size:08000550 f               = dword ptr  4
.text$nasm_file_size:08000550
.text$nasm_file_size:08000550                 sub     esp, 76         ; off_t nasm_file_size(FILE *f)
.text$nasm_file_size:08000553                 lea     eax, [esp+28]   ; nasm_struct_stat st;
.text$nasm_file_size:08000557                 mov     [esp+4], eax    ; &st
.text$nasm_file_size:0800055B                 mov     eax, [esp+80]   ; fileno(f)
.text$nasm_file_size:0800055F                 mov     eax, [eax+16]   ; (iob fileno field)
.text$nasm_file_size:08000562                 mov     [esp], eax
.text$nasm_file_size:08000565                 call    _fstat          ; if (nasm_fstat(fileno(f), &st))
.text$nasm_file_size:0800056A                 test    eax, eax
.text$nasm_file_size:0800056C                 jnz     short nfs_2
.text$nasm_file_size:0800056E                 mov     eax, [esp+48]   ; return st.st_size;
.text$nasm_file_size:08000572
.text$nasm_file_size:08000572 nfs_1:                                  ; ...
.text$nasm_file_size:08000572                 add     esp, 76
.text$nasm_file_size:08000575                 retn
.text$nasm_file_size:08000575 ; ---------------------------------------------------------------------------
.text$nasm_file_size:08000576                 align 10h
.text$nasm_file_size:08000580
.text$nasm_file_size:08000580 nfs_2:                                  ; ...
.text$nasm_file_size:08000580                 mov     eax, -1         ; return (off_t)-1;
.text$nasm_file_size:08000585                 jmp     short nfs_1
.text$nasm_file_size:08000585 nasm_file_size  endp
.text$nasm_file_size:08000585
.text$nasm_file_size:08000585 ; ---------------------------------------------------------------------------
.text$nasm_file_size:08000587                 align 10h
.text$nasm_file_size:08000587 _text$nasm_file_size ends
.text$nasm_file_size:08000587
.text$nasm_file_size_by_path:08000590 ; ===========================================================================
.text$nasm_file_size_by_path:08000590
.text$nasm_file_size_by_path:08000590 ; Segment type: Pure code
.text$nasm_file_size_by_path:08000590 ; Segment permissions: Read/Execute
.text$nasm_file_size_by_path:08000590 _text$nasm_file_size_by_path segment para public 'CODE' use32
.text$nasm_file_size_by_path:08000590                 assume cs:_text$nasm_file_size_by_path
.text$nasm_file_size_by_path:08000590                 ;org 8000590h
.text$nasm_file_size_by_path:08000590                 assume es:nothing, ss:nothing, ds:_text, fs:nothing, gs:nothing
.text$nasm_file_size_by_path:08000590
.text$nasm_file_size_by_path:08000590 ; =============== S U B R O U T I N E =======================================
.text$nasm_file_size_by_path:08000590
.text$nasm_file_size_by_path:08000590
.text$nasm_file_size_by_path:08000590                 public nasm_file_size_by_path
.text$nasm_file_size_by_path:08000590 nasm_file_size_by_path proc near
.text$nasm_file_size_by_path:08000590
.text$nasm_file_size_by_path:08000590 var_4C          = dword ptr -4Ch
.text$nasm_file_size_by_path:08000590 var_48          = dword ptr -48h
.text$nasm_file_size_by_path:08000590 var_30          = byte ptr -30h
.text$nasm_file_size_by_path:08000590 var_1C          = dword ptr -1Ch
.text$nasm_file_size_by_path:08000590 pathname        = dword ptr  4
.text$nasm_file_size_by_path:08000590
.text$nasm_file_size_by_path:08000590                 sub     esp, 76         ; off_t nasm_file_size_by_path(const char *pathname)
.text$nasm_file_size_by_path:08000593                 lea     eax, [esp+28]   ; nasm_struct_stat st;
.text$nasm_file_size_by_path:08000597                 mov     [esp+4], eax    ; &st
.text$nasm_file_size_by_path:0800059B                 mov     eax, [esp+80]
.text$nasm_file_size_by_path:0800059F                 mov     [esp], eax      ; pathname
.text$nasm_file_size_by_path:080005A2                 call    _stat           ; if (nasm_stat(pathname, &st))
.text$nasm_file_size_by_path:080005A7                 test    eax, eax
.text$nasm_file_size_by_path:080005A9                 jnz     short nfsp_2
.text$nasm_file_size_by_path:080005AB                 mov     eax, [esp+48]   ; return st.st_size;
.text$nasm_file_size_by_path:080005AF
.text$nasm_file_size_by_path:080005AF nfsp_1:                                 ; ...
.text$nasm_file_size_by_path:080005AF                 add     esp, 76
.text$nasm_file_size_by_path:080005B2                 retn
.text$nasm_file_size_by_path:080005B2 ; ---------------------------------------------------------------------------
.text$nasm_file_size_by_path:080005B3                 align 8
.text$nasm_file_size_by_path:080005B8
.text$nasm_file_size_by_path:080005B8 nfsp_2:                                 ; ...
.text$nasm_file_size_by_path:080005B8                 mov     eax, -1         ; return (off_t)-1;
.text$nasm_file_size_by_path:080005BD                 jmp     short nfsp_1
.text$nasm_file_size_by_path:080005BD nasm_file_size_by_path endp
.text$nasm_file_size_by_path:080005BD
.text$nasm_file_size_by_path:080005BD ; ---------------------------------------------------------------------------
.text$nasm_file_size_by_path:080005BF                 align 10h
.text$nasm_file_size_by_path:080005BF _text$nasm_file_size_by_path ends
.text$nasm_file_size_by_path:080005BF
.text$nasm_file_time:080005C0 ; ===========================================================================
.text$nasm_file_time:080005C0
.text$nasm_file_time:080005C0 ; Segment type: Pure code
.text$nasm_file_time:080005C0 ; Segment permissions: Read/Execute
.text$nasm_file_time:080005C0 _text$nasm_file_time segment para public 'CODE' use32
.text$nasm_file_time:080005C0                 assume cs:_text$nasm_file_time
.text$nasm_file_time:080005C0                 ;org 80005C0h
.text$nasm_file_time:080005C0                 assume es:nothing, ss:nothing, ds:_text, fs:nothing, gs:nothing
.text$nasm_file_time:080005C0
.text$nasm_file_time:080005C0 ; =============== S U B R O U T I N E =======================================
.text$nasm_file_time:080005C0
.text$nasm_file_time:080005C0
.text$nasm_file_time:080005C0                 public nasm_file_time
.text$nasm_file_time:080005C0 nasm_file_time  proc near
.text$nasm_file_time:080005C0
.text$nasm_file_time:080005C0 var_4C          = dword ptr -4Ch
.text$nasm_file_time:080005C0 var_48          = dword ptr -48h
.text$nasm_file_time:080005C0 var_30          = byte ptr -30h
.text$nasm_file_time:080005C0 var_14          = dword ptr -14h
.text$nasm_file_time:080005C0 t               = dword ptr  4
.text$nasm_file_time:080005C0 pathname        = dword ptr  8
.text$nasm_file_time:080005C0
.text$nasm_file_time:080005C0                 sub     esp, 76         ; bool nasm_file_time(time_t *t, const char *pathname)
.text$nasm_file_time:080005C3                 lea     eax, [esp+28]   ; nasm_struct_stat st;
.text$nasm_file_time:080005C7                 mov     [esp+4], eax    ; &st
.text$nasm_file_time:080005CB                 mov     eax, [esp+84]
.text$nasm_file_time:080005CF                 mov     [esp], eax      ; pathname
.text$nasm_file_time:080005D2                 call    _stat           ; if (nasm_stat(pathname, &st))
.text$nasm_file_time:080005D7                 mov     edx, eax
.text$nasm_file_time:080005D9                 xor     eax, eax
.text$nasm_file_time:080005DB                 test    edx, edx
.text$nasm_file_time:080005DD                 jnz     short nft_1     ; return false;
.text$nasm_file_time:080005DF                 mov     eax, [esp+80]
.text$nasm_file_time:080005E3                 mov     edx, [esp+56]
.text$nasm_file_time:080005E7                 mov     [eax], edx      ; *t = st.st_mtime;
.text$nasm_file_time:080005E9                 mov     eax, 1          ; return true;
.text$nasm_file_time:080005EE
.text$nasm_file_time:080005EE nft_1:                                  ; ...
.text$nasm_file_time:080005EE                 add     esp, 76
.text$nasm_file_time:080005F1                 retn
.text$nasm_file_time:080005F1 nasm_file_time  endp
.text$nasm_file_time:080005F1
.text$nasm_file_time:080005F1 ; ---------------------------------------------------------------------------
.text$nasm_file_time:080005F2                 align 10h
.text$nasm_file_time:080005F2 _text$nasm_file_time ends
.text$nasm_file_time:080005F2
.rdata$zzz:08000600 ; ===========================================================================
.rdata$zzz:08000600
.rdata$zzz:08000600 ; Segment type: Pure data
.rdata$zzz:08000600 ; Segment permissions: Read
.rdata$zzz:08000600 _rdata$zzz      segment dword public 'CONST' use32
.rdata$zzz:08000600                 assume cs:_rdata$zzz
.rdata$zzz:08000600                 ;org 8000600h
.rdata$zzz:08000600 aGccTdm11030    db 'GCC: (tdm-1) 10.3.0',0
.rdata$zzz:08000600 _rdata$zzz      ends
.rdata$zzz:08000600
extern:08000614 ; ===========================================================================
extern:08000614
extern:08000614 ; Segment type: Externs
extern:08000614 ; extern
extern:08000614                 extrn _zero_buffer      ; ...
extern:08000618                 extrn _fread:near       ; ...
extern:0800061C                 extrn __errno:near      ; ...
extern:08000620                 extrn _strerror:near    ; ...
extern:08000624                 extrn _nasm_fatal:near  ; ...
extern:08000628                 extrn _fwrite:near      ; ...
extern:0800062C                 extrn _ftell:near       ; ...
extern:08000630                 extrn _fflush:near      ; ...
extern:08000634                 extrn __chsize:near     ; ...
extern:08000638                 extrn _fseek:near       ; ...
extern:0800063C                 extrn _fopen:near       ; ...
extern:08000640                 extrn _access:near      ; ...
extern:08000644                 extrn _fstat:near       ; ...
extern:08000648                 extrn _stat:near        ; ...
extern:08000648
extern:08000648
extern:08000648                 end
