.text:08000000 ;
.text:08000000 ; +-------------------------------------------------------------------------+
.text:08000000 ; |   This file has been generated by The Interactive Disassembler (IDA)    |
.text:08000000 ; |           Copyright (c) 2018 Hex-Rays, <support@hex-rays.com>           |
.text:08000000 ; |                            Freeware version                             |
.text:08000000 ; +-------------------------------------------------------------------------+
.text:08000000 ;
.text:08000000 ; Input SHA256 : 5D3096FFB5F9A84FD6DB6305D442925B72D81D88D87AF21D68A36DDC473DB864
.text:08000000 ; Input MD5    : A6D74BCEDEF5BC6B0FE25422D0994C1F
.text:08000000 ; Input CRC32  : 62994D1F
.text:08000000
.text:08000000 ; File Name   : C:\Users\90542\OneDrive\Masaüstü\nasm_214_c_o\ilog2.o
.text:08000000 ; Format      : ELF for Intel 386 (Relocatable)
.text:08000000 ;
.text:08000000 ; Source File : 'ilog2.c'
.text:08000000
.text:08000000                 .686p
.text:08000000                 .mmx
.text:08000000                 .model flat
.text:08000000 .intel_syntax noprefix
.text:08000000
.text:08000000 ; ===========================================================================
.text:08000000
.text:08000000 ; Segment type: Pure code
.text:08000000 ; Segment permissions: Read/Execute
.text:08000000 _text           segment dword public 'CODE' use32
.text:08000000                 assume cs:_text
.text:08000000                 ;org 8000000h
.text:08000000                 assume es:nothing, ss:nothing, ds:_text, fs:nothing, gs:nothing
.text:08000000
.text:08000000 ; =============== S U B R O U T I N E =======================================
.text:08000000
.text:08000000 ; Attributes: bp-based frame
.text:08000000
.text:08000000                 public ilog2_32
.text:08000000 ilog2_32        proc near               ; ...
.text:08000000
.text:08000000 p               = dword ptr -4
.text:08000000 v               = dword ptr  8
.text:08000000
.text:08000000                 push    ebp             ; int const_func ilog2_32(uint32_t v)
.text:08000001                 mov     ebp, esp
.text:08000003                 sub     esp, 4          ; #define ROUND(v, a, w)                             \
.text:08000003                                         ;     do {                                           \
.text:08000003                                         ;         if (v & (((UINT32_C(1) << w) - 1) << w)) { \
.text:08000003                                         ;             a  += w;                               \
.text:08000003                                         ;             v >>= w;                               \
.text:08000003                                         ;         }                                          \
.text:08000003                                         ;     } while (0)
.text:08000009                 nop
.text:0800000A                 mov     eax, 0
.text:0800000F                 mov     [ebp+p], eax    ; int p = 0;
.text:08000012                 mov     eax, [ebp+v]    ; ROUND(v, p, 16);
.text:08000015                 and     eax, 0FFFF0000h ; v & (((UINT32_C(1) << w) - 1) << w)
.text:0800001B                 cmp     eax, 0
.text:0800001E                 jz      ilog2_32_1
.text:08000024                 mov     eax, [ebp+p]
.text:08000027                 add     eax, 16         ; a += w;
.text:0800002A                 mov     [ebp+p], eax
.text:0800002D                 mov     eax, [ebp+v]
.text:08000030                 shr     eax, 16         ; v >>= w;
.text:08000033                 mov     [ebp+v], eax
.text:08000036
.text:08000036 ilog2_32_1:                             ; ...
.text:08000036                 mov     eax, [ebp+v]    ; ROUND(v, p,  8);
.text:08000039                 and     eax, 0FF00h
.text:0800003F                 cmp     eax, 0
.text:08000042                 jz      ilog2_32_2
.text:08000048                 mov     eax, [ebp+p]
.text:0800004B                 add     eax, 8
.text:0800004E                 mov     [ebp+p], eax
.text:08000051                 mov     eax, [ebp+v]
.text:08000054                 shr     eax, 8
.text:08000057                 mov     [ebp+v], eax
.text:0800005A
.text:0800005A ilog2_32_2:                             ; ...
.text:0800005A                 mov     eax, [ebp+v]    ; ROUND(v, p,  4);
.text:0800005D                 and     eax, 0F0h
.text:08000063                 cmp     eax, 0
.text:08000066                 jz      ilog2_32_3
.text:0800006C                 mov     eax, [ebp+p]
.text:0800006F                 add     eax, 4
.text:08000072                 mov     [ebp+p], eax
.text:08000075                 mov     eax, [ebp+v]
.text:08000078                 shr     eax, 4
.text:0800007B                 mov     [ebp+v], eax
.text:0800007E
.text:0800007E ilog2_32_3:                             ; ...
.text:0800007E                 mov     eax, [ebp+v]    ; ROUND(v, p,  2);
.text:08000081                 and     eax, 0Ch
.text:08000084                 cmp     eax, 0
.text:08000087                 jz      ilog2_32_4
.text:0800008D                 mov     eax, [ebp+p]
.text:08000090                 add     eax, 2
.text:08000093                 mov     [ebp+p], eax
.text:08000096                 mov     eax, [ebp+v]
.text:08000099                 shr     eax, 2
.text:0800009C                 mov     [ebp+v], eax
.text:0800009F
.text:0800009F ilog2_32_4:                             ; ...
.text:0800009F                 mov     eax, [ebp+v]    ; ROUND(v, p,  1);
.text:080000A2                 and     eax, 2
.text:080000A5                 cmp     eax, 0
.text:080000A8                 jz      ilog2_32_5
.text:080000AE                 mov     eax, [ebp+p]
.text:080000B1                 inc     eax
.text:080000B2                 mov     [ebp+p], eax
.text:080000B5                 mov     eax, [ebp+v]
.text:080000B8                 shr     eax, 1
.text:080000BB                 mov     [ebp+v], eax
.text:080000BE
.text:080000BE ilog2_32_5:                             ; ...
.text:080000BE                 mov     eax, [ebp+p]    ; return p;
.text:080000C1                 leave
.text:080000C2                 retn
.text:080000C2 ilog2_32        endp
.text:080000C2
.text:080000C3
.text:080000C3 ; =============== S U B R O U T I N E =======================================
.text:080000C3
.text:080000C3 ; Attributes: bp-based frame
.text:080000C3
.text:080000C3                 public ilog2_64
.text:080000C3 ilog2_64        proc near               ; ...
.text:080000C3
.text:080000C3 v               = dword ptr -8
.text:080000C3 p               = dword ptr -4
.text:080000C3 vv              = dword ptr  8
.text:080000C3 vv_h            = dword ptr  0Ch
.text:080000C3
.text:080000C3                 push    ebp             ; int const_func ilog2_64(uint64_t vv)
.text:080000C4                 mov     ebp, esp
.text:080000C6                 sub     esp, 8
.text:080000CC                 nop
.text:080000CD                 mov     eax, 0
.text:080000D2                 mov     [ebp+p], eax    ; int p = 0;
.text:080000D5                 mov     eax, [ebp+vv_h]
.text:080000D8                 mov     ecx, 0
.text:080000DD                 mov     [ebp+v], eax    ; uint32_t v;
.text:080000E0                 mov     eax, [ebp+v]    ; v = vv >> 32;
.text:080000E3                 cmp     eax, 0          ; if (v)
.text:080000E6                 jz      ilog2_64_1
.text:080000EC                 mov     eax, [ebp+p]    ; p += 32;
.text:080000EF                 add     eax, 32
.text:080000F2                 mov     [ebp+p], eax
.text:080000F5                 jmp     ilog2_64_2
.text:080000FA ; ---------------------------------------------------------------------------
.text:080000FA
.text:080000FA ilog2_64_1:                             ; ...
.text:080000FA                 mov     eax, [ebp+vv]   ; else
.text:080000FD                 mov     [ebp+v], eax    ; v = vv;
.text:08000100
.text:08000100 ilog2_64_2:                             ; ...
.text:08000100                 mov     eax, [ebp+v]    ; ROUND(v, p, 16);
.text:08000103                 and     eax, 0FFFF0000h
.text:08000109                 cmp     eax, 0
.text:0800010C                 jz      ilog2_64_3
.text:08000112                 mov     eax, [ebp+p]
.text:08000115                 add     eax, 10h
.text:08000118                 mov     [ebp+p], eax
.text:0800011B                 mov     eax, [ebp+v]
.text:0800011E                 shr     eax, 10h
.text:08000121                 mov     [ebp+v], eax
.text:08000124
.text:08000124 ilog2_64_3:                             ; ...
.text:08000124                 mov     eax, [ebp+v]    ; ROUND(v, p,  8);
.text:08000127                 and     eax, 0FF00h
.text:0800012D                 cmp     eax, 0
.text:08000130                 jz      ilog2_64_4
.text:08000136                 mov     eax, [ebp+p]
.text:08000139                 add     eax, 8
.text:0800013C                 mov     [ebp+p], eax
.text:0800013F                 mov     eax, [ebp+v]
.text:08000142                 shr     eax, 8
.text:08000145                 mov     [ebp+v], eax
.text:08000148
.text:08000148 ilog2_64_4:                             ; ...
.text:08000148                 mov     eax, [ebp+v]    ; ROUND(v, p,  4);
.text:0800014B                 and     eax, 0F0h
.text:08000151                 cmp     eax, 0
.text:08000154                 jz      ilog2_64_5
.text:0800015A                 mov     eax, [ebp+p]
.text:0800015D                 add     eax, 4
.text:08000160                 mov     [ebp+p], eax
.text:08000163                 mov     eax, [ebp+v]
.text:08000166                 shr     eax, 4
.text:08000169                 mov     [ebp+v], eax
.text:0800016C
.text:0800016C ilog2_64_5:                             ; ...
.text:0800016C                 mov     eax, [ebp+v]    ; ROUND(v, p,  2);
.text:0800016F                 and     eax, 0Ch
.text:08000172                 cmp     eax, 0
.text:08000175                 jz      ilog2_64_6
.text:0800017B                 mov     eax, [ebp+p]
.text:0800017E                 add     eax, 2
.text:08000181                 mov     [ebp+p], eax
.text:08000184                 mov     eax, [ebp+v]
.text:08000187                 shr     eax, 2
.text:0800018A                 mov     [ebp+v], eax
.text:0800018D
.text:0800018D ilog2_64_6:                             ; ...
.text:0800018D                 mov     eax, [ebp+v]    ; ROUND(v, p,  1);
.text:08000190                 and     eax, 2
.text:08000193                 cmp     eax, 0
.text:08000196                 jz      ilog2_64_7
.text:0800019C                 mov     eax, [ebp+p]
.text:0800019F                 inc     eax
.text:080001A0                 mov     [ebp+p], eax
.text:080001A3                 mov     eax, [ebp+v]
.text:080001A6                 shr     eax, 1
.text:080001A9                 mov     [ebp+v], eax
.text:080001AC
.text:080001AC ilog2_64_7:                             ; ...
.text:080001AC                 mov     eax, [ebp+p]    ; return p;
.text:080001AF                 leave
.text:080001B0                 retn
.text:080001B0 ilog2_64        endp
.text:080001B0
.text:080001B1
.text:080001B1 ; =============== S U B R O U T I N E =======================================
.text:080001B1
.text:080001B1 ; Attributes: bp-based frame
.text:080001B1
.text:080001B1                 public alignlog2_32
.text:080001B1 alignlog2_32    proc near
.text:080001B1
.text:080001B1 v               = dword ptr  8
.text:080001B1
.text:080001B1                 push    ebp             ; int const_func alignlog2_32(uint32_t v)
.text:080001B2                 mov     ebp, esp
.text:080001B4                 sub     esp, 0
.text:080001BA                 nop
.text:080001BB                 mov     eax, [ebp+v]
.text:080001BE                 dec     eax
.text:080001BF                 mov     ecx, [ebp+v]    ; if (v & (v-1))
.text:080001C2                 and     ecx, eax
.text:080001C4                 cmp     ecx, 0
.text:080001C7                 jz      alog2_32_1
.text:080001CD                 mov     eax, 0FFFFFFFFh ; return -1;
.text:080001D2                 jmp     alog2_32_2
.text:080001D7 ; ---------------------------------------------------------------------------
.text:080001D7
.text:080001D7 alog2_32_1:                             ; ...
.text:080001D7                 mov     eax, [ebp+v]
.text:080001DA                 push    eax
.text:080001DB                 call    ilog2_32        ; return ilog2_32(v);
.text:080001E0                 add     esp, 4
.text:080001E3
.text:080001E3 alog2_32_2:                             ; ...
.text:080001E3                 leave
.text:080001E4                 retn
.text:080001E4 alignlog2_32    endp
.text:080001E4
.text:080001E5
.text:080001E5 ; =============== S U B R O U T I N E =======================================
.text:080001E5
.text:080001E5 ; Attributes: bp-based frame
.text:080001E5
.text:080001E5                 public alignlog2_64
.text:080001E5 alignlog2_64    proc near
.text:080001E5
.text:080001E5 v               = dword ptr  8
.text:080001E5 v_h             = dword ptr  0Ch
.text:080001E5
.text:080001E5                 push    ebp             ; int const_func alignlog2_64(uint64_t v)
.text:080001E6                 mov     ebp, esp
.text:080001E8                 sub     esp, 0
.text:080001EE                 nop
.text:080001EF                 mov     eax, [ebp+v]
.text:080001F2                 sub     eax, 1
.text:080001F5                 mov     ecx, [ebp+v_h]
.text:080001F8                 sbb     ecx, 0
.text:080001FB                 mov     edx, [ebp+v]
.text:080001FE                 and     edx, eax
.text:08000200                 mov     eax, [ebp+v_h]
.text:08000203                 and     eax, ecx
.text:08000205                 cmp     eax, 0          ; if (v & (v-1))
.text:08000208                 jnz     alog2_64_1
.text:0800020E                 cmp     edx, 0
.text:08000211                 jz      alog2_64_2
.text:08000217
.text:08000217 alog2_64_1:                             ; ...
.text:08000217                 mov     eax, 0FFFFFFFFh ; return -1;
.text:0800021C                 jmp     alog2_64_3
.text:08000221 ; ---------------------------------------------------------------------------
.text:08000221
.text:08000221 alog2_64_2:                             ; ...
.text:08000221                 mov     eax, [ebp+v]
.text:08000224                 mov     ecx, [ebp+v_h]
.text:08000227                 push    ecx
.text:08000228                 push    eax
.text:08000229                 call    ilog2_64        ; return ilog2_64(v);
.text:0800022E                 add     esp, 8
.text:08000231
.text:08000231 alog2_64_3:                             ; ...
.text:08000231                 leave
.text:08000232                 retn
.text:08000232 alignlog2_64    endp
.text:08000232
.text:08000232 _text           ends
.text:08000232
.data:08000234 ; ===========================================================================
.data:08000234
.data:08000234 ; Segment type: Zero-length
.data:08000234 ; Segment permissions: Read/Write
.data:08000234 _data           segment dword public 'DATA' use32
.data:08000234 _data           ends
.data:08000234
.bss:08000238 ; ===========================================================================
.bss:08000238
.bss:08000238 ; Segment type: Zero-length
.bss:08000238 ; Segment permissions: Read/Write
.bss:08000238 _bss            segment dword public 'BSS' use32
.bss:08000238 _bss            ends
.bss:08000238
.bss:08000238
.bss:08000238                 end
