.text:08000000 ;
.text:08000000 ; +-------------------------------------------------------------------------+
.text:08000000 ; |   This file has been generated by The Interactive Disassembler (IDA)    |
.text:08000000 ; |           Copyright (c) 2018 Hex-Rays, <support@hex-rays.com>           |
.text:08000000 ; |                            Freeware version                             |
.text:08000000 ; +-------------------------------------------------------------------------+
.text:08000000 ;
.text:08000000 ; Input SHA256 : B7A770F610C662F8093137876E3CEF6A5BDF8C96757628DEFEF5F4163B10D205
.text:08000000 ; Input MD5    : 67E17018D5872B5F62B168BFFB268FCE
.text:08000000 ; Input CRC32  : 930FC597
.text:08000000
.text:08000000 ; File Name   : C:\Users\90542\OneDrive\Masaüstü\nasm_214_c_o\malloc.o
.text:08000000 ; Format      : ELF for Intel 386 (Relocatable)
.text:08000000 ;
.text:08000000 ; Source File : 'malloc.c'
.text:08000000
.text:08000000                 .686p
.text:08000000                 .mmx
.text:08000000                 .model flat
.text:08000000 .intel_syntax noprefix
.text:08000000
.text:08000000 ; ===========================================================================
.text:08000000
.text:08000000 ; Segment type: Pure code
.text:08000000 ; Segment permissions: Read/Execute
.text:08000000 _text           segment dword public 'CODE' use32
.text:08000000                 assume cs:_text
.text:08000000                 ;org 8000000h
.text:08000000                 assume es:nothing, ss:nothing, ds:_data, fs:nothing, gs:nothing
.text:08000000
.text:08000000 ; =============== S U B R O U T I N E =======================================
.text:08000000
.text:08000000 ; Attributes: bp-based frame
.text:08000000
.text:08000000 overflow_general proc near
.text:08000000
.text:08000000 var_18          = dword ptr -18h
.text:08000000 var_14          = dword ptr -14h
.text:08000000 var_10          = dword ptr -10h
.text:08000000 var_C           = dword ptr -0Ch
.text:08000000 var_4           = dword ptr -4
.text:08000000 arg_0           = dword ptr  8
.text:08000000 arg_4           = dword ptr  0Ch
.text:08000000 arg_8           = dword ptr  10h
.text:08000000
.text:08000000                 push    ebp
.text:08000001                 mov     ebp, esp
.text:08000003                 sub     esp, 18h
.text:08000009                 nop
.text:0800000A                 mov     eax, [ebp+arg_8]
.text:0800000D                 cmp     eax, 8
.text:08000010                 jl      loc_8000020
.text:08000016                 mov     eax, 0
.text:0800001B                 jmp     locret_80000D4
.text:08000020 ; ---------------------------------------------------------------------------
.text:08000020
.text:08000020 loc_8000020:                            ; ...
.text:08000020                 mov     eax, [ebp+arg_8]
.text:08000023                 shl     eax, 3
.text:08000026                 dec     eax
.text:08000027                 mov     [ebp+var_4], eax
.text:0800002A                 mov     eax, [ebp+var_4]
.text:0800002D                 push    eax
.text:0800002E                 mov     eax, 2
.text:08000033                 mov     ecx, 0
.text:08000038                 push    ecx
.text:08000039                 push    eax
.text:0800003A                 call    __ashldi3
.text:0800003F                 add     esp, 0Ch
.text:08000042                 sub     eax, 1
.text:08000045                 sbb     edx, 0
.text:08000048                 mov     [ebp+var_10], eax
.text:0800004B                 mov     [ebp+var_C], edx
.text:0800004E                 mov     eax, [ebp+var_4]
.text:08000051                 push    eax
.text:08000052                 mov     eax, 2
.text:08000057                 mov     ecx, 0
.text:0800005C                 push    ecx
.text:0800005D                 push    eax
.text:0800005E                 call    __ashldi3
.text:08000063                 add     esp, 0Ch
.text:08000066                 mov     ecx, 0
.text:0800006B                 sub     ecx, eax
.text:0800006D                 mov     eax, 0
.text:08000072                 sbb     eax, edx
.text:08000074                 mov     [ebp+var_18], ecx
.text:08000077                 mov     [ebp+var_14], eax
.text:0800007A                 mov     eax, [ebp+arg_4]
.text:0800007D                 mov     ecx, [ebp+var_14]
.text:08000080                 cmp     eax, ecx
.text:08000082                 jg      loc_80000A1
.text:08000088                 jnz     loc_800009C
.text:0800008E                 mov     eax, [ebp+arg_0]
.text:08000091                 mov     ecx, [ebp+var_18]
.text:08000094                 cmp     eax, ecx
.text:08000096                 jnb     loc_80000A1
.text:0800009C
.text:0800009C loc_800009C:                            ; ...
.text:0800009C                 jmp     loc_80000CF
.text:080000A1 ; ---------------------------------------------------------------------------
.text:080000A1
.text:080000A1 loc_80000A1:                            ; ...
.text:080000A1                 mov     eax, [ebp+arg_4]
.text:080000A4                 mov     ecx, [ebp+var_C]
.text:080000A7                 cmp     eax, ecx
.text:080000A9                 jl      loc_80000C8
.text:080000AF                 jnz     loc_80000C3
.text:080000B5                 mov     eax, [ebp+arg_0]
.text:080000B8                 mov     ecx, [ebp+var_10]
.text:080000BB                 cmp     eax, ecx
.text:080000BD                 jbe     loc_80000C8
.text:080000C3
.text:080000C3 loc_80000C3:                            ; ...
.text:080000C3                 jmp     loc_80000CF
.text:080000C8 ; ---------------------------------------------------------------------------
.text:080000C8
.text:080000C8 loc_80000C8:                            ; ...
.text:080000C8                 mov     eax, 0
.text:080000CD                 jmp     short locret_80000D4
.text:080000CF ; ---------------------------------------------------------------------------
.text:080000CF
.text:080000CF loc_80000CF:                            ; ...
.text:080000CF                 mov     eax, 1
.text:080000D4
.text:080000D4 locret_80000D4:                         ; ...
.text:080000D4                 leave
.text:080000D5                 retn
.text:080000D5 overflow_general endp
.text:080000D5
.text:080000D6
.text:080000D6 ; =============== S U B R O U T I N E =======================================
.text:080000D6
.text:080000D6 ; Attributes: bp-based frame
.text:080000D6
.text:080000D6 overflow_signed proc near
.text:080000D6
.text:080000D6 var_18          = dword ptr -18h
.text:080000D6 var_14          = dword ptr -14h
.text:080000D6 var_10          = dword ptr -10h
.text:080000D6 var_C           = dword ptr -0Ch
.text:080000D6 var_4           = dword ptr -4
.text:080000D6 arg_0           = dword ptr  8
.text:080000D6 arg_4           = dword ptr  0Ch
.text:080000D6 arg_8           = dword ptr  10h
.text:080000D6
.text:080000D6                 push    ebp
.text:080000D7                 mov     ebp, esp
.text:080000D9                 sub     esp, 18h
.text:080000DF                 nop
.text:080000E0                 mov     eax, [ebp+arg_8]
.text:080000E3                 cmp     eax, 8
.text:080000E6                 jl      loc_80000F6
.text:080000EC                 mov     eax, 0
.text:080000F1                 jmp     locret_80001AA
.text:080000F6 ; ---------------------------------------------------------------------------
.text:080000F6
.text:080000F6 loc_80000F6:                            ; ...
.text:080000F6                 mov     eax, [ebp+arg_8]
.text:080000F9                 shl     eax, 3
.text:080000FC                 dec     eax
.text:080000FD                 mov     [ebp+var_4], eax
.text:08000100                 mov     eax, [ebp+var_4]
.text:08000103                 push    eax
.text:08000104                 mov     eax, 1
.text:08000109                 mov     ecx, 0
.text:0800010E                 push    ecx
.text:0800010F                 push    eax
.text:08000110                 call    __ashldi3
.text:08000115                 add     esp, 0Ch
.text:08000118                 sub     eax, 1
.text:0800011B                 sbb     edx, 0
.text:0800011E                 mov     [ebp+var_10], eax
.text:08000121                 mov     [ebp+var_C], edx
.text:08000124                 mov     eax, [ebp+var_4]
.text:08000127                 push    eax
.text:08000128                 mov     eax, 1
.text:0800012D                 mov     ecx, 0
.text:08000132                 push    ecx
.text:08000133                 push    eax
.text:08000134                 call    __ashldi3
.text:08000139                 add     esp, 0Ch
.text:0800013C                 mov     ecx, 0
.text:08000141                 sub     ecx, eax
.text:08000143                 mov     eax, 0
.text:08000148                 sbb     eax, edx
.text:0800014A                 mov     [ebp+var_18], ecx
.text:0800014D                 mov     [ebp+var_14], eax
.text:08000150                 mov     eax, [ebp+arg_4]
.text:08000153                 mov     ecx, [ebp+var_14]
.text:08000156                 cmp     eax, ecx
.text:08000158                 jg      loc_8000177
.text:0800015E                 jnz     loc_8000172
.text:08000164                 mov     eax, [ebp+arg_0]
.text:08000167                 mov     ecx, [ebp+var_18]
.text:0800016A                 cmp     eax, ecx
.text:0800016C                 jnb     loc_8000177
.text:08000172
.text:08000172 loc_8000172:                            ; ...
.text:08000172                 jmp     loc_80001A5
.text:08000177 ; ---------------------------------------------------------------------------
.text:08000177
.text:08000177 loc_8000177:                            ; ...
.text:08000177                 mov     eax, [ebp+arg_4]
.text:0800017A                 mov     ecx, [ebp+var_C]
.text:0800017D                 cmp     eax, ecx
.text:0800017F                 jl      loc_800019E
.text:08000185                 jnz     loc_8000199
.text:0800018B                 mov     eax, [ebp+arg_0]
.text:0800018E                 mov     ecx, [ebp+var_10]
.text:08000191                 cmp     eax, ecx
.text:08000193                 jbe     loc_800019E
.text:08000199
.text:08000199 loc_8000199:                            ; ...
.text:08000199                 jmp     loc_80001A5
.text:0800019E ; ---------------------------------------------------------------------------
.text:0800019E
.text:0800019E loc_800019E:                            ; ...
.text:0800019E                 mov     eax, 0
.text:080001A3                 jmp     short locret_80001AA
.text:080001A5 ; ---------------------------------------------------------------------------
.text:080001A5
.text:080001A5 loc_80001A5:                            ; ...
.text:080001A5                 mov     eax, 1
.text:080001AA
.text:080001AA locret_80001AA:                         ; ...
.text:080001AA                 leave
.text:080001AB                 retn
.text:080001AB overflow_signed endp
.text:080001AB
.text:080001AC
.text:080001AC ; =============== S U B R O U T I N E =======================================
.text:080001AC
.text:080001AC ; Attributes: bp-based frame
.text:080001AC
.text:080001AC overflow_unsigned proc near
.text:080001AC
.text:080001AC var_18          = dword ptr -18h
.text:080001AC var_14          = dword ptr -14h
.text:080001AC var_10          = dword ptr -10h
.text:080001AC var_C           = dword ptr -0Ch
.text:080001AC var_4           = dword ptr -4
.text:080001AC arg_0           = dword ptr  8
.text:080001AC arg_4           = dword ptr  0Ch
.text:080001AC arg_8           = dword ptr  10h
.text:080001AC
.text:080001AC                 push    ebp
.text:080001AD                 mov     ebp, esp
.text:080001AF                 sub     esp, 18h
.text:080001B5                 nop
.text:080001B6                 mov     eax, [ebp+arg_8]
.text:080001B9                 cmp     eax, 8
.text:080001BC                 jl      loc_80001CC
.text:080001C2                 mov     eax, 0
.text:080001C7                 jmp     locret_8000264
.text:080001CC ; ---------------------------------------------------------------------------
.text:080001CC
.text:080001CC loc_80001CC:                            ; ...
.text:080001CC                 mov     eax, [ebp+arg_8]
.text:080001CF                 shl     eax, 3
.text:080001D2                 dec     eax
.text:080001D3                 mov     [ebp+var_4], eax
.text:080001D6                 mov     eax, [ebp+var_4]
.text:080001D9                 push    eax
.text:080001DA                 mov     eax, 2
.text:080001DF                 mov     ecx, 0
.text:080001E4                 push    ecx
.text:080001E5                 push    eax
.text:080001E6                 call    __ashldi3
.text:080001EB                 add     esp, 0Ch
.text:080001EE                 sub     eax, 1
.text:080001F1                 sbb     edx, 0
.text:080001F4                 mov     [ebp+var_10], eax
.text:080001F7                 mov     [ebp+var_C], edx
.text:080001FA                 mov     eax, 0
.text:080001FF                 mov     ecx, 0
.text:08000204                 mov     [ebp+var_18], eax
.text:08000207                 mov     [ebp+var_14], ecx
.text:0800020A                 mov     eax, [ebp+arg_4]
.text:0800020D                 mov     ecx, [ebp+var_14]
.text:08000210                 cmp     eax, ecx
.text:08000212                 jg      loc_8000231
.text:08000218                 jnz     loc_800022C
.text:0800021E                 mov     eax, [ebp+arg_0]
.text:08000221                 mov     ecx, [ebp+var_18]
.text:08000224                 cmp     eax, ecx
.text:08000226                 jnb     loc_8000231
.text:0800022C
.text:0800022C loc_800022C:                            ; ...
.text:0800022C                 jmp     loc_800025F
.text:08000231 ; ---------------------------------------------------------------------------
.text:08000231
.text:08000231 loc_8000231:                            ; ...
.text:08000231                 mov     eax, [ebp+arg_4]
.text:08000234                 mov     ecx, [ebp+var_C]
.text:08000237                 cmp     eax, ecx
.text:08000239                 jl      loc_8000258
.text:0800023F                 jnz     loc_8000253
.text:08000245                 mov     eax, [ebp+arg_0]
.text:08000248                 mov     ecx, [ebp+var_10]
.text:0800024B                 cmp     eax, ecx
.text:0800024D                 jbe     loc_8000258
.text:08000253
.text:08000253 loc_8000253:                            ; ...
.text:08000253                 jmp     loc_800025F
.text:08000258 ; ---------------------------------------------------------------------------
.text:08000258
.text:08000258 loc_8000258:                            ; ...
.text:08000258                 mov     eax, 0
.text:0800025D                 jmp     short locret_8000264
.text:0800025F ; ---------------------------------------------------------------------------
.text:0800025F
.text:0800025F loc_800025F:                            ; ...
.text:0800025F                 mov     eax, 1
.text:08000264
.text:08000264 locret_8000264:                         ; ...
.text:08000264                 leave
.text:08000265                 retn
.text:08000265 overflow_unsigned endp
.text:08000265
.text:08000266
.text:08000266 ; =============== S U B R O U T I N E =======================================
.text:08000266
.text:08000266 ; Attributes: bp-based frame
.text:08000266
.text:08000266 signed_bits     proc near
.text:08000266
.text:08000266 arg_0           = dword ptr  8
.text:08000266 arg_4           = dword ptr  0Ch
.text:08000266 arg_8           = dword ptr  10h
.text:08000266
.text:08000266                 push    ebp
.text:08000267                 mov     ebp, esp
.text:08000269                 sub     esp, 0
.text:0800026F                 nop
.text:08000270                 mov     eax, [ebp+arg_8]
.text:08000273                 cmp     eax, 40h
.text:08000276                 jge     loc_8000307
.text:0800027C                 mov     eax, [ebp+arg_8]
.text:0800027F                 push    eax
.text:08000280                 mov     eax, 1
.text:08000285                 mov     ecx, 0
.text:0800028A                 push    ecx
.text:0800028B                 push    eax
.text:0800028C                 call    __ashldi3
.text:08000291                 add     esp, 0Ch
.text:08000294                 sub     eax, 1
.text:08000297                 sbb     edx, 0
.text:0800029A                 mov     ecx, [ebp+arg_0]
.text:0800029D                 and     ecx, eax
.text:0800029F                 mov     eax, [ebp+arg_4]
.text:080002A2                 and     eax, edx
.text:080002A4                 mov     [ebp+arg_0], ecx
.text:080002A7                 mov     [ebp+arg_4], eax
.text:080002AA                 mov     eax, [ebp+arg_8]
.text:080002AD                 dec     eax
.text:080002AE                 push    eax
.text:080002AF                 mov     eax, 1
.text:080002B4                 mov     ecx, 0
.text:080002B9                 push    ecx
.text:080002BA                 push    eax
.text:080002BB                 call    __ashldi3
.text:080002C0                 add     esp, 0Ch
.text:080002C3                 mov     ecx, [ebp+arg_0]
.text:080002C6                 and     ecx, eax
.text:080002C8                 mov     eax, [ebp+arg_4]
.text:080002CB                 and     eax, edx
.text:080002CD                 cmp     eax, 0
.text:080002D0                 jnz     loc_80002DF
.text:080002D6                 cmp     ecx, 0
.text:080002D9                 jz      loc_8000307
.text:080002DF
.text:080002DF loc_80002DF:                            ; ...
.text:080002DF                 mov     eax, [ebp+arg_8]
.text:080002E2                 push    eax
.text:080002E3                 mov     eax, 0FFFFFFFFh
.text:080002E8                 mov     ecx, 0FFFFFFFFh
.text:080002ED                 push    ecx
.text:080002EE                 push    eax
.text:080002EF                 call    __ashldi3
.text:080002F4                 add     esp, 0Ch
.text:080002F7                 mov     ecx, [ebp+arg_0]
.text:080002FA                 or      ecx, eax
.text:080002FC                 mov     eax, [ebp+arg_4]
.text:080002FF                 or      eax, edx
.text:08000301                 mov     [ebp+arg_0], ecx
.text:08000304                 mov     [ebp+arg_4], eax
.text:08000307
.text:08000307 loc_8000307:                            ; ...
.text:08000307                 mov     eax, [ebp+arg_0]
.text:0800030A                 mov     edx, [ebp+arg_4]
.text:0800030D                 leave
.text:0800030E                 retn
.text:0800030E signed_bits     endp
.text:0800030E
.text:0800030F
.text:0800030F ; =============== S U B R O U T I N E =======================================
.text:0800030F
.text:0800030F ; Attributes: bp-based frame
.text:0800030F
.text:0800030F nasm_set_verror proc near
.text:0800030F
.text:0800030F old_verror      = dword ptr -4
.text:0800030F ve              = dword ptr  8
.text:0800030F
.text:0800030F                 push    ebp             ; error.h
.text:0800030F                                         ; static inline vefunc nasm_set_verror(vefunc ve)
.text:08000310                 mov     ebp, esp
.text:08000312                 sub     esp, 4
.text:08000318                 nop
.text:08000319                 mov     eax, ds:nasm_verror
.text:0800031F                 mov     [ebp+old_verror], eax ; vefunc old_verror = nasm_verror;
.text:08000322                 mov     eax, [ebp+ve]
.text:08000325                 mov     ds:nasm_verror, eax ; nasm_verror = ve;
.text:0800032B                 mov     eax, [ebp+old_verror] ; return old_verror;
.text:0800032E                 leave
.text:0800032F                 retn
.text:0800032F nasm_set_verror endp
.text:0800032F
.text:08000330
.text:08000330 ; =============== S U B R O U T I N E =======================================
.text:08000330
.text:08000330 ; Attributes: bp-based frame
.text:08000330
.text:08000330                 public nasm_malloc
.text:08000330 nasm_malloc     proc near               ; ...
.text:08000330
.text:08000330 p               = dword ptr -4
.text:08000330 size            = dword ptr  8
.text:08000330
.text:08000330                 push    ebp
.text:08000331                 mov     ebp, esp
.text:08000333                 sub     esp, 4
.text:08000339                 nop
.text:0800033A                 mov     eax, [ebp+size] ; if (size == 0) return NULL;
.text:0800033D                 cmp     eax, 0
.text:08000340                 jnz     nm_1
.text:08000346                 mov     eax, 0
.text:0800034B                 jmp     nm_4
.text:08000350 ; ---------------------------------------------------------------------------
.text:08000350
.text:08000350 nm_1:                                   ; ...
.text:08000350                 mov     eax, [ebp+size] ; size = (size + 3) & ~3;
.text:08000353                 add     eax, 3
.text:08000356                 and     eax, 0FFFFFFFCh
.text:08000359                 mov     [ebp+size], eax
.text:0800035C                 mov     eax, [ebp+size]
.text:0800035F                 push    eax
.text:08000360                 call    malloc          ; void *p = malloc(size);
.text:08000365                 add     esp, 4
.text:08000368                 mov     [ebp+p], eax
.text:0800036B                 mov     eax, [ebp+p]    ; if (!p) {
.text:0800036E                 cmp     eax, 0
.text:08000371                 jz      nm_2
.text:08000377                 jmp     nm_3
.text:0800037C ; ---------------------------------------------------------------------------
.text:0800037C
.text:0800037C nm_2:                                   ; ...
.text:0800037C                 mov     eax, offset L_180 ; "out of memory (TRDOS 386 Memory Full!)"
.text:08000381                 push    eax
.text:08000382                 mov     eax, 6          ; ERR_FATAL
.text:08000387                 push    eax
.text:08000388                 call    nasm_error      ; nasm_error(ERR_FATAL, "out of memory (TRDOS 386 Memory Full!)");
.text:0800038D                 add     esp, 8
.text:08000390                 mov     eax, 0          ; return NULL;
.text:08000395                 jmp     nm_4
.text:0800039A ; ---------------------------------------------------------------------------
.text:0800039A
.text:0800039A nm_3:                                   ; ...
.text:0800039A                 mov     eax, [ebp+p]    ; return p;
.text:0800039D
.text:0800039D nm_4:                                   ; ...
.text:0800039D                 leave
.text:0800039E                 retn
.text:0800039E nasm_malloc     endp
.text:0800039E
.text:0800039F
.text:0800039F ; =============== S U B R O U T I N E =======================================
.text:0800039F
.text:0800039F ; Attributes: bp-based frame
.text:0800039F
.text:0800039F                 public nasm_realloc
.text:0800039F nasm_realloc    proc near
.text:0800039F
.text:0800039F p               = dword ptr -4
.text:0800039F q               = dword ptr  8
.text:0800039F size            = dword ptr  0Ch
.text:0800039F
.text:0800039F                 push    ebp             ; void *nasm_realloc(void *q, size_t size)
.text:080003A0                 mov     ebp, esp
.text:080003A2                 sub     esp, 4
.text:080003A8                 nop
.text:080003A9                 mov     eax, [ebp+q]    ;  if (!q) return nasm_malloc(size);
.text:080003AC                 cmp     eax, 0
.text:080003AF                 jz      nr_1
.text:080003B5                 jmp     nr_2
.text:080003BA ; ---------------------------------------------------------------------------
.text:080003BA
.text:080003BA nr_1:                                   ; ...
.text:080003BA                 mov     eax, [ebp+size]
.text:080003BD                 push    eax
.text:080003BE                 call    nasm_malloc
.text:080003C3                 add     esp, 4
.text:080003C6                 jmp     nr_5
.text:080003CB ; ---------------------------------------------------------------------------
.text:080003CB
.text:080003CB nr_2:                                   ; ...
.text:080003CB                 mov     eax, [ebp+size] ; if (size == 0) { nasm_free(q); return NULL; }
.text:080003CE                 cmp     eax, 0
.text:080003D1                 jnz     nr_3
.text:080003D7                 mov     eax, [ebp+q]
.text:080003DA                 push    eax
.text:080003DB                 call    nasm_free
.text:080003E0                 add     esp, 4
.text:080003E3                 mov     eax, 0
.text:080003E8                 jmp     nr_5
.text:080003ED ; ---------------------------------------------------------------------------
.text:080003ED
.text:080003ED nr_3:                                   ; ...
.text:080003ED                 mov     eax, [ebp+size]
.text:080003F0                 push    eax
.text:080003F1                 call    nasm_malloc
.text:080003F6                 add     esp, 4
.text:080003F9                 mov     [ebp+p], eax    ; void *p = nasm_malloc(size);
.text:080003FC                 mov     eax, [ebp+p]
.text:080003FF                 cmp     eax, 0
.text:08000402                 jz      nr_4
.text:08000408                 mov     eax, [ebp+size]
.text:0800040B                 push    eax
.text:0800040C                 mov     eax, [ebp+q]
.text:0800040F                 push    eax
.text:08000410                 mov     eax, [ebp+p]
.text:08000413                 push    eax
.text:08000414                 call    memcpy          ; if (p) { memcpy(p, q, size); }
.text:08000419                 add     esp, 12
.text:0800041C
.text:0800041C nr_4:                                   ; ...
.text:0800041C                 mov     eax, [ebp+p]
.text:0800041F
.text:0800041F nr_5:                                   ; ...
.text:0800041F                 leave
.text:08000420                 retn
.text:08000420 nasm_realloc    endp
.text:08000420
.text:08000421
.text:08000421 ; =============== S U B R O U T I N E =======================================
.text:08000421
.text:08000421 ; Attributes: bp-based frame
.text:08000421
.text:08000421                 public nasm_free
.text:08000421 nasm_free       proc near               ; ...
.text:08000421                 push    ebp
.text:08000422                 mov     ebp, esp        ; void nasm_free(void *q) { (void)q; }
.text:08000424                 sub     esp, 0
.text:0800042A                 nop
.text:0800042B                 leave
.text:0800042C                 retn
.text:0800042C nasm_free       endp
.text:0800042C
.text:0800042D
.text:0800042D ; =============== S U B R O U T I N E =======================================
.text:0800042D
.text:0800042D ; Attributes: bp-based frame
.text:0800042D
.text:0800042D                 public nasm_calloc
.text:0800042D nasm_calloc     proc near
.text:0800042D
.text:0800042D p               = dword ptr -8
.text:0800042D size            = dword ptr -4
.text:0800042D nelem           = dword ptr  8
.text:0800042D elsize          = dword ptr  0Ch
.text:0800042D
.text:0800042D                 push    ebp             ; void *nasm_calloc(size_t nelem, size_t elsize)
.text:0800042E                 mov     ebp, esp
.text:08000430                 sub     esp, 8
.text:08000436                 nop
.text:08000437                 mov     eax, [ebp+nelem]
.text:0800043A                 mov     ecx, [ebp+elsize]
.text:0800043D                 imul    eax, ecx
.text:08000440                 mov     [ebp+size], eax ; size_t size = nelem * elsize;
.text:08000443                 mov     eax, [ebp+size]
.text:08000446                 push    eax
.text:08000447                 call    nasm_malloc
.text:0800044C                 add     esp, 4
.text:0800044F                 mov     [ebp+p], eax    ; void *p = nasm_malloc(size);
.text:08000452                 mov     eax, [ebp+p]    ; if (p) memset(p, 0, size);
.text:08000455                 cmp     eax, 0
.text:08000458                 jz      nc_1
.text:0800045E                 mov     eax, [ebp+size]
.text:08000461                 push    eax
.text:08000462                 mov     eax, 0
.text:08000467                 push    eax
.text:08000468                 mov     eax, [ebp+p]
.text:0800046B                 push    eax
.text:0800046C                 call    memset
.text:08000471                 add     esp, 12
.text:08000474
.text:08000474 nc_1:                                   ; ...
.text:08000474                 mov     eax, [ebp+p]    ; return p;
.text:08000477                 leave
.text:08000478                 retn
.text:08000478 nasm_calloc     endp
.text:08000478
.text:08000479
.text:08000479 ; =============== S U B R O U T I N E =======================================
.text:08000479
.text:08000479 ; Attributes: bp-based frame
.text:08000479
.text:08000479                 public nasm_strdup
.text:08000479 nasm_strdup     proc near
.text:08000479
.text:08000479 p               = dword ptr -8
.text:08000479 len             = dword ptr -4
.text:08000479 s               = dword ptr  8
.text:08000479
.text:08000479                 push    ebp             ; char *nasm_strdup(const char *s)
.text:0800047A                 mov     ebp, esp
.text:0800047C                 sub     esp, 8
.text:08000482                 nop
.text:08000483                 mov     eax, [ebp+s]
.text:08000486                 push    eax
.text:08000487                 call    strlen          ; size_t len = strlen(s) + 1;
.text:0800048C                 add     esp, 4
.text:0800048F                 inc     eax
.text:08000490                 mov     [ebp+len], eax
.text:08000493                 mov     eax, [ebp+len]
.text:08000496                 push    eax
.text:08000497                 call    nasm_malloc     ; char *p = nasm_malloc(len);
.text:0800049C                 add     esp, 4
.text:0800049F                 mov     [ebp+p], eax
.text:080004A2                 mov     eax, [ebp+p]
.text:080004A5                 cmp     eax, 0
.text:080004A8                 jz      ns_1
.text:080004AE                 mov     eax, [ebp+len]
.text:080004B1                 push    eax
.text:080004B2                 mov     eax, [ebp+s]
.text:080004B5                 push    eax
.text:080004B6                 mov     eax, [ebp+p]
.text:080004B9                 push    eax
.text:080004BA                 call    memcpy          ; if (p) memcpy(p, s, len);
.text:080004BF                 add     esp, 12
.text:080004C2
.text:080004C2 ns_1:                                   ; ...
.text:080004C2                 mov     eax, [ebp+p]    ; return p;
.text:080004C5                 leave
.text:080004C6                 retn
.text:080004C6 nasm_strdup     endp
.text:080004C6
.text:080004C7
.text:080004C7 ; =============== S U B R O U T I N E =======================================
.text:080004C7
.text:080004C7 ; Attributes: bp-based frame
.text:080004C7
.text:080004C7                 public nasm_strndup
.text:080004C7 nasm_strndup    proc near
.text:080004C7
.text:080004C7 p               = dword ptr -8
.text:080004C7 len             = dword ptr -4
.text:080004C7 s               = dword ptr  8
.text:080004C7 n               = dword ptr  0Ch
.text:080004C7
.text:080004C7                 push    ebp             ; char *nasm_strndup(const char *s, size_t n)
.text:080004C8                 mov     ebp, esp
.text:080004CA                 sub     esp, 8
.text:080004D0                 nop
.text:080004D1                 mov     eax, [ebp+n]    ; size_t len = strnlen(s, n);
.text:080004D4                 push    eax
.text:080004D5                 mov     eax, [ebp+s]
.text:080004D8                 push    eax
.text:080004D9                 call    strnlen
.text:080004DE                 add     esp, 8
.text:080004E1                 mov     [ebp+len], eax
.text:080004E4                 mov     eax, [ebp+len]  ; char *p = nasm_malloc(len + 1);
.text:080004E7                 inc     eax
.text:080004E8                 push    eax
.text:080004E9                 call    nasm_malloc
.text:080004EE                 add     esp, 4
.text:080004F1                 mov     [ebp+p], eax
.text:080004F4                 mov     eax, [ebp+p]    ; if (p) { memcpy(p, s, len); p[len] = '\0'; }
.text:080004F7                 cmp     eax, 0
.text:080004FA                 jz      nsn_1
.text:08000500                 mov     eax, [ebp+len]
.text:08000503                 push    eax
.text:08000504                 mov     eax, [ebp+s]
.text:08000507                 push    eax
.text:08000508                 mov     eax, [ebp+p]
.text:0800050B                 push    eax
.text:0800050C                 call    memcpy
.text:08000511                 add     esp, 12
.text:08000514                 mov     eax, [ebp+len]
.text:08000517                 mov     ecx, [ebp+p]
.text:0800051A                 add     ecx, eax
.text:0800051C                 mov     eax, 0
.text:08000521                 mov     [ecx], al
.text:08000523
.text:08000523 nsn_1:                                  ; ...
.text:08000523                 mov     eax, [ebp+p]    ; return p;
.text:08000526                 leave
.text:08000527                 retn
.text:08000527 nasm_strndup    endp
.text:08000527
.text:08000527 _text           ends
.text:08000527
.data:08000528 ; ===========================================================================
.data:08000528
.data:08000528 ; Segment type: Pure data
.data:08000528 ; Segment permissions: Read/Write
.data:08000528 _data           segment dword public 'DATA' use32
.data:08000528                 assume cs:_data
.data:08000528                 ;org 8000528h
.data:08000528 L_180           db 'out of memory (TRDOS 386 Memory Full!)',0 ; ...
.data:08000528 _data           ends
.data:08000528
.bss:08000550 ; ===========================================================================
.bss:08000550
.bss:08000550 ; Segment type: Zero-length
.bss:08000550 ; Segment permissions: Read/Write
.bss:08000550 _bss            segment dword public 'BSS' use32
.bss:08000550 _bss            ends
.bss:08000550
extern:08000554 ; ===========================================================================
extern:08000554
extern:08000554 ; Segment type: Externs
extern:08000554 ; extern
extern:08000554                 extrn __ashldi3:near    ; ...
extern:08000558                 extrn nasm_verror:dword ; ...
extern:0800055C                 extrn malloc:near       ; ...
extern:08000560                 extrn nasm_error:near   ; ...
extern:08000564                 extrn memcpy:near       ; ...
extern:08000568                 extrn memset:near       ; ...
extern:0800056C                 extrn strlen:near       ; ...
extern:08000570                 extrn strnlen:near      ; ...
extern:08000570
extern:08000570
extern:08000570                 end
