.text:08000000 ;
.text:08000000 ; +-------------------------------------------------------------------------+
.text:08000000 ; |   This file has been generated by The Interactive Disassembler (IDA)    |
.text:08000000 ; |           Copyright (c) 2018 Hex-Rays, <support@hex-rays.com>           |
.text:08000000 ; |                            Freeware version                             |
.text:08000000 ; +-------------------------------------------------------------------------+
.text:08000000 ;
.text:08000000 ; Input SHA256 : 911718A3766C0B53D8F3FD45FECC150A967A3819512DAF4EBBD7D45A6B7902E0
.text:08000000 ; Input MD5    : 2310C9ED229FC526B072ACA5E7145F21
.text:08000000 ; Input CRC32  : AEC72951
.text:08000000
.text:08000000 ; File Name   : C:\Users\90542\OneDrive\Masaüstü\nasm_214_c_o\raa.o
.text:08000000 ; Format      : ELF for Intel 386 (Relocatable)
.text:08000000 ;
.text:08000000 ; Source File : 'raa.c'
.text:08000000
.text:08000000                 .686p
.text:08000000                 .mmx
.text:08000000                 .model flat
.text:08000000 .intel_syntax noprefix
.text:08000000
.text:08000000 ; ===========================================================================
.text:08000000
.text:08000000 ; Segment type: Pure code
.text:08000000 ; Segment permissions: Read/Execute
.text:08000000 _text           segment dword public 'CODE' use32
.text:08000000                 assume cs:_text
.text:08000000                 ;org 8000000h
.text:08000000                 assume es:nothing, ss:nothing, ds:_data, fs:nothing, gs:nothing
.text:08000000
.text:08000000 ; =============== S U B R O U T I N E =======================================
.text:08000000
.text:08000000 ; Attributes: bp-based frame
.text:08000000
.text:08000000 overflow_general proc near
.text:08000000
.text:08000000 var_18          = dword ptr -18h
.text:08000000 var_14          = dword ptr -14h
.text:08000000 var_10          = dword ptr -10h
.text:08000000 var_C           = dword ptr -0Ch
.text:08000000 var_4           = dword ptr -4
.text:08000000 arg_0           = dword ptr  8
.text:08000000 arg_4           = dword ptr  0Ch
.text:08000000 arg_8           = dword ptr  10h
.text:08000000
.text:08000000                 push    ebp
.text:08000001                 mov     ebp, esp
.text:08000003                 sub     esp, 18h
.text:08000009                 nop
.text:0800000A                 mov     eax, [ebp+arg_8]
.text:0800000D                 cmp     eax, 8
.text:08000010                 jl      loc_8000020
.text:08000016                 mov     eax, 0
.text:0800001B                 jmp     locret_80000D4
.text:08000020 ; ---------------------------------------------------------------------------
.text:08000020
.text:08000020 loc_8000020:                            ; ...
.text:08000020                 mov     eax, [ebp+arg_8]
.text:08000023                 shl     eax, 3
.text:08000026                 dec     eax
.text:08000027                 mov     [ebp+var_4], eax
.text:0800002A                 mov     eax, [ebp+var_4]
.text:0800002D                 push    eax
.text:0800002E                 mov     eax, 2
.text:08000033                 mov     ecx, 0
.text:08000038                 push    ecx
.text:08000039                 push    eax
.text:0800003A                 call    __ashldi3
.text:0800003F                 add     esp, 0Ch
.text:08000042                 sub     eax, 1
.text:08000045                 sbb     edx, 0
.text:08000048                 mov     [ebp+var_10], eax
.text:0800004B                 mov     [ebp+var_C], edx
.text:0800004E                 mov     eax, [ebp+var_4]
.text:08000051                 push    eax
.text:08000052                 mov     eax, 2
.text:08000057                 mov     ecx, 0
.text:0800005C                 push    ecx
.text:0800005D                 push    eax
.text:0800005E                 call    __ashldi3
.text:08000063                 add     esp, 0Ch
.text:08000066                 mov     ecx, 0
.text:0800006B                 sub     ecx, eax
.text:0800006D                 mov     eax, 0
.text:08000072                 sbb     eax, edx
.text:08000074                 mov     [ebp+var_18], ecx
.text:08000077                 mov     [ebp+var_14], eax
.text:0800007A                 mov     eax, [ebp+arg_4]
.text:0800007D                 mov     ecx, [ebp+var_14]
.text:08000080                 cmp     eax, ecx
.text:08000082                 jg      loc_80000A1
.text:08000088                 jnz     loc_800009C
.text:0800008E                 mov     eax, [ebp+arg_0]
.text:08000091                 mov     ecx, [ebp+var_18]
.text:08000094                 cmp     eax, ecx
.text:08000096                 jnb     loc_80000A1
.text:0800009C
.text:0800009C loc_800009C:                            ; ...
.text:0800009C                 jmp     loc_80000CF
.text:080000A1 ; ---------------------------------------------------------------------------
.text:080000A1
.text:080000A1 loc_80000A1:                            ; ...
.text:080000A1                 mov     eax, [ebp+arg_4]
.text:080000A4                 mov     ecx, [ebp+var_C]
.text:080000A7                 cmp     eax, ecx
.text:080000A9                 jl      loc_80000C8
.text:080000AF                 jnz     loc_80000C3
.text:080000B5                 mov     eax, [ebp+arg_0]
.text:080000B8                 mov     ecx, [ebp+var_10]
.text:080000BB                 cmp     eax, ecx
.text:080000BD                 jbe     loc_80000C8
.text:080000C3
.text:080000C3 loc_80000C3:                            ; ...
.text:080000C3                 jmp     loc_80000CF
.text:080000C8 ; ---------------------------------------------------------------------------
.text:080000C8
.text:080000C8 loc_80000C8:                            ; ...
.text:080000C8                 mov     eax, 0
.text:080000CD                 jmp     short locret_80000D4
.text:080000CF ; ---------------------------------------------------------------------------
.text:080000CF
.text:080000CF loc_80000CF:                            ; ...
.text:080000CF                 mov     eax, 1
.text:080000D4
.text:080000D4 locret_80000D4:                         ; ...
.text:080000D4                 leave
.text:080000D5                 retn
.text:080000D5 overflow_general endp
.text:080000D5
.text:080000D6
.text:080000D6 ; =============== S U B R O U T I N E =======================================
.text:080000D6
.text:080000D6 ; Attributes: bp-based frame
.text:080000D6
.text:080000D6 overflow_signed proc near
.text:080000D6
.text:080000D6 var_18          = dword ptr -18h
.text:080000D6 var_14          = dword ptr -14h
.text:080000D6 var_10          = dword ptr -10h
.text:080000D6 var_C           = dword ptr -0Ch
.text:080000D6 var_4           = dword ptr -4
.text:080000D6 arg_0           = dword ptr  8
.text:080000D6 arg_4           = dword ptr  0Ch
.text:080000D6 arg_8           = dword ptr  10h
.text:080000D6
.text:080000D6                 push    ebp
.text:080000D7                 mov     ebp, esp
.text:080000D9                 sub     esp, 18h
.text:080000DF                 nop
.text:080000E0                 mov     eax, [ebp+arg_8]
.text:080000E3                 cmp     eax, 8
.text:080000E6                 jl      loc_80000F6
.text:080000EC                 mov     eax, 0
.text:080000F1                 jmp     locret_80001AA
.text:080000F6 ; ---------------------------------------------------------------------------
.text:080000F6
.text:080000F6 loc_80000F6:                            ; ...
.text:080000F6                 mov     eax, [ebp+arg_8]
.text:080000F9                 shl     eax, 3
.text:080000FC                 dec     eax
.text:080000FD                 mov     [ebp+var_4], eax
.text:08000100                 mov     eax, [ebp+var_4]
.text:08000103                 push    eax
.text:08000104                 mov     eax, 1
.text:08000109                 mov     ecx, 0
.text:0800010E                 push    ecx
.text:0800010F                 push    eax
.text:08000110                 call    __ashldi3
.text:08000115                 add     esp, 0Ch
.text:08000118                 sub     eax, 1
.text:0800011B                 sbb     edx, 0
.text:0800011E                 mov     [ebp+var_10], eax
.text:08000121                 mov     [ebp+var_C], edx
.text:08000124                 mov     eax, [ebp+var_4]
.text:08000127                 push    eax
.text:08000128                 mov     eax, 1
.text:0800012D                 mov     ecx, 0
.text:08000132                 push    ecx
.text:08000133                 push    eax
.text:08000134                 call    __ashldi3
.text:08000139                 add     esp, 0Ch
.text:0800013C                 mov     ecx, 0
.text:08000141                 sub     ecx, eax
.text:08000143                 mov     eax, 0
.text:08000148                 sbb     eax, edx
.text:0800014A                 mov     [ebp+var_18], ecx
.text:0800014D                 mov     [ebp+var_14], eax
.text:08000150                 mov     eax, [ebp+arg_4]
.text:08000153                 mov     ecx, [ebp+var_14]
.text:08000156                 cmp     eax, ecx
.text:08000158                 jg      loc_8000177
.text:0800015E                 jnz     loc_8000172
.text:08000164                 mov     eax, [ebp+arg_0]
.text:08000167                 mov     ecx, [ebp+var_18]
.text:0800016A                 cmp     eax, ecx
.text:0800016C                 jnb     loc_8000177
.text:08000172
.text:08000172 loc_8000172:                            ; ...
.text:08000172                 jmp     loc_80001A5
.text:08000177 ; ---------------------------------------------------------------------------
.text:08000177
.text:08000177 loc_8000177:                            ; ...
.text:08000177                 mov     eax, [ebp+arg_4]
.text:0800017A                 mov     ecx, [ebp+var_C]
.text:0800017D                 cmp     eax, ecx
.text:0800017F                 jl      loc_800019E
.text:08000185                 jnz     loc_8000199
.text:0800018B                 mov     eax, [ebp+arg_0]
.text:0800018E                 mov     ecx, [ebp+var_10]
.text:08000191                 cmp     eax, ecx
.text:08000193                 jbe     loc_800019E
.text:08000199
.text:08000199 loc_8000199:                            ; ...
.text:08000199                 jmp     loc_80001A5
.text:0800019E ; ---------------------------------------------------------------------------
.text:0800019E
.text:0800019E loc_800019E:                            ; ...
.text:0800019E                 mov     eax, 0
.text:080001A3                 jmp     short locret_80001AA
.text:080001A5 ; ---------------------------------------------------------------------------
.text:080001A5
.text:080001A5 loc_80001A5:                            ; ...
.text:080001A5                 mov     eax, 1
.text:080001AA
.text:080001AA locret_80001AA:                         ; ...
.text:080001AA                 leave
.text:080001AB                 retn
.text:080001AB overflow_signed endp
.text:080001AB
.text:080001AC
.text:080001AC ; =============== S U B R O U T I N E =======================================
.text:080001AC
.text:080001AC ; Attributes: bp-based frame
.text:080001AC
.text:080001AC overflow_unsigned proc near
.text:080001AC
.text:080001AC var_18          = dword ptr -18h
.text:080001AC var_14          = dword ptr -14h
.text:080001AC var_10          = dword ptr -10h
.text:080001AC var_C           = dword ptr -0Ch
.text:080001AC var_4           = dword ptr -4
.text:080001AC arg_0           = dword ptr  8
.text:080001AC arg_4           = dword ptr  0Ch
.text:080001AC arg_8           = dword ptr  10h
.text:080001AC
.text:080001AC                 push    ebp
.text:080001AD                 mov     ebp, esp
.text:080001AF                 sub     esp, 18h
.text:080001B5                 nop
.text:080001B6                 mov     eax, [ebp+arg_8]
.text:080001B9                 cmp     eax, 8
.text:080001BC                 jl      loc_80001CC
.text:080001C2                 mov     eax, 0
.text:080001C7                 jmp     locret_8000264
.text:080001CC ; ---------------------------------------------------------------------------
.text:080001CC
.text:080001CC loc_80001CC:                            ; ...
.text:080001CC                 mov     eax, [ebp+arg_8]
.text:080001CF                 shl     eax, 3
.text:080001D2                 dec     eax
.text:080001D3                 mov     [ebp+var_4], eax
.text:080001D6                 mov     eax, [ebp+var_4]
.text:080001D9                 push    eax
.text:080001DA                 mov     eax, 2
.text:080001DF                 mov     ecx, 0
.text:080001E4                 push    ecx
.text:080001E5                 push    eax
.text:080001E6                 call    __ashldi3
.text:080001EB                 add     esp, 0Ch
.text:080001EE                 sub     eax, 1
.text:080001F1                 sbb     edx, 0
.text:080001F4                 mov     [ebp+var_10], eax
.text:080001F7                 mov     [ebp+var_C], edx
.text:080001FA                 mov     eax, 0
.text:080001FF                 mov     ecx, 0
.text:08000204                 mov     [ebp+var_18], eax
.text:08000207                 mov     [ebp+var_14], ecx
.text:0800020A                 mov     eax, [ebp+arg_4]
.text:0800020D                 mov     ecx, [ebp+var_14]
.text:08000210                 cmp     eax, ecx
.text:08000212                 jg      loc_8000231
.text:08000218                 jnz     loc_800022C
.text:0800021E                 mov     eax, [ebp+arg_0]
.text:08000221                 mov     ecx, [ebp+var_18]
.text:08000224                 cmp     eax, ecx
.text:08000226                 jnb     loc_8000231
.text:0800022C
.text:0800022C loc_800022C:                            ; ...
.text:0800022C                 jmp     loc_800025F
.text:08000231 ; ---------------------------------------------------------------------------
.text:08000231
.text:08000231 loc_8000231:                            ; ...
.text:08000231                 mov     eax, [ebp+arg_4]
.text:08000234                 mov     ecx, [ebp+var_C]
.text:08000237                 cmp     eax, ecx
.text:08000239                 jl      loc_8000258
.text:0800023F                 jnz     loc_8000253
.text:08000245                 mov     eax, [ebp+arg_0]
.text:08000248                 mov     ecx, [ebp+var_10]
.text:0800024B                 cmp     eax, ecx
.text:0800024D                 jbe     loc_8000258
.text:08000253
.text:08000253 loc_8000253:                            ; ...
.text:08000253                 jmp     loc_800025F
.text:08000258 ; ---------------------------------------------------------------------------
.text:08000258
.text:08000258 loc_8000258:                            ; ...
.text:08000258                 mov     eax, 0
.text:0800025D                 jmp     short locret_8000264
.text:0800025F ; ---------------------------------------------------------------------------
.text:0800025F
.text:0800025F loc_800025F:                            ; ...
.text:0800025F                 mov     eax, 1
.text:08000264
.text:08000264 locret_8000264:                         ; ...
.text:08000264                 leave
.text:08000265                 retn
.text:08000265 overflow_unsigned endp
.text:08000265
.text:08000266
.text:08000266 ; =============== S U B R O U T I N E =======================================
.text:08000266
.text:08000266 ; Attributes: bp-based frame
.text:08000266
.text:08000266 signed_bits     proc near
.text:08000266
.text:08000266 arg_0           = dword ptr  8
.text:08000266 arg_4           = dword ptr  0Ch
.text:08000266 arg_8           = dword ptr  10h
.text:08000266
.text:08000266                 push    ebp
.text:08000267                 mov     ebp, esp
.text:08000269                 sub     esp, 0
.text:0800026F                 nop
.text:08000270                 mov     eax, [ebp+arg_8]
.text:08000273                 cmp     eax, 40h
.text:08000276                 jge     loc_8000307
.text:0800027C                 mov     eax, [ebp+arg_8]
.text:0800027F                 push    eax
.text:08000280                 mov     eax, 1
.text:08000285                 mov     ecx, 0
.text:0800028A                 push    ecx
.text:0800028B                 push    eax
.text:0800028C                 call    __ashldi3
.text:08000291                 add     esp, 0Ch
.text:08000294                 sub     eax, 1
.text:08000297                 sbb     edx, 0
.text:0800029A                 mov     ecx, [ebp+arg_0]
.text:0800029D                 and     ecx, eax
.text:0800029F                 mov     eax, [ebp+arg_4]
.text:080002A2                 and     eax, edx
.text:080002A4                 mov     [ebp+arg_0], ecx
.text:080002A7                 mov     [ebp+arg_4], eax
.text:080002AA                 mov     eax, [ebp+arg_8]
.text:080002AD                 dec     eax
.text:080002AE                 push    eax
.text:080002AF                 mov     eax, 1
.text:080002B4                 mov     ecx, 0
.text:080002B9                 push    ecx
.text:080002BA                 push    eax
.text:080002BB                 call    __ashldi3
.text:080002C0                 add     esp, 0Ch
.text:080002C3                 mov     ecx, [ebp+arg_0]
.text:080002C6                 and     ecx, eax
.text:080002C8                 mov     eax, [ebp+arg_4]
.text:080002CB                 and     eax, edx
.text:080002CD                 cmp     eax, 0
.text:080002D0                 jnz     loc_80002DF
.text:080002D6                 cmp     ecx, 0
.text:080002D9                 jz      loc_8000307
.text:080002DF
.text:080002DF loc_80002DF:                            ; ...
.text:080002DF                 mov     eax, [ebp+arg_8]
.text:080002E2                 push    eax
.text:080002E3                 mov     eax, 0FFFFFFFFh
.text:080002E8                 mov     ecx, 0FFFFFFFFh
.text:080002ED                 push    ecx
.text:080002EE                 push    eax
.text:080002EF                 call    __ashldi3
.text:080002F4                 add     esp, 0Ch
.text:080002F7                 mov     ecx, [ebp+arg_0]
.text:080002FA                 or      ecx, eax
.text:080002FC                 mov     eax, [ebp+arg_4]
.text:080002FF                 or      eax, edx
.text:08000301                 mov     [ebp+arg_0], ecx
.text:08000304                 mov     [ebp+arg_4], eax
.text:08000307
.text:08000307 loc_8000307:                            ; ...
.text:08000307                 mov     eax, [ebp+arg_0]
.text:0800030A                 mov     edx, [ebp+arg_4]
.text:0800030D                 leave
.text:0800030E                 retn
.text:0800030E signed_bits     endp
.text:0800030E
.text:0800030F
.text:0800030F ; =============== S U B R O U T I N E =======================================
.text:0800030F
.text:0800030F ; Attributes: bp-based frame
.text:0800030F
.text:0800030F raa_init        proc near
.text:0800030F                 push    ebp             ; static inline struct RAA *never_null raa_init(void)
.text:08000310                 mov     ebp, esp
.text:08000312                 sub     esp, 0
.text:08000318                 nop
.text:08000319                 call    real_raa_init   ; return (struct RAA *)real_raa_init();
.text:0800031E                 leave
.text:0800031F                 retn
.text:0800031F raa_init        endp
.text:0800031F
.text:08000320
.text:08000320 ; =============== S U B R O U T I N E =======================================
.text:08000320
.text:08000320 ; Attributes: bp-based frame
.text:08000320
.text:08000320 raa_init_ptr    proc near
.text:08000320                 push    ebp             ; static inline struct RAAPTR *never_null raa_init_ptr(void)
.text:08000321                 mov     ebp, esp
.text:08000323                 sub     esp, 0
.text:08000329                 nop
.text:0800032A                 call    real_raa_init   ; return (struct RAAPTR *)real_raa_init();
.text:0800032F                 leave
.text:08000330                 retn
.text:08000330 raa_init_ptr    endp
.text:08000330
.text:08000331
.text:08000331 ; =============== S U B R O U T I N E =======================================
.text:08000331
.text:08000331 ; Attributes: bp-based frame
.text:08000331
.text:08000331 raa_free        proc near
.text:08000331
.text:08000331 raa             = dword ptr  8
.text:08000331
.text:08000331                 push    ebp             ; static inline void raa_free(struct RAA *raa)
.text:08000332                 mov     ebp, esp
.text:08000334                 sub     esp, 0
.text:0800033A                 nop
.text:0800033B                 mov     eax, [ebp+raa]
.text:0800033E                 push    eax
.text:0800033F                 call    real_raa_free   ; real_raa_free((struct real_raa *)raa);
.text:08000344                 add     esp, 4
.text:08000347                 leave
.text:08000348                 retn
.text:08000348 raa_free        endp
.text:08000348
.text:08000349
.text:08000349 ; =============== S U B R O U T I N E =======================================
.text:08000349
.text:08000349 ; Attributes: bp-based frame
.text:08000349
.text:08000349 raa_free_ptr    proc near
.text:08000349
.text:08000349 raa             = dword ptr  8
.text:08000349
.text:08000349                 push    ebp             ; static inline void raa_free_ptr(struct RAAPTR *raa)
.text:0800034A                 mov     ebp, esp
.text:0800034C                 sub     esp, 0
.text:08000352                 nop
.text:08000353                 mov     eax, [ebp+raa]
.text:08000356                 push    eax
.text:08000357                 call    real_raa_free
.text:0800035C                 add     esp, 4
.text:0800035F                 leave
.text:08000360                 retn
.text:08000360 raa_free_ptr    endp
.text:08000360
.text:08000361
.text:08000361 ; =============== S U B R O U T I N E =======================================
.text:08000361
.text:08000361 ; Attributes: bp-based frame
.text:08000361
.text:08000361 raa_write       proc near
.text:08000361
.text:08000361 tmp             = dword ptr -8
.text:08000361 tmp_h           = dword ptr -4
.text:08000361 r               = dword ptr  8
.text:08000361 posn            = dword ptr  0Ch
.text:08000361 value           = dword ptr  10h
.text:08000361 value_h         = dword ptr  14h
.text:08000361
.text:08000361                 push    ebp             ; raa_write(struct RAA *r, int32_t posn, int64_t value)
.text:08000362                 mov     ebp, esp
.text:08000364                 sub     esp, 8
.text:0800036A                 nop                     ; union intorptr {
.text:0800036A                                         ;     int64_t i;
.text:0800036A                                         ;     void *p;
.text:0800036A                                         ; };
.text:0800036A                                         ;
.text:0800036A                                         ; union intorptr ip;
.text:0800036B                 mov     eax, [ebp+value]
.text:0800036E                 mov     ecx, [ebp+value_h]
.text:08000371                 mov     [ebp+tmp], eax
.text:08000374                 mov     [ebp+tmp_h], ecx
.text:08000377                 sub     esp, 8
.text:0800037D                 mov     eax, esp        ; ip (ip.i) address
.text:0800037F                 mov     ecx, 8
.text:08000384                 push    ecx
.text:08000385                 lea     ecx, [ebp+tmp]  ; value address
.text:08000388                 push    ecx
.text:08000389                 push    eax
.text:0800038A                 call    memmove         ; ip.i = value;
.text:0800038F                 add     esp, 12
.text:08000392                 mov     eax, [ebp+posn]
.text:08000395                 push    eax
.text:08000396                 mov     eax, [ebp+r]
.text:08000399                 push    eax
.text:0800039A                 call    real_raa_write  ; return (struct RAA *)real_raa_write((struct real_raa *)r, posn, ip);
.text:0800039F                 add     esp, 16
.text:080003A2                 leave
.text:080003A3                 retn
.text:080003A3 raa_write       endp
.text:080003A3
.text:080003A4
.text:080003A4 ; =============== S U B R O U T I N E =======================================
.text:080003A4
.text:080003A4 ; Attributes: bp-based frame
.text:080003A4
.text:080003A4 raa_write_ptr   proc near
.text:080003A4
.text:080003A4 tmp             = dword ptr -8
.text:080003A4 r               = dword ptr  8
.text:080003A4 posn            = dword ptr  0Ch
.text:080003A4 value           = dword ptr  10h
.text:080003A4
.text:080003A4                 push    ebp             ; raa_write_ptr(struct RAAPTR *r, int32_t posn, void *value)
.text:080003A5                 mov     ebp, esp
.text:080003A7                 sub     esp, 8
.text:080003AD                 nop                     ; union intorptr ip;
.text:080003AE                 mov     eax, [ebp+value]
.text:080003B1                 mov     [ebp+tmp], eax
.text:080003B4                 sub     esp, 8
.text:080003BA                 mov     eax, esp        ; ip (ip.p) address
.text:080003BC                 mov     ecx, 8
.text:080003C1                 push    ecx
.text:080003C2                 lea     ecx, [ebp+tmp]  ; value address
.text:080003C5                 push    ecx
.text:080003C6                 push    eax
.text:080003C7                 call    memmove         ; ip.p = value;
.text:080003CC                 add     esp, 12
.text:080003CF                 mov     eax, [ebp+posn]
.text:080003D2                 push    eax
.text:080003D3                 mov     eax, [ebp+r]
.text:080003D6                 push    eax
.text:080003D7                 call    real_raa_write  ; return (struct RAAPTR *)real_raa_write((struct real_raa *)r, posn, ip);
.text:080003DC                 add     esp, 16
.text:080003DF                 leave
.text:080003E0                 retn
.text:080003E0 raa_write_ptr   endp
.text:080003E0
.text:080003E1
.text:080003E1 ; =============== S U B R O U T I N E =======================================
.text:080003E1
.text:080003E1 ; Attributes: bp-based frame
.text:080003E1
.text:080003E1 raa_init_layer  proc near               ; ...
.text:080003E1
.text:080003E1 r               = dword ptr -4
.text:080003E1 layers          = dword ptr  8
.text:080003E1
.text:080003E1                 push    ebp             ; static struct real_raa *raa_init_layer(int layers)
.text:080003E2                 mov     ebp, esp        ;
.text:080003E2                                         ; #define RAA_BLKSHIFT 15
.text:080003E2                                         ; #define RAA_BLKSIZE (1 << RAA_BLKSHIFT)
.text:080003E2                                         ; #define RAA_LAYERSHIFT 15
.text:080003E2                                         ; #define RAA_LAYERSIZE (1 << RAA_LAYERSHIFT)
.text:080003E4                 sub     esp, 4
.text:080003EA                 nop                     ; struct real_raa *r;
.text:080003EB                 mov     eax, [ebp+layers]
.text:080003EE                 cmp     eax, 0          ; if (layers == 0) {
.text:080003F1                 jnz     ril_1
.text:080003F7                 mov     eax, 40008h     ; #define LEAFSIZ
.text:080003F7                                         ; (sizeof(struct real_raa)-sizeof(RAA_UNION)+sizeof(RAA_LEAF))
.text:080003FC                 push    eax
.text:080003FD                 call    nasm_zalloc
.text:08000402                 add     esp, 4
.text:08000405                 mov     [ebp+r], eax    ; r = nasm_zalloc(LEAFSIZ);
.text:08000408                 mov     eax, [ebp+r]
.text:0800040B                 add     eax, 4          ; r->shift
.text:0800040E                 mov     ecx, 0
.text:08000413                 mov     [eax], ecx      ; r->shift = 0;
.text:08000415                 jmp     ril_2
.text:0800041A ; ---------------------------------------------------------------------------
.text:0800041A
.text:0800041A ril_1:                                  ; ...
.text:0800041A                 mov     eax, 20008h     ; #define BRANCHSIZ
.text:0800041A                                         ; (sizeof(struct real_raa)-sizeof(RAA_UNION)+sizeof(RAA_BRANCH))
.text:0800041A                                         ;
.text:0800041A                                         ; } else {
.text:0800041F                 push    eax
.text:08000420                 call    nasm_zalloc
.text:08000425                 add     esp, 4
.text:08000428                 mov     [ebp+r], eax    ; r = nasm_zalloc(BRANCHSIZ);
.text:0800042B                 mov     eax, [ebp+r]
.text:0800042E                 mov     ecx, [ebp+layers]
.text:08000431                 mov     [eax], ecx      ; r->layers = layers;
.text:08000433                 mov     eax, [ebp+r]
.text:08000436                 add     eax, 4
.text:08000439                 mov     ecx, [ebp+layers] ; #define LAYERSHIFT(r)
.text:08000439                                         ; ( (r)->layers==0 ? RAA_BLKSHIFT : RAA_LAYERSHIFT )
.text:0800043C                 mov     edx, 15
.text:08000441                 imul    ecx, edx
.text:08000444                 mov     [eax], ecx      ; r->shift = (RAA_BLKSHIFT - RAA_LAYERSHIFT) + layers * RAA_LAYERSHIFT;
.text:08000446
.text:08000446 ril_2:                                  ; ...
.text:08000446                 mov     eax, [ebp+r]    ; return r;
.text:08000449                 leave
.text:0800044A                 retn
.text:0800044A raa_init_layer  endp
.text:0800044A
.text:0800044B
.text:0800044B ; =============== S U B R O U T I N E =======================================
.text:0800044B
.text:0800044B ; Attributes: bp-based frame
.text:0800044B
.text:0800044B                 public real_raa_init
.text:0800044B real_raa_init   proc near               ; ...
.text:0800044B                 push    ebp
.text:0800044C                 mov     ebp, esp        ; struct real_raa *real_raa_init(void)
.text:0800044E                 sub     esp, 0
.text:08000454                 nop
.text:08000455                 mov     eax, 0
.text:0800045A                 push    eax
.text:0800045B                 call    raa_init_layer  ; return raa_init_layer(0);
.text:08000460                 add     esp, 4
.text:08000463                 leave
.text:08000464                 retn
.text:08000464 real_raa_init   endp
.text:08000464
.text:08000465
.text:08000465 ; =============== S U B R O U T I N E =======================================
.text:08000465
.text:08000465 ; Attributes: bp-based frame
.text:08000465
.text:08000465                 public real_raa_free
.text:08000465 real_raa_free   proc near               ; ...
.text:08000465
.text:08000465 p               = dword ptr -4
.text:08000465 r               = dword ptr  8
.text:08000465
.text:08000465                 push    ebp             ; void real_raa_free(struct real_raa *r)
.text:08000466                 mov     ebp, esp
.text:08000468                 sub     esp, 4
.text:0800046E                 nop
.text:0800046F                 mov     eax, [ebp+r]    ; if (r->layers) {
.text:08000472                 mov     ecx, [eax]
.text:08000474                 cmp     ecx, 0
.text:08000477                 jz      rrf_5
.text:0800047D                 mov     eax, [ebp+r]    ; struct real_raa **p;
.text:08000480                 add     eax, 8          ; for (p = r->u.b.data; p - r->u.b.data < RAA_LAYERSIZE; p++)
.text:08000483                 mov     [ebp+p], eax
.text:08000486
.text:08000486 rrf_1:                                  ; ...
.text:08000486                 mov     eax, [ebp+r]
.text:08000489                 add     eax, 8
.text:0800048C                 mov     ecx, [ebp+p]
.text:0800048F                 sub     ecx, eax        ; p - r->u.b.data
.text:08000491                 sar     ecx, 2
.text:08000494                 cmp     ecx, 8000h      ; < RAA_LAYERSIZE
.text:0800049A                 jge     rrf_5
.text:080004A0                 jmp     rrf_3
.text:080004A5 ; ---------------------------------------------------------------------------
.text:080004A5
.text:080004A5 rrf_2:                                  ; ...
.text:080004A5                 mov     eax, [ebp+p]    ; p++
.text:080004A8                 mov     ecx, eax
.text:080004AA                 add     eax, 4
.text:080004AD                 mov     [ebp+p], eax
.text:080004B0                 jmp     short rrf_1
.text:080004B2 ; ---------------------------------------------------------------------------
.text:080004B2
.text:080004B2 rrf_3:                                  ; ...
.text:080004B2                 mov     eax, [ebp+p]
.text:080004B5                 mov     ecx, [eax]
.text:080004B7                 cmp     ecx, 0          ; if (*p)
.text:080004BA                 jz      rrf_4
.text:080004C0                 mov     eax, [ebp+p]
.text:080004C3                 mov     ecx, [eax]
.text:080004C5                 push    ecx
.text:080004C6                 call    real_raa_free   ; real_raa_free(*p);
.text:080004CB                 add     esp, 4
.text:080004CE
.text:080004CE rrf_4:                                  ; ...
.text:080004CE                 jmp     short rrf_2
.text:080004D0 ; ---------------------------------------------------------------------------
.text:080004D0
.text:080004D0 rrf_5:                                  ; ...
.text:080004D0                 mov     eax, [ebp+r]
.text:080004D3                 push    eax
.text:080004D4                 call    nasm_free       ; nasm_free(r);
.text:080004D9                 add     esp, 4
.text:080004DC                 leave
.text:080004DD                 retn
.text:080004DD real_raa_free   endp
.text:080004DD
.text:080004DE
.text:080004DE ; =============== S U B R O U T I N E =======================================
.text:080004DE
.text:080004DE ; Attributes: bp-based frame
.text:080004DE
.text:080004DE real_raa_read   proc near               ; ...
.text:080004DE
.text:080004DE tmp3            = dword ptr -10h
.text:080004DE tmp2            = dword ptr -0Ch
.text:080004DE l               = dword ptr -8
.text:080004DE tmp1            = dword ptr -4
.text:080004DE r               = dword ptr  8
.text:080004DE posn            = dword ptr  0Ch
.text:080004DE
.text:080004DE                 push    ebp             ; static const union intorptr *real_raa_read(struct real_raa *r, int32_t posn)
.text:080004DF                 mov     ebp, esp
.text:080004E1                 sub     esp, 16
.text:080004E7                 nop
.text:080004E8                 mov     eax, [ebp+r]
.text:080004EB                 add     eax, 4
.text:080004EE                 mov     ecx, [ebp+r]    ; r->shift
.text:080004F1                 mov     edx, [ecx]      ; r->layers
.text:080004F3                 cmp     edx, 0          ; #define LAYERSHIFT(r)
.text:080004F3                                         ; ( (r)->layers==0 ? RAA_BLKSHIFT : RAA_LAYERSHIFT )
.text:080004F6                 mov     ecx, 0
.text:080004FB                 setz    cl
.text:080004FE                 mov     [ebp+tmp1], eax
.text:08000501                 cmp     ecx, 0
.text:08000504                 jz      rrr_1
.text:0800050A                 jmp     rrr_2
.text:0800050F ; ---------------------------------------------------------------------------
.text:0800050F
.text:0800050F rrr_1:                                  ; ...
.text:0800050F                 mov     eax, 15         ; RAA_BLKSHIFT
.text:08000514                 jmp     rrr_3
.text:08000519 ; ---------------------------------------------------------------------------
.text:08000519
.text:08000519 rrr_2:                                  ; ...
.text:08000519                 mov     eax, 15         ; RAA_LAYERSHIFT
.text:0800051E
.text:0800051E rrr_3:                                  ; ...
.text:0800051E                 mov     ecx, [ebp+tmp1] ; (UINT32_C(1) << (r->shift + LAYERSHIFT(r))
.text:08000521                 mov     ecx, [ecx]
.text:08000523                 add     ecx, eax
.text:08000525                 mov     eax, 1
.text:0800052A                 shl     eax, cl
.text:0800052C                 mov     ecx, [ebp+posn]
.text:0800052F                 cmp     ecx, eax        ; if ((uint32_t) posn >= (UINT32_C(1) << (r->shift + LAYERSHIFT(r))))
.text:08000531                 jb      rrr_4
.text:08000537                 mov     eax, 0          ; return NULL; /* Beyond the end */
.text:0800053C                 jmp     rrr_8
.text:08000541 ; ---------------------------------------------------------------------------
.text:08000541
.text:08000541 rrr_4:                                  ; ...
.text:08000541                 mov     eax, [ebp+r]    ; while (r->layers > 0) {
.text:08000544                 mov     ecx, [eax]
.text:08000546                 cmp     ecx, 0
.text:08000549                 jle     rrr_7
.text:0800054F                 mov     eax, [ebp+r]
.text:08000552                 add     eax, 4
.text:08000555                 mov     ecx, [ebp+posn] ; int32_t l = posn >> r->shift;
.text:08000558                 mov     [ebp+tmp2], ecx
.text:0800055B                 mov     ecx, [eax]
.text:0800055D                 mov     eax, [ebp+tmp2]
.text:08000560                 sar     eax, cl
.text:08000562                 mov     [ebp+l], eax
.text:08000565                 mov     eax, [ebp+r]
.text:08000568                 add     eax, 4          ; r->shift address
.text:0800056B                 mov     ecx, 1
.text:08000570                 mov     [ebp+tmp3], ecx ; 1 ; UINT32_C(1)
.text:08000573                 mov     ecx, [eax]      ; r->shift value
.text:08000575                 mov     eax, [ebp+tmp3]
.text:08000578                 shl     eax, cl         ; UINT32_C(1) << r->shift
.text:0800057A                 dec     eax
.text:0800057B                 mov     ecx, [ebp+posn] ; posn &= (UINT32_C(1) << r->shift) - 1;
.text:0800057E                 and     ecx, eax
.text:08000580                 mov     [ebp+posn], ecx
.text:08000583                 mov     eax, [ebp+r]    ; r = r->u.b.data[l];
.text:08000586                 add     eax, 8
.text:08000589                 mov     ecx, [ebp+l]
.text:0800058C                 shl     ecx, 2
.text:0800058F                 add     eax, ecx
.text:08000591                 mov     ecx, [eax]
.text:08000593                 mov     [ebp+r], ecx
.text:08000596                 mov     eax, [ebp+r]
.text:08000599                 cmp     eax, 0          ; if (!r)
.text:0800059C                 jz      rrr_5
.text:080005A2                 jmp     rrr_6
.text:080005A7 ; ---------------------------------------------------------------------------
.text:080005A7
.text:080005A7 rrr_5:                                  ; ...
.text:080005A7                 mov     eax, 0          ; return NULL; /* Not present */
.text:080005AC                 jmp     rrr_8
.text:080005B1 ; ---------------------------------------------------------------------------
.text:080005B1
.text:080005B1 rrr_6:                                  ; ...
.text:080005B1                 jmp     short rrr_4     ; (while)
.text:080005B3 ; ---------------------------------------------------------------------------
.text:080005B3
.text:080005B3 rrr_7:                                  ; ...
.text:080005B3                 mov     eax, [ebp+r]    ; return &r->u.l.data[posn];
.text:080005B6                 add     eax, 8
.text:080005B9                 mov     ecx, [ebp+posn]
.text:080005BC                 shl     ecx, 3
.text:080005BF                 add     eax, ecx
.text:080005C1
.text:080005C1 rrr_8:                                  ; ...
.text:080005C1                 leave
.text:080005C2                 retn
.text:080005C2 real_raa_read   endp
.text:080005C2
.text:080005C3
.text:080005C3 ; =============== S U B R O U T I N E =======================================
.text:080005C3
.text:080005C3 ; Attributes: bp-based frame
.text:080005C3
.text:080005C3                 public raa_read
.text:080005C3 raa_read        proc near
.text:080005C3
.text:080005C3 tmp             = dword ptr -8
.text:080005C3 iop             = dword ptr -4
.text:080005C3 r               = dword ptr  8
.text:080005C3 pos             = dword ptr  0Ch
.text:080005C3
.text:080005C3                 push    ebp             ; int64_t raa_read(struct RAA *r, int32_t pos)
.text:080005C4                 mov     ebp, esp
.text:080005C6                 sub     esp, 8          ; const union intorptr *ip;
.text:080005CC                 nop
.text:080005CD                 mov     eax, [ebp+pos]
.text:080005D0                 push    eax
.text:080005D1                 mov     eax, [ebp+r]
.text:080005D4                 push    eax
.text:080005D5                 call    real_raa_read
.text:080005DA                 add     esp, 8
.text:080005DD                 mov     [ebp+iop], eax  ; ip = real_raa_read((struct real_raa *)r, pos);
.text:080005E0                 mov     eax, [ebp+iop]
.text:080005E3                 cmp     eax, 0          ; return ip ? ip->i : 0;
.text:080005E6                 jz      rr_1
.text:080005EC                 mov     eax, [ebp+iop]
.text:080005EF                 jmp     rr_2
.text:080005F4 ; ---------------------------------------------------------------------------
.text:080005F4
.text:080005F4 rr_1:                                   ; ...
.text:080005F4                 mov     eax, 0
.text:080005F9                 mov     edx, 0
.text:080005FE                 jmp     rr_3
.text:08000603 ; ---------------------------------------------------------------------------
.text:08000603
.text:08000603 rr_2:                                   ; ...
.text:08000603                 mov     [ebp+tmp], eax
.text:08000606                 mov     eax, [ebp+tmp]
.text:08000609                 mov     eax, [eax]      ; ip->i
.text:0800060B                 mov     ecx, [ebp+tmp]
.text:0800060E                 add     ecx, 4
.text:08000611                 mov     edx, [ecx]      ; ip->i_h
.text:08000613
.text:08000613 rr_3:                                   ; ...
.text:08000613                 leave
.text:08000614                 retn
.text:08000614 raa_read        endp
.text:08000614
.text:08000615
.text:08000615 ; =============== S U B R O U T I N E =======================================
.text:08000615
.text:08000615 ; Attributes: bp-based frame
.text:08000615
.text:08000615                 public raa_read_ptr
.text:08000615 raa_read_ptr    proc near
.text:08000615
.text:08000615 iop             = dword ptr -4
.text:08000615 r               = dword ptr  8
.text:08000615 pos             = dword ptr  0Ch
.text:08000615
.text:08000615                 push    ebp             ; void *raa_read_ptr(struct RAAPTR *r, int32_t pos)
.text:08000616                 mov     ebp, esp
.text:08000618                 sub     esp, 4
.text:0800061E                 nop                     ; const union intorptr *ip;
.text:0800061F                 mov     eax, [ebp+pos]
.text:08000622                 push    eax
.text:08000623                 mov     eax, [ebp+r]
.text:08000626                 push    eax
.text:08000627                 call    real_raa_read
.text:0800062C                 add     esp, 8
.text:0800062F                 mov     [ebp+iop], eax  ; ip = real_raa_read((struct real_raa *)r, pos);
.text:08000632                 mov     eax, [ebp+iop]
.text:08000635                 cmp     eax, 0          ; return ip ? ip->p : NULL;
.text:08000638                 jz      rrp_1
.text:0800063E                 mov     eax, [ebp+iop]
.text:08000641                 jmp     rrp_2
.text:08000646 ; ---------------------------------------------------------------------------
.text:08000646
.text:08000646 rrp_1:                                  ; ...
.text:08000646                 mov     eax, 0
.text:0800064B                 jmp     rrp_3
.text:08000650 ; ---------------------------------------------------------------------------
.text:08000650
.text:08000650 rrp_2:                                  ; ...
.text:08000650                 mov     ecx, [eax]
.text:08000652                 mov     eax, ecx
.text:08000654
.text:08000654 rrp_3:                                  ; ...
.text:08000654                 leave
.text:08000655                 retn
.text:08000655 raa_read_ptr    endp
.text:08000655
.text:08000656
.text:08000656 ; =============== S U B R O U T I N E =======================================
.text:08000656
.text:08000656 ; Attributes: bp-based frame
.text:08000656
.text:08000656                 public real_raa_write
.text:08000656 real_raa_write  proc near               ; ...
.text:08000656
.text:08000656 tmp5            = dword ptr -24h
.text:08000656 tmp4            = dword ptr -20h
.text:08000656 tmp3            = dword ptr -1Ch
.text:08000656 l               = dword ptr -18h
.text:08000656 sr              = dword ptr -14h
.text:08000656 tmp2            = dword ptr -10h
.text:08000656 s               = dword ptr -0Ch
.text:08000656 tmp1            = dword ptr -8
.text:08000656 result          = dword ptr -4
.text:08000656 r               = dword ptr  8
.text:08000656 posn            = dword ptr  0Ch
.text:08000656 value           = byte ptr  10h
.text:08000656
.text:08000656                 push    ebp             ; struct real_raa *
.text:08000656                                         ; real_raa_write(struct real_raa *r, int32_t posn, union intorptr value)
.text:08000657                 mov     ebp, esp
.text:08000659                 sub     esp, 36
.text:0800065F                 nop                     ; struct real_raa *result;
.text:08000660                 mov     eax, [ebp+posn]
.text:08000663                 cmp     eax, 0          ; nasm_assert(posn >= 0);
.text:08000666                 jge     rrw_1
.text:0800066C                 mov     eax, offset L_198 ; "posn >= 0"
.text:08000671                 push    eax
.text:08000672                 mov     eax, 160        ; (raa.c line 160)
.text:08000677                 push    eax
.text:08000678                 mov     eax, offset L_197 ; "raa.c"
.text:0800067D                 push    eax
.text:0800067E                 call    nasm_assert_failed
.text:08000683                 add     esp, 12
.text:08000686
.text:08000686 rrw_1:                                  ; ...
.text:08000686                 mov     eax, [ebp+r]    ; while ((UINT32_C(1) << (r->shift + LAYERSHIFT(r))) <= (uint32_t) posn) {
.text:08000689                 add     eax, 4          ; r->shift
.text:0800068C                 mov     ecx, [ebp+r]    ; #define LAYERSHIFT(r)
.text:0800068C                                         ; ( (r)->layers==0 ? RAA_BLKSHIFT : RAA_LAYERSHIFT )
.text:0800068F                 mov     edx, [ecx]      ; #define RAA_BLKSHIFT 15
.text:0800068F                                         ; #define RAA_LAYERSHIFT 15
.text:08000691                 cmp     edx, 0
.text:08000694                 mov     ecx, 0          ; /* Must add a layer. */
.text:08000699                 setz    cl
.text:0800069C                 mov     [ebp+tmp1], eax
.text:0800069F                 cmp     ecx, 0
.text:080006A2                 jz      rrw_2
.text:080006A8                 jmp     rrw_3
.text:080006AD ; ---------------------------------------------------------------------------
.text:080006AD
.text:080006AD rrw_2:                                  ; ...
.text:080006AD                 mov     eax, 15         ; RAA_BLKSHIFT (left side)
.text:080006B2                 jmp     rrw_4
.text:080006B7 ; ---------------------------------------------------------------------------
.text:080006B7
.text:080006B7 rrw_3:                                  ; ...
.text:080006B7                 mov     eax, 15         ; RAA_LAYERSHIFT (right side)
.text:080006BC
.text:080006BC rrw_4:                                  ; ...
.text:080006BC                 mov     ecx, [ebp+tmp1]
.text:080006BF                 mov     ecx, [ecx]      ; (r->shift + LAYERSHIFT(r))
.text:080006C1                 add     ecx, eax
.text:080006C3                 mov     eax, 1          ; UINT32_C(1)
.text:080006C8                 shl     eax, cl         ; (UINT32_C(1) << (r->shift + LAYERSHIFT(r))
.text:080006CA                 mov     ecx, [ebp+posn]
.text:080006CD                 cmp     eax, ecx        ; <= (uint32_t) posn
.text:080006CF                 ja      rrw_8
.text:080006D5                 mov     eax, 20008h     ; BRANCHSIZ
.text:080006DA                 push    eax
.text:080006DB                 call    nasm_zalloc
.text:080006E0                 add     esp, 4          ; struct real_raa *s;
.text:080006E3                 mov     [ebp+s], eax    ; s = nasm_zalloc(BRANCHSIZ);
.text:080006E6                 mov     eax, [ebp+s]
.text:080006E9                 mov     ecx, [ebp+r]
.text:080006EC                 mov     edx, [ecx]
.text:080006EE                 inc     edx
.text:080006EF                 mov     [eax], edx      ; s->layers = r->layers + 1;
.text:080006F1                 mov     eax, [ebp+s]
.text:080006F4                 add     eax, 4
.text:080006F7                 mov     ecx, [ebp+r]
.text:080006FA                 mov     edx, [ecx]
.text:080006FC                 cmp     edx, 0
.text:080006FF                 mov     ecx, 0
.text:08000704                 setz    cl
.text:08000707                 mov     [ebp+tmp2], eax ; s->shift address
.text:0800070A                 cmp     ecx, 0
.text:0800070D                 jz      rrw_5
.text:08000713                 jmp     rrw_6
.text:08000718 ; ---------------------------------------------------------------------------
.text:08000718
.text:08000718 rrw_5:                                  ; ...
.text:08000718                 mov     eax, 15         ; RAA_BLKSHIFT
.text:0800071D                 jmp     rrw_7
.text:08000722 ; ---------------------------------------------------------------------------
.text:08000722
.text:08000722 rrw_6:                                  ; ...
.text:08000722                 mov     eax, 15         ; RAA_LAYERSHIFT
.text:08000727
.text:08000727 rrw_7:                                  ; ...
.text:08000727                 mov     ecx, [ebp+r]
.text:0800072A                 add     ecx, 4
.text:0800072D                 mov     edx, [ecx]      ; r->shift
.text:0800072F                 add     eax, edx        ; + LAYERSHIFT(r)
.text:08000731                 mov     ecx, [ebp+tmp2] ; s->shift
.text:08000734                 mov     [ecx], eax      ; s->shift = LAYERSHIFT(r) + r->shift;
.text:08000736                 mov     eax, [ebp+s]
.text:08000739                 add     eax, 8
.text:0800073C                 mov     ecx, [ebp+r]
.text:0800073F                 mov     [eax], ecx      ; s->u.b.data[0] = r;
.text:08000741                 mov     eax, [ebp+s]
.text:08000744                 mov     [ebp+r], eax    ; r = s;
.text:08000747                 jmp     rrw_1
.text:0800074C ; ---------------------------------------------------------------------------
.text:0800074C
.text:0800074C rrw_8:                                  ; ...
.text:0800074C                 mov     eax, [ebp+r]
.text:0800074F                 mov     [ebp+result], eax ; result = r;
.text:08000752
.text:08000752 rrw_9:                                  ; ...
.text:08000752                 mov     eax, [ebp+r]    ; while (r->layers > 0) {
.text:08000755                 mov     ecx, [eax]
.text:08000757                 cmp     ecx, 0
.text:0800075A                 jle     rrw_12
.text:08000760                 mov     eax, [ebp+r]    ; struct real_raa **s;
.text:08000763                 add     eax, 4          ; r->shift address
.text:08000766                 mov     ecx, [ebp+posn]
.text:08000769                 mov     [ebp+tmp3], ecx
.text:0800076C                 mov     ecx, [eax]      ; r->shift value
.text:0800076E                 mov     eax, [ebp+tmp3]
.text:08000771                 sar     eax, cl
.text:08000773                 mov     [ebp+l], eax    ; int32_t l = posn >> r->shift;
.text:08000776                 mov     eax, [ebp+r]
.text:08000779                 add     eax, 4
.text:0800077C                 mov     ecx, 1
.text:08000781                 mov     [ebp+tmp4], ecx
.text:08000784                 mov     ecx, [eax]      ; r->shift
.text:08000786                 mov     eax, [ebp+tmp4] ; UINT32_C(1)
.text:08000789                 shl     eax, cl         ; UINT32_C(1) << r->shift
.text:0800078B                 dec     eax             ; -1
.text:0800078C                 mov     ecx, [ebp+posn]
.text:0800078F                 and     ecx, eax
.text:08000791                 mov     [ebp+posn], ecx ; posn &= (UINT32_C(1) << r->shift) - 1;
.text:08000794                 mov     eax, [ebp+r]
.text:08000797                 add     eax, 8
.text:0800079A                 mov     ecx, [ebp+l]
.text:0800079D                 shl     ecx, 2
.text:080007A0                 add     eax, ecx
.text:080007A2                 mov     [ebp+sr], eax   ; s = &r->u.b.data[l];
.text:080007A5                 mov     eax, [ebp+sr]   ; if (!*s)
.text:080007A8                 mov     ecx, [eax]
.text:080007AA                 cmp     ecx, 0
.text:080007AD                 jz      rrw_10
.text:080007B3                 jmp     rrw_11
.text:080007B8 ; ---------------------------------------------------------------------------
.text:080007B8
.text:080007B8 rrw_10:                                 ; ...
.text:080007B8                 mov     eax, [ebp+sr]
.text:080007BB                 mov     ecx, [ebp+r]
.text:080007BE                 mov     edx, [ecx]
.text:080007C0                 dec     edx             ; r->layers - 1
.text:080007C1                 push    edx
.text:080007C2                 mov     [ebp+tmp5], eax
.text:080007C5                 call    raa_init_layer
.text:080007CA                 add     esp, 4
.text:080007CD                 mov     ecx, [ebp+tmp5]
.text:080007D0                 mov     [ecx], eax      ; *s = raa_init_layer(r->layers - 1);
.text:080007D2
.text:080007D2 rrw_11:                                 ; ...
.text:080007D2                 mov     eax, [ebp+sr]
.text:080007D5                 mov     ecx, [eax]
.text:080007D7                 mov     [ebp+r], ecx    ; r = *s;
.text:080007DA                 jmp     rrw_9
.text:080007DF ; ---------------------------------------------------------------------------
.text:080007DF
.text:080007DF rrw_12:                                 ; ...
.text:080007DF                 mov     eax, [ebp+r]
.text:080007E2                 add     eax, 8
.text:080007E5                 mov     ecx, [ebp+posn]
.text:080007E8                 shl     ecx, 3
.text:080007EB                 add     eax, ecx        ; r->u.l.data[posn]
.text:080007ED                 mov     ecx, 8
.text:080007F2                 push    ecx
.text:080007F3                 lea     ecx, [ebp+value] ; value address
.text:080007F6                 push    ecx
.text:080007F7                 push    eax
.text:080007F8                 call    memmove         ; r->u.l.data[posn] = value;
.text:080007FD                 add     esp, 12
.text:08000800                 mov     eax, [ebp+result]
.text:08000803                 leave
.text:08000804                 retn
.text:08000804 real_raa_write  endp
.text:08000804
.text:08000804 _text           ends
.text:08000804
.data:08000808 ; ===========================================================================
.data:08000808
.data:08000808 ; Segment type: Pure data
.data:08000808 ; Segment permissions: Read/Write
.data:08000808 _data           segment dword public 'DATA' use32
.data:08000808                 assume cs:_data
.data:08000808                 ;org 8000808h
.data:08000808 L_197           db 'raa.c',0            ; ...
.data:0800080E L_198           db 'posn >= 0',0        ; ...
.data:0800080E _data           ends
.data:0800080E
.bss:08000818 ; ===========================================================================
.bss:08000818
.bss:08000818 ; Segment type: Zero-length
.bss:08000818 ; Segment permissions: Read/Write
.bss:08000818 _bss            segment dword public 'BSS' use32
.bss:08000818 _bss            ends
.bss:08000818
extern:0800081C ; ===========================================================================
extern:0800081C
extern:0800081C ; Segment type: Externs
extern:0800081C ; extern
extern:0800081C                 extrn __ashldi3:near    ; ...
extern:08000820                 extrn memmove:near      ; ...
extern:08000824                 extrn nasm_zalloc:near  ; ...
extern:08000828                 extrn nasm_free:near    ; ...
extern:0800082C                 extrn nasm_assert_failed:near ; ...
extern:0800082C
extern:0800082C
extern:0800082C                 end
