.text:08000000 ;
.text:08000000 ; +-------------------------------------------------------------------------+
.text:08000000 ; |   This file has been generated by The Interactive Disassembler (IDA)    |
.text:08000000 ; |           Copyright (c) 2018 Hex-Rays, <support@hex-rays.com>           |
.text:08000000 ; |                            Freeware version                             |
.text:08000000 ; +-------------------------------------------------------------------------+
.text:08000000 ;
.text:08000000 ; Input SHA256 : A95BD46256C87213024076CD82373EC3C8E58ED040C3464FDE6F1545F2883048
.text:08000000 ; Input MD5    : A9295080F47386D1BC39D772270264FE
.text:08000000 ; Input CRC32  : CB82BC4B
.text:08000000
.text:08000000 ; File Name   : C:\Users\90542\OneDrive\Masaüstü\nasm_214_c_o\rbtree.o
.text:08000000 ; Format      : ELF for Intel 386 (Relocatable)
.text:08000000 ;
.text:08000000 ; Source File : 'rbtree.c'
.text:08000000
.text:08000000                 .686p
.text:08000000                 .mmx
.text:08000000                 .model flat
.text:08000000 .intel_syntax noprefix
.text:08000000
.text:08000000 ; ===========================================================================
.text:08000000
.text:08000000 ; Segment type: Pure code
.text:08000000 ; Segment permissions: Read/Execute
.text:08000000 _text           segment dword public 'CODE' use32
.text:08000000                 assume cs:_text
.text:08000000                 ;org 8000000h
.text:08000000                 assume es:nothing, ss:nothing, ds:_text, fs:nothing, gs:nothing
.text:08000000
.text:08000000 ; =============== S U B R O U T I N E =======================================
.text:08000000
.text:08000000 ; Attributes: bp-based frame
.text:08000000
.text:08000000                 public rb_search
.text:08000000 rb_search       proc near
.text:08000000
.text:08000000 best            = dword ptr -4
.text:08000000 tree            = dword ptr  8
.text:08000000 key             = dword ptr  0Ch
.text:08000000 key_h           = dword ptr  10h
.text:08000000
.text:08000000                 push    ebp             ; struct rbtree *rb_search(struct rbtree *tree, uint64_t key)
.text:08000001                 mov     ebp, esp
.text:08000003                 sub     esp, 4
.text:08000009                 nop
.text:0800000A                 mov     eax, 0
.text:0800000F                 mov     [ebp+best], eax ; struct rbtree *best = NULL;
.text:08000012
.text:08000012 rbs_1:                                  ; ...
.text:08000012                 mov     eax, [ebp+tree] ; while (tree) {
.text:08000015                 cmp     eax, 0
.text:08000018                 jz      rbs_6
.text:0800001E                 mov     eax, [ebp+tree] ; if (tree->key == key)
.text:08000021                 mov     ecx, [eax]
.text:08000023                 add     eax, 4
.text:08000026                 mov     edx, [eax]
.text:08000028                 mov     eax, [ebp+key_h]
.text:0800002B                 cmp     edx, eax
.text:0800002D                 jnz     rbs_2
.text:08000033                 mov     eax, [ebp+key]
.text:08000036                 cmp     ecx, eax
.text:08000038                 jnz     rbs_2
.text:0800003E                 mov     eax, [ebp+tree] ; return tree;
.text:08000041                 jmp     rbs_7
.text:08000046 ; ---------------------------------------------------------------------------
.text:08000046                 jmp     rbs_5
.text:0800004B ; ---------------------------------------------------------------------------
.text:0800004B
.text:0800004B rbs_2:                                  ; ...
.text:0800004B                 mov     eax, [ebp+tree] ; else if (tree->key > key)
.text:0800004E                 mov     ecx, [eax]
.text:08000050                 add     eax, 4          ; tree->key (high)
.text:08000053                 mov     edx, [eax]
.text:08000055                 mov     eax, [ebp+key_h]
.text:08000058                 cmp     edx, eax
.text:0800005A                 jb      rbs_4
.text:08000060                 jnz     rbs_3
.text:08000066                 mov     eax, [ebp+key]  ; tree->key (low)
.text:08000069                 cmp     ecx, eax
.text:0800006B                 jbe     rbs_4
.text:08000071
.text:08000071 rbs_3:                                  ; ...
.text:08000071                 mov     eax, [ebp+tree]
.text:08000074                 add     eax, 8          ; tree->left
.text:08000077                 mov     ecx, [eax]
.text:08000079                 mov     [ebp+tree], ecx ; tree = tree->left;
.text:0800007C                 jmp     rbs_5
.text:08000081 ; ---------------------------------------------------------------------------
.text:08000081
.text:08000081 rbs_4:                                  ; ...
.text:08000081                 mov     eax, [ebp+tree] ; else {
.text:08000084                 mov     [ebp+best], eax ; best = tree;
.text:08000087                 mov     eax, [ebp+tree]
.text:0800008A                 add     eax, 12         ; tree->right
.text:0800008D                 mov     ecx, [eax]
.text:0800008F                 mov     [ebp+tree], ecx ; tree = tree->right;
.text:08000092
.text:08000092 rbs_5:                                  ; ...
.text:08000092                 jmp     rbs_1
.text:08000097 ; ---------------------------------------------------------------------------
.text:08000097
.text:08000097 rbs_6:                                  ; ...
.text:08000097                 mov     eax, [ebp+best] ; return best;
.text:0800009A
.text:0800009A rbs_7:                                  ; ...
.text:0800009A                 leave
.text:0800009B                 retn
.text:0800009B rb_search       endp
.text:0800009B
.text:0800009C
.text:0800009C ; =============== S U B R O U T I N E =======================================
.text:0800009C
.text:0800009C ; Attributes: bp-based frame
.text:0800009C
.text:0800009C is_red          proc near               ; ...
.text:0800009C
.text:0800009C h               = dword ptr  8
.text:0800009C
.text:0800009C                 push    ebp             ; static bool is_red(struct rbtree *h)
.text:0800009D                 mov     ebp, esp
.text:0800009F                 sub     esp, 0
.text:080000A5                 nop
.text:080000A6                 mov     eax, [ebp+h]
.text:080000A9                 cmp     eax, 0
.text:080000AC                 jz      ir_1
.text:080000B2                 mov     eax, [ebp+h]    ; return h && h->red;
.text:080000B5                 add     eax, 16
.text:080000B8                 mov     ecx, [eax]
.text:080000BA                 cmp     ecx, 0
.text:080000BD                 jz      ir_1
.text:080000C3                 mov     eax, 1
.text:080000C8                 jmp     short ir_2
.text:080000CA ; ---------------------------------------------------------------------------
.text:080000CA
.text:080000CA ir_1:                                   ; ...
.text:080000CA                 mov     eax, 0
.text:080000CF
.text:080000CF ir_2:                                   ; ...
.text:080000CF                 leave
.text:080000D0                 retn
.text:080000D0 is_red          endp
.text:080000D0
.text:080000D1
.text:080000D1 ; =============== S U B R O U T I N E =======================================
.text:080000D1
.text:080000D1 ; Attributes: bp-based frame
.text:080000D1
.text:080000D1 rotate_left     proc near               ; ...
.text:080000D1
.text:080000D1 x               = dword ptr -4
.text:080000D1 h               = dword ptr  8
.text:080000D1
.text:080000D1                 push    ebp             ; static struct rbtree *rotate_left(struct rbtree *h)
.text:080000D2                 mov     ebp, esp
.text:080000D4                 sub     esp, 4
.text:080000DA                 nop
.text:080000DB                 mov     eax, [ebp+h]
.text:080000DE                 add     eax, 12
.text:080000E1                 mov     ecx, [eax]
.text:080000E3                 mov     [ebp+x], ecx    ; struct rbtree *x = h->right;
.text:080000E6                 mov     eax, [ebp+h]
.text:080000E9                 add     eax, 12
.text:080000EC                 mov     ecx, [ebp+x]
.text:080000EF                 add     ecx, 8
.text:080000F2                 mov     edx, [ecx]
.text:080000F4                 mov     [eax], edx      ; h->right = x->left;
.text:080000F6                 mov     eax, [ebp+x]
.text:080000F9                 add     eax, 8
.text:080000FC                 mov     ecx, [ebp+h]
.text:080000FF                 mov     [eax], ecx      ; x->left = h;
.text:08000101                 mov     eax, [ebp+x]
.text:08000104                 add     eax, 16
.text:08000107                 mov     ecx, [ebp+x]
.text:0800010A                 add     ecx, 8
.text:0800010D                 mov     edx, [ecx]
.text:0800010F                 add     edx, 16
.text:08000112                 mov     ecx, [edx]
.text:08000114                 mov     [eax], ecx      ; x->red = x->left->red;
.text:08000116                 mov     eax, [ebp+x]
.text:08000119                 add     eax, 8
.text:0800011C                 mov     ecx, [eax]
.text:0800011E                 add     ecx, 16
.text:08000121                 mov     eax, 1
.text:08000126                 mov     [ecx], eax      ; x->left->red = true;
.text:08000128                 mov     eax, [ebp+x]    ; return x;
.text:0800012B                 leave
.text:0800012C                 retn
.text:0800012C rotate_left     endp
.text:0800012C
.text:0800012D
.text:0800012D ; =============== S U B R O U T I N E =======================================
.text:0800012D
.text:0800012D ; Attributes: bp-based frame
.text:0800012D
.text:0800012D rotate_right    proc near               ; ...
.text:0800012D
.text:0800012D x               = dword ptr -4
.text:0800012D h               = dword ptr  8
.text:0800012D
.text:0800012D                 push    ebp             ; static struct rbtree *rotate_right(struct rbtree *h)
.text:0800012E                 mov     ebp, esp
.text:08000130                 sub     esp, 4
.text:08000136                 nop
.text:08000137                 mov     eax, [ebp+h]
.text:0800013A                 add     eax, 8
.text:0800013D                 mov     ecx, [eax]
.text:0800013F                 mov     [ebp+x], ecx    ; struct rbtree *x = h->left;
.text:08000142                 mov     eax, [ebp+h]
.text:08000145                 add     eax, 8
.text:08000148                 mov     ecx, [ebp+x]
.text:0800014B                 add     ecx, 12
.text:0800014E                 mov     edx, [ecx]
.text:08000150                 mov     [eax], edx      ; h->left = x->right;
.text:08000152                 mov     eax, [ebp+x]
.text:08000155                 add     eax, 12
.text:08000158                 mov     ecx, [ebp+h]
.text:0800015B                 mov     [eax], ecx      ; x->right = h;
.text:0800015D                 mov     eax, [ebp+x]
.text:08000160                 add     eax, 16
.text:08000163                 mov     ecx, [ebp+x]
.text:08000166                 add     ecx, 12
.text:08000169                 mov     edx, [ecx]
.text:0800016B                 add     edx, 16
.text:0800016E                 mov     ecx, [edx]
.text:08000170                 mov     [eax], ecx      ; x->red = x->right->red;
.text:08000172                 mov     eax, [ebp+x]
.text:08000175                 add     eax, 12
.text:08000178                 mov     ecx, [eax]
.text:0800017A                 add     ecx, 16
.text:0800017D                 mov     eax, 1
.text:08000182                 mov     [ecx], eax      ; x->right->red = true;
.text:08000184                 mov     eax, [ebp+x]    ; return x;
.text:08000187                 leave
.text:08000188                 retn
.text:08000188 rotate_right    endp
.text:08000188
.text:08000189
.text:08000189 ; =============== S U B R O U T I N E =======================================
.text:08000189
.text:08000189 ; Attributes: bp-based frame
.text:08000189
.text:08000189 color_flip      proc near               ; ...
.text:08000189
.text:08000189 tmp3            = dword ptr -0Ch
.text:08000189 tmp2            = dword ptr -8
.text:08000189 tmp1            = dword ptr -4
.text:08000189 h               = dword ptr  8
.text:08000189
.text:08000189                 push    ebp             ; static void color_flip(struct rbtree *h)
.text:0800018A                 mov     ebp, esp
.text:0800018C                 sub     esp, 12
.text:08000192                 nop
.text:08000193                 mov     eax, [ebp+h]
.text:08000196                 add     eax, 16
.text:08000199                 mov     ecx, [ebp+h]
.text:0800019C                 add     ecx, 16
.text:0800019F                 mov     [ebp+tmp1], eax ; h->red
.text:080001A2                 mov     eax, [ecx]
.text:080001A4                 cmp     eax, 0
.text:080001A7                 jz      cf_1
.text:080001AD                 mov     eax, 0          ; !h->red = 0
.text:080001B2                 jmp     short cf_2
.text:080001B4 ; ---------------------------------------------------------------------------
.text:080001B4
.text:080001B4 cf_1:                                   ; ...
.text:080001B4                 mov     eax, 1          ; !h->red = 1
.text:080001B9
.text:080001B9 cf_2:                                   ; ...
.text:080001B9                 mov     ecx, [ebp+tmp1]
.text:080001BC                 mov     [ecx], eax      ; h->red = !h->red
.text:080001BE                 mov     eax, [ebp+h]
.text:080001C1                 add     eax, 8
.text:080001C4                 mov     ecx, [eax]
.text:080001C6                 add     ecx, 16
.text:080001C9                 mov     eax, [ebp+h]
.text:080001CC                 add     eax, 8
.text:080001CF                 mov     edx, [eax]
.text:080001D1                 add     edx, 16
.text:080001D4                 mov     [ebp+tmp2], ecx ; h->left->red
.text:080001D7                 mov     eax, [edx]
.text:080001D9                 cmp     eax, 0
.text:080001DC                 jz      cf_3
.text:080001E2                 mov     eax, 0          ; !h->left->red = 0
.text:080001E7                 jmp     short cf_4
.text:080001E9 ; ---------------------------------------------------------------------------
.text:080001E9
.text:080001E9 cf_3:                                   ; ...
.text:080001E9                 mov     eax, 1          ; !h->left->red = 1
.text:080001EE
.text:080001EE cf_4:                                   ; ...
.text:080001EE                 mov     ecx, [ebp+tmp2]
.text:080001F1                 mov     [ecx], eax      ; h->left->red = !h->left->red;
.text:080001F3                 mov     eax, [ebp+h]
.text:080001F6                 add     eax, 12
.text:080001F9                 mov     ecx, [eax]
.text:080001FB                 add     ecx, 16
.text:080001FE                 mov     eax, [ebp+h]
.text:08000201                 add     eax, 12
.text:08000204                 mov     edx, [eax]
.text:08000206                 add     edx, 16
.text:08000209                 mov     [ebp+tmp3], ecx ; h->right->red
.text:0800020C                 mov     eax, [edx]
.text:0800020E                 cmp     eax, 0
.text:08000211                 jz      cf_5
.text:08000217                 mov     eax, 0          ; !h->right->red = 0
.text:0800021C                 jmp     short cf_6
.text:0800021E ; ---------------------------------------------------------------------------
.text:0800021E
.text:0800021E cf_5:                                   ; ...
.text:0800021E                 mov     eax, 1          ; !h->right->red = 1
.text:08000223
.text:08000223 cf_6:                                   ; ...
.text:08000223                 mov     ecx, [ebp+tmp3]
.text:08000226                 mov     [ecx], eax      ; h->right->red = !h->right->red;
.text:08000228                 leave
.text:08000229                 retn
.text:08000229 color_flip      endp
.text:08000229
.text:0800022A
.text:0800022A ; =============== S U B R O U T I N E =======================================
.text:0800022A
.text:0800022A ; Attributes: bp-based frame
.text:0800022A
.text:0800022A                 public rb_insert
.text:0800022A rb_insert       proc near               ; ...
.text:0800022A
.text:0800022A tmp5            = dword ptr -14h
.text:0800022A tmp4            = dword ptr -10h
.text:0800022A tmp3            = dword ptr -0Ch
.text:0800022A tmp2            = dword ptr -8
.text:0800022A tmp1            = dword ptr -4
.text:0800022A tree            = dword ptr  8
.text:0800022A node            = dword ptr  0Ch
.text:0800022A
.text:0800022A                 push    ebp             ; struct rbtree *rb_insert(struct rbtree *tree, struct rbtree *node)
.text:0800022B                 mov     ebp, esp
.text:0800022D                 sub     esp, 20
.text:08000233                 nop
.text:08000234                 mov     eax, [ebp+tree] ; if (!tree) {
.text:08000237                 cmp     eax, 0
.text:0800023A                 jz      rbi_1
.text:08000240                 jmp     rbi_2
.text:08000245 ; ---------------------------------------------------------------------------
.text:08000245
.text:08000245 rbi_1:                                  ; ...
.text:08000245                 mov     eax, [ebp+node]
.text:08000248                 add     eax, 16
.text:0800024B                 mov     ecx, 1
.text:08000250                 mov     [eax], ecx      ; node->red = true;
.text:08000252                 mov     eax, [ebp+node] ; return node;
.text:08000255                 jmp     rbi_9
.text:0800025A ; ---------------------------------------------------------------------------
.text:0800025A
.text:0800025A rbi_2:                                  ; ...
.text:0800025A                 mov     eax, [ebp+tree] ; if (is_red(tree->left) && is_red(tree->right))
.text:0800025D                 add     eax, 8
.text:08000260                 mov     ecx, [eax]
.text:08000262                 push    ecx
.text:08000263                 call    is_red          ; is_red(tree->left)
.text:08000268                 add     esp, 4
.text:0800026B                 cmp     eax, 0
.text:0800026E                 jz      rbi_3
.text:08000274                 mov     eax, [ebp+tree]
.text:08000277                 add     eax, 12
.text:0800027A                 mov     ecx, [eax]
.text:0800027C                 push    ecx
.text:0800027D                 call    is_red          ; is_red(tree->right)
.text:08000282                 add     esp, 4
.text:08000285                 cmp     eax, 0
.text:08000288                 jz      rbi_3
.text:0800028E                 mov     eax, [ebp+tree]
.text:08000291                 push    eax
.text:08000292                 call    color_flip      ; color_flip(tree);
.text:08000297                 add     esp, 4
.text:0800029A
.text:0800029A rbi_3:                                  ; ...
.text:0800029A                 mov     eax, [ebp+node] ; if (node->key < tree->key)
.text:0800029D                 mov     ecx, [ebp+tree]
.text:080002A0                 mov     edx, [eax]      ; node->key
.text:080002A2                 add     eax, 4          ; node->key (high, address)
.text:080002A5                 mov     [ebp+tmp1], ecx ; tree->key (low, address)
.text:080002A8                 mov     ecx, [eax]      ; node->key
.text:080002AA                 mov     eax, [ebp+tmp1]
.text:080002AD                 mov     eax, [eax]      ; tree->key (low)
.text:080002AF                 mov     [ebp+tmp2], edx ; node->key (low)
.text:080002B2                 mov     edx, [ebp+tmp1] ; tree->key (low, address)
.text:080002B5                 add     edx, 4          ; tree->key (high, address)
.text:080002B8                 mov     [ebp+tmp3], ecx ; node->key (high)
.text:080002BB                 mov     ecx, [edx]      ; tree->key (high)
.text:080002BD                 mov     edx, [ebp+tmp3]
.text:080002C0                 cmp     edx, ecx
.text:080002C2                 ja      rbi_5
.text:080002C8                 jnz     rbi_4
.text:080002CE                 mov     ecx, [ebp+tmp2] ; node->key (low)
.text:080002D1                 cmp     ecx, eax
.text:080002D3                 jnb     rbi_5
.text:080002D9
.text:080002D9 rbi_4:                                  ; ...
.text:080002D9                 mov     eax, [ebp+tree]
.text:080002DC                 add     eax, 8
.text:080002DF                 mov     ecx, [ebp+tree]
.text:080002E2                 add     ecx, 8
.text:080002E5                 mov     edx, [ebp+node]
.text:080002E8                 push    edx
.text:080002E9                 mov     edx, [ecx]
.text:080002EB                 push    edx
.text:080002EC                 mov     [ebp+tmp4], eax ; tree->left (address)
.text:080002EF                 call    rb_insert
.text:080002F4                 add     esp, 8
.text:080002F7                 mov     ecx, [ebp+tmp4]
.text:080002FA                 mov     [ecx], eax      ; tree->left = rb_insert(tree->left, node);
.text:080002FC                 jmp     rbi_6
.text:08000301 ; ---------------------------------------------------------------------------
.text:08000301
.text:08000301 rbi_5:                                  ; ...
.text:08000301                 mov     eax, [ebp+tree]
.text:08000304                 add     eax, 12
.text:08000307                 mov     ecx, [ebp+tree]
.text:0800030A                 add     ecx, 12
.text:0800030D                 mov     edx, [ebp+node]
.text:08000310                 push    edx
.text:08000311                 mov     edx, [ecx]
.text:08000313                 push    edx
.text:08000314                 mov     [ebp+tmp5], eax ; tree->right (address)
.text:08000317                 call    rb_insert
.text:0800031C                 add     esp, 8
.text:0800031F                 mov     ecx, [ebp+tmp5]
.text:08000322                 mov     [ecx], eax      ; tree->right = rb_insert(tree->right, node);
.text:08000324
.text:08000324 rbi_6:                                  ; ...
.text:08000324                 mov     eax, [ebp+tree] ; if (is_red(tree->right))
.text:08000327                 add     eax, 12
.text:0800032A                 mov     ecx, [eax]
.text:0800032C                 push    ecx
.text:0800032D                 call    is_red
.text:08000332                 add     esp, 4
.text:08000335                 cmp     eax, 0
.text:08000338                 jz      rbi_7
.text:0800033E                 mov     eax, [ebp+tree]
.text:08000341                 push    eax
.text:08000342                 call    rotate_left
.text:08000347                 add     esp, 4
.text:0800034A                 mov     [ebp+tree], eax ; tree = rotate_left(tree);
.text:0800034D
.text:0800034D rbi_7:                                  ; ...
.text:0800034D                 mov     eax, [ebp+tree] ; if (is_red(tree->left) && is_red(tree->left->left))
.text:08000350                 add     eax, 8
.text:08000353                 mov     ecx, [eax]
.text:08000355                 push    ecx
.text:08000356                 call    is_red          ; is_red(tree->left)
.text:0800035B                 add     esp, 4
.text:0800035E                 cmp     eax, 0
.text:08000361                 jz      rbi_8
.text:08000367                 mov     eax, [ebp+tree]
.text:0800036A                 add     eax, 8
.text:0800036D                 mov     ecx, [eax]
.text:0800036F                 add     ecx, 8
.text:08000372                 mov     eax, [ecx]
.text:08000374                 push    eax
.text:08000375                 call    is_red          ; is_red(tree->left->left)
.text:0800037A                 add     esp, 4
.text:0800037D                 cmp     eax, 0
.text:08000380                 jz      rbi_8
.text:08000386                 mov     eax, [ebp+tree]
.text:08000389                 push    eax
.text:0800038A                 call    rotate_right
.text:0800038F                 add     esp, 4
.text:08000392                 mov     [ebp+tree], eax ; tree = rotate_right(tree);
.text:08000395
.text:08000395 rbi_8:                                  ; ...
.text:08000395                 mov     eax, [ebp+tree] ; return tree;
.text:08000398
.text:08000398 rbi_9:                                  ; ...
.text:08000398                 leave
.text:08000399                 retn
.text:08000399 rb_insert       endp
.text:08000399
.text:08000399 _text           ends
.text:08000399
.data:0800039C ; ===========================================================================
.data:0800039C
.data:0800039C ; Segment type: Zero-length
.data:0800039C ; Segment permissions: Read/Write
.data:0800039C _data           segment dword public 'DATA' use32
.data:0800039C _data           ends
.data:0800039C
.bss:080003A0 ; ===========================================================================
.bss:080003A0
.bss:080003A0 ; Segment type: Zero-length
.bss:080003A0 ; Segment permissions: Read/Write
.bss:080003A0 _bss            segment dword public 'BSS' use32
.bss:080003A0 _bss            ends
.bss:080003A0
.bss:080003A0
.bss:080003A0                 end
