.text:08000000 ;
.text:08000000 ; +-------------------------------------------------------------------------+
.text:08000000 ; |   This file has been generated by The Interactive Disassembler (IDA)    |
.text:08000000 ; |           Copyright (c) 2018 Hex-Rays, <support@hex-rays.com>           |
.text:08000000 ; |                            Freeware version                             |
.text:08000000 ; +-------------------------------------------------------------------------+
.text:08000000 ;
.text:08000000 ; Input SHA256 : C7E6CCE7C11B59C190ABBA0B1157C7E76FE44F16F965D96417D4B2893F485E34
.text:08000000 ; Input MD5    : 553249F3691B26C1722AF700BC05EB82
.text:08000000 ; Input CRC32  : 916DB041
.text:08000000
.text:08000000 ; File Name   : C:\Users\90542\OneDrive\Masaüstü\nasm_214_c_o\regs.o
.text:08000000 ; Format      : ELF for Intel 386 (Relocatable)
.text:08000000 ;
.text:08000000 ; Source File : 'regs.c'
.text:08000000
.text:08000000                 .686p
.text:08000000                 .mmx
.text:08000000                 .model flat
.text:08000000 .intel_syntax noprefix
.text:08000000
.text:08000000 ; ===========================================================================
.text:08000000
.text:08000000 ; Segment type: Zero-length
.text:08000000 ; Segment permissions: Read/Execute
.text:08000000 _text           segment dword public 'CODE' use32
.text:08000000 _text           ends
.text:08000000
.data:08000004 ; ===========================================================================
.data:08000004
.data:08000004 ; Segment type: Pure data
.data:08000004 ; Segment permissions: Read/Write
.data:08000004 _data           segment dword public 'DATA' use32
.data:08000004                 assume cs:_data
.data:08000004                 ;org 8000004h
.data:08000004                 public nasm_reg_names
.data:08000004 nasm_reg_names  dd offset L_0           ; "ah"
.data:08000008                 dd offset L_1           ; "al"
.data:0800000C                 dd offset L_2           ; "ax"
.data:08000010                 dd offset L_3           ; "bh"
.data:08000014                 dd offset L_4           ; "bl"
.data:08000018                 dd offset L_5           ; "bnd0"
.data:0800001C                 dd offset L_6           ; "bnd1"
.data:08000020                 dd offset L_7           ; "bnd2"
.data:08000024                 dd offset L_8           ; "bnd3"
.data:08000028                 dd offset L_9           ; "bp"
.data:0800002C                 dd offset L_10          ; "bpl"
.data:08000030                 dd offset L_11          ; "bx"
.data:08000034                 dd offset L_12          ; "ch"
.data:08000038                 dd offset L_13          ; "cl"
.data:0800003C                 dd offset L_14          ; "cr0"
.data:08000040                 dd offset L_15          ; "cr1"
.data:08000044                 dd offset L_16          ; "cr10"
.data:08000048                 dd offset L_17          ; "cr11"
.data:0800004C                 dd offset L_18          ; "cr12"
.data:08000050                 dd offset L_19          ; "cr13"
.data:08000054                 dd offset L_20          ; "cr14"
.data:08000058                 dd offset L_21          ; "cr15"
.data:0800005C                 dd offset L_22          ; "cr2"
.data:08000060                 dd offset L_23          ; "cr3"
.data:08000064                 dd offset L_24          ; "cr4"
.data:08000068                 dd offset L_25          ; "cr5"
.data:0800006C                 dd offset L_26          ; "cr6"
.data:08000070                 dd offset L_27          ; "cr7"
.data:08000074                 dd offset L_28          ; "cr8"
.data:08000078                 dd offset L_29          ; "cr9"
.data:0800007C                 dd offset L_30          ; "cs"
.data:08000080                 dd offset L_31          ; "cx"
.data:08000084                 dd offset L_32          ; "dh"
.data:08000088                 dd offset L_33          ; "di"
.data:0800008C                 dd offset L_34          ; "dil"
.data:08000090                 dd offset L_35          ; "dl"
.data:08000094                 dd offset L_36          ; "dr0"
.data:08000098                 dd offset L_37          ; "dr1"
.data:0800009C                 dd offset L_38          ; "dr10"
.data:080000A0                 dd offset L_39          ; "dr11"
.data:080000A4                 dd offset L_40          ; "dr12"
.data:080000A8                 dd offset L_41          ; "dr13"
.data:080000AC                 dd offset L_42          ; "dr14"
.data:080000B0                 dd offset L_43          ; "dr15"
.data:080000B4                 dd offset L_44          ; "dr2"
.data:080000B8                 dd offset L_45          ; "dr3"
.data:080000BC                 dd offset L_46          ; "dr4"
.data:080000C0                 dd offset L_47          ; "dr5"
.data:080000C4                 dd offset L_48          ; "dr6"
.data:080000C8                 dd offset L_49          ; "dr7"
.data:080000CC                 dd offset L_50          ; "dr8"
.data:080000D0                 dd offset L_51          ; "dr9"
.data:080000D4                 dd offset L_52          ; "ds"
.data:080000D8                 dd offset L_53          ; "dx"
.data:080000DC                 dd offset L_54          ; "eax"
.data:080000E0                 dd offset L_55          ; "ebp"
.data:080000E4                 dd offset L_56          ; "ebx"
.data:080000E8                 dd offset L_57          ; "ecx"
.data:080000EC                 dd offset L_58          ; "edi"
.data:080000F0                 dd offset L_59          ; "edx"
.data:080000F4                 dd offset L_60          ; "es"
.data:080000F8                 dd offset L_61          ; "esi"
.data:080000FC                 dd offset L_62          ; "esp"
.data:08000100                 dd offset L_63          ; "fs"
.data:08000104                 dd offset L_64          ; "gs"
.data:08000108                 dd offset L_65          ; "k0"
.data:0800010C                 dd offset L_66          ; "k1"
.data:08000110                 dd offset L_67          ; "k2"
.data:08000114                 dd offset L_68          ; "k3"
.data:08000118                 dd offset L_69          ; "k4"
.data:0800011C                 dd offset L_70          ; "k5"
.data:08000120                 dd offset L_71          ; "k6"
.data:08000124                 dd offset L_72          ; "k7"
.data:08000128                 dd offset L_73          ; "mm0"
.data:0800012C                 dd offset L_74          ; "mm1"
.data:08000130                 dd offset L_75          ; "mm2"
.data:08000134                 dd offset L_76          ; "mm3"
.data:08000138                 dd offset L_77          ; "mm4"
.data:0800013C                 dd offset L_78          ; "mm5"
.data:08000140                 dd offset L_79          ; "mm6"
.data:08000144                 dd offset L_80          ; "mm7"
.data:08000148                 dd offset L_81          ; "r10"
.data:0800014C                 dd offset L_82          ; "r10b"
.data:08000150                 dd offset L_83          ; "r10d"
.data:08000154                 dd offset L_84          ; "r10w"
.data:08000158                 dd offset L_85          ; "r11"
.data:0800015C                 dd offset L_86          ; "r11b"
.data:08000160                 dd offset L_87          ; "r11d"
.data:08000164                 dd offset L_88          ; "r11w"
.data:08000168                 dd offset L_89          ; "r12"
.data:0800016C                 dd offset L_90          ; "r12b"
.data:08000170                 dd offset L_91          ; "r12d"
.data:08000174                 dd offset L_92          ; "r12w"
.data:08000178                 dd offset L_93          ; "r13"
.data:0800017C                 dd offset L_94          ; "r13b"
.data:08000180                 dd offset L_95          ; "r13d"
.data:08000184                 dd offset L_96          ; "r13w"
.data:08000188                 dd offset L_97          ; "r14"
.data:0800018C                 dd offset L_98          ; "r14b"
.data:08000190                 dd offset L_99          ; "r14d"
.data:08000194                 dd offset L_100         ; "r14w"
.data:08000198                 dd offset L_101         ; "r15"
.data:0800019C                 dd offset L_102         ; "r15b"
.data:080001A0                 dd offset L_103         ; "r15d"
.data:080001A4                 dd offset L_104         ; "r15w"
.data:080001A8                 dd offset L_105         ; "r8"
.data:080001AC                 dd offset L_106         ; "r8b"
.data:080001B0                 dd offset L_107         ; "r8d"
.data:080001B4                 dd offset L_108         ; "r8w"
.data:080001B8                 dd offset L_109         ; "r9"
.data:080001BC                 dd offset L_110         ; "r9b"
.data:080001C0                 dd offset L_111         ; "r9d"
.data:080001C4                 dd offset L_112         ; "r9w"
.data:080001C8                 dd offset L_113         ; "rax"
.data:080001CC                 dd offset L_114         ; "rbp"
.data:080001D0                 dd offset L_115         ; "rbx"
.data:080001D4                 dd offset L_116         ; "rcx"
.data:080001D8                 dd offset L_117         ; "rdi"
.data:080001DC                 dd offset L_118         ; "rdx"
.data:080001E0                 dd offset L_119         ; "rsi"
.data:080001E4                 dd offset L_120         ; "rsp"
.data:080001E8                 dd offset L_121         ; "segr6"
.data:080001EC                 dd offset L_122         ; "segr7"
.data:080001F0                 dd offset L_123         ; "si"
.data:080001F4                 dd offset L_124         ; "sil"
.data:080001F8                 dd offset L_125         ; "sp"
.data:080001FC                 dd offset L_126         ; "spl"
.data:08000200                 dd offset L_127         ; "ss"
.data:08000204                 dd offset L_128         ; "st0"
.data:08000208                 dd offset L_129         ; "st1"
.data:0800020C                 dd offset L_130         ; "st2"
.data:08000210                 dd offset L_131         ; "st3"
.data:08000214                 dd offset L_132         ; "st4"
.data:08000218                 dd offset L_133         ; "st5"
.data:0800021C                 dd offset L_134         ; "st6"
.data:08000220                 dd offset L_135         ; "st7"
.data:08000224                 dd offset L_136         ; "tr0"
.data:08000228                 dd offset L_137         ; "tr1"
.data:0800022C                 dd offset L_138         ; "tr2"
.data:08000230                 dd offset L_139         ; "tr3"
.data:08000234                 dd offset L_140         ; "tr4"
.data:08000238                 dd offset L_141         ; "tr5"
.data:0800023C                 dd offset L_142         ; "tr6"
.data:08000240                 dd offset L_143         ; "tr7"
.data:08000244                 dd offset L_144         ; "xmm0"
.data:08000248                 dd offset L_145         ; "xmm1"
.data:0800024C                 dd offset L_146         ; "xmm10"
.data:08000250                 dd offset L_147         ; "xmm11"
.data:08000254                 dd offset L_148         ; "xmm12"
.data:08000258                 dd offset L_149         ; "xmm13"
.data:0800025C                 dd offset L_150         ; "xmm14"
.data:08000260                 dd offset L_151         ; "xmm15"
.data:08000264                 dd offset L_152         ; "xmm16"
.data:08000268                 dd offset L_153         ; "xmm17"
.data:0800026C                 dd offset L_154         ; "xmm18"
.data:08000270                 dd offset L_155         ; "xmm19"
.data:08000274                 dd offset L_156         ; "xmm2"
.data:08000278                 dd offset L_157         ; "xmm20"
.data:0800027C                 dd offset L_158         ; "xmm21"
.data:08000280                 dd offset L_159         ; "xmm22"
.data:08000284                 dd offset L_160         ; "xmm23"
.data:08000288                 dd offset L_161         ; "xmm24"
.data:0800028C                 dd offset L_162         ; "xmm25"
.data:08000290                 dd offset L_163         ; "xmm26"
.data:08000294                 dd offset L_164         ; "xmm27"
.data:08000298                 dd offset L_165         ; "xmm28"
.data:0800029C                 dd offset L_166         ; "xmm29"
.data:080002A0                 dd offset L_167         ; "xmm3"
.data:080002A4                 dd offset L_168         ; "xmm30"
.data:080002A8                 dd offset L_169         ; "xmm31"
.data:080002AC                 dd offset L_170         ; "xmm4"
.data:080002B0                 dd offset L_171         ; "xmm5"
.data:080002B4                 dd offset L_172         ; "xmm6"
.data:080002B8                 dd offset L_173         ; "xmm7"
.data:080002BC                 dd offset L_174         ; "xmm8"
.data:080002C0                 dd offset L_175         ; "xmm9"
.data:080002C4                 dd offset L_176         ; "ymm0"
.data:080002C8                 dd offset L_177         ; "ymm1"
.data:080002CC                 dd offset L_178         ; "ymm10"
.data:080002D0                 dd offset L_179         ; "ymm11"
.data:080002D4                 dd offset L_180         ; "ymm12"
.data:080002D8                 dd offset L_181         ; "ymm13"
.data:080002DC                 dd offset L_182         ; "ymm14"
.data:080002E0                 dd offset L_183         ; "ymm15"
.data:080002E4                 dd offset L_184         ; "ymm16"
.data:080002E8                 dd offset L_185         ; "ymm17"
.data:080002EC                 dd offset L_186         ; "ymm18"
.data:080002F0                 dd offset L_187         ; "ymm19"
.data:080002F4                 dd offset L_188         ; "ymm2"
.data:080002F8                 dd offset L_189         ; "ymm20"
.data:080002FC                 dd offset L_190         ; "ymm21"
.data:08000300                 dd offset L_191         ; "ymm22"
.data:08000304                 dd offset L_192         ; "ymm23"
.data:08000308                 dd offset L_193         ; "ymm24"
.data:0800030C                 dd offset L_194         ; "ymm25"
.data:08000310                 dd offset L_195         ; "ymm26"
.data:08000314                 dd offset L_196         ; "ymm27"
.data:08000318                 dd offset L_197         ; "ymm28"
.data:0800031C                 dd offset L_198         ; "ymm29"
.data:08000320                 dd offset L_199         ; "ymm3"
.data:08000324                 dd offset L_200         ; "ymm30"
.data:08000328                 dd offset L_201         ; "ymm31"
.data:0800032C                 dd offset L_202         ; "ymm4"
.data:08000330                 dd offset L_203         ; "ymm5"
.data:08000334                 dd offset L_204         ; "ymm6"
.data:08000338                 dd offset L_205         ; "ymm7"
.data:0800033C                 dd offset L_206         ; "ymm8"
.data:08000340                 dd offset L_207         ; "ymm9"
.data:08000344                 dd offset L_208         ; "zmm0"
.data:08000348                 dd offset L_209         ; "zmm1"
.data:0800034C                 dd offset L_210         ; "zmm10"
.data:08000350                 dd offset L_211         ; "zmm11"
.data:08000354                 dd offset L_212         ; "zmm12"
.data:08000358                 dd offset L_213         ; "zmm13"
.data:0800035C                 dd offset L_214         ; "zmm14"
.data:08000360                 dd offset L_215         ; "zmm15"
.data:08000364                 dd offset L_216         ; "zmm16"
.data:08000368                 dd offset L_217         ; "zmm17"
.data:0800036C                 dd offset L_218         ; "zmm18"
.data:08000370                 dd offset L_219         ; "zmm19"
.data:08000374                 dd offset L_220         ; "zmm2"
.data:08000378                 dd offset L_221         ; "zmm20"
.data:0800037C                 dd offset L_222         ; "zmm21"
.data:08000380                 dd offset L_223         ; "zmm22"
.data:08000384                 dd offset L_224         ; "zmm23"
.data:08000388                 dd offset L_225         ; "zmm24"
.data:0800038C                 dd offset L_226         ; "zmm25"
.data:08000390                 dd offset L_227         ; "zmm26"
.data:08000394                 dd offset L_228         ; "zmm27"
.data:08000398                 dd offset L_229         ; "zmm28"
.data:0800039C                 dd offset L_230         ; "zmm29"
.data:080003A0                 dd offset L_231         ; "zmm3"
.data:080003A4                 dd offset L_232         ; "zmm30"
.data:080003A8                 dd offset L_233         ; "zmm31"
.data:080003AC                 dd offset L_234         ; "zmm4"
.data:080003B0                 dd offset L_235         ; "zmm5"
.data:080003B4                 dd offset L_236         ; "zmm6"
.data:080003B8                 dd offset L_237         ; "zmm7"
.data:080003BC                 dd offset L_238         ; "zmm8"
.data:080003C0                 dd offset L_239         ; "zmm9"
.data:080003C4 L_0             db 'ah',0               ; ...
.data:080003C7 L_1             db 'al',0               ; ...
.data:080003CA L_2             db 'ax',0               ; ...
.data:080003CD L_3             db 'bh',0               ; ...
.data:080003D0 L_4             db 'bl',0               ; ...
.data:080003D3 L_5             db 'bnd0',0             ; ...
.data:080003D8 L_6             db 'bnd1',0             ; ...
.data:080003DD L_7             db 'bnd2',0             ; ...
.data:080003E2 L_8             db 'bnd3',0             ; ...
.data:080003E7 L_9             db 'bp',0               ; ...
.data:080003EA L_10            db 'bpl',0              ; ...
.data:080003EE L_11            db 'bx',0               ; ...
.data:080003F1 L_12            db 'ch',0               ; ...
.data:080003F4 L_13            db 'cl',0               ; ...
.data:080003F7 L_14            db 'cr0',0              ; ...
.data:080003FB L_15            db 'cr1',0              ; ...
.data:080003FF L_16            db 'cr10',0             ; ...
.data:08000404 L_17            db 'cr11',0             ; ...
.data:08000409 L_18            db 'cr12',0             ; ...
.data:0800040E L_19            db 'cr13',0             ; ...
.data:08000413 L_20            db 'cr14',0             ; ...
.data:08000418 L_21            db 'cr15',0             ; ...
.data:0800041D L_22            db 'cr2',0              ; ...
.data:08000421 L_23            db 'cr3',0              ; ...
.data:08000425 L_24            db 'cr4',0              ; ...
.data:08000429 L_25            db 'cr5',0              ; ...
.data:0800042D L_26            db 'cr6',0              ; ...
.data:08000431 L_27            db 'cr7',0              ; ...
.data:08000435 L_28            db 'cr8',0              ; ...
.data:08000439 L_29            db 'cr9',0              ; ...
.data:0800043D L_30            db 'cs',0               ; ...
.data:08000440 L_31            db 'cx',0               ; ...
.data:08000443 L_32            db 'dh',0               ; ...
.data:08000446 L_33            db 'di',0               ; ...
.data:08000449 L_34            db 'dil',0              ; ...
.data:0800044D L_35            db 'dl',0               ; ...
.data:08000450 L_36            db 'dr0',0              ; ...
.data:08000454 L_37            db 'dr1',0              ; ...
.data:08000458 L_38            db 'dr10',0             ; ...
.data:0800045D L_39            db 'dr11',0             ; ...
.data:08000462 L_40            db 'dr12',0             ; ...
.data:08000467 L_41            db 'dr13',0             ; ...
.data:0800046C L_42            db 'dr14',0             ; ...
.data:08000471 L_43            db 'dr15',0             ; ...
.data:08000476 L_44            db 'dr2',0              ; ...
.data:0800047A L_45            db 'dr3',0              ; ...
.data:0800047E L_46            db 'dr4',0              ; ...
.data:08000482 L_47            db 'dr5',0              ; ...
.data:08000486 L_48            db 'dr6',0              ; ...
.data:0800048A L_49            db 'dr7',0              ; ...
.data:0800048E L_50            db 'dr8',0              ; ...
.data:08000492 L_51            db 'dr9',0              ; ...
.data:08000496 L_52            db 'ds',0               ; ...
.data:08000499 L_53            db 'dx',0               ; ...
.data:0800049C L_54            db 'eax',0              ; ...
.data:080004A0 L_55            db 'ebp',0              ; ...
.data:080004A4 L_56            db 'ebx',0              ; ...
.data:080004A8 L_57            db 'ecx',0              ; ...
.data:080004AC L_58            db 'edi',0              ; ...
.data:080004B0 L_59            db 'edx',0              ; ...
.data:080004B4 L_60            db 'es',0               ; ...
.data:080004B7 L_61            db 'esi',0              ; ...
.data:080004BB L_62            db 'esp',0              ; ...
.data:080004BF L_63            db 'fs',0               ; ...
.data:080004C2 L_64            db 'gs',0               ; ...
.data:080004C5 L_65            db 'k0',0               ; ...
.data:080004C8 L_66            db 'k1',0               ; ...
.data:080004CB L_67            db 'k2',0               ; ...
.data:080004CE L_68            db 'k3',0               ; ...
.data:080004D1 L_69            db 'k4',0               ; ...
.data:080004D4 L_70            db 'k5',0               ; ...
.data:080004D7 L_71            db 'k6',0               ; ...
.data:080004DA L_72            db 'k7',0               ; ...
.data:080004DD L_73            db 'mm0',0              ; ...
.data:080004E1 L_74            db 'mm1',0              ; ...
.data:080004E5 L_75            db 'mm2',0              ; ...
.data:080004E9 L_76            db 'mm3',0              ; ...
.data:080004ED L_77            db 'mm4',0              ; ...
.data:080004F1 L_78            db 'mm5',0              ; ...
.data:080004F5 L_79            db 'mm6',0              ; ...
.data:080004F9 L_80            db 'mm7',0              ; ...
.data:080004FD L_81            db 'r10',0              ; ...
.data:08000501 L_82            db 'r10b',0             ; ...
.data:08000506 L_83            db 'r10d',0             ; ...
.data:0800050B L_84            db 'r10w',0             ; ...
.data:08000510 L_85            db 'r11',0              ; ...
.data:08000514 L_86            db 'r11b',0             ; ...
.data:08000519 L_87            db 'r11d',0             ; ...
.data:0800051E L_88            db 'r11w',0             ; ...
.data:08000523 L_89            db 'r12',0              ; ...
.data:08000527 L_90            db 'r12b',0             ; ...
.data:0800052C L_91            db 'r12d',0             ; ...
.data:08000531 L_92            db 'r12w',0             ; ...
.data:08000536 L_93            db 'r13',0              ; ...
.data:0800053A L_94            db 'r13b',0             ; ...
.data:0800053F L_95            db 'r13d',0             ; ...
.data:08000544 L_96            db 'r13w',0             ; ...
.data:08000549 L_97            db 'r14',0              ; ...
.data:0800054D L_98            db 'r14b',0             ; ...
.data:08000552 L_99            db 'r14d',0             ; ...
.data:08000557 L_100           db 'r14w',0             ; ...
.data:0800055C L_101           db 'r15',0              ; ...
.data:08000560 L_102           db 'r15b',0             ; ...
.data:08000565 L_103           db 'r15d',0             ; ...
.data:0800056A L_104           db 'r15w',0             ; ...
.data:0800056F L_105           db 'r8',0               ; ...
.data:08000572 L_106           db 'r8b',0              ; ...
.data:08000576 L_107           db 'r8d',0              ; ...
.data:0800057A L_108           db 'r8w',0              ; ...
.data:0800057E L_109           db 'r9',0               ; ...
.data:08000581 L_110           db 'r9b',0              ; ...
.data:08000585 L_111           db 'r9d',0              ; ...
.data:08000589 L_112           db 'r9w',0              ; ...
.data:0800058D L_113           db 'rax',0              ; ...
.data:08000591 L_114           db 'rbp',0              ; ...
.data:08000595 L_115           db 'rbx',0              ; ...
.data:08000599 L_116           db 'rcx',0              ; ...
.data:0800059D L_117           db 'rdi',0              ; ...
.data:080005A1 L_118           db 'rdx',0              ; ...
.data:080005A5 L_119           db 'rsi',0              ; ...
.data:080005A9 L_120           db 'rsp',0              ; ...
.data:080005AD L_121           db 'segr6',0            ; ...
.data:080005B3 L_122           db 'segr7',0            ; ...
.data:080005B9 L_123           db 'si',0               ; ...
.data:080005BC L_124           db 'sil',0              ; ...
.data:080005C0 L_125           db 'sp',0               ; ...
.data:080005C3 L_126           db 'spl',0              ; ...
.data:080005C7 L_127           db 'ss',0               ; ...
.data:080005CA L_128           db 'st0',0              ; ...
.data:080005CE L_129           db 'st1',0              ; ...
.data:080005D2 L_130           db 'st2',0              ; ...
.data:080005D6 L_131           db 'st3',0              ; ...
.data:080005DA L_132           db 'st4',0              ; ...
.data:080005DE L_133           db 'st5',0              ; ...
.data:080005E2 L_134           db 'st6',0              ; ...
.data:080005E6 L_135           db 'st7',0              ; ...
.data:080005EA L_136           db 'tr0',0              ; ...
.data:080005EE L_137           db 'tr1',0              ; ...
.data:080005F2 L_138           db 'tr2',0              ; ...
.data:080005F6 L_139           db 'tr3',0              ; ...
.data:080005FA L_140           db 'tr4',0              ; ...
.data:080005FE L_141           db 'tr5',0              ; ...
.data:08000602 L_142           db 'tr6',0              ; ...
.data:08000606 L_143           db 'tr7',0              ; ...
.data:0800060A L_144           db 'xmm0',0             ; ...
.data:0800060F L_145           db 'xmm1',0             ; ...
.data:08000614 L_146           db 'xmm10',0            ; ...
.data:0800061A L_147           db 'xmm11',0            ; ...
.data:08000620 L_148           db 'xmm12',0            ; ...
.data:08000626 L_149           db 'xmm13',0            ; ...
.data:0800062C L_150           db 'xmm14',0            ; ...
.data:08000632 L_151           db 'xmm15',0            ; ...
.data:08000638 L_152           db 'xmm16',0            ; ...
.data:0800063E L_153           db 'xmm17',0            ; ...
.data:08000644 L_154           db 'xmm18',0            ; ...
.data:0800064A L_155           db 'xmm19',0            ; ...
.data:08000650 L_156           db 'xmm2',0             ; ...
.data:08000655 L_157           db 'xmm20',0            ; ...
.data:0800065B L_158           db 'xmm21',0            ; ...
.data:08000661 L_159           db 'xmm22',0            ; ...
.data:08000667 L_160           db 'xmm23',0            ; ...
.data:0800066D L_161           db 'xmm24',0            ; ...
.data:08000673 L_162           db 'xmm25',0            ; ...
.data:08000679 L_163           db 'xmm26',0            ; ...
.data:0800067F L_164           db 'xmm27',0            ; ...
.data:08000685 L_165           db 'xmm28',0            ; ...
.data:0800068B L_166           db 'xmm29',0            ; ...
.data:08000691 L_167           db 'xmm3',0             ; ...
.data:08000696 L_168           db 'xmm30',0            ; ...
.data:0800069C L_169           db 'xmm31',0            ; ...
.data:080006A2 L_170           db 'xmm4',0             ; ...
.data:080006A7 L_171           db 'xmm5',0             ; ...
.data:080006AC L_172           db 'xmm6',0             ; ...
.data:080006B1 L_173           db 'xmm7',0             ; ...
.data:080006B6 L_174           db 'xmm8',0             ; ...
.data:080006BB L_175           db 'xmm9',0             ; ...
.data:080006C0 L_176           db 'ymm0',0             ; ...
.data:080006C5 L_177           db 'ymm1',0             ; ...
.data:080006CA L_178           db 'ymm10',0            ; ...
.data:080006D0 L_179           db 'ymm11',0            ; ...
.data:080006D6 L_180           db 'ymm12',0            ; ...
.data:080006DC L_181           db 'ymm13',0            ; ...
.data:080006E2 L_182           db 'ymm14',0            ; ...
.data:080006E8 L_183           db 'ymm15',0            ; ...
.data:080006EE L_184           db 'ymm16',0            ; ...
.data:080006F4 L_185           db 'ymm17',0            ; ...
.data:080006FA L_186           db 'ymm18',0            ; ...
.data:08000700 L_187           db 'ymm19',0            ; ...
.data:08000706 L_188           db 'ymm2',0             ; ...
.data:0800070B L_189           db 'ymm20',0            ; ...
.data:08000711 L_190           db 'ymm21',0            ; ...
.data:08000717 L_191           db 'ymm22',0            ; ...
.data:0800071D L_192           db 'ymm23',0            ; ...
.data:08000723 L_193           db 'ymm24',0            ; ...
.data:08000729 L_194           db 'ymm25',0            ; ...
.data:0800072F L_195           db 'ymm26',0            ; ...
.data:08000735 L_196           db 'ymm27',0            ; ...
.data:0800073B L_197           db 'ymm28',0            ; ...
.data:08000741 L_198           db 'ymm29',0            ; ...
.data:08000747 L_199           db 'ymm3',0             ; ...
.data:0800074C L_200           db 'ymm30',0            ; ...
.data:08000752 L_201           db 'ymm31',0            ; ...
.data:08000758 L_202           db 'ymm4',0             ; ...
.data:0800075D L_203           db 'ymm5',0             ; ...
.data:08000762 L_204           db 'ymm6',0             ; ...
.data:08000767 L_205           db 'ymm7',0             ; ...
.data:0800076C L_206           db 'ymm8',0             ; ...
.data:08000771 L_207           db 'ymm9',0             ; ...
.data:08000776 L_208           db 'zmm0',0             ; ...
.data:0800077B L_209           db 'zmm1',0             ; ...
.data:08000780 L_210           db 'zmm10',0            ; ...
.data:08000786 L_211           db 'zmm11',0            ; ...
.data:0800078C L_212           db 'zmm12',0            ; ...
.data:08000792 L_213           db 'zmm13',0            ; ...
.data:08000798 L_214           db 'zmm14',0            ; ...
.data:0800079E L_215           db 'zmm15',0            ; ...
.data:080007A4 L_216           db 'zmm16',0            ; ...
.data:080007AA L_217           db 'zmm17',0            ; ...
.data:080007B0 L_218           db 'zmm18',0            ; ...
.data:080007B6 L_219           db 'zmm19',0            ; ...
.data:080007BC L_220           db 'zmm2',0             ; ...
.data:080007C1 L_221           db 'zmm20',0            ; ...
.data:080007C7 L_222           db 'zmm21',0            ; ...
.data:080007CD L_223           db 'zmm22',0            ; ...
.data:080007D3 L_224           db 'zmm23',0            ; ...
.data:080007D9 L_225           db 'zmm24',0            ; ...
.data:080007DF L_226           db 'zmm25',0            ; ...
.data:080007E5 L_227           db 'zmm26',0            ; ...
.data:080007EB L_228           db 'zmm27',0            ; ...
.data:080007F1 L_229           db 'zmm28',0            ; ...
.data:080007F7 L_230           db 'zmm29',0            ; ...
.data:080007FD L_231           db 'zmm3',0             ; ...
.data:08000802 L_232           db 'zmm30',0            ; ...
.data:08000808 L_233           db 'zmm31',0            ; ...
.data:0800080E L_234           db 'zmm4',0             ; ...
.data:08000813 L_235           db 'zmm5',0             ; ...
.data:08000818 L_236           db 'zmm6',0             ; ...
.data:0800081D L_237           db 'zmm7',0             ; ...
.data:08000822 L_238           db 'zmm8',0             ; ...
.data:08000827 L_239           db 'zmm9',0             ; ...
.data:08000827 _data           ends
.data:08000827
.bss:0800082C ; ===========================================================================
.bss:0800082C
.bss:0800082C ; Segment type: Zero-length
.bss:0800082C ; Segment permissions: Read/Write
.bss:0800082C _bss            segment dword public 'BSS' use32
.bss:0800082C _bss            ends
.bss:0800082C
.bss:0800082C
.bss:0800082C                 end
