.text:08000000 ;
.text:08000000 ; +-------------------------------------------------------------------------+
.text:08000000 ; |   This file has been generated by The Interactive Disassembler (IDA)    |
.text:08000000 ; |           Copyright (c) 2018 Hex-Rays, <support@hex-rays.com>           |
.text:08000000 ; |                            Freeware version                             |
.text:08000000 ; +-------------------------------------------------------------------------+
.text:08000000 ;
.text:08000000 ; Input SHA256 : 3E33ED0386EB02BF637CB839D1AF2025F68FFECB687EE5720E9DFC13A1BC208F
.text:08000000 ; Input MD5    : DA50BC7450302E8834FEF5F7BE79F604
.text:08000000 ; Input CRC32  : BEA27080
.text:08000000
.text:08000000 ; File Name   : C:\Users\90542\OneDrive\Masaüstü\nasm_214_c_o\regvals.o
.text:08000000 ; Format      : ELF for Intel 386 (Relocatable)
.text:08000000 ;
.text:08000000 ; Source File : 'regvals.c'
.text:08000000
.text:08000000                 .686p
.text:08000000                 .mmx
.text:08000000                 .model flat
.text:08000000 .intel_syntax noprefix
.text:08000000
.text:08000000 ; ===========================================================================
.text:08000000
.text:08000000 ; Segment type: Zero-length
.text:08000000 ; Segment permissions: Read/Execute
.text:08000000 _text           segment dword public 'CODE' use32
.text:08000000 _text           ends
.text:08000000
.data:08000004 ; ===========================================================================
.data:08000004
.data:08000004 ; Segment type: Pure data
.data:08000004 ; Segment permissions: Read/Write
.data:08000004 _data           segment dword public 'DATA' use32
.data:08000004                 assume cs:_data
.data:08000004                 ;org 8000004h
.data:08000004                 public nasm_regvals
.data:08000004 nasm_regvals    dd 0FFFFFFFFh
.data:08000004                 dd 4
.data:08000004                 dd 0
.data:08000004                 dd 0
.data:08000004                 dd 7
.data:08000004                 dd 3
.data:08000004                 dd 0
.data:08000004                 dd 1
.data:08000004                 dd 2
.data:08000004                 dd 3
.data:08000004                 dd 5
.data:08000004                 dd 5
.data:08000004                 dd 3
.data:08000004                 dd 5
.data:08000004                 dd 1
.data:08000004                 dd 0
.data:08000004                 dd 1
.data:08000004                 dd 0Ah
.data:08000004                 dd 0Bh
.data:08000004                 dd 0Ch
.data:08000004                 dd 0Dh
.data:08000004                 dd 0Eh
.data:08000004                 dd 0Fh
.data:08000004                 dd 2
.data:08000004                 dd 3
.data:08000004                 dd 4
.data:08000004                 dd 5
.data:08000004                 dd 6
.data:08000004                 dd 7
.data:08000004                 dd 8
.data:08000004                 dd 9
.data:08000004                 dd 1
.data:08000004                 dd 1
.data:08000004                 dd 6
.data:08000004                 dd 7
.data:08000004                 dd 7
.data:08000004                 dd 2
.data:08000004                 dd 0
.data:08000004                 dd 1
.data:08000004                 dd 0Ah
.data:08000004                 dd 0Bh
.data:08000004                 dd 0Ch
.data:08000004                 dd 0Dh
.data:08000004                 dd 0Eh
.data:08000004                 dd 0Fh
.data:08000004                 dd 2
.data:08000004                 dd 3
.data:08000004                 dd 4
.data:08000004                 dd 5
.data:08000004                 dd 6
.data:08000004                 dd 7
.data:08000004                 dd 8
.data:08000004                 dd 9
.data:08000004                 dd 3
.data:08000004                 dd 2
.data:08000004                 dd 0
.data:08000004                 dd 5
.data:08000004                 dd 3
.data:08000004                 dd 1
.data:08000004                 dd 7
.data:08000004                 dd 2
.data:08000004                 dd 0
.data:08000004                 dd 6
.data:08000004                 dd 4
.data:08000004                 dd 4
.data:08000004                 dd 5
.data:08000004                 dd 0
.data:08000004                 dd 1
.data:08000004                 dd 2
.data:08000004                 dd 3
.data:08000004                 dd 4
.data:08000004                 dd 5
.data:08000004                 dd 6
.data:08000004                 dd 7
.data:08000004                 dd 0
.data:08000004                 dd 1
.data:08000004                 dd 2
.data:08000004                 dd 3
.data:08000004                 dd 4
.data:08000004                 dd 5
.data:08000004                 dd 6
.data:08000004                 dd 7
.data:08000004                 dd 0Ah
.data:08000004                 dd 0Ah
.data:08000004                 dd 0Ah
.data:08000004                 dd 0Ah
.data:08000004                 dd 0Bh
.data:08000004                 dd 0Bh
.data:08000004                 dd 0Bh
.data:08000004                 dd 0Bh
.data:08000004                 dd 0Ch
.data:08000004                 dd 0Ch
.data:08000004                 dd 0Ch
.data:08000004                 dd 0Ch
.data:08000004                 dd 0Dh
.data:08000004                 dd 0Dh
.data:08000004                 dd 0Dh
.data:08000004                 dd 0Dh
.data:08000004                 dd 0Eh
.data:08000004                 dd 0Eh
.data:08000004                 dd 0Eh
.data:08000004                 dd 0Eh
.data:08000004                 dd 0Fh
.data:08000004                 dd 0Fh
.data:08000004                 dd 0Fh
.data:08000004                 dd 0Fh
.data:08000004                 dd 8
.data:08000004                 dd 8
.data:08000004                 dd 8
.data:08000004                 dd 8
.data:08000004                 dd 9
.data:08000004                 dd 9
.data:08000004                 dd 9
.data:08000004                 dd 9
.data:08000004                 dd 0
.data:08000004                 dd 5
.data:08000004                 dd 3
.data:08000004                 dd 1
.data:08000004                 dd 7
.data:08000004                 dd 2
.data:08000004                 dd 6
.data:08000004                 dd 4
.data:08000004                 dd 6
.data:08000004                 dd 7
.data:08000004                 dd 6
.data:08000004                 dd 6
.data:08000004                 dd 4
.data:08000004                 dd 4
.data:08000004                 dd 2
.data:08000004                 dd 0
.data:08000004                 dd 1
.data:08000004                 dd 2
.data:08000004                 dd 3
.data:08000004                 dd 4
.data:08000004                 dd 5
.data:08000004                 dd 6
.data:08000004                 dd 7
.data:08000004                 dd 0
.data:08000004                 dd 1
.data:08000004                 dd 2
.data:08000004                 dd 3
.data:08000004                 dd 4
.data:08000004                 dd 5
.data:08000004                 dd 6
.data:08000004                 dd 7
.data:08000004                 dd 0
.data:08000004                 dd 1
.data:08000004                 dd 0Ah
.data:08000004                 dd 0Bh
.data:08000004                 dd 0Ch
.data:08000004                 dd 0Dh
.data:08000004                 dd 0Eh
.data:08000004                 dd 0Fh
.data:08000004                 dd 10h
.data:08000004                 dd 11h
.data:08000004                 dd 12h
.data:08000004                 dd 13h
.data:08000004                 dd 2
.data:08000004                 dd 14h
.data:08000004                 dd 15h
.data:08000004                 dd 16h
.data:08000004                 dd 17h
.data:08000004                 dd 18h
.data:08000004                 dd 19h
.data:08000004                 dd 1Ah
.data:08000004                 dd 1Bh
.data:08000004                 dd 1Ch
.data:08000004                 dd 1Dh
.data:08000004                 dd 3
.data:08000004                 dd 1Eh
.data:08000004                 dd 1Fh
.data:08000004                 dd 4
.data:08000004                 dd 5
.data:08000004                 dd 6
.data:08000004                 dd 7
.data:08000004                 dd 8
.data:08000004                 dd 9
.data:08000004                 dd 0
.data:08000004                 dd 1
.data:08000004                 dd 0Ah
.data:08000004                 dd 0Bh
.data:08000004                 dd 0Ch
.data:08000004                 dd 0Dh
.data:08000004                 dd 0Eh
.data:08000004                 dd 0Fh
.data:08000004                 dd 10h
.data:08000004                 dd 11h
.data:08000004                 dd 12h
.data:08000004                 dd 13h
.data:08000004                 dd 2
.data:08000004                 dd 14h
.data:08000004                 dd 15h
.data:08000004                 dd 16h
.data:08000004                 dd 17h
.data:08000004                 dd 18h
.data:08000004                 dd 19h
.data:08000004                 dd 1Ah
.data:08000004                 dd 1Bh
.data:08000004                 dd 1Ch
.data:08000004                 dd 1Dh
.data:08000004                 dd 3
.data:08000004                 dd 1Eh
.data:08000004                 dd 1Fh
.data:08000004                 dd 4
.data:08000004                 dd 5
.data:08000004                 dd 6
.data:08000004                 dd 7
.data:08000004                 dd 8
.data:08000004                 dd 9
.data:08000004                 dd 0
.data:08000004                 dd 1
.data:08000004                 dd 0Ah
.data:08000004                 dd 0Bh
.data:08000004                 dd 0Ch
.data:08000004                 dd 0Dh
.data:08000004                 dd 0Eh
.data:08000004                 dd 0Fh
.data:08000004                 dd 10h
.data:08000004                 dd 11h
.data:08000004                 dd 12h
.data:08000004                 dd 13h
.data:08000004                 dd 2
.data:08000004                 dd 14h
.data:08000004                 dd 15h
.data:08000004                 dd 16h
.data:08000004                 dd 17h
.data:08000004                 dd 18h
.data:08000004                 dd 19h
.data:08000004                 dd 1Ah
.data:08000004                 dd 1Bh
.data:08000004                 dd 1Ch
.data:08000004                 dd 1Dh
.data:08000004                 dd 3
.data:08000004                 dd 1Eh
.data:08000004                 dd 1Fh
.data:08000004                 dd 4
.data:08000004                 dd 5
.data:08000004                 dd 6
.data:08000004                 dd 7
.data:08000004                 dd 8
.data:08000004                 dd 9
.data:08000004 _data           ends
.data:08000004
.bss:080003C8 ; ===========================================================================
.bss:080003C8
.bss:080003C8 ; Segment type: Zero-length
.bss:080003C8 ; Segment permissions: Read/Write
.bss:080003C8 _bss            segment dword public 'BSS' use32
.bss:080003C8 _bss            ends
.bss:080003C8
.bss:080003C8
.bss:080003C8                 end
