.text:08000000 ;
.text:08000000 ; +-------------------------------------------------------------------------+
.text:08000000 ; |   This file has been generated by The Interactive Disassembler (IDA)    |
.text:08000000 ; |           Copyright (c) 2018 Hex-Rays, <support@hex-rays.com>           |
.text:08000000 ; |                            Freeware version                             |
.text:08000000 ; +-------------------------------------------------------------------------+
.text:08000000 ;
.text:08000000 ; Input SHA256 : A3B8493FF2457A16F2F992A2086749755C6C7ADED184468632BE3E215C3548DD
.text:08000000 ; Input MD5    : 893C624F493C6DB861464FFE9A93318A
.text:08000000 ; Input CRC32  : 1034FF4D
.text:08000000
.text:08000000 ; File Name   : C:\Users\90542\OneDrive\Masaüstü\nasm_214_c_o\srcfile.o
.text:08000000 ; Format      : ELF for Intel 386 (Relocatable)
.text:08000000 ;
.text:08000000 ; Source File : 'srcfile.c'
.text:08000000
.text:08000000                 .686p
.text:08000000                 .mmx
.text:08000000                 .model flat
.text:08000000 .intel_syntax noprefix
.text:08000000
.text:08000000 ; ===========================================================================
.text:08000000
.text:08000000 ; Segment type: Pure code
.text:08000000 ; Segment permissions: Read/Execute
.text:08000000 _text           segment dword public 'CODE' use32
.text:08000000                 assume cs:_text
.text:08000000                 ;org 8000000h
.text:08000000                 assume es:nothing, ss:nothing, ds:_data, fs:nothing, gs:nothing
.text:08000000
.text:08000000 ; =============== S U B R O U T I N E =======================================
.text:08000000
.text:08000000 ; Attributes: bp-based frame
.text:08000000
.text:08000000 overflow_general proc near
.text:08000000
.text:08000000 var_18          = dword ptr -18h
.text:08000000 var_14          = dword ptr -14h
.text:08000000 var_10          = dword ptr -10h
.text:08000000 var_C           = dword ptr -0Ch
.text:08000000 var_4           = dword ptr -4
.text:08000000 arg_0           = dword ptr  8
.text:08000000 arg_4           = dword ptr  0Ch
.text:08000000 arg_8           = dword ptr  10h
.text:08000000
.text:08000000                 push    ebp
.text:08000001                 mov     ebp, esp
.text:08000003                 sub     esp, 18h
.text:08000009                 nop
.text:0800000A                 mov     eax, [ebp+arg_8]
.text:0800000D                 cmp     eax, 8
.text:08000010                 jl      loc_8000020
.text:08000016                 mov     eax, 0
.text:0800001B                 jmp     locret_80000D4
.text:08000020 ; ---------------------------------------------------------------------------
.text:08000020
.text:08000020 loc_8000020:                            ; ...
.text:08000020                 mov     eax, [ebp+arg_8]
.text:08000023                 shl     eax, 3
.text:08000026                 dec     eax
.text:08000027                 mov     [ebp+var_4], eax
.text:0800002A                 mov     eax, [ebp+var_4]
.text:0800002D                 push    eax
.text:0800002E                 mov     eax, 2
.text:08000033                 mov     ecx, 0
.text:08000038                 push    ecx
.text:08000039                 push    eax
.text:0800003A                 call    __ashldi3
.text:0800003F                 add     esp, 0Ch
.text:08000042                 sub     eax, 1
.text:08000045                 sbb     edx, 0
.text:08000048                 mov     [ebp+var_10], eax
.text:0800004B                 mov     [ebp+var_C], edx
.text:0800004E                 mov     eax, [ebp+var_4]
.text:08000051                 push    eax
.text:08000052                 mov     eax, 2
.text:08000057                 mov     ecx, 0
.text:0800005C                 push    ecx
.text:0800005D                 push    eax
.text:0800005E                 call    __ashldi3
.text:08000063                 add     esp, 0Ch
.text:08000066                 mov     ecx, 0
.text:0800006B                 sub     ecx, eax
.text:0800006D                 mov     eax, 0
.text:08000072                 sbb     eax, edx
.text:08000074                 mov     [ebp+var_18], ecx
.text:08000077                 mov     [ebp+var_14], eax
.text:0800007A                 mov     eax, [ebp+arg_4]
.text:0800007D                 mov     ecx, [ebp+var_14]
.text:08000080                 cmp     eax, ecx
.text:08000082                 jg      loc_80000A1
.text:08000088                 jnz     loc_800009C
.text:0800008E                 mov     eax, [ebp+arg_0]
.text:08000091                 mov     ecx, [ebp+var_18]
.text:08000094                 cmp     eax, ecx
.text:08000096                 jnb     loc_80000A1
.text:0800009C
.text:0800009C loc_800009C:                            ; ...
.text:0800009C                 jmp     loc_80000CF
.text:080000A1 ; ---------------------------------------------------------------------------
.text:080000A1
.text:080000A1 loc_80000A1:                            ; ...
.text:080000A1                 mov     eax, [ebp+arg_4]
.text:080000A4                 mov     ecx, [ebp+var_C]
.text:080000A7                 cmp     eax, ecx
.text:080000A9                 jl      loc_80000C8
.text:080000AF                 jnz     loc_80000C3
.text:080000B5                 mov     eax, [ebp+arg_0]
.text:080000B8                 mov     ecx, [ebp+var_10]
.text:080000BB                 cmp     eax, ecx
.text:080000BD                 jbe     loc_80000C8
.text:080000C3
.text:080000C3 loc_80000C3:                            ; ...
.text:080000C3                 jmp     loc_80000CF
.text:080000C8 ; ---------------------------------------------------------------------------
.text:080000C8
.text:080000C8 loc_80000C8:                            ; ...
.text:080000C8                 mov     eax, 0
.text:080000CD                 jmp     short locret_80000D4
.text:080000CF ; ---------------------------------------------------------------------------
.text:080000CF
.text:080000CF loc_80000CF:                            ; ...
.text:080000CF                 mov     eax, 1
.text:080000D4
.text:080000D4 locret_80000D4:                         ; ...
.text:080000D4                 leave
.text:080000D5                 retn
.text:080000D5 overflow_general endp
.text:080000D5
.text:080000D6
.text:080000D6 ; =============== S U B R O U T I N E =======================================
.text:080000D6
.text:080000D6 ; Attributes: bp-based frame
.text:080000D6
.text:080000D6 overflow_signed proc near
.text:080000D6
.text:080000D6 var_18          = dword ptr -18h
.text:080000D6 var_14          = dword ptr -14h
.text:080000D6 var_10          = dword ptr -10h
.text:080000D6 var_C           = dword ptr -0Ch
.text:080000D6 var_4           = dword ptr -4
.text:080000D6 arg_0           = dword ptr  8
.text:080000D6 arg_4           = dword ptr  0Ch
.text:080000D6 arg_8           = dword ptr  10h
.text:080000D6
.text:080000D6                 push    ebp
.text:080000D7                 mov     ebp, esp
.text:080000D9                 sub     esp, 18h
.text:080000DF                 nop
.text:080000E0                 mov     eax, [ebp+arg_8]
.text:080000E3                 cmp     eax, 8
.text:080000E6                 jl      loc_80000F6
.text:080000EC                 mov     eax, 0
.text:080000F1                 jmp     locret_80001AA
.text:080000F6 ; ---------------------------------------------------------------------------
.text:080000F6
.text:080000F6 loc_80000F6:                            ; ...
.text:080000F6                 mov     eax, [ebp+arg_8]
.text:080000F9                 shl     eax, 3
.text:080000FC                 dec     eax
.text:080000FD                 mov     [ebp+var_4], eax
.text:08000100                 mov     eax, [ebp+var_4]
.text:08000103                 push    eax
.text:08000104                 mov     eax, 1
.text:08000109                 mov     ecx, 0
.text:0800010E                 push    ecx
.text:0800010F                 push    eax
.text:08000110                 call    __ashldi3
.text:08000115                 add     esp, 0Ch
.text:08000118                 sub     eax, 1
.text:0800011B                 sbb     edx, 0
.text:0800011E                 mov     [ebp+var_10], eax
.text:08000121                 mov     [ebp+var_C], edx
.text:08000124                 mov     eax, [ebp+var_4]
.text:08000127                 push    eax
.text:08000128                 mov     eax, 1
.text:0800012D                 mov     ecx, 0
.text:08000132                 push    ecx
.text:08000133                 push    eax
.text:08000134                 call    __ashldi3
.text:08000139                 add     esp, 0Ch
.text:0800013C                 mov     ecx, 0
.text:08000141                 sub     ecx, eax
.text:08000143                 mov     eax, 0
.text:08000148                 sbb     eax, edx
.text:0800014A                 mov     [ebp+var_18], ecx
.text:0800014D                 mov     [ebp+var_14], eax
.text:08000150                 mov     eax, [ebp+arg_4]
.text:08000153                 mov     ecx, [ebp+var_14]
.text:08000156                 cmp     eax, ecx
.text:08000158                 jg      loc_8000177
.text:0800015E                 jnz     loc_8000172
.text:08000164                 mov     eax, [ebp+arg_0]
.text:08000167                 mov     ecx, [ebp+var_18]
.text:0800016A                 cmp     eax, ecx
.text:0800016C                 jnb     loc_8000177
.text:08000172
.text:08000172 loc_8000172:                            ; ...
.text:08000172                 jmp     loc_80001A5
.text:08000177 ; ---------------------------------------------------------------------------
.text:08000177
.text:08000177 loc_8000177:                            ; ...
.text:08000177                 mov     eax, [ebp+arg_4]
.text:0800017A                 mov     ecx, [ebp+var_C]
.text:0800017D                 cmp     eax, ecx
.text:0800017F                 jl      loc_800019E
.text:08000185                 jnz     loc_8000199
.text:0800018B                 mov     eax, [ebp+arg_0]
.text:0800018E                 mov     ecx, [ebp+var_10]
.text:08000191                 cmp     eax, ecx
.text:08000193                 jbe     loc_800019E
.text:08000199
.text:08000199 loc_8000199:                            ; ...
.text:08000199                 jmp     loc_80001A5
.text:0800019E ; ---------------------------------------------------------------------------
.text:0800019E
.text:0800019E loc_800019E:                            ; ...
.text:0800019E                 mov     eax, 0
.text:080001A3                 jmp     short locret_80001AA
.text:080001A5 ; ---------------------------------------------------------------------------
.text:080001A5
.text:080001A5 loc_80001A5:                            ; ...
.text:080001A5                 mov     eax, 1
.text:080001AA
.text:080001AA locret_80001AA:                         ; ...
.text:080001AA                 leave
.text:080001AB                 retn
.text:080001AB overflow_signed endp
.text:080001AB
.text:080001AC
.text:080001AC ; =============== S U B R O U T I N E =======================================
.text:080001AC
.text:080001AC ; Attributes: bp-based frame
.text:080001AC
.text:080001AC overflow_unsigned proc near
.text:080001AC
.text:080001AC var_18          = dword ptr -18h
.text:080001AC var_14          = dword ptr -14h
.text:080001AC var_10          = dword ptr -10h
.text:080001AC var_C           = dword ptr -0Ch
.text:080001AC var_4           = dword ptr -4
.text:080001AC arg_0           = dword ptr  8
.text:080001AC arg_4           = dword ptr  0Ch
.text:080001AC arg_8           = dword ptr  10h
.text:080001AC
.text:080001AC                 push    ebp
.text:080001AD                 mov     ebp, esp
.text:080001AF                 sub     esp, 18h
.text:080001B5                 nop
.text:080001B6                 mov     eax, [ebp+arg_8]
.text:080001B9                 cmp     eax, 8
.text:080001BC                 jl      loc_80001CC
.text:080001C2                 mov     eax, 0
.text:080001C7                 jmp     locret_8000264
.text:080001CC ; ---------------------------------------------------------------------------
.text:080001CC
.text:080001CC loc_80001CC:                            ; ...
.text:080001CC                 mov     eax, [ebp+arg_8]
.text:080001CF                 shl     eax, 3
.text:080001D2                 dec     eax
.text:080001D3                 mov     [ebp+var_4], eax
.text:080001D6                 mov     eax, [ebp+var_4]
.text:080001D9                 push    eax
.text:080001DA                 mov     eax, 2
.text:080001DF                 mov     ecx, 0
.text:080001E4                 push    ecx
.text:080001E5                 push    eax
.text:080001E6                 call    __ashldi3
.text:080001EB                 add     esp, 0Ch
.text:080001EE                 sub     eax, 1
.text:080001F1                 sbb     edx, 0
.text:080001F4                 mov     [ebp+var_10], eax
.text:080001F7                 mov     [ebp+var_C], edx
.text:080001FA                 mov     eax, 0
.text:080001FF                 mov     ecx, 0
.text:08000204                 mov     [ebp+var_18], eax
.text:08000207                 mov     [ebp+var_14], ecx
.text:0800020A                 mov     eax, [ebp+arg_4]
.text:0800020D                 mov     ecx, [ebp+var_14]
.text:08000210                 cmp     eax, ecx
.text:08000212                 jg      loc_8000231
.text:08000218                 jnz     loc_800022C
.text:0800021E                 mov     eax, [ebp+arg_0]
.text:08000221                 mov     ecx, [ebp+var_18]
.text:08000224                 cmp     eax, ecx
.text:08000226                 jnb     loc_8000231
.text:0800022C
.text:0800022C loc_800022C:                            ; ...
.text:0800022C                 jmp     loc_800025F
.text:08000231 ; ---------------------------------------------------------------------------
.text:08000231
.text:08000231 loc_8000231:                            ; ...
.text:08000231                 mov     eax, [ebp+arg_4]
.text:08000234                 mov     ecx, [ebp+var_C]
.text:08000237                 cmp     eax, ecx
.text:08000239                 jl      loc_8000258
.text:0800023F                 jnz     loc_8000253
.text:08000245                 mov     eax, [ebp+arg_0]
.text:08000248                 mov     ecx, [ebp+var_10]
.text:0800024B                 cmp     eax, ecx
.text:0800024D                 jbe     loc_8000258
.text:08000253
.text:08000253 loc_8000253:                            ; ...
.text:08000253                 jmp     loc_800025F
.text:08000258 ; ---------------------------------------------------------------------------
.text:08000258
.text:08000258 loc_8000258:                            ; ...
.text:08000258                 mov     eax, 0
.text:0800025D                 jmp     short locret_8000264
.text:0800025F ; ---------------------------------------------------------------------------
.text:0800025F
.text:0800025F loc_800025F:                            ; ...
.text:0800025F                 mov     eax, 1
.text:08000264
.text:08000264 locret_8000264:                         ; ...
.text:08000264                 leave
.text:08000265                 retn
.text:08000265 overflow_unsigned endp
.text:08000265
.text:08000266
.text:08000266 ; =============== S U B R O U T I N E =======================================
.text:08000266
.text:08000266 ; Attributes: bp-based frame
.text:08000266
.text:08000266 signed_bits     proc near
.text:08000266
.text:08000266 arg_0           = dword ptr  8
.text:08000266 arg_4           = dword ptr  0Ch
.text:08000266 arg_8           = dword ptr  10h
.text:08000266
.text:08000266                 push    ebp
.text:08000267                 mov     ebp, esp
.text:08000269                 sub     esp, 0
.text:0800026F                 nop
.text:08000270                 mov     eax, [ebp+arg_8]
.text:08000273                 cmp     eax, 40h
.text:08000276                 jge     loc_8000307
.text:0800027C                 mov     eax, [ebp+arg_8]
.text:0800027F                 push    eax
.text:08000280                 mov     eax, 1
.text:08000285                 mov     ecx, 0
.text:0800028A                 push    ecx
.text:0800028B                 push    eax
.text:0800028C                 call    __ashldi3
.text:08000291                 add     esp, 0Ch
.text:08000294                 sub     eax, 1
.text:08000297                 sbb     edx, 0
.text:0800029A                 mov     ecx, [ebp+arg_0]
.text:0800029D                 and     ecx, eax
.text:0800029F                 mov     eax, [ebp+arg_4]
.text:080002A2                 and     eax, edx
.text:080002A4                 mov     [ebp+arg_0], ecx
.text:080002A7                 mov     [ebp+arg_4], eax
.text:080002AA                 mov     eax, [ebp+arg_8]
.text:080002AD                 dec     eax
.text:080002AE                 push    eax
.text:080002AF                 mov     eax, 1
.text:080002B4                 mov     ecx, 0
.text:080002B9                 push    ecx
.text:080002BA                 push    eax
.text:080002BB                 call    __ashldi3
.text:080002C0                 add     esp, 0Ch
.text:080002C3                 mov     ecx, [ebp+arg_0]
.text:080002C6                 and     ecx, eax
.text:080002C8                 mov     eax, [ebp+arg_4]
.text:080002CB                 and     eax, edx
.text:080002CD                 cmp     eax, 0
.text:080002D0                 jnz     loc_80002DF
.text:080002D6                 cmp     ecx, 0
.text:080002D9                 jz      loc_8000307
.text:080002DF
.text:080002DF loc_80002DF:                            ; ...
.text:080002DF                 mov     eax, [ebp+arg_8]
.text:080002E2                 push    eax
.text:080002E3                 mov     eax, 0FFFFFFFFh
.text:080002E8                 mov     ecx, 0FFFFFFFFh
.text:080002ED                 push    ecx
.text:080002EE                 push    eax
.text:080002EF                 call    __ashldi3
.text:080002F4                 add     esp, 0Ch
.text:080002F7                 mov     ecx, [ebp+arg_0]
.text:080002FA                 or      ecx, eax
.text:080002FC                 mov     eax, [ebp+arg_4]
.text:080002FF                 or      eax, edx
.text:08000301                 mov     [ebp+arg_0], ecx
.text:08000304                 mov     [ebp+arg_4], eax
.text:08000307
.text:08000307 loc_8000307:                            ; ...
.text:08000307                 mov     eax, [ebp+arg_0]
.text:0800030A                 mov     edx, [ebp+arg_4]
.text:0800030D                 leave
.text:0800030E                 retn
.text:0800030E signed_bits     endp
.text:0800030E
.text:0800030F
.text:0800030F ; =============== S U B R O U T I N E =======================================
.text:0800030F
.text:0800030F ; Attributes: bp-based frame
.text:0800030F
.text:0800030F                 public src_init
.text:0800030F src_init        proc near
.text:0800030F                 push    ebp             ; void src_init(void)
.text:08000310                 mov     ebp, esp
.text:08000312                 sub     esp, 0
.text:08000318                 nop
.text:08000319                 mov     eax, 16         ; HASH_MEDIUM
.text:0800031E                 push    eax
.text:0800031F                 mov     eax, offset filename_hash
.text:08000324                 push    eax
.text:08000325                 call    hash_init       ; hash_init(&filename_hash, HASH_MEDIUM);
.text:0800032A                 add     esp, 8
.text:0800032D                 leave
.text:0800032E                 retn
.text:0800032E src_init        endp
.text:0800032E
.text:0800032F
.text:0800032F ; =============== S U B R O U T I N E =======================================
.text:0800032F
.text:0800032F ; Attributes: bp-based frame
.text:0800032F
.text:0800032F                 public src_free
.text:0800032F src_free        proc near
.text:0800032F                 push    ebp             ; void src_free(void)
.text:08000330                 mov     ebp, esp
.text:08000332                 sub     esp, 0
.text:08000338                 nop
.text:08000339                 mov     eax, 0          ; false
.text:0800033E                 push    eax
.text:0800033F                 mov     eax, offset filename_hash
.text:08000344                 push    eax
.text:08000345                 call    hash_free_all   ; hash_free_all(&filename_hash, false);
.text:0800034A                 add     esp, 8
.text:0800034D                 leave
.text:0800034E                 retn
.text:0800034E src_free        endp
.text:0800034E
.text:0800034F
.text:0800034F ; =============== S U B R O U T I N E =======================================
.text:0800034F
.text:0800034F ; Attributes: bp-based frame
.text:0800034F
.text:0800034F                 public src_set_fname
.text:0800034F src_set_fname   proc near               ; ...
.text:0800034F
.text:0800034F dp              = dword ptr -18h
.text:0800034F oldname         = dword ptr -14h
.text:0800034F hi              = byte ptr -10h
.text:0800034F newname         = dword ptr  8
.text:0800034F
.text:0800034F                 push    ebp             ; const char *src_set_fname(const char *newname)
.text:08000350                 mov     ebp, esp
.text:08000352                 sub     esp, 24
.text:08000358                 nop
.text:08000359                 mov     eax, [ebp+newname] ; if (newname) {
.text:0800035C                 cmp     eax, 0
.text:0800035F                 jz      ssfn_2
.text:08000365                 lea     eax, [ebp+hi]   ; struct hash_insert hi;
.text:08000368                 push    eax
.text:08000369                 mov     eax, [ebp+newname]
.text:0800036C                 push    eax
.text:0800036D                 mov     eax, offset filename_hash
.text:08000372                 push    eax
.text:08000373                 call    hash_find       ; dp = hash_find(&filename_hash, newname, &hi);
.text:08000378                 add     esp, 12
.text:0800037B                 mov     [ebp+dp], eax   ; void **dp;
.text:0800037E                 mov     eax, [ebp+dp]
.text:08000381                 cmp     eax, 0          ; if (dp) {
.text:08000384                 jz      ssfn_1
.text:0800038A                 mov     eax, [ebp+dp]
.text:0800038D                 mov     ecx, [eax]
.text:0800038F                 mov     [ebp+newname], ecx ; newname = (const char *)(*dp);
.text:08000392                 jmp     ssfn_2
.text:08000397 ; ---------------------------------------------------------------------------
.text:08000397
.text:08000397 ssfn_1:                                 ; ...
.text:08000397                 mov     eax, [ebp+newname] ; } else {
.text:0800039A                 push    eax
.text:0800039B                 call    nasm_strdup     ; newname = nasm_strdup(newname);
.text:080003A0                 add     esp, 4
.text:080003A3                 mov     [ebp+newname], eax
.text:080003A6                 mov     eax, [ebp+newname]
.text:080003A9                 push    eax
.text:080003AA                 mov     eax, [ebp+newname]
.text:080003AD                 push    eax
.text:080003AE                 lea     eax, [ebp+hi]
.text:080003B1                 push    eax
.text:080003B2                 call    hash_add        ; hash_add(&hi, newname, (void *)newname);
.text:080003B7                 add     esp, 12
.text:080003BA
.text:080003BA ssfn_2:                                 ; ...
.text:080003BA                 mov     eax, file_name  ; const char *oldname;
.text:080003C0                 mov     [ebp+oldname], eax ; oldname = file_name;
.text:080003C3                 mov     eax, [ebp+newname]
.text:080003C6                 mov     file_name, eax  ; file_name = newname;
.text:080003CC                 mov     eax, [ebp+oldname] ; return oldname;
.text:080003CF                 leave
.text:080003D0                 retn
.text:080003D0 src_set_fname   endp
.text:080003D0
.text:080003D1
.text:080003D1 ; =============== S U B R O U T I N E =======================================
.text:080003D1
.text:080003D1 ; Attributes: bp-based frame
.text:080003D1
.text:080003D1                 public src_set_linnum
.text:080003D1 src_set_linnum  proc near               ; ...
.text:080003D1
.text:080003D1 oldline         = dword ptr -4
.text:080003D1 newline         = dword ptr  8
.text:080003D1
.text:080003D1                 push    ebp             ; int32_t src_set_linnum(int32_t newline)
.text:080003D2                 mov     ebp, esp
.text:080003D4                 sub     esp, 4
.text:080003DA                 nop
.text:080003DB                 mov     eax, line_number
.text:080003E1                 mov     [ebp+oldline], eax ; int32_t oldline = line_number;
.text:080003E4                 mov     eax, [ebp+newline]
.text:080003E7                 mov     line_number, eax ; line_number = newline;
.text:080003ED                 mov     eax, [ebp+oldline] ; return oldline;
.text:080003F0                 leave
.text:080003F1                 retn
.text:080003F1 src_set_linnum  endp
.text:080003F1
.text:080003F2
.text:080003F2 ; =============== S U B R O U T I N E =======================================
.text:080003F2
.text:080003F2 ; Attributes: bp-based frame
.text:080003F2
.text:080003F2                 public src_set
.text:080003F2 src_set         proc near
.text:080003F2
.text:080003F2 line            = dword ptr  8
.text:080003F2 fname           = dword ptr  0Ch
.text:080003F2
.text:080003F2                 push    ebp             ; void src_set(int32_t line, const char *fname)
.text:080003F3                 mov     ebp, esp
.text:080003F5                 sub     esp, 0
.text:080003FB                 nop
.text:080003FC                 mov     eax, [ebp+fname]
.text:080003FF                 push    eax
.text:08000400                 call    src_set_fname   ; src_set_fname(fname);
.text:08000405                 add     esp, 4
.text:08000408                 mov     eax, [ebp+line]
.text:0800040B                 push    eax
.text:0800040C                 call    src_set_linnum  ; src_set_linnum(line);
.text:08000411                 add     esp, 4
.text:08000414                 leave
.text:08000415                 retn
.text:08000415 src_set         endp
.text:08000415
.text:08000416
.text:08000416 ; =============== S U B R O U T I N E =======================================
.text:08000416
.text:08000416 ; Attributes: bp-based frame
.text:08000416
.text:08000416                 public src_get_fname
.text:08000416 src_get_fname   proc near
.text:08000416                 push    ebp             ; const char *src_get_fname(void)
.text:08000417                 mov     ebp, esp
.text:08000419                 sub     esp, 0
.text:0800041F                 nop
.text:08000420                 mov     eax, file_name  ; return file_name;
.text:08000426                 leave
.text:08000427                 retn
.text:08000427 src_get_fname   endp
.text:08000427
.text:08000428
.text:08000428 ; =============== S U B R O U T I N E =======================================
.text:08000428
.text:08000428 ; Attributes: bp-based frame
.text:08000428
.text:08000428                 public src_get_linnum
.text:08000428 src_get_linnum  proc near
.text:08000428                 push    ebp             ; int32_t src_get_linnum(void)
.text:08000429                 mov     ebp, esp
.text:0800042B                 sub     esp, 0
.text:08000431                 nop
.text:08000432                 mov     eax, line_number ; return line_number;
.text:08000438                 leave
.text:08000439                 retn
.text:08000439 src_get_linnum  endp
.text:08000439
.text:0800043A
.text:0800043A ; =============== S U B R O U T I N E =======================================
.text:0800043A
.text:0800043A ; Attributes: bp-based frame
.text:0800043A
.text:0800043A                 public src_get
.text:0800043A src_get         proc near
.text:0800043A
.text:0800043A xl              = dword ptr -8
.text:0800043A xn              = dword ptr -4
.text:0800043A xline           = dword ptr  8
.text:0800043A xname           = dword ptr  0Ch
.text:0800043A
.text:0800043A                 push    ebp             ; int32_t src_get(int32_t *xline, const char **xname)
.text:0800043B                 mov     ebp, esp
.text:0800043D                 sub     esp, 8
.text:08000443                 nop
.text:08000444                 mov     eax, [ebp+xname]
.text:08000447                 mov     ecx, [eax]
.text:08000449                 mov     [ebp+xn], ecx   ; const char *xn = *xname;
.text:0800044C                 mov     eax, [ebp+xline]
.text:0800044F                 mov     ecx, [eax]
.text:08000451                 mov     [ebp+xl], ecx   ; int32_t xl = *xline;
.text:08000454                 mov     eax, [ebp+xline]
.text:08000457                 mov     ecx, line_number
.text:0800045D                 mov     [eax], ecx      ; *xline = line_number;
.text:0800045F                 mov     eax, [ebp+xname]
.text:08000462                 mov     ecx, file_name
.text:08000468                 mov     [eax], ecx      ; *xname = file_name;
.text:0800046A                 mov     eax, file_name
.text:08000470                 cmp     eax, 0          ; if (!file_name || !xn || (xn != file_name
.text:08000470                                         ; && strcmp(xn, file_name)))
.text:08000473                 jz      sg_2
.text:08000479                 mov     eax, [ebp+xn]
.text:0800047C                 cmp     eax, 0
.text:0800047F                 jz      sg_2
.text:08000485                 mov     eax, [ebp+xn]
.text:08000488                 mov     ecx, file_name
.text:0800048E                 cmp     eax, ecx
.text:08000490                 jz      sg_1
.text:08000496                 mov     eax, file_name
.text:0800049C                 push    eax
.text:0800049D                 mov     eax, [ebp+xn]
.text:080004A0                 push    eax
.text:080004A1                 call    strcmp          ; strcmp(xn, file_name)
.text:080004A6                 add     esp, 8
.text:080004A9                 cmp     eax, 0
.text:080004AC                 jz      sg_1
.text:080004B2                 jmp     sg_2
.text:080004B7 ; ---------------------------------------------------------------------------
.text:080004B7
.text:080004B7 sg_1:                                   ; ...
.text:080004B7                 jmp     sg_3
.text:080004BC ; ---------------------------------------------------------------------------
.text:080004BC
.text:080004BC sg_2:                                   ; ...
.text:080004BC                 mov     eax, 0FFFFFFFEh ; return -2;
.text:080004C1                 jmp     sg_4
.text:080004C6 ; ---------------------------------------------------------------------------
.text:080004C6                 jmp     sg_4
.text:080004CB ; ---------------------------------------------------------------------------
.text:080004CB
.text:080004CB sg_3:                                   ; ...
.text:080004CB                 mov     eax, line_number ; else
.text:080004D1                 mov     ecx, [ebp+xl]
.text:080004D4                 sub     eax, ecx        ; return line_number - xl;
.text:080004D6
.text:080004D6 sg_4:                                   ; ...
.text:080004D6                 leave
.text:080004D7                 retn
.text:080004D7 src_get         endp
.text:080004D7
.text:080004D7 _text           ends
.text:080004D7
.data:080004D8 ; ===========================================================================
.data:080004D8
.data:080004D8 ; Segment type: Pure data
.data:080004D8 ; Segment permissions: Read/Write
.data:080004D8 _data           segment dword public 'DATA' use32
.data:080004D8                 assume cs:_data
.data:080004D8                 ;org 80004D8h
.data:080004D8 file_name       dd 0                    ; ...
.data:080004DC line_number     dd 0                    ; ...
.data:080004DC _data           ends
.data:080004DC
.bss:080004E0 ; ===========================================================================
.bss:080004E0
.bss:080004E0 ; Segment type: Uninitialized
.bss:080004E0 ; Segment permissions: Read/Write
.bss:080004E0 _bss            segment dword public 'BSS' use32
.bss:080004E0                 assume cs:_bss
.bss:080004E0                 ;org 80004E0h
.bss:080004E0                 assume es:nothing, ss:nothing, ds:_data, fs:nothing, gs:nothing
.bss:080004E0 filename_hash   db 16 dup(?)            ; ...
.bss:080004E0 _bss            ends
.bss:080004E0
extern:080004F0 ; ===========================================================================
extern:080004F0
extern:080004F0 ; Segment type: Externs
extern:080004F0 ; extern
extern:080004F0                 extrn __ashldi3:near    ; ...
extern:080004F4                 extrn hash_init:near    ; ...
extern:080004F8                 extrn hash_free_all:near ; ...
extern:080004FC                 extrn hash_find:near    ; ...
extern:08000500                 extrn nasm_strdup:near  ; ...
extern:08000504                 extrn hash_add:near     ; ...
extern:08000508                 extrn strcmp:near       ; ...
extern:08000508
extern:08000508
extern:08000508                 end
