.text:08000000 ;
.text:08000000 ; +-------------------------------------------------------------------------+
.text:08000000 ; |   This file has been generated by The Interactive Disassembler (IDA)    |
.text:08000000 ; |           Copyright (c) 2018 Hex-Rays, <support@hex-rays.com>           |
.text:08000000 ; |                            Freeware version                             |
.text:08000000 ; +-------------------------------------------------------------------------+
.text:08000000 ;
.text:08000000 ; Input SHA256 : 4817D4F4A7C899A8D0D47DB12F99F505863CD4E1D1F90436A14D706C377408CE
.text:08000000 ; Input MD5    : CD19FD9A6E832CAAE2D409F218512101
.text:08000000 ; Input CRC32  : 76C28A67
.text:08000000
.text:08000000 ; File Name   : C:\Users\90542\OneDrive\Masaüstü\nasm_214_c_o\strlcpy.o
.text:08000000 ; Format      : ELF for Intel 386 (Relocatable)
.text:08000000 ;
.text:08000000 ; Source File : 'strlcpy.c'
.text:08000000
.text:08000000                 .686p
.text:08000000                 .mmx
.text:08000000                 .model flat
.text:08000000 .intel_syntax noprefix
.text:08000000
.text:08000000 ; ===========================================================================
.text:08000000
.text:08000000 ; Segment type: Pure code
.text:08000000 ; Segment permissions: Read/Execute
.text:08000000 _text           segment dword public 'CODE' use32
.text:08000000                 assume cs:_text
.text:08000000                 ;org 8000000h
.text:08000000                 assume es:nothing, ss:nothing, ds:_text, fs:nothing, gs:nothing
.text:08000000
.text:08000000 ; =============== S U B R O U T I N E =======================================
.text:08000000
.text:08000000 ; Attributes: bp-based frame
.text:08000000
.text:08000000                 public strlcpy
.text:08000000 strlcpy         proc near
.text:08000000
.text:08000000 n               = dword ptr -0Ch
.text:08000000 s               = dword ptr -8
.text:08000000 d               = dword ptr -4
.text:08000000 dst             = dword ptr  8
.text:08000000 src             = dword ptr  0Ch
.text:08000000 siz             = dword ptr  10h
.text:08000000
.text:08000000                 push    ebp             ; size_t strlcpy(char *dst, const char *src, size_t siz)
.text:08000001                 mov     ebp, esp
.text:08000003                 sub     esp, 12
.text:08000009                 nop
.text:0800000A                 mov     eax, [ebp+dst]
.text:0800000D                 mov     [ebp+d], eax    ; char *d = dst;
.text:08000010                 mov     eax, [ebp+src]
.text:08000013                 mov     [ebp+s], eax    ; const char *s = src;
.text:08000016                 mov     eax, [ebp+siz]
.text:08000019                 mov     [ebp+n], eax    ; size_t n = siz;
.text:0800001C                 mov     eax, [ebp+n]
.text:0800001F                 cmp     eax, 0
.text:08000022                 jz      slcpy_3
.text:08000028
.text:08000028 slcpy_1:                                ; ...
.text:08000028                 mov     eax, [ebp+n]    ; /* Copy as many bytes as will fit */
.text:08000028                                         ; if (n != 0) {
.text:0800002B                 add     eax, -1
.text:0800002E                 mov     [ebp+n], eax
.text:08000031                 cmp     eax, 0          ; while (--n != 0) {
.text:08000034                 jz      slcpy_3
.text:0800003A                 mov     eax, [ebp+d]
.text:0800003D                 mov     ecx, eax
.text:0800003F                 inc     eax
.text:08000040                 mov     [ebp+d], eax
.text:08000043                 mov     eax, [ebp+s]
.text:08000046                 mov     edx, eax
.text:08000048                 inc     eax
.text:08000049                 mov     [ebp+s], eax
.text:0800004C                 movsx   eax, byte ptr [edx]
.text:0800004F                 mov     [ecx], al       ; if ((*d++ = *s++) == '\0')
.text:08000051                 cmp     eax, 0
.text:08000054                 jnz     slcpy_2
.text:0800005A                 jmp     slcpy_3         ; break;
.text:0800005F ; ---------------------------------------------------------------------------
.text:0800005F
.text:0800005F slcpy_2:                                ; ...
.text:0800005F                 jmp     short slcpy_1
.text:08000061 ; ---------------------------------------------------------------------------
.text:08000061
.text:08000061 slcpy_3:                                ; ...
.text:08000061                 mov     eax, [ebp+n]    ; /* Not enough room in dst, add NUL and traverse rest of src */
.text:08000061                                         ; if (n == 0) {
.text:08000064                 cmp     eax, 0
.text:08000067                 jnz     slcpy_5
.text:0800006D                 mov     eax, [ebp+siz]
.text:08000070                 cmp     eax, 0          ; if (siz != 0)
.text:08000073                 jz      slcpy_4
.text:08000079                 mov     eax, [ebp+d]
.text:0800007C                 mov     ecx, 0
.text:08000081                 mov     [eax], cl       ; *d = '\0';  /* NUL-terminate dst */
.text:08000083
.text:08000083 slcpy_4:                                ; ...
.text:08000083                 mov     eax, [ebp+s]
.text:08000086                 mov     ecx, eax
.text:08000088                 inc     eax
.text:08000089                 mov     [ebp+s], eax
.text:0800008C                 movsx   eax, byte ptr [ecx]
.text:0800008F                 cmp     eax, 0          ; while (*s++)
.text:08000092                 jz      slcpy_5
.text:08000098                 jmp     short slcpy_4
.text:0800009A ; ---------------------------------------------------------------------------
.text:0800009A
.text:0800009A slcpy_5:                                ; ...
.text:0800009A                 mov     eax, [ebp+s]
.text:0800009D                 mov     ecx, [ebp+src]
.text:080000A0                 sub     eax, ecx
.text:080000A2                 dec     eax             ; return(s - src - 1); /* count does not include NUL */
.text:080000A3                 leave
.text:080000A4                 retn
.text:080000A4 strlcpy         endp
.text:080000A4
.text:080000A4 _text           ends
.text:080000A4
.data:080000A8 ; ===========================================================================
.data:080000A8
.data:080000A8 ; Segment type: Zero-length
.data:080000A8 ; Segment permissions: Read/Write
.data:080000A8 _data           segment dword public 'DATA' use32
.data:080000A8 _data           ends
.data:080000A8
.bss:080000AC ; ===========================================================================
.bss:080000AC
.bss:080000AC ; Segment type: Zero-length
.bss:080000AC ; Segment permissions: Read/Write
.bss:080000AC _bss            segment dword public 'BSS' use32
.bss:080000AC _bss            ends
.bss:080000AC
.bss:080000AC
.bss:080000AC                 end
