.text:08000000 ;
.text:08000000 ; +-------------------------------------------------------------------------+
.text:08000000 ; |   This file has been generated by The Interactive Disassembler (IDA)    |
.text:08000000 ; |           Copyright (c) 2018 Hex-Rays, <support@hex-rays.com>           |
.text:08000000 ; |                            Freeware version                             |
.text:08000000 ; +-------------------------------------------------------------------------+
.text:08000000 ;
.text:08000000 ; Input SHA256 : 7C5C7C4895CA30DA84B1EBEE30439133BCF9DC8E1042A208D6C06162C4001CF2
.text:08000000 ; Input MD5    : 07F77A3EF4581F50F98BFC042057BD5C
.text:08000000 ; Input CRC32  : 317EE06F
.text:08000000
.text:08000000 ; File Name   : C:\Users\90542\OneDrive\Masaüstü\nasm_214_c_o\strrchrnul.o
.text:08000000 ; Format      : ELF for Intel 386 (Relocatable)
.text:08000000 ;
.text:08000000 ; Source File : 'strrchrnul.c'
.text:08000000
.text:08000000                 .686p
.text:08000000                 .mmx
.text:08000000                 .model flat
.text:08000000 .intel_syntax noprefix
.text:08000000
.text:08000000 ; ===========================================================================
.text:08000000
.text:08000000 ; Segment type: Pure code
.text:08000000 ; Segment permissions: Read/Execute
.text:08000000 _text           segment dword public 'CODE' use32
.text:08000000                 assume cs:_text
.text:08000000                 ;org 8000000h
.text:08000000                 assume es:nothing, ss:nothing, ds:_text, fs:nothing, gs:nothing
.text:08000000
.text:08000000 ; =============== S U B R O U T I N E =======================================
.text:08000000
.text:08000000 ; Attributes: bp-based frame
.text:08000000
.text:08000000                 public strrchrnul
.text:08000000 strrchrnul      proc near
.text:08000000
.text:08000000 p               = dword ptr -4
.text:08000000 s               = dword ptr  8
.text:08000000 c               = dword ptr  0Ch
.text:08000000
.text:08000000                 push    ebp             ; char *strrchrnul(const char *s, int c)
.text:08000001                 mov     ebp, esp
.text:08000003                 sub     esp, 4
.text:08000009                 nop                     ; char *p;
.text:0800000A                 mov     eax, [ebp+c]
.text:0800000D                 push    eax
.text:0800000E                 mov     eax, [ebp+s]
.text:08000011                 push    eax
.text:08000012                 call    strrchr
.text:08000017                 add     esp, 8
.text:0800001A                 mov     [ebp+p], eax    ; p = strrchr(s, c);
.text:0800001D                 mov     eax, [ebp+p]
.text:08000020                 cmp     eax, 0          ; if (!p)
.text:08000023                 jz      schrn_1
.text:08000029                 jmp     schrn_2
.text:0800002E ; ---------------------------------------------------------------------------
.text:0800002E
.text:0800002E schrn_1:                                ; ...
.text:0800002E                 mov     eax, 0
.text:08000033                 push    eax
.text:08000034                 mov     eax, [ebp+s]
.text:08000037                 push    eax
.text:08000038                 call    strchr
.text:0800003D                 add     esp, 8
.text:08000040                 mov     [ebp+p], eax    ; p = strchr(s, '\0');
.text:08000043
.text:08000043 schrn_2:                                ; ...
.text:08000043                 mov     eax, [ebp+p]    ; return p;
.text:08000046                 leave
.text:08000047                 retn
.text:08000047 strrchrnul      endp
.text:08000047
.text:08000047 _text           ends
.text:08000047
.data:08000048 ; ===========================================================================
.data:08000048
.data:08000048 ; Segment type: Zero-length
.data:08000048 ; Segment permissions: Read/Write
.data:08000048 _data           segment dword public 'DATA' use32
.data:08000048 _data           ends
.data:08000048
.bss:0800004C ; ===========================================================================
.bss:0800004C
.bss:0800004C ; Segment type: Zero-length
.bss:0800004C ; Segment permissions: Read/Write
.bss:0800004C _bss            segment dword public 'BSS' use32
.bss:0800004C _bss            ends
.bss:0800004C
extern:08000050 ; ===========================================================================
extern:08000050
extern:08000050 ; Segment type: Externs
extern:08000050 ; extern
extern:08000050                 extrn strrchr:near      ; ...
extern:08000054                 extrn strchr:near       ; ...
extern:08000054
extern:08000054
extern:08000054                 end
